Modules list:
-------------
chatbot_streaming.o:
    CODE              Offs=000000  Size=001129  Align=00001  Fill=0000
    RODATA            Offs=000000  Size=0005E7  Align=00001  Fill=0000
    BSS               Offs=000000  Size=000521  Align=00001  Fill=0000
    DATA              Offs=000000  Size=00000C  Align=00001  Fill=0000
    ZEROPAGE          Offs=000000  Size=000000  Align=00001  Fill=0000
    NULL              Offs=000000  Size=000000  Align=00001  Fill=0000
../00.LIBRERIE/IP65/lib/ip65_tcp.lib(arithmetic.o):
    CODE              Offs=001129  Size=00009D  Align=00001  Fill=0000
    RODATA            Offs=0005E7  Size=000000  Align=00001  Fill=0000
    BSS               Offs=000521  Size=000002  Align=00001  Fill=0000
    DATA              Offs=00000C  Size=000000  Align=00001  Fill=0000
    ZEROPAGE          Offs=000000  Size=000000  Align=00001  Fill=0000
    NULL              Offs=000000  Size=000000  Align=00001  Fill=0000
../00.LIBRERIE/IP65/lib/ip65_tcp.lib(arp.o):
    CODE              Offs=0011C6  Size=000202  Align=00001  Fill=0000
    RODATA            Offs=0005E7  Size=000000  Align=00001  Fill=0000
    BSS               Offs=000523  Size=000066  Align=00001  Fill=0000
    DATA              Offs=00000C  Size=000000  Align=00001  Fill=0000
    ZEROPAGE          Offs=000000  Size=000000  Align=00001  Fill=0000
    NULL              Offs=000000  Size=000000  Align=00001  Fill=0000
../00.LIBRERIE/IP65/lib/ip65_tcp.lib(config.o):
    CODE              Offs=0013C8  Size=000000  Align=00001  Fill=0000
    RODATA            Offs=0005E7  Size=000000  Align=00001  Fill=0000
    BSS               Offs=000589  Size=000000  Align=00001  Fill=0000
    DATA              Offs=00000C  Size=00001E  Align=00001  Fill=0000
    ZEROPAGE          Offs=000000  Size=000000  Align=00001  Fill=0000
    NULL              Offs=000000  Size=000000  Align=00001  Fill=0000
../00.LIBRERIE/IP65/lib/ip65_tcp.lib(copymem.o):
    CODE              Offs=0013C8  Size=000027  Align=00001  Fill=0000
    RODATA            Offs=0005E7  Size=000000  Align=00001  Fill=0000
    BSS               Offs=000589  Size=000001  Align=00001  Fill=0000
    DATA              Offs=00002A  Size=000000  Align=00001  Fill=0000
    ZEROPAGE          Offs=000000  Size=000000  Align=00001  Fill=0000
    NULL              Offs=000000  Size=000000  Align=00001  Fill=0000
../00.LIBRERIE/IP65/lib/ip65_tcp.lib(dhcp.o):
    CODE              Offs=0013EF  Size=000294  Align=00001  Fill=0000
    RODATA            Offs=0005E7  Size=000000  Align=00001  Fill=0000
    BSS               Offs=00058A  Size=000009  Align=00001  Fill=0000
    DATA              Offs=00002A  Size=000000  Align=00001  Fill=0000
    ZEROPAGE          Offs=000000  Size=000000  Align=00001  Fill=0000
    NULL              Offs=000000  Size=000000  Align=00001  Fill=0000
../00.LIBRERIE/IP65/lib/ip65_tcp.lib(dhcp_c.o):
    CODE              Offs=001683  Size=000008  Align=00001  Fill=0000
    RODATA            Offs=0005E7  Size=000000  Align=00001  Fill=0000
    BSS               Offs=000593  Size=000000  Align=00001  Fill=0000
    DATA              Offs=00002A  Size=000000  Align=00001  Fill=0000
    ZEROPAGE          Offs=000000  Size=000000  Align=00001  Fill=0000
    NULL              Offs=000000  Size=000000  Align=00001  Fill=0000
../00.LIBRERIE/IP65/lib/ip65_tcp.lib(dottedquad.o):
    CODE              Offs=00168B  Size=00005C  Align=00001  Fill=0000
    RODATA            Offs=0005E7  Size=000000  Align=00001  Fill=0000
    BSS               Offs=000593  Size=000004  Align=00001  Fill=0000
    DATA              Offs=00002A  Size=000004  Align=00001  Fill=0000
    ZEROPAGE          Offs=000000  Size=000000  Align=00001  Fill=0000
    NULL              Offs=000000  Size=000000  Align=00001  Fill=0000
../00.LIBRERIE/IP65/lib/ip65_tcp.lib(dottedquad_c.o):
    CODE              Offs=0016E7  Size=000092  Align=00001  Fill=0000
    RODATA            Offs=0005E7  Size=000000  Align=00001  Fill=0000
    BSS               Offs=000597  Size=000010  Align=00001  Fill=0000
    DATA              Offs=00002E  Size=000000  Align=00001  Fill=0000
    ZEROPAGE          Offs=000000  Size=000000  Align=00001  Fill=0000
    NULL              Offs=000000  Size=000000  Align=00001  Fill=0000
../00.LIBRERIE/IP65/lib/ip65_tcp.lib(error.o):
    CODE              Offs=001779  Size=000071  Align=00001  Fill=0000
    RODATA            Offs=0005E7  Size=0000BD  Align=00001  Fill=0000
    BSS               Offs=0005A7  Size=000000  Align=00001  Fill=0000
    DATA              Offs=00002E  Size=000000  Align=00001  Fill=0000
    ZEROPAGE          Offs=000000  Size=000000  Align=00001  Fill=0000
    NULL              Offs=000000  Size=000000  Align=00001  Fill=0000
../00.LIBRERIE/IP65/lib/ip65_tcp.lib(eth.o):
    CODE              Offs=0017EA  Size=000020  Align=00001  Fill=0000
    RODATA            Offs=0006A4  Size=000000  Align=00001  Fill=0000
    BSS               Offs=0005A7  Size=000004  Align=00001  Fill=0000
    DATA              Offs=00002E  Size=000000  Align=00001  Fill=0000
    ZEROPAGE          Offs=000000  Size=000000  Align=00001  Fill=0000
    NULL              Offs=000000  Size=000000  Align=00001  Fill=0000
../00.LIBRERIE/IP65/lib/ip65_tcp.lib(eth_buffer.o):
    CODE              Offs=00180A  Size=000000  Align=00001  Fill=0000
    RODATA            Offs=0006A4  Size=000000  Align=00001  Fill=0000
    BSS               Offs=0005AB  Size=000BDC  Align=00001  Fill=0000
    DATA              Offs=00002E  Size=000000  Align=00001  Fill=0000
    ZEROPAGE          Offs=000000  Size=000000  Align=00001  Fill=0000
    NULL              Offs=000000  Size=000000  Align=00001  Fill=0000
../00.LIBRERIE/IP65/lib/ip65_tcp.lib(ip65.o):
    CODE              Offs=00180A  Size=00005F  Align=00001  Fill=0000
    RODATA            Offs=0006A4  Size=000000  Align=00001  Fill=0000
    BSS               Offs=001187  Size=000004  Align=00001  Fill=0000
    DATA              Offs=00002E  Size=000000  Align=00001  Fill=0000
    ZEROPAGE          Offs=000000  Size=000000  Align=00001  Fill=0000
    NULL              Offs=000000  Size=000000  Align=00001  Fill=0000
../00.LIBRERIE/IP65/lib/ip65_tcp.lib(ip65_c.o):
    CODE              Offs=001869  Size=000010  Align=00001  Fill=0000
    RODATA            Offs=0006A4  Size=000000  Align=00001  Fill=0000
    BSS               Offs=00118B  Size=000000  Align=00001  Fill=0000
    DATA              Offs=00002E  Size=000000  Align=00001  Fill=0000
    ZEROPAGE          Offs=000000  Size=000000  Align=00001  Fill=0000
    NULL              Offs=000000  Size=000000  Align=00001  Fill=0000
../00.LIBRERIE/IP65/lib/ip65_tcp.lib(tcp_c.o):
    CODE              Offs=001879  Size=000084  Align=00001  Fill=0000
    RODATA            Offs=0006A4  Size=000000  Align=00001  Fill=0000
    BSS               Offs=00118B  Size=000000  Align=00001  Fill=0000
    DATA              Offs=00002E  Size=000012  Align=00001  Fill=0000
    ZEROPAGE          Offs=000000  Size=000000  Align=00001  Fill=0000
    NULL              Offs=000000  Size=000000  Align=00001  Fill=0000
../00.LIBRERIE/IP65/lib/ip65_tcp.lib(timer.o):
    CODE              Offs=0018FD  Size=000018  Align=00001  Fill=0000
    RODATA            Offs=0006A4  Size=000000  Align=00001  Fill=0000
    BSS               Offs=00118B  Size=000002  Align=00001  Fill=0000
    DATA              Offs=000040  Size=000000  Align=00001  Fill=0000
    ZEROPAGE          Offs=000000  Size=000000  Align=00001  Fill=0000
    NULL              Offs=000000  Size=000000  Align=00001  Fill=0000
../00.LIBRERIE/IP65/lib/ip65_tcp.lib(output_buffer.o):
    CODE              Offs=001915  Size=000000  Align=00001  Fill=0000
    RODATA            Offs=0006A4  Size=000000  Align=00001  Fill=0000
    BSS               Offs=00118D  Size=000208  Align=00001  Fill=0000
    DATA              Offs=000040  Size=000000  Align=00001  Fill=0000
    ZEROPAGE          Offs=000000  Size=000000  Align=00001  Fill=0000
    NULL              Offs=000000  Size=000000  Align=00001  Fill=0000
../00.LIBRERIE/IP65/lib/ip65_tcp.lib(udp.o):
    CODE              Offs=001915  Size=000176  Align=00001  Fill=0000
    RODATA            Offs=0006A4  Size=000000  Align=00001  Fill=0000
    BSS               Offs=001395  Size=00001F  Align=00001  Fill=0000
    DATA              Offs=000040  Size=000003  Align=00001  Fill=0000
    ZEROPAGE          Offs=000000  Size=000000  Align=00001  Fill=0000
    NULL              Offs=000000  Size=000000  Align=00001  Fill=0000
../00.LIBRERIE/IP65/lib/ip65_tcp.lib(ip_tcp.o):
    CODE              Offs=001A8B  Size=000215  Align=00001  Fill=0000
    RODATA            Offs=0006A4  Size=000000  Align=00001  Fill=0000
    BSS               Offs=0013B4  Size=00000C  Align=00001  Fill=0000
    DATA              Offs=000043  Size=000000  Align=00001  Fill=0000
    ZEROPAGE          Offs=000000  Size=000000  Align=00001  Fill=0000
    NULL              Offs=000000  Size=000000  Align=00001  Fill=0000
../00.LIBRERIE/IP65/lib/ip65_tcp.lib(icmp_tcp.o):
    CODE              Offs=001CA0  Size=000230  Align=00001  Fill=0000
    RODATA            Offs=0006A4  Size=000000  Align=00001  Fill=0000
    BSS               Offs=0013C0  Size=000011  Align=00001  Fill=0000
    DATA              Offs=000043  Size=000003  Align=00001  Fill=0000
    ZEROPAGE          Offs=000000  Size=000000  Align=00001  Fill=0000
    NULL              Offs=000000  Size=000000  Align=00001  Fill=0000
../00.LIBRERIE/IP65/lib/ip65_tcp.lib(tcp.o):
    CODE              Offs=001ED0  Size=00066B  Align=00001  Fill=0000
    RODATA            Offs=0006A4  Size=000000  Align=00001  Fill=0000
    BSS               Offs=0013D1  Size=000042  Align=00001  Fill=0000
    DATA              Offs=000046  Size=000000  Align=00001  Fill=0000
    ZEROPAGE          Offs=000000  Size=000000  Align=00001  Fill=0000
    NULL              Offs=000000  Size=000000  Align=00001  Fill=0000
../00.LIBRERIE/IP65/drivers/ip65_apple2.lib(uthernet.o):
    CODE              Offs=00253B  Size=000000  Align=00001  Fill=0000
    RODATA            Offs=0006A4  Size=000020  Align=00001  Fill=0000
    BSS               Offs=001413  Size=000000  Align=00001  Fill=0000
    DATA              Offs=000046  Size=00017C  Align=00001  Fill=0000
    ZEROPAGE          Offs=000000  Size=000000  Align=00001  Fill=0000
    NULL              Offs=000000  Size=000000  Align=00001  Fill=0000
../00.LIBRERIE/IP65/drivers/ip65_apple2.lib(lancegs.o):
    CODE              Offs=00253B  Size=000000  Align=00001  Fill=0000
    RODATA            Offs=0006C4  Size=00002E  Align=00001  Fill=0000
    BSS               Offs=001413  Size=000000  Align=00001  Fill=0000
    DATA              Offs=0001C2  Size=00018B  Align=00001  Fill=0000
    ZEROPAGE          Offs=000000  Size=000000  Align=00001  Fill=0000
    NULL              Offs=000000  Size=000000  Align=00001  Fill=0000
../00.LIBRERIE/IP65/drivers/ip65_apple2.lib(uthernet2.o):
    CODE              Offs=00253B  Size=000000  Align=00001  Fill=0000
    RODATA            Offs=0006F2  Size=00002B  Align=00001  Fill=0000
    BSS               Offs=001413  Size=000000  Align=00001  Fill=0000
    DATA              Offs=00034D  Size=000238  Align=00001  Fill=0000
    ZEROPAGE          Offs=000000  Size=000000  Align=00001  Fill=0000
    NULL              Offs=000000  Size=000000  Align=00001  Fill=0000
../00.LIBRERIE/IP65/drivers/ip65_apple2.lib(a2combo.o):
    CODE              Offs=00253B  Size=0000BF  Align=00001  Fill=0000
    RODATA            Offs=00071D  Size=000000  Align=00001  Fill=0000
    BSS               Offs=001413  Size=000015  Align=00001  Fill=0000
    DATA              Offs=000585  Size=000043  Align=00001  Fill=0000
    ZEROPAGE          Offs=000000  Size=000000  Align=00001  Fill=0000
    NULL              Offs=000000  Size=000000  Align=00001  Fill=0000
../00.LIBRERIE/IP65/drivers/ip65_apple2.lib(a2_timer.o):
    CODE              Offs=0025FA  Size=00002E  Align=00001  Fill=0000
    RODATA            Offs=00071D  Size=000000  Align=00001  Fill=0000
    BSS               Offs=001428  Size=000002  Align=00001  Fill=0000
    DATA              Offs=0005C8  Size=000000  Align=00001  Fill=0000
    ZEROPAGE          Offs=000000  Size=000000  Align=00001  Fill=0000
    NULL              Offs=000000  Size=000000  Align=00001  Fill=0000
../00.LIBRERIE/IP65/drivers/ip65_apple2.lib(a2_input.o):
    CODE              Offs=002628  Size=00000F  Align=00001  Fill=0000
    RODATA            Offs=00071D  Size=000000  Align=00001  Fill=0000
    BSS               Offs=00142A  Size=000000  Align=00001  Fill=0000
    DATA              Offs=0005C8  Size=000001  Align=00001  Fill=0000
    ZEROPAGE          Offs=000000  Size=000000  Align=00001  Fill=0000
    NULL              Offs=000000  Size=000000  Align=00001  Fill=0000
C:\UTILITY\cc65\lib/apple2.lib(_cursor.o):
    CODE              Offs=002637  Size=000000  Align=00001  Fill=0000
    RODATA            Offs=00071D  Size=000000  Align=00001  Fill=0000
    BSS               Offs=00142A  Size=000001  Align=00001  Fill=0000
    DATA              Offs=0005C9  Size=000000  Align=00001  Fill=0000
    ZEROPAGE          Offs=000000  Size=000000  Align=00001  Fill=0000
    NULL              Offs=000000  Size=000000  Align=00001  Fill=0000
C:\UTILITY\cc65\lib/apple2.lib(_directerrno.o):
    CODE              Offs=002637  Size=00000A  Align=00001  Fill=0000
    RODATA            Offs=00071D  Size=000000  Align=00001  Fill=0000
    BSS               Offs=00142B  Size=000000  Align=00001  Fill=0000
    DATA              Offs=0005C9  Size=000000  Align=00001  Fill=0000
    ZEROPAGE          Offs=000000  Size=000000  Align=00001  Fill=0000
    NULL              Offs=000000  Size=000000  Align=00001  Fill=0000
C:\UTILITY\cc65\lib/apple2.lib(_file.o):
    CODE              Offs=002641  Size=000000  Align=00001  Fill=0000
    RODATA            Offs=00071D  Size=000000  Align=00001  Fill=0000
    BSS               Offs=00142B  Size=000000  Align=00001  Fill=0000
    DATA              Offs=0005C9  Size=00001E  Align=00001  Fill=0000
    ZEROPAGE          Offs=000000  Size=000000  Align=00001  Fill=0000
    NULL              Offs=000000  Size=000000  Align=00001  Fill=0000
C:\UTILITY\cc65\lib/apple2.lib(_hextab.o):
    CODE              Offs=002641  Size=000000  Align=00001  Fill=0000
    RODATA            Offs=00071D  Size=000010  Align=00001  Fill=0000
    BSS               Offs=00142B  Size=000000  Align=00001  Fill=0000
    DATA              Offs=0005E7  Size=000000  Align=00001  Fill=0000
    ZEROPAGE          Offs=000000  Size=000000  Align=00001  Fill=0000
    NULL              Offs=000000  Size=000000  Align=00001  Fill=0000
C:\UTILITY\cc65\lib/apple2.lib(_longminstr.o):
    CODE              Offs=002641  Size=000000  Align=00001  Fill=0000
    RODATA            Offs=00072D  Size=00000C  Align=00001  Fill=0000
    BSS               Offs=00142B  Size=000000  Align=00001  Fill=0000
    DATA              Offs=0005E7  Size=000000  Align=00001  Fill=0000
    ZEROPAGE          Offs=000000  Size=000000  Align=00001  Fill=0000
    NULL              Offs=000000  Size=000000  Align=00001  Fill=0000
C:\UTILITY\cc65\lib/apple2.lib(_mappederrno.o):
    CODE              Offs=002641  Size=000010  Align=00001  Fill=0000
    RODATA            Offs=000739  Size=000000  Align=00001  Fill=0000
    BSS               Offs=00142B  Size=000000  Align=00001  Fill=0000
    DATA              Offs=0005E7  Size=000000  Align=00001  Fill=0000
    ZEROPAGE          Offs=000000  Size=000000  Align=00001  Fill=0000
    NULL              Offs=000000  Size=000000  Align=00001  Fill=0000
C:\UTILITY\cc65\lib/apple2.lib(_oserror.o):
    CODE              Offs=002651  Size=000000  Align=00001  Fill=0000
    RODATA            Offs=000739  Size=000000  Align=00001  Fill=0000
    BSS               Offs=00142B  Size=000001  Align=00001  Fill=0000
    DATA              Offs=0005E7  Size=000000  Align=00001  Fill=0000
    ZEROPAGE          Offs=000000  Size=000000  Align=00001  Fill=0000
    NULL              Offs=000000  Size=000000  Align=00001  Fill=0000
C:\UTILITY\cc65\lib/apple2.lib(_printf.o):
    CODE              Offs=002651  Size=0003A2  Align=00001  Fill=0000
    RODATA            Offs=000739  Size=000000  Align=00001  Fill=0000
    BSS               Offs=00142C  Size=00002B  Align=00001  Fill=0000
    DATA              Offs=0005E7  Size=000003  Align=00001  Fill=0000
    ZEROPAGE          Offs=000000  Size=000000  Align=00001  Fill=0000
    NULL              Offs=000000  Size=000000  Align=00001  Fill=0000
C:\UTILITY\cc65\lib/apple2.lib(_scanf.o):
    CODE              Offs=0029F3  Size=00078B  Align=00001  Fill=0000
    RODATA            Offs=000739  Size=000010  Align=00001  Fill=0000
    BSS               Offs=001457  Size=000042  Align=00001  Fill=0000
    DATA              Offs=0005EA  Size=000000  Align=00001  Fill=0000
    ZEROPAGE          Offs=000000  Size=000000  Align=00001  Fill=0000
    NULL              Offs=000000  Size=000000  Align=00001  Fill=0000
C:\UTILITY\cc65\lib/apple2.lib(_seterrno.o):
    CODE              Offs=00317E  Size=000009  Align=00001  Fill=0000
    RODATA            Offs=000749  Size=000000  Align=00001  Fill=0000
    BSS               Offs=001499  Size=000000  Align=00001  Fill=0000
    DATA              Offs=0005EA  Size=000000  Align=00001  Fill=0000
    ZEROPAGE          Offs=000000  Size=000000  Align=00001  Fill=0000
    NULL              Offs=000000  Size=000000  Align=00001  Fill=0000
C:\UTILITY\cc65\lib/apple2.lib(add.o):
    CODE              Offs=003187  Size=00001C  Align=00001  Fill=0000
    RODATA            Offs=000749  Size=000000  Align=00001  Fill=0000
    BSS               Offs=001499  Size=000000  Align=00001  Fill=0000
    DATA              Offs=0005EA  Size=000000  Align=00001  Fill=0000
    ZEROPAGE          Offs=000000  Size=000000  Align=00001  Fill=0000
    NULL              Offs=000000  Size=000000  Align=00001  Fill=0000
C:\UTILITY\cc65\lib/apple2.lib(addeqsp.o):
    CODE              Offs=0031A3  Size=000011  Align=00001  Fill=0000
    RODATA            Offs=000749  Size=000000  Align=00001  Fill=0000
    BSS               Offs=001499  Size=000000  Align=00001  Fill=0000
    DATA              Offs=0005EA  Size=000000  Align=00001  Fill=0000
    ZEROPAGE          Offs=000000  Size=000000  Align=00001  Fill=0000
    NULL              Offs=000000  Size=000000  Align=00001  Fill=0000
C:\UTILITY\cc65\lib/apple2.lib(addysp.o):
    CODE              Offs=0031B4  Size=00000E  Align=00001  Fill=0000
    RODATA            Offs=000749  Size=000000  Align=00001  Fill=0000
    BSS               Offs=001499  Size=000000  Align=00001  Fill=0000
    DATA              Offs=0005EA  Size=000000  Align=00001  Fill=0000
    ZEROPAGE          Offs=000000  Size=000000  Align=00001  Fill=0000
    NULL              Offs=000000  Size=000000  Align=00001  Fill=0000
C:\UTILITY\cc65\lib/apple2.lib(aslax4.o):
    CODE              Offs=0031C2  Size=000011  Align=00001  Fill=0000
    RODATA            Offs=000749  Size=000000  Align=00001  Fill=0000
    BSS               Offs=001499  Size=000000  Align=00001  Fill=0000
    DATA              Offs=0005EA  Size=000000  Align=00001  Fill=0000
    ZEROPAGE          Offs=000000  Size=000000  Align=00001  Fill=0000
    NULL              Offs=000000  Size=000000  Align=00001  Fill=0000
C:\UTILITY\cc65\lib/apple2.lib(axlong.o):
    CODE              Offs=0031D3  Size=00000D  Align=00001  Fill=0000
    RODATA            Offs=000749  Size=000000  Align=00001  Fill=0000
    BSS               Offs=001499  Size=000000  Align=00001  Fill=0000
    DATA              Offs=0005EA  Size=000000  Align=00001  Fill=0000
    ZEROPAGE          Offs=000000  Size=000000  Align=00001  Fill=0000
    NULL              Offs=000000  Size=000000  Align=00001  Fill=0000
C:\UTILITY\cc65\lib/apple2.lib(bneg.o):
    CODE              Offs=0031E0  Size=00000E  Align=00001  Fill=0000
    RODATA            Offs=000749  Size=000000  Align=00001  Fill=0000
    BSS               Offs=001499  Size=000000  Align=00001  Fill=0000
    DATA              Offs=0005EA  Size=000000  Align=00001  Fill=0000
    ZEROPAGE          Offs=000000  Size=000000  Align=00001  Fill=0000
    NULL              Offs=000000  Size=000000  Align=00001  Fill=0000
C:\UTILITY\cc65\lib/apple2.lib(callmain.o):
    CODE              Offs=0031EE  Size=000042  Align=00001  Fill=0000
    RODATA            Offs=000749  Size=000000  Align=00001  Fill=0000
    BSS               Offs=001499  Size=000000  Align=00001  Fill=0000
    DATA              Offs=0005EA  Size=000004  Align=00001  Fill=0000
    ZEROPAGE          Offs=000000  Size=000000  Align=00001  Fill=0000
    NULL              Offs=000000  Size=000000  Align=00001  Fill=0000
C:\UTILITY\cc65\lib/apple2.lib(cgetc.o):
    CODE              Offs=003230  Size=000028  Align=00001  Fill=0000
    RODATA            Offs=000749  Size=000000  Align=00001  Fill=0000
    BSS               Offs=001499  Size=000000  Align=00001  Fill=0000
    DATA              Offs=0005EE  Size=000000  Align=00001  Fill=0000
    ZEROPAGE          Offs=000000  Size=000000  Align=00001  Fill=0000
    NULL              Offs=000000  Size=000000  Align=00001  Fill=0000
C:\UTILITY\cc65\lib/apple2.lib(checkferror.o):
    CODE              Offs=003258  Size=00000C  Align=00001  Fill=0000
    RODATA            Offs=000749  Size=000000  Align=00001  Fill=0000
    BSS               Offs=001499  Size=000000  Align=00001  Fill=0000
    DATA              Offs=0005EE  Size=000000  Align=00001  Fill=0000
    ZEROPAGE          Offs=000000  Size=000000  Align=00001  Fill=0000
    NULL              Offs=000000  Size=000000  Align=00001  Fill=0000
C:\UTILITY\cc65\lib/apple2.lib(clrscr.o):
    CODE              Offs=003264  Size=000000  Align=00001  Fill=0000
    RODATA            Offs=000749  Size=000000  Align=00001  Fill=0000
    BSS               Offs=001499  Size=000000  Align=00001  Fill=0000
    DATA              Offs=0005EE  Size=000000  Align=00001  Fill=0000
    ZEROPAGE          Offs=000000  Size=000000  Align=00001  Fill=0000
    NULL              Offs=000000  Size=000000  Align=00001  Fill=0000
C:\UTILITY\cc65\lib/apple2.lib(compl.o):
    CODE              Offs=003264  Size=000009  Align=00001  Fill=0000
    RODATA            Offs=000749  Size=000000  Align=00001  Fill=0000
    BSS               Offs=001499  Size=000000  Align=00001  Fill=0000
    DATA              Offs=0005EE  Size=000000  Align=00001  Fill=0000
    ZEROPAGE          Offs=000000  Size=000000  Align=00001  Fill=0000
    NULL              Offs=000000  Size=000000  Align=00001  Fill=0000
C:\UTILITY\cc65\lib/apple2.lib(condes.o):
    CODE              Offs=00326D  Size=00000C  Align=00001  Fill=0000
    RODATA            Offs=000749  Size=000000  Align=00001  Fill=0000
    BSS               Offs=001499  Size=000000  Align=00001  Fill=0000
    DATA              Offs=0005EE  Size=000025  Align=00001  Fill=0000
    ZEROPAGE          Offs=000000  Size=000000  Align=00001  Fill=0000
    NULL              Offs=000000  Size=000000  Align=00001  Fill=0000
    ONCE              Offs=000000  Size=00000C  Align=00001  Fill=0000
C:\UTILITY\cc65\lib/apple2.lib(cout.o):
    CODE              Offs=003279  Size=000000  Align=00001  Fill=0000
    RODATA            Offs=000749  Size=000000  Align=00001  Fill=0000
    BSS               Offs=001499  Size=000000  Align=00001  Fill=0000
    DATA              Offs=000613  Size=000000  Align=00001  Fill=0000
    ZEROPAGE          Offs=000000  Size=000000  Align=00001  Fill=0000
    NULL              Offs=000000  Size=000000  Align=00001  Fill=0000
    LOWCODE           Offs=000000  Size=00000A  Align=00001  Fill=0000
C:\UTILITY\cc65\lib/apple2.lib(cputc.o):
    CODE              Offs=003279  Size=000044  Align=00001  Fill=0000
    RODATA            Offs=000749  Size=000000  Align=00001  Fill=0000
    BSS               Offs=001499  Size=000000  Align=00001  Fill=0000
    DATA              Offs=000613  Size=000000  Align=00001  Fill=0000
    ZEROPAGE          Offs=000000  Size=000000  Align=00001  Fill=0000
    NULL              Offs=000000  Size=000000  Align=00001  Fill=0000
    ONCE              Offs=00000C  Size=000000  Align=00001  Fill=0000
C:\UTILITY\cc65\lib/apple2.lib(crt0.o):
    CODE              Offs=0032BD  Size=000012  Align=00001  Fill=0000
    RODATA            Offs=000749  Size=000007  Align=00001  Fill=0000
    BSS               Offs=001499  Size=000000  Align=00001  Fill=0000
    DATA              Offs=000613  Size=000003  Align=00001  Fill=0000
    ZEROPAGE          Offs=000000  Size=000000  Align=00001  Fill=0000
    NULL              Offs=000000  Size=000000  Align=00001  Fill=0000
    STARTUP           Offs=000000  Size=00000C  Align=00001  Fill=0000
    ONCE              Offs=00000C  Size=00006A  Align=00001  Fill=0000
    INIT              Offs=000000  Size=00001D  Align=00001  Fill=0000
C:\UTILITY\cc65\lib/apple2.lib(ctype.o):
    CODE              Offs=0032CF  Size=000000  Align=00001  Fill=0000
    RODATA            Offs=000750  Size=00008B  Align=00001  Fill=0000
    BSS               Offs=001499  Size=000000  Align=00001  Fill=0000
    DATA              Offs=000616  Size=000000  Align=00001  Fill=0000
    ZEROPAGE          Offs=000000  Size=000000  Align=00001  Fill=0000
    NULL              Offs=000000  Size=000000  Align=00001  Fill=0000
C:\UTILITY\cc65\lib/apple2.lib(ctypemask.o):
    CODE              Offs=0032CF  Size=00001E  Align=00001  Fill=0000
    RODATA            Offs=0007DB  Size=000000  Align=00001  Fill=0000
    BSS               Offs=001499  Size=000000  Align=00001  Fill=0000
    DATA              Offs=000616  Size=000000  Align=00001  Fill=0000
    ZEROPAGE          Offs=000000  Size=000000  Align=00001  Fill=0000
    NULL              Offs=000000  Size=000000  Align=00001  Fill=0000
C:\UTILITY\cc65\lib/apple2.lib(decax1.o):
    CODE              Offs=0032ED  Size=000007  Align=00001  Fill=0000
    RODATA            Offs=0007DB  Size=000000  Align=00001  Fill=0000
    BSS               Offs=001499  Size=000000  Align=00001  Fill=0000
    DATA              Offs=000616  Size=000000  Align=00001  Fill=0000
    ZEROPAGE          Offs=000000  Size=000000  Align=00001  Fill=0000
    NULL              Offs=000000  Size=000000  Align=00001  Fill=0000
C:\UTILITY\cc65\lib/apple2.lib(decax2.o):
    CODE              Offs=0032F4  Size=000007  Align=00001  Fill=0000
    RODATA            Offs=0007DB  Size=000000  Align=00001  Fill=0000
    BSS               Offs=001499  Size=000000  Align=00001  Fill=0000
    DATA              Offs=000616  Size=000000  Align=00001  Fill=0000
    ZEROPAGE          Offs=000000  Size=000000  Align=00001  Fill=0000
    NULL              Offs=000000  Size=000000  Align=00001  Fill=0000
C:\UTILITY\cc65\lib/apple2.lib(decax3.o):
    CODE              Offs=0032FB  Size=000007  Align=00001  Fill=0000
    RODATA            Offs=0007DB  Size=000000  Align=00001  Fill=0000
    BSS               Offs=001499  Size=000000  Align=00001  Fill=0000
    DATA              Offs=000616  Size=000000  Align=00001  Fill=0000
    ZEROPAGE          Offs=000000  Size=000000  Align=00001  Fill=0000
    NULL              Offs=000000  Size=000000  Align=00001  Fill=0000
C:\UTILITY\cc65\lib/apple2.lib(decax4.o):
    CODE              Offs=003302  Size=000007  Align=00001  Fill=0000
    RODATA            Offs=0007DB  Size=000000  Align=00001  Fill=0000
    BSS               Offs=001499  Size=000000  Align=00001  Fill=0000
    DATA              Offs=000616  Size=000000  Align=00001  Fill=0000
    ZEROPAGE          Offs=000000  Size=000000  Align=00001  Fill=0000
    NULL              Offs=000000  Size=000000  Align=00001  Fill=0000
C:\UTILITY\cc65\lib/apple2.lib(decaxy.o):
    CODE              Offs=003309  Size=000009  Align=00001  Fill=0000
    RODATA            Offs=0007DB  Size=000000  Align=00001  Fill=0000
    BSS               Offs=001499  Size=000000  Align=00001  Fill=0000
    DATA              Offs=000616  Size=000000  Align=00001  Fill=0000
    ZEROPAGE          Offs=000000  Size=000000  Align=00001  Fill=0000
    NULL              Offs=000000  Size=000000  Align=00001  Fill=0000
C:\UTILITY\cc65\lib/apple2.lib(decsp1.o):
    CODE              Offs=003312  Size=000009  Align=00001  Fill=0000
    RODATA            Offs=0007DB  Size=000000  Align=00001  Fill=0000
    BSS               Offs=001499  Size=000000  Align=00001  Fill=0000
    DATA              Offs=000616  Size=000000  Align=00001  Fill=0000
    ZEROPAGE          Offs=000000  Size=000000  Align=00001  Fill=0000
    NULL              Offs=000000  Size=000000  Align=00001  Fill=0000
C:\UTILITY\cc65\lib/apple2.lib(decsp2.o):
    CODE              Offs=00331B  Size=00000D  Align=00001  Fill=0000
    RODATA            Offs=0007DB  Size=000000  Align=00001  Fill=0000
    BSS               Offs=001499  Size=000000  Align=00001  Fill=0000
    DATA              Offs=000616  Size=000000  Align=00001  Fill=0000
    ZEROPAGE          Offs=000000  Size=000000  Align=00001  Fill=0000
    NULL              Offs=000000  Size=000000  Align=00001  Fill=0000
C:\UTILITY\cc65\lib/apple2.lib(decsp4.o):
    CODE              Offs=003328  Size=00000D  Align=00001  Fill=0000
    RODATA            Offs=0007DB  Size=000000  Align=00001  Fill=0000
    BSS               Offs=001499  Size=000000  Align=00001  Fill=0000
    DATA              Offs=000616  Size=000000  Align=00001  Fill=0000
    ZEROPAGE          Offs=000000  Size=000000  Align=00001  Fill=0000
    NULL              Offs=000000  Size=000000  Align=00001  Fill=0000
C:\UTILITY\cc65\lib/apple2.lib(decsp6.o):
    CODE              Offs=003335  Size=00000D  Align=00001  Fill=0000
    RODATA            Offs=0007DB  Size=000000  Align=00001  Fill=0000
    BSS               Offs=001499  Size=000000  Align=00001  Fill=0000
    DATA              Offs=000616  Size=000000  Align=00001  Fill=0000
    ZEROPAGE          Offs=000000  Size=000000  Align=00001  Fill=0000
    NULL              Offs=000000  Size=000000  Align=00001  Fill=0000
C:\UTILITY\cc65\lib/apple2.lib(dosdetect.o):
    CODE              Offs=003342  Size=000000  Align=00001  Fill=0000
    RODATA            Offs=0007DB  Size=000000  Align=00001  Fill=0000
    BSS               Offs=001499  Size=000000  Align=00001  Fill=0000
    DATA              Offs=000616  Size=000001  Align=00001  Fill=0000
    ZEROPAGE          Offs=000000  Size=000000  Align=00001  Fill=0000
    NULL              Offs=000000  Size=000000  Align=00001  Fill=0000
    ONCE              Offs=000076  Size=000014  Align=00001  Fill=0000
C:\UTILITY\cc65\lib/apple2.lib(errno.o):
    CODE              Offs=003342  Size=000000  Align=00001  Fill=0000
    RODATA            Offs=0007DB  Size=000000  Align=00001  Fill=0000
    BSS               Offs=001499  Size=000002  Align=00001  Fill=0000
    DATA              Offs=000617  Size=000000  Align=00001  Fill=0000
    ZEROPAGE          Offs=000000  Size=000000  Align=00001  Fill=0000
    NULL              Offs=000000  Size=000000  Align=00001  Fill=0000
C:\UTILITY\cc65\lib/apple2.lib(exehdr.o):
    CODE              Offs=003342  Size=000000  Align=00001  Fill=0000
    RODATA            Offs=0007DB  Size=000000  Align=00001  Fill=0000
    BSS               Offs=00149B  Size=000000  Align=00001  Fill=0000
    DATA              Offs=000617  Size=000000  Align=00001  Fill=0000
    ZEROPAGE          Offs=000000  Size=000000  Align=00001  Fill=0000
    NULL              Offs=000000  Size=000000  Align=00001  Fill=0000
    EXEHDR            Offs=000000  Size=00003A  Align=00001  Fill=0000
C:\UTILITY\cc65\lib/apple2.lib(filedes.o):
    CODE              Offs=003342  Size=000016  Align=00001  Fill=0000
    RODATA            Offs=0007DB  Size=000000  Align=00001  Fill=0000
    BSS               Offs=00149B  Size=000000  Align=00001  Fill=0000
    DATA              Offs=000617  Size=000020  Align=00001  Fill=0000
    ZEROPAGE          Offs=000000  Size=000000  Align=00001  Fill=0000
    NULL              Offs=000000  Size=000000  Align=00001  Fill=0000
C:\UTILITY\cc65\lib/apple2.lib(fputc.o):
    CODE              Offs=003358  Size=000047  Align=00001  Fill=0000
    RODATA            Offs=0007DB  Size=000000  Align=00001  Fill=0000
    BSS               Offs=00149B  Size=000002  Align=00001  Fill=0000
    DATA              Offs=000637  Size=000000  Align=00001  Fill=0000
    ZEROPAGE          Offs=000000  Size=000000  Align=00001  Fill=0000
    NULL              Offs=000000  Size=000000  Align=00001  Fill=0000
C:\UTILITY\cc65\lib/apple2.lib(fwrite.o):
    CODE              Offs=00339F  Size=000079  Align=00001  Fill=0000
    RODATA            Offs=0007DB  Size=000000  Align=00001  Fill=0000
    BSS               Offs=00149D  Size=000002  Align=00001  Fill=0000
    DATA              Offs=000637  Size=000000  Align=00001  Fill=0000
    ZEROPAGE          Offs=000000  Size=000000  Align=00001  Fill=0000
    NULL              Offs=000000  Size=000000  Align=00001  Fill=0000
C:\UTILITY\cc65\lib/apple2.lib(ge.o):
    CODE              Offs=003418  Size=00000A  Align=00001  Fill=0000
    RODATA            Offs=0007DB  Size=000000  Align=00001  Fill=0000
    BSS               Offs=00149F  Size=000000  Align=00001  Fill=0000
    DATA              Offs=000637  Size=000000  Align=00001  Fill=0000
    ZEROPAGE          Offs=000000  Size=000000  Align=00001  Fill=0000
    NULL              Offs=000000  Size=000000  Align=00001  Fill=0000
C:\UTILITY\cc65\lib/apple2.lib(gotoxy.o):
    CODE              Offs=003422  Size=000011  Align=00001  Fill=0000
    RODATA            Offs=0007DB  Size=000000  Align=00001  Fill=0000
    BSS               Offs=00149F  Size=000000  Align=00001  Fill=0000
    DATA              Offs=000637  Size=000000  Align=00001  Fill=0000
    ZEROPAGE          Offs=000000  Size=000000  Align=00001  Fill=0000
    NULL              Offs=000000  Size=000000  Align=00001  Fill=0000
C:\UTILITY\cc65\lib/apple2.lib(home.o):
    CODE              Offs=003433  Size=000000  Align=00001  Fill=0000
    RODATA            Offs=0007DB  Size=000000  Align=00001  Fill=0000
    BSS               Offs=00149F  Size=000000  Align=00001  Fill=0000
    DATA              Offs=000637  Size=000000  Align=00001  Fill=0000
    ZEROPAGE          Offs=000000  Size=000000  Align=00001  Fill=0000
    NULL              Offs=000000  Size=000000  Align=00001  Fill=0000
    LOWCODE           Offs=00000A  Size=00000A  Align=00001  Fill=0000
C:\UTILITY\cc65\lib/apple2.lib(icmp.o):
    CODE              Offs=003433  Size=00002E  Align=00001  Fill=0000
    RODATA            Offs=0007DB  Size=000000  Align=00001  Fill=0000
    BSS               Offs=00149F  Size=000000  Align=00001  Fill=0000
    DATA              Offs=000637  Size=000000  Align=00001  Fill=0000
    ZEROPAGE          Offs=000000  Size=000000  Align=00001  Fill=0000
    NULL              Offs=000000  Size=000000  Align=00001  Fill=0000
C:\UTILITY\cc65\lib/apple2.lib(incax1.o):
    CODE              Offs=003461  Size=000007  Align=00001  Fill=0000
    RODATA            Offs=0007DB  Size=000000  Align=00001  Fill=0000
    BSS               Offs=00149F  Size=000000  Align=00001  Fill=0000
    DATA              Offs=000637  Size=000000  Align=00001  Fill=0000
    ZEROPAGE          Offs=000000  Size=000000  Align=00001  Fill=0000
    NULL              Offs=000000  Size=000000  Align=00001  Fill=0000
C:\UTILITY\cc65\lib/apple2.lib(incax2.o):
    CODE              Offs=003468  Size=000007  Align=00001  Fill=0000
    RODATA            Offs=0007DB  Size=000000  Align=00001  Fill=0000
    BSS               Offs=00149F  Size=000000  Align=00001  Fill=0000
    DATA              Offs=000637  Size=000000  Align=00001  Fill=0000
    ZEROPAGE          Offs=000000  Size=000000  Align=00001  Fill=0000
    NULL              Offs=000000  Size=000000  Align=00001  Fill=0000
C:\UTILITY\cc65\lib/apple2.lib(incaxy.o):
    CODE              Offs=00346F  Size=00000B  Align=00001  Fill=0000
    RODATA            Offs=0007DB  Size=000000  Align=00001  Fill=0000
    BSS               Offs=00149F  Size=000000  Align=00001  Fill=0000
    DATA              Offs=000637  Size=000000  Align=00001  Fill=0000
    ZEROPAGE          Offs=000000  Size=000000  Align=00001  Fill=0000
    NULL              Offs=000000  Size=000000  Align=00001  Fill=0000
C:\UTILITY\cc65\lib/apple2.lib(incsp1.o):
    CODE              Offs=00347A  Size=000007  Align=00001  Fill=0000
    RODATA            Offs=0007DB  Size=000000  Align=00001  Fill=0000
    BSS               Offs=00149F  Size=000000  Align=00001  Fill=0000
    DATA              Offs=000637  Size=000000  Align=00001  Fill=0000
    ZEROPAGE          Offs=000000  Size=000000  Align=00001  Fill=0000
    NULL              Offs=000000  Size=000000  Align=00001  Fill=0000
C:\UTILITY\cc65\lib/apple2.lib(incsp2.o):
    CODE              Offs=003481  Size=000016  Align=00001  Fill=0000
    RODATA            Offs=0007DB  Size=000000  Align=00001  Fill=0000
    BSS               Offs=00149F  Size=000000  Align=00001  Fill=0000
    DATA              Offs=000637  Size=000000  Align=00001  Fill=0000
    ZEROPAGE          Offs=000000  Size=000000  Align=00001  Fill=0000
    NULL              Offs=000000  Size=000000  Align=00001  Fill=0000
C:\UTILITY\cc65\lib/apple2.lib(incsp3.o):
    CODE              Offs=003497  Size=000005  Align=00001  Fill=0000
    RODATA            Offs=0007DB  Size=000000  Align=00001  Fill=0000
    BSS               Offs=00149F  Size=000000  Align=00001  Fill=0000
    DATA              Offs=000637  Size=000000  Align=00001  Fill=0000
    ZEROPAGE          Offs=000000  Size=000000  Align=00001  Fill=0000
    NULL              Offs=000000  Size=000000  Align=00001  Fill=0000
C:\UTILITY\cc65\lib/apple2.lib(incsp4.o):
    CODE              Offs=00349C  Size=000005  Align=00001  Fill=0000
    RODATA            Offs=0007DB  Size=000000  Align=00001  Fill=0000
    BSS               Offs=00149F  Size=000000  Align=00001  Fill=0000
    DATA              Offs=000637  Size=000000  Align=00001  Fill=0000
    ZEROPAGE          Offs=000000  Size=000000  Align=00001  Fill=0000
    NULL              Offs=000000  Size=000000  Align=00001  Fill=0000
C:\UTILITY\cc65\lib/apple2.lib(incsp5.o):
    CODE              Offs=0034A1  Size=000005  Align=00001  Fill=0000
    RODATA            Offs=0007DB  Size=000000  Align=00001  Fill=0000
    BSS               Offs=00149F  Size=000000  Align=00001  Fill=0000
    DATA              Offs=000637  Size=000000  Align=00001  Fill=0000
    ZEROPAGE          Offs=000000  Size=000000  Align=00001  Fill=0000
    NULL              Offs=000000  Size=000000  Align=00001  Fill=0000
C:\UTILITY\cc65\lib/apple2.lib(incsp6.o):
    CODE              Offs=0034A6  Size=000005  Align=00001  Fill=0000
    RODATA            Offs=0007DB  Size=000000  Align=00001  Fill=0000
    BSS               Offs=00149F  Size=000000  Align=00001  Fill=0000
    DATA              Offs=000637  Size=000000  Align=00001  Fill=0000
    ZEROPAGE          Offs=000000  Size=000000  Align=00001  Fill=0000
    NULL              Offs=000000  Size=000000  Align=00001  Fill=0000
C:\UTILITY\cc65\lib/apple2.lib(incsp8.o):
    CODE              Offs=0034AB  Size=000005  Align=00001  Fill=0000
    RODATA            Offs=0007DB  Size=000000  Align=00001  Fill=0000
    BSS               Offs=00149F  Size=000000  Align=00001  Fill=0000
    DATA              Offs=000637  Size=000000  Align=00001  Fill=0000
    ZEROPAGE          Offs=000000  Size=000000  Align=00001  Fill=0000
    NULL              Offs=000000  Size=000000  Align=00001  Fill=0000
C:\UTILITY\cc65\lib/apple2.lib(isdigit.o):
    CODE              Offs=0034B0  Size=000008  Align=00001  Fill=0000
    RODATA            Offs=0007DB  Size=000000  Align=00001  Fill=0000
    BSS               Offs=00149F  Size=000000  Align=00001  Fill=0000
    DATA              Offs=000637  Size=000000  Align=00001  Fill=0000
    ZEROPAGE          Offs=000000  Size=000000  Align=00001  Fill=0000
    NULL              Offs=000000  Size=000000  Align=00001  Fill=0000
C:\UTILITY\cc65\lib/apple2.lib(isspace.o):
    CODE              Offs=0034B8  Size=000008  Align=00001  Fill=0000
    RODATA            Offs=0007DB  Size=000000  Align=00001  Fill=0000
    BSS               Offs=00149F  Size=000000  Align=00001  Fill=0000
    DATA              Offs=000637  Size=000000  Align=00001  Fill=0000
    ZEROPAGE          Offs=000000  Size=000000  Align=00001  Fill=0000
    NULL              Offs=000000  Size=000000  Align=00001  Fill=0000
C:\UTILITY\cc65\lib/apple2.lib(isxdigit.o):
    CODE              Offs=0034C0  Size=000008  Align=00001  Fill=0000
    RODATA            Offs=0007DB  Size=000000  Align=00001  Fill=0000
    BSS               Offs=00149F  Size=000000  Align=00001  Fill=0000
    DATA              Offs=000637  Size=000000  Align=00001  Fill=0000
    ZEROPAGE          Offs=000000  Size=000000  Align=00001  Fill=0000
    NULL              Offs=000000  Size=000000  Align=00001  Fill=0000
C:\UTILITY\cc65\lib/apple2.lib(jmpvec.o):
    CODE              Offs=0034C8  Size=000000  Align=00001  Fill=0000
    RODATA            Offs=0007DB  Size=000000  Align=00001  Fill=0000
    BSS               Offs=00149F  Size=000000  Align=00001  Fill=0000
    DATA              Offs=000637  Size=000003  Align=00001  Fill=0000
    ZEROPAGE          Offs=000000  Size=000000  Align=00001  Fill=0000
    NULL              Offs=000000  Size=000000  Align=00001  Fill=0000
C:\UTILITY\cc65\lib/apple2.lib(ladd.o):
    CODE              Offs=0034C8  Size=000025  Align=00001  Fill=0000
    RODATA            Offs=0007DB  Size=000000  Align=00001  Fill=0000
    BSS               Offs=00149F  Size=000000  Align=00001  Fill=0000
    DATA              Offs=00063A  Size=000000  Align=00001  Fill=0000
    ZEROPAGE          Offs=000000  Size=000000  Align=00001  Fill=0000
    NULL              Offs=000000  Size=000000  Align=00001  Fill=0000
C:\UTILITY\cc65\lib/apple2.lib(lcmp.o):
    CODE              Offs=0034ED  Size=00003B  Align=00001  Fill=0000
    RODATA            Offs=0007DB  Size=000000  Align=00001  Fill=0000
    BSS               Offs=00149F  Size=000000  Align=00001  Fill=0000
    DATA              Offs=00063A  Size=000000  Align=00001  Fill=0000
    ZEROPAGE          Offs=000000  Size=000000  Align=00001  Fill=0000
    NULL              Offs=000000  Size=000000  Align=00001  Fill=0000
C:\UTILITY\cc65\lib/apple2.lib(ldaui.o):
    CODE              Offs=003528  Size=000009  Align=00001  Fill=0000
    RODATA            Offs=0007DB  Size=000000  Align=00001  Fill=0000
    BSS               Offs=00149F  Size=000000  Align=00001  Fill=0000
    DATA              Offs=00063A  Size=000000  Align=00001  Fill=0000
    ZEROPAGE          Offs=000000  Size=000000  Align=00001  Fill=0000
    NULL              Offs=000000  Size=000000  Align=00001  Fill=0000
C:\UTILITY\cc65\lib/apple2.lib(ldaxi.o):
    CODE              Offs=003531  Size=00000D  Align=00001  Fill=0000
    RODATA            Offs=0007DB  Size=000000  Align=00001  Fill=0000
    BSS               Offs=00149F  Size=000000  Align=00001  Fill=0000
    DATA              Offs=00063A  Size=000000  Align=00001  Fill=0000
    ZEROPAGE          Offs=000000  Size=000000  Align=00001  Fill=0000
    NULL              Offs=000000  Size=000000  Align=00001  Fill=0000
C:\UTILITY\cc65\lib/apple2.lib(ldaxsp.o):
    CODE              Offs=00353E  Size=000009  Align=00001  Fill=0000
    RODATA            Offs=0007DB  Size=000000  Align=00001  Fill=0000
    BSS               Offs=00149F  Size=000000  Align=00001  Fill=0000
    DATA              Offs=00063A  Size=000000  Align=00001  Fill=0000
    ZEROPAGE          Offs=000000  Size=000000  Align=00001  Fill=0000
    NULL              Offs=000000  Size=000000  Align=00001  Fill=0000
C:\UTILITY\cc65\lib/apple2.lib(ldeaxysp.o):
    CODE              Offs=003547  Size=000013  Align=00001  Fill=0000
    RODATA            Offs=0007DB  Size=000000  Align=00001  Fill=0000
    BSS               Offs=00149F  Size=000000  Align=00001  Fill=0000
    DATA              Offs=00063A  Size=000000  Align=00001  Fill=0000
    ZEROPAGE          Offs=000000  Size=000000  Align=00001  Fill=0000
    NULL              Offs=000000  Size=000000  Align=00001  Fill=0000
C:\UTILITY\cc65\lib/apple2.lib(leq.o):
    CODE              Offs=00355A  Size=000006  Align=00001  Fill=0000
    RODATA            Offs=0007DB  Size=000000  Align=00001  Fill=0000
    BSS               Offs=00149F  Size=000000  Align=00001  Fill=0000
    DATA              Offs=00063A  Size=000000  Align=00001  Fill=0000
    ZEROPAGE          Offs=000000  Size=000000  Align=00001  Fill=0000
    NULL              Offs=000000  Size=000000  Align=00001  Fill=0000
C:\UTILITY\cc65\lib/apple2.lib(lmul.o):
    CODE              Offs=003560  Size=00005C  Align=00001  Fill=0000
    RODATA            Offs=0007DB  Size=000000  Align=00001  Fill=0000
    BSS               Offs=00149F  Size=000000  Align=00001  Fill=0000
    DATA              Offs=00063A  Size=000000  Align=00001  Fill=0000
    ZEROPAGE          Offs=000000  Size=000000  Align=00001  Fill=0000
    NULL              Offs=000000  Size=000000  Align=00001  Fill=0000
C:\UTILITY\cc65\lib/apple2.lib(lneg.o):
    CODE              Offs=0035BC  Size=00001E  Align=00001  Fill=0000
    RODATA            Offs=0007DB  Size=000000  Align=00001  Fill=0000
    BSS               Offs=00149F  Size=000000  Align=00001  Fill=0000
    DATA              Offs=00063A  Size=000000  Align=00001  Fill=0000
    ZEROPAGE          Offs=000000  Size=000000  Align=00001  Fill=0000
    NULL              Offs=000000  Size=000000  Align=00001  Fill=0000
C:\UTILITY\cc65\lib/apple2.lib(longjmp.o):
    CODE              Offs=0035DA  Size=000028  Align=00001  Fill=0000
    RODATA            Offs=0007DB  Size=000000  Align=00001  Fill=0000
    BSS               Offs=00149F  Size=000000  Align=00001  Fill=0000
    DATA              Offs=00063A  Size=000000  Align=00001  Fill=0000
    ZEROPAGE          Offs=000000  Size=000000  Align=00001  Fill=0000
    NULL              Offs=000000  Size=000000  Align=00001  Fill=0000
C:\UTILITY\cc65\lib/apple2.lib(lpop.o):
    CODE              Offs=003602  Size=000015  Align=00001  Fill=0000
    RODATA            Offs=0007DB  Size=000000  Align=00001  Fill=0000
    BSS               Offs=00149F  Size=000000  Align=00001  Fill=0000
    DATA              Offs=00063A  Size=000000  Align=00001  Fill=0000
    ZEROPAGE          Offs=000000  Size=000000  Align=00001  Fill=0000
    NULL              Offs=000000  Size=000000  Align=00001  Fill=0000
C:\UTILITY\cc65\lib/apple2.lib(lpush.o):
    CODE              Offs=003617  Size=000021  Align=00001  Fill=0000
    RODATA            Offs=0007DB  Size=000000  Align=00001  Fill=0000
    BSS               Offs=00149F  Size=000000  Align=00001  Fill=0000
    DATA              Offs=00063A  Size=000000  Align=00001  Fill=0000
    ZEROPAGE          Offs=000000  Size=000000  Align=00001  Fill=0000
    NULL              Offs=000000  Size=000000  Align=00001  Fill=0000
C:\UTILITY\cc65\lib/apple2.lib(lt.o):
    CODE              Offs=003638  Size=00000A  Align=00001  Fill=0000
    RODATA            Offs=0007DB  Size=000000  Align=00001  Fill=0000
    BSS               Offs=00149F  Size=000000  Align=00001  Fill=0000
    DATA              Offs=00063A  Size=000000  Align=00001  Fill=0000
    ZEROPAGE          Offs=000000  Size=000000  Align=00001  Fill=0000
    NULL              Offs=000000  Size=000000  Align=00001  Fill=0000
C:\UTILITY\cc65\lib/apple2.lib(ltoa.o):
    CODE              Offs=003642  Size=000095  Align=00001  Fill=0000
    RODATA            Offs=0007DB  Size=000000  Align=00001  Fill=0000
    BSS               Offs=00149F  Size=000000  Align=00001  Fill=0000
    DATA              Offs=00063A  Size=000000  Align=00001  Fill=0000
    ZEROPAGE          Offs=000000  Size=000000  Align=00001  Fill=0000
    NULL              Offs=000000  Size=000000  Align=00001  Fill=0000
C:\UTILITY\cc65\lib/apple2.lib(makebool.o):
    CODE              Offs=0036D7  Size=00002C  Align=00001  Fill=0000
    RODATA            Offs=0007DB  Size=000000  Align=00001  Fill=0000
    BSS               Offs=00149F  Size=000000  Align=00001  Fill=0000
    DATA              Offs=00063A  Size=000000  Align=00001  Fill=0000
    ZEROPAGE          Offs=000000  Size=000000  Align=00001  Fill=0000
    NULL              Offs=000000  Size=000000  Align=00001  Fill=0000
C:\UTILITY\cc65\lib/apple2.lib(memcpy.o):
    CODE              Offs=003703  Size=00003C  Align=00001  Fill=0000
    RODATA            Offs=0007DB  Size=000000  Align=00001  Fill=0000
    BSS               Offs=00149F  Size=000000  Align=00001  Fill=0000
    DATA              Offs=00063A  Size=000000  Align=00001  Fill=0000
    ZEROPAGE          Offs=000000  Size=000000  Align=00001  Fill=0000
    NULL              Offs=000000  Size=000000  Align=00001  Fill=0000
C:\UTILITY\cc65\lib/apple2.lib(mli.o):
    CODE              Offs=00373F  Size=000000  Align=00001  Fill=0000
    RODATA            Offs=0007DB  Size=000000  Align=00001  Fill=0000
    BSS               Offs=00149F  Size=000012  Align=00001  Fill=0000
    DATA              Offs=00063A  Size=000024  Align=00001  Fill=0000
    ZEROPAGE          Offs=000000  Size=000000  Align=00001  Fill=0000
    NULL              Offs=000000  Size=000000  Align=00001  Fill=0000
C:\UTILITY\cc65\lib/apple2.lib(mul.o):
    CODE              Offs=00373F  Size=000045  Align=00001  Fill=0000
    RODATA            Offs=0007DB  Size=000000  Align=00001  Fill=0000
    BSS               Offs=0014B1  Size=000000  Align=00001  Fill=0000
    DATA              Offs=00065E  Size=000000  Align=00001  Fill=0000
    ZEROPAGE          Offs=000000  Size=000000  Align=00001  Fill=0000
    NULL              Offs=000000  Size=000000  Align=00001  Fill=0000
C:\UTILITY\cc65\lib/apple2.lib(mul8.o):
    CODE              Offs=003784  Size=00003A  Align=00001  Fill=0000
    RODATA            Offs=0007DB  Size=000000  Align=00001  Fill=0000
    BSS               Offs=0014B1  Size=000000  Align=00001  Fill=0000
    DATA              Offs=00065E  Size=000000  Align=00001  Fill=0000
    ZEROPAGE          Offs=000000  Size=000000  Align=00001  Fill=0000
    NULL              Offs=000000  Size=000000  Align=00001  Fill=0000
C:\UTILITY\cc65\lib/apple2.lib(mulax10.o):
    CODE              Offs=0037BE  Size=000019  Align=00001  Fill=0000
    RODATA            Offs=0007DB  Size=000000  Align=00001  Fill=0000
    BSS               Offs=0014B1  Size=000000  Align=00001  Fill=0000
    DATA              Offs=00065E  Size=000000  Align=00001  Fill=0000
    ZEROPAGE          Offs=000000  Size=000000  Align=00001  Fill=0000
    NULL              Offs=000000  Size=000000  Align=00001  Fill=0000
C:\UTILITY\cc65\lib/apple2.lib(or.o):
    CODE              Offs=0037D7  Size=000012  Align=00001  Fill=0000
    RODATA            Offs=0007DB  Size=000000  Align=00001  Fill=0000
    BSS               Offs=0014B1  Size=000000  Align=00001  Fill=0000
    DATA              Offs=00065E  Size=000000  Align=00001  Fill=0000
    ZEROPAGE          Offs=000000  Size=000000  Align=00001  Fill=0000
    NULL              Offs=000000  Size=000000  Align=00001  Fill=0000
C:\UTILITY\cc65\lib/apple2.lib(oserror.o):
    CODE              Offs=0037E9  Size=000016  Align=00001  Fill=0000
    RODATA            Offs=0007DB  Size=000032  Align=00001  Fill=0000
    BSS               Offs=0014B1  Size=000000  Align=00001  Fill=0000
    DATA              Offs=00065E  Size=000000  Align=00001  Fill=0000
    ZEROPAGE          Offs=000000  Size=000000  Align=00001  Fill=0000
    NULL              Offs=000000  Size=000000  Align=00001  Fill=0000
C:\UTILITY\cc65\lib/apple2.lib(popa.o):
    CODE              Offs=0037FF  Size=00000C  Align=00001  Fill=0000
    RODATA            Offs=00080D  Size=000000  Align=00001  Fill=0000
    BSS               Offs=0014B1  Size=000000  Align=00001  Fill=0000
    DATA              Offs=00065E  Size=000000  Align=00001  Fill=0000
    ZEROPAGE          Offs=000000  Size=000000  Align=00001  Fill=0000
    NULL              Offs=000000  Size=000000  Align=00001  Fill=0000
C:\UTILITY\cc65\lib/apple2.lib(popptr1.o):
    CODE              Offs=00380B  Size=00000E  Align=00001  Fill=0000
    RODATA            Offs=00080D  Size=000000  Align=00001  Fill=0000
    BSS               Offs=0014B1  Size=000000  Align=00001  Fill=0000
    DATA              Offs=00065E  Size=000000  Align=00001  Fill=0000
    ZEROPAGE          Offs=000000  Size=000000  Align=00001  Fill=0000
    NULL              Offs=000000  Size=000000  Align=00001  Fill=0000
C:\UTILITY\cc65\lib/apple2.lib(printf.o):
    CODE              Offs=003819  Size=000033  Align=00001  Fill=0000
    RODATA            Offs=00080D  Size=000000  Align=00001  Fill=0000
    BSS               Offs=0014B1  Size=000001  Align=00001  Fill=0000
    DATA              Offs=00065E  Size=000000  Align=00001  Fill=0000
    ZEROPAGE          Offs=000000  Size=000000  Align=00001  Fill=0000
    NULL              Offs=000000  Size=000000  Align=00001  Fill=0000
C:\UTILITY\cc65\lib/apple2.lib(push1.o):
    CODE              Offs=00384C  Size=000005  Align=00001  Fill=0000
    RODATA            Offs=00080D  Size=000000  Align=00001  Fill=0000
    BSS               Offs=0014B2  Size=000000  Align=00001  Fill=0000
    DATA              Offs=00065E  Size=000000  Align=00001  Fill=0000
    ZEROPAGE          Offs=000000  Size=000000  Align=00001  Fill=0000
    NULL              Offs=000000  Size=000000  Align=00001  Fill=0000
C:\UTILITY\cc65\lib/apple2.lib(pusha.o):
    CODE              Offs=003851  Size=000016  Align=00001  Fill=0000
    RODATA            Offs=00080D  Size=000000  Align=00001  Fill=0000
    BSS               Offs=0014B2  Size=000000  Align=00001  Fill=0000
    DATA              Offs=00065E  Size=000000  Align=00001  Fill=0000
    ZEROPAGE          Offs=000000  Size=000000  Align=00001  Fill=0000
    NULL              Offs=000000  Size=000000  Align=00001  Fill=0000
C:\UTILITY\cc65\lib/apple2.lib(pushax.o):
    CODE              Offs=003867  Size=00001A  Align=00001  Fill=0000
    RODATA            Offs=00080D  Size=000000  Align=00001  Fill=0000
    BSS               Offs=0014B2  Size=000000  Align=00001  Fill=0000
    DATA              Offs=00065E  Size=000000  Align=00001  Fill=0000
    ZEROPAGE          Offs=000000  Size=000000  Align=00001  Fill=0000
    NULL              Offs=000000  Size=000000  Align=00001  Fill=0000
C:\UTILITY\cc65\lib/apple2.lib(pushptr1.o):
    CODE              Offs=003881  Size=000007  Align=00001  Fill=0000
    RODATA            Offs=00080D  Size=000000  Align=00001  Fill=0000
    BSS               Offs=0014B2  Size=000000  Align=00001  Fill=0000
    DATA              Offs=00065E  Size=000000  Align=00001  Fill=0000
    ZEROPAGE          Offs=000000  Size=000000  Align=00001  Fill=0000
    NULL              Offs=000000  Size=000000  Align=00001  Fill=0000
C:\UTILITY\cc65\lib/apple2.lib(pushwsp.o):
    CODE              Offs=003888  Size=00001C  Align=00001  Fill=0000
    RODATA            Offs=00080D  Size=000000  Align=00001  Fill=0000
    BSS               Offs=0014B2  Size=000000  Align=00001  Fill=0000
    DATA              Offs=00065E  Size=000000  Align=00001  Fill=0000
    ZEROPAGE          Offs=000000  Size=000000  Align=00001  Fill=0000
    NULL              Offs=000000  Size=000000  Align=00001  Fill=0000
C:\UTILITY\cc65\lib/apple2.lib(putchar.o):
    CODE              Offs=0038A4  Size=00000C  Align=00001  Fill=0000
    RODATA            Offs=00080D  Size=000000  Align=00001  Fill=0000
    BSS               Offs=0014B2  Size=000000  Align=00001  Fill=0000
    DATA              Offs=00065E  Size=000000  Align=00001  Fill=0000
    ZEROPAGE          Offs=000000  Size=000000  Align=00001  Fill=0000
    NULL              Offs=000000  Size=000000  Align=00001  Fill=0000
C:\UTILITY\cc65\lib/apple2.lib(puts.o):
    CODE              Offs=0038B0  Size=000068  Align=00001  Fill=0000
    RODATA            Offs=00080D  Size=000000  Align=00001  Fill=0000
    BSS               Offs=0014B2  Size=000000  Align=00001  Fill=0000
    DATA              Offs=00065E  Size=000001  Align=00001  Fill=0000
    ZEROPAGE          Offs=000000  Size=000000  Align=00001  Fill=0000
    NULL              Offs=000000  Size=000000  Align=00001  Fill=0000
C:\UTILITY\cc65\lib/apple2.lib(return0.o):
    CODE              Offs=003918  Size=000004  Align=00001  Fill=0000
    RODATA            Offs=00080D  Size=000000  Align=00001  Fill=0000
    BSS               Offs=0014B2  Size=000000  Align=00001  Fill=0000
    DATA              Offs=00065F  Size=000000  Align=00001  Fill=0000
    ZEROPAGE          Offs=000000  Size=000000  Align=00001  Fill=0000
    NULL              Offs=000000  Size=000000  Align=00001  Fill=0000
C:\UTILITY\cc65\lib/apple2.lib(returnFFFF.o):
    CODE              Offs=00391C  Size=000004  Align=00001  Fill=0000
    RODATA            Offs=00080D  Size=000000  Align=00001  Fill=0000
    BSS               Offs=0014B2  Size=000000  Align=00001  Fill=0000
    DATA              Offs=00065F  Size=000000  Align=00001  Fill=0000
    ZEROPAGE          Offs=000000  Size=000000  Align=00001  Fill=0000
    NULL              Offs=000000  Size=000000  Align=00001  Fill=0000
C:\UTILITY\cc65\lib/apple2.lib(rwcommon.o):
    CODE              Offs=003920  Size=00003D  Align=00001  Fill=0000
    RODATA            Offs=00080D  Size=000000  Align=00001  Fill=0000
    BSS               Offs=0014B2  Size=000000  Align=00001  Fill=0000
    DATA              Offs=00065F  Size=000000  Align=00001  Fill=0000
    ZEROPAGE          Offs=000000  Size=000000  Align=00001  Fill=0000
    NULL              Offs=000000  Size=000000  Align=00001  Fill=0000
C:\UTILITY\cc65\lib/apple2.lib(setjmp.o):
    CODE              Offs=00395D  Size=000025  Align=00001  Fill=0000
    RODATA            Offs=00080D  Size=000000  Align=00001  Fill=0000
    BSS               Offs=0014B2  Size=000000  Align=00001  Fill=0000
    DATA              Offs=00065F  Size=000000  Align=00001  Fill=0000
    ZEROPAGE          Offs=000000  Size=000000  Align=00001  Fill=0000
    NULL              Offs=000000  Size=000000  Align=00001  Fill=0000
C:\UTILITY\cc65\lib/apple2.lib(snprintf.o):
    CODE              Offs=003982  Size=00002B  Align=00001  Fill=0000
    RODATA            Offs=00080D  Size=000000  Align=00001  Fill=0000
    BSS               Offs=0014B2  Size=000001  Align=00001  Fill=0000
    DATA              Offs=00065F  Size=000000  Align=00001  Fill=0000
    ZEROPAGE          Offs=000000  Size=000000  Align=00001  Fill=0000
    NULL              Offs=000000  Size=000000  Align=00001  Fill=0000
C:\UTILITY\cc65\lib/apple2.lib(sscanf.o):
    CODE              Offs=0039AD  Size=00002B  Align=00001  Fill=0000
    RODATA            Offs=00080D  Size=000000  Align=00001  Fill=0000
    BSS               Offs=0014B3  Size=000001  Align=00001  Fill=0000
    DATA              Offs=00065F  Size=000000  Align=00001  Fill=0000
    ZEROPAGE          Offs=000000  Size=000000  Align=00001  Fill=0000
    NULL              Offs=000000  Size=000000  Align=00001  Fill=0000
C:\UTILITY\cc65\lib/apple2.lib(staspidx.o):
    CODE              Offs=0039D8  Size=000016  Align=00001  Fill=0000
    RODATA            Offs=00080D  Size=000000  Align=00001  Fill=0000
    BSS               Offs=0014B4  Size=000000  Align=00001  Fill=0000
    DATA              Offs=00065F  Size=000000  Align=00001  Fill=0000
    ZEROPAGE          Offs=000000  Size=000000  Align=00001  Fill=0000
    NULL              Offs=000000  Size=000000  Align=00001  Fill=0000
C:\UTILITY\cc65\lib/apple2.lib(staxsp.o):
    CODE              Offs=0039EE  Size=00000B  Align=00001  Fill=0000
    RODATA            Offs=00080D  Size=000000  Align=00001  Fill=0000
    BSS               Offs=0014B4  Size=000000  Align=00001  Fill=0000
    DATA              Offs=00065F  Size=000000  Align=00001  Fill=0000
    ZEROPAGE          Offs=000000  Size=000000  Align=00001  Fill=0000
    NULL              Offs=000000  Size=000000  Align=00001  Fill=0000
C:\UTILITY\cc65\lib/apple2.lib(steaxsp.o):
    CODE              Offs=0039F9  Size=000015  Align=00001  Fill=0000
    RODATA            Offs=00080D  Size=000000  Align=00001  Fill=0000
    BSS               Offs=0014B4  Size=000000  Align=00001  Fill=0000
    DATA              Offs=00065F  Size=000000  Align=00001  Fill=0000
    ZEROPAGE          Offs=000000  Size=000000  Align=00001  Fill=0000
    NULL              Offs=000000  Size=000000  Align=00001  Fill=0000
C:\UTILITY\cc65\lib/apple2.lib(strcpy.o):
    CODE              Offs=003A0E  Size=00001F  Align=00001  Fill=0000
    RODATA            Offs=00080D  Size=000000  Align=00001  Fill=0000
    BSS               Offs=0014B4  Size=000000  Align=00001  Fill=0000
    DATA              Offs=00065F  Size=000000  Align=00001  Fill=0000
    ZEROPAGE          Offs=000000  Size=000000  Align=00001  Fill=0000
    NULL              Offs=000000  Size=000000  Align=00001  Fill=0000
C:\UTILITY\cc65\lib/apple2.lib(strlen.o):
    CODE              Offs=003A2D  Size=000016  Align=00001  Fill=0000
    RODATA            Offs=00080D  Size=000000  Align=00001  Fill=0000
    BSS               Offs=0014B4  Size=000000  Align=00001  Fill=0000
    DATA              Offs=00065F  Size=000000  Align=00001  Fill=0000
    ZEROPAGE          Offs=000000  Size=000000  Align=00001  Fill=0000
    NULL              Offs=000000  Size=000000  Align=00001  Fill=0000
C:\UTILITY\cc65\lib/apple2.lib(strlower.o):
    CODE              Offs=003A43  Size=000027  Align=00001  Fill=0000
    RODATA            Offs=00080D  Size=000000  Align=00001  Fill=0000
    BSS               Offs=0014B4  Size=000000  Align=00001  Fill=0000
    DATA              Offs=00065F  Size=000000  Align=00001  Fill=0000
    ZEROPAGE          Offs=000000  Size=000000  Align=00001  Fill=0000
    NULL              Offs=000000  Size=000000  Align=00001  Fill=0000
C:\UTILITY\cc65\lib/apple2.lib(strncpy.o):
    CODE              Offs=003A6A  Size=000042  Align=00001  Fill=0000
    RODATA            Offs=00080D  Size=000000  Align=00001  Fill=0000
    BSS               Offs=0014B4  Size=000000  Align=00001  Fill=0000
    DATA              Offs=00065F  Size=000000  Align=00001  Fill=0000
    ZEROPAGE          Offs=000000  Size=000000  Align=00001  Fill=0000
    NULL              Offs=000000  Size=000000  Align=00001  Fill=0000
C:\UTILITY\cc65\lib/apple2.lib(strstr.o):
    CODE              Offs=003AAC  Size=000052  Align=00001  Fill=0000
    RODATA            Offs=00080D  Size=000000  Align=00001  Fill=0000
    BSS               Offs=0014B4  Size=000000  Align=00001  Fill=0000
    DATA              Offs=00065F  Size=000000  Align=00001  Fill=0000
    ZEROPAGE          Offs=000000  Size=000000  Align=00001  Fill=0000
    NULL              Offs=000000  Size=000000  Align=00001  Fill=0000
C:\UTILITY\cc65\lib/apple2.lib(sub.o):
    CODE              Offs=003AFE  Size=000015  Align=00001  Fill=0000
    RODATA            Offs=00080D  Size=000000  Align=00001  Fill=0000
    BSS               Offs=0014B4  Size=000000  Align=00001  Fill=0000
    DATA              Offs=00065F  Size=000000  Align=00001  Fill=0000
    ZEROPAGE          Offs=000000  Size=000000  Align=00001  Fill=0000
    NULL              Offs=000000  Size=000000  Align=00001  Fill=0000
C:\UTILITY\cc65\lib/apple2.lib(subysp.o):
    CODE              Offs=003B13  Size=00000D  Align=00001  Fill=0000
    RODATA            Offs=00080D  Size=000000  Align=00001  Fill=0000
    BSS               Offs=0014B4  Size=000000  Align=00001  Fill=0000
    DATA              Offs=00065F  Size=000000  Align=00001  Fill=0000
    ZEROPAGE          Offs=000000  Size=000000  Align=00001  Fill=0000
    NULL              Offs=000000  Size=000000  Align=00001  Fill=0000
C:\UTILITY\cc65\lib/apple2.lib(tolower.o):
    CODE              Offs=003B20  Size=000012  Align=00001  Fill=0000
    RODATA            Offs=00080D  Size=000000  Align=00001  Fill=0000
    BSS               Offs=0014B4  Size=000000  Align=00001  Fill=0000
    DATA              Offs=00065F  Size=000000  Align=00001  Fill=0000
    ZEROPAGE          Offs=000000  Size=000000  Align=00001  Fill=0000
    NULL              Offs=000000  Size=000000  Align=00001  Fill=0000
C:\UTILITY\cc65\lib/apple2.lib(udiv.o):
    CODE              Offs=003B32  Size=00004F  Align=00001  Fill=0000
    RODATA            Offs=00080D  Size=000000  Align=00001  Fill=0000
    BSS               Offs=0014B4  Size=000000  Align=00001  Fill=0000
    DATA              Offs=00065F  Size=000000  Align=00001  Fill=0000
    ZEROPAGE          Offs=000000  Size=000000  Align=00001  Fill=0000
    NULL              Offs=000000  Size=000000  Align=00001  Fill=0000
C:\UTILITY\cc65\lib/apple2.lib(ugt.o):
    CODE              Offs=003B81  Size=00000A  Align=00001  Fill=0000
    RODATA            Offs=00080D  Size=000000  Align=00001  Fill=0000
    BSS               Offs=0014B4  Size=000000  Align=00001  Fill=0000
    DATA              Offs=00065F  Size=000000  Align=00001  Fill=0000
    ZEROPAGE          Offs=000000  Size=000000  Align=00001  Fill=0000
    NULL              Offs=000000  Size=000000  Align=00001  Fill=0000
C:\UTILITY\cc65\lib/apple2.lib(ult.o):
    CODE              Offs=003B8B  Size=000008  Align=00001  Fill=0000
    RODATA            Offs=00080D  Size=000000  Align=00001  Fill=0000
    BSS               Offs=0014B4  Size=000000  Align=00001  Fill=0000
    DATA              Offs=00065F  Size=000000  Align=00001  Fill=0000
    ZEROPAGE          Offs=000000  Size=000000  Align=00001  Fill=0000
    NULL              Offs=000000  Size=000000  Align=00001  Fill=0000
C:\UTILITY\cc65\lib/apple2.lib(uppercasemask.o):
    CODE              Offs=003B93  Size=000000  Align=00001  Fill=0000
    RODATA            Offs=00080D  Size=000000  Align=00001  Fill=0000
    BSS               Offs=0014B4  Size=000000  Align=00001  Fill=0000
    DATA              Offs=00065F  Size=000001  Align=00001  Fill=0000
    ZEROPAGE          Offs=000000  Size=000000  Align=00001  Fill=0000
    NULL              Offs=000000  Size=000000  Align=00001  Fill=0000
C:\UTILITY\cc65\lib/apple2.lib(vfprintf.o):
    CODE              Offs=003B93  Size=000061  Align=00001  Fill=0000
    RODATA            Offs=00080D  Size=000000  Align=00001  Fill=0000
    BSS               Offs=0014B4  Size=000000  Align=00001  Fill=0000
    DATA              Offs=000660  Size=000008  Align=00001  Fill=0000
    ZEROPAGE          Offs=000000  Size=000000  Align=00001  Fill=0000
    NULL              Offs=000000  Size=000000  Align=00001  Fill=0000
C:\UTILITY\cc65\lib/apple2.lib(vsnprintf.o):
    CODE              Offs=003BF4  Size=0000DA  Align=00001  Fill=0000
    RODATA            Offs=00080D  Size=000000  Align=00001  Fill=0000
    BSS               Offs=0014B4  Size=000000  Align=00001  Fill=0000
    DATA              Offs=000668  Size=000008  Align=00001  Fill=0000
    ZEROPAGE          Offs=000000  Size=000000  Align=00001  Fill=0000
    NULL              Offs=000000  Size=000000  Align=00001  Fill=0000
C:\UTILITY\cc65\lib/apple2.lib(vsscanf.o):
    CODE              Offs=003CCE  Size=00006D  Align=00001  Fill=0000
    RODATA            Offs=00080D  Size=000006  Align=00001  Fill=0000
    BSS               Offs=0014B4  Size=000004  Align=00001  Fill=0000
    DATA              Offs=000670  Size=000000  Align=00001  Fill=0000
    ZEROPAGE          Offs=000000  Size=000000  Align=00001  Fill=0000
    NULL              Offs=000000  Size=000000  Align=00001  Fill=0000
C:\UTILITY\cc65\lib/apple2.lib(vtabz.o):
    CODE              Offs=003D3B  Size=000000  Align=00001  Fill=0000
    RODATA            Offs=000813  Size=000000  Align=00001  Fill=0000
    BSS               Offs=0014B8  Size=000000  Align=00001  Fill=0000
    DATA              Offs=000670  Size=000000  Align=00001  Fill=0000
    ZEROPAGE          Offs=000000  Size=000000  Align=00001  Fill=0000
    NULL              Offs=000000  Size=000000  Align=00001  Fill=0000
    LOWCODE           Offs=000014  Size=00000A  Align=00001  Fill=0000
C:\UTILITY\cc65\lib/apple2.lib(write.o):
    CODE              Offs=003D3B  Size=000071  Align=00001  Fill=0000
    RODATA            Offs=000813  Size=000000  Align=00001  Fill=0000
    BSS               Offs=0014B8  Size=000000  Align=00001  Fill=0000
    DATA              Offs=000670  Size=000000  Align=00001  Fill=0000
    ZEROPAGE          Offs=000000  Size=000000  Align=00001  Fill=0000
    NULL              Offs=000000  Size=000000  Align=00001  Fill=0000
C:\UTILITY\cc65\lib/apple2.lib(zerobss.o):
    CODE              Offs=003DAC  Size=000023  Align=00001  Fill=0000
    RODATA            Offs=000813  Size=000000  Align=00001  Fill=0000
    BSS               Offs=0014B8  Size=000000  Align=00001  Fill=0000
    DATA              Offs=000670  Size=000000  Align=00001  Fill=0000
    ZEROPAGE          Offs=000000  Size=000000  Align=00001  Fill=0000
    NULL              Offs=000000  Size=000000  Align=00001  Fill=0000
C:\UTILITY\cc65\lib/apple2.lib(zeropage.o):
    CODE              Offs=003DCF  Size=000000  Align=00001  Fill=0000
    RODATA            Offs=000813  Size=000000  Align=00001  Fill=0000
    BSS               Offs=0014B8  Size=000000  Align=00001  Fill=0000
    DATA              Offs=000670  Size=000000  Align=00001  Fill=0000
    ZEROPAGE          Offs=000000  Size=00001A  Align=00001  Fill=0000
    NULL              Offs=000000  Size=000000  Align=00001  Fill=0000


Segment list:
-------------
Name                   Start     End    Size  Align
----------------------------------------------------
NULL                  000000  000000  000000  00001
ZEROPAGE              000080  000099  00001A  00001
EXEHDR                0007C9  000802  00003A  00001
STARTUP               000803  00080E  00000C  00001
LOWCODE               00080F  00082C  00001E  00001
CODE                  00082D  0045FB  003DCF  00001
RODATA                0045FC  004E0E  000813  00001
DATA                  004E0F  00547E  000670  00001
INIT                  00547F  00549B  00001D  00001
BSS                   00549C  006953  0014B8  00001
ONCE                  00549C  005527  00008C  00001


Exports list by name:
---------------------
COUT                      00080F RLA    HOME                      000819 RLA    
VTABZ                     000823 RLA    __BSS_LOAD__              00549C  LA    
__BSS_RUN__               00549C RLA    __BSS_SIZE__              0014B8 REA    
__CONSTRUCTOR_COUNT__     000001 REA    __CONSTRUCTOR_TABLE__     005526 RLA    
__DESTRUCTOR_COUNT__      000000 REA    __DESTRUCTOR_TABLE__      004E0F RLA    
__EXEHDR__                000001 REA    __FILETYPE__              000006 REA    
__HIMEM__                 009600 REA    __LCADDR__                00D400 REA    
__LCSIZE__                000C00 REA    __LC_FILEOFFS__           000000  EA    
__LC_LAST__               00D400 RLA    __LC_SIZE__               000C00  EA    
__LC_START__              00D400 RLA    __MAIN_FILEOFFS__         00003A  EA    
__MAIN_LAST__             005528 RLA    __MAIN_SIZE__             008DFD  EA    
__MAIN_START__            000803 RLA    __ONCE_LOAD__             00549C RLA    
__ONCE_RUN__              00549C RLA    __ONCE_SIZE__             00008C REA    
__STACKSIZE__             000800 REA    __STARTUP__               000001 REA    
__ZP_FILEOFFS__           000000  EA    __ZP_LAST__               00009A  LA    
__ZP_SIZE__               00001A  EA    __ZP_START__              000080  LA    
___directerrno            002E64 RLA    ___errno                  006935 RLA    
___mappederrno            002E6E RLA    ___oserror                0068C7 RLA    
___osmaperrno             004016 RLA    ___seterrno               0039AB RLA    
___setjmp                 00418A RLA    __argc                    0053F9  LA    
__argv                    0053FB  LA    __ctype                   004D4C RLA    
__ctypeidx                004D57 RLA    __dos_type                005425 RLA    
__filetab                 0053D8  LA    __hextab                  004D19 RLA    
__longminstr              004D29 RLA    __printf                  002F6F RLA    
__scanf                   003220 RLA    _cgetc                    003A5D RLA    
_clrscr                   000819 RLA    _cputc                    003AAB  LA    
_cputcxy                  003AA6  LA    _cs8900a                  004E55 RLA    
_cs8900a_name             004CB7 RLA    _dhcp_init                001EB0 RLA    
_dotted_quad              001F14  LA    _exit                     003A32 RLA    
_fputc                    003B85 RLA    _fwrite                   003BCC RLA    
_gotox                    003C5D  LA    _gotoxy                   003C52  LA    
_ip65_error               006626 RLA    _ip65_init                002096 RLA    
_ip65_process             00209E RLA    _ip65_random_word         002037  LA    
_ip65_strerror            001FA6  LA    _isdigit                  003CDD RLA    
_isspace                  003CE5 RLA    _isxdigit                 003CED RLA    
_lan91c96                 004FD1 RLA    _lan91c96_name            004CE6 RLA    
_longjmp                  003E07 RLA    _ltoa                     003E87 RLA    
_main                     00181F RLA    _memcpy                   003F30 RLA    
_parse_dotted_quad        001F88 RLA    _printf                   004046 RLA    
_putchar                  0040D1 RLA    _puts                     0040DD RLA    
_snprintf                 0041AF RLA    _sscanf                   0041DA RLA    
_stderr                   0053F4  LA    _stdin                    0053F0  LA    
_stdout                   0053F2 RLA    _strcpy                   00423B RLA    
_strlen                   00425A RLA    _strlen_ptr4              00425E  LA    
_strlower                 004270 RLA    _strlwr                   004270  LA    
_strncpy                  004297 RLA    _strstr                   0042D9 RLA    
_tcp_close                002109 RLA    _tcp_connect              0020D7 RLA    
_tcp_listen               0020A6  LA    _tcp_send                 002111 RLA    
_tcp_send_keep_alive      002122  LA    _tolower                  00434D RLA    
_ultoa                    003EC8 RLA    _vfprintf                 0043F8 RLA    
_vsnprintf                004421 RLA    _vsscanf                  004546 RLA    
_w5100                    00515C RLA    _w5100_name               004D0D RLA    
_write                    004568 RLA    abort_key                 0053D7  LA    
abort_key_default         00009B  EZ    abort_key_disable         000080  EZ    
ac_size                   000008  EZ    acc16                     000088 REZ    
acc32                     000088 REZ    add_16_32                 0019AF RLA    
add_32_32                 001990  LA    addeq0sp                  0039D0  LA    
addeqysp                  0039D2 RLA    addysp                    0039E2 RLA    
addysp1                   0039E1 RLA    arp_add                   001B7F  LA    
arp_cache                 0059CA  LA    arp_calculate_gateway_mask 0019FD RLA    
arp_init                  0019F3 RLA    arp_ip                    0059C6 RLA    
arp_lookup                001A22 RLA    arp_mac                   0059C0 RLA    
arp_process               001B01 RLA    aslax4                    0039EF  LA    
axlong                    003A00 RLA    axulong                   003A06 RLA    
bnega                     003A11 RLA    bnegax                    003A0D  LA    
booleq                    003F0A RLA    boolge                    003F1B RLA    
boolgt                    003F19  LA    boolle                    003F11  LA    
boollt                    003F13 RLA    boolne                    003F04 RLA    
booluge                   003F2B  LA    boolugt                   003F29 RLA    
boolule                   003F21  LA    boolult                   003F23 RLA    
callmain                  003A1B RLA    callmli                   005449 RLA    
cfg_dns                   004E2D RLA    cfg_gateway               004E29 RLA    
cfg_ip                    004E21 RLA    cfg_mac                   004E1B RLA    
cfg_netmask               004E25 RLA    cfg_tftp_server           004E35  LA    
check_for_abort_key       002E55 RLA    checkferror               003A85 RLA    
cmp_16_16                 001972 RLA    cmp_32_32                 001956 RLA    
complax                   003A91 RLA    condes                    0053FD  LA    
copy_dest                 00008A REZ    copy_src                  000088 REZ    
copymem                   001BF5 RLA    cputdirect                003ABC  LA    
ctypemask                 003AFC RLA    ctypemaskdirect           003B00 RLA    
cursor                    0068C6 RLA    decax1                    003B1A RLA    
decax2                    003B21 RLA    decax3                    003B28 RLA    
decax4                    003B2F RLA    decaxy                    003B36 RLA    
decsp1                    003B3F RLA    decsp2                    003B48 RLA    
decsp4                    003B55 RLA    decsp6                    003B62 RLA    
dhcp_init                 001C1C RLA    dhcp_server               004E31 RLA    
dhcp_state                005A26  LA    done                      005422 RLA    
donelib                   003A9A RLA    dotted_quad_value         005A2F RLA    
eth_data                  00000E REZ    eth_dest                  000000 REZ    
eth_init                  002DEC RLA    eth_inp                   005A47 RLA    
eth_inp_len               005A43 RLA    eth_name                  0068AF  LA    
eth_outp                  006035 RLA    eth_outp_len              005A45 RLA    
eth_proto_arp             000006 REZ    eth_proto_ip              000000 REZ    
eth_rx                    0053B0 RLA    eth_set_broadcast_dest    002017 RLA    
eth_set_my_mac_src        002022 RLA    eth_set_proto             00202E RLA    
eth_src                   000006 REZ    eth_tx                    0053C4 RLA    
eth_type                  00000C  EZ    fdtab                     005426 RLA    
getfd                     003B6F RLA    gotoxy                    003C4F RLA    
icmp_add_listener         002579  LA    icmp_callback             00685C  LA    
icmp_cksum                000002  EZ    icmp_code                 000001  EZ    
icmp_data                 000004  EZ    icmp_echo_ip              006865  LA    
icmp_init                 0024CD RLA    icmp_inp                  005A69  EA    
icmp_outp                 006057  EA    icmp_ping                 00264A  LA    
icmp_process              0024D3 RLA    icmp_remove_listener      0025A5  LA    
icmp_send_echo            0025DA  LA    icmp_type                 000000  EZ    
incax1                    003C8E RLA    incax2                    003C95 RLA    
incax4                    003C9C  LA    incaxy                    003C9E RLA    
incsp1                    003CA7 RLA    incsp2                    003CB6 RLA    
incsp3                    003CC4 RLA    incsp4                    003CC9 RLA    
incsp5                    003CCE RLA    incsp6                    003CD3 RLA    
incsp8                    003CD8 RLA    initdostype               005512  LAI   
initlib                   00549C RLA    ip65_ctr                  006623  LA    
ip65_ctr_arp              006624  LA    ip65_ctr_ip               006625  LA    
ip65_error                006626 RLA    ip65_init                 00205E RLA    
ip65_process              002074 RLA    ip65_random_word          002037 RLA    
ip65_strerror             001FA6 RLA    ip_broadcast              006854 RLA    
ip_calc_cksum             002429 RLA    ip_cksum_ptr              00008A REZ    
[...]
    chatbot_streaming.o       chatbot_streaming.s:2231
    chatbot_streaming.o       chatbot_streaming.s:2231
    chatbot_streaming.o       chatbot_streaming.s:2231
    chatbot_streaming.o       chatbot_streaming.s:2231
    chatbot_streaming.o       chatbot_streaming.s:2231
ldeax0sp (ldeaxysp.o):
ldeaxysp (ldeaxysp.o):
    chatbot_streaming.o       chatbot_streaming.s:2231
memcpy_getparams (memcpy.o):
memcpy_upwards (memcpy.o):
mliparam (mli.o):
    rwcommon.o                apple2/mli.inc:130
    write.o                   apple2/mli.inc:130
mul8x16 (mul8.o):
    mul.o                     runtime/mul.s:8
mul8x16a (mul8.o):
    mul.o                     runtime/mul.s:8
mul_8_16 (arithmetic.o):
mulax10 (mulax10.o):
    _scanf.o                  ../libwrk/apple2/_scanf.s:1470
negeax (lneg.o):
    ltoa.o                    common/ltoa.s:9
    _scanf.o                  ../libwrk/apple2/_scanf.s:1470
newline (cputc.o):
op32 (arithmetic.o):
    tcp.o                     tcp.s:45
output_buffer (output_buffer.o):
    dhcp.o                    dhcp.s:40
parse_dotted_quad (dottedquad.o):
    dottedquad_c.o            dottedquad_c.s:6
popa (popa.o):
    gotoxy.o                  apple2/gotoxy.s:9
popax (incsp2.o):
    rwcommon.o                apple2/rwcommon.s:6
    memcpy.o                  common/memcpy.s:14
    ltoa.o                    common/ltoa.s:9
    fputc.o                   common/fputc.s:10
    _printf.o                 common/_printf.s:11
    vsscanf.o                 common/vsscanf.s:11
    vsnprintf.o               common/vsnprintf.s:9
    strncpy.o                 common/strncpy.s:8
    strcpy.o                  common/strcpy.s:8
    tcp_c.o                   tcp_c.s:22
popeax (lpop.o):
    tcp_c.o                   tcp_c.s:22
popptr1 (popptr1.o):
    udiv.o                    runtime/udiv.s:9
    rwcommon.o                apple2/rwcommon.s:6
    mul8.o                    runtime/mul8.s:9
    mul.o                     runtime/mul.s:9
    memcpy.o                  common/memcpy.s:14
    ltoa.o                    common/ltoa.s:9
    longjmp.o                 common/longjmp.s:9
    fputc.o                   common/fputc.s:11
    strstr.o                  common/strstr.s:8
    strncpy.o                 common/strncpy.s:8
    tcp_c.o                   tcp_c.s:22
ptr1 (zeropage.o):
    checkferror.o             common/checkferror.s:12
    udiv.o                    runtime/udiv.s:10
    strlower.o                common/strlower.s:13
    setjmp.o                  common/setjmp.s:11
    rwcommon.o                /home/runner/work/cc65/cc65/asminc/zeropage.inc:12
    pushptr1.o                runtime/pushptr1.s:9
    mulax10.o                 runtime/mulax10.s:9
    mul8.o                    runtime/mul8.s:10
    mul.o                     runtime/mul.s:10
    memcpy.o                  common/memcpy.s:15
    ltoa.o                    common/ltoa.s:11
    longjmp.o                 common/longjmp.s:10
    lmul.o                    runtime/lmul.s:10
    ldaxi.o                   runtime/ldaxi.s:8
    lcmp.o                    runtime/lcmp.s:10
    fwrite.o                  common/fwrite.s:14
    fputc.o                   common/fputc.s:8
    _scanf.o                  ../libwrk/apple2/_scanf.s:11
    _printf.o                 /home/runner/work/cc65/cc65/asminc/zeropage.inc:12
    zerobss.o                 common/zerobss.s:9
    write.o                   /home/runner/work/cc65/cc65/asminc/zeropage.inc:12
    vsscanf.o                 common/vsscanf.s:12
    vsnprintf.o               common/vsnprintf.s:11
    vfprintf.o                common/vfprintf.s:11
    strstr.o                  common/strstr.s:9
    strncpy.o                 common/strncpy.s:9
    strcpy.o                  common/strcpy.s:9
    staspidx.o                runtime/staspidx.s:9
    sscanf.o                  common/sscanf.s:9
    snprintf.o                common/snprintf.s:9
    puts.o                    ../libwrk/apple2/puts.s:11
    printf.o                  common/printf.s:9
    popptr1.o                 runtime/popptr1.s:9
    ldaui.o                   runtime/ldaui.s:8
    uthernet2.o               C:\UTILITY\cc65\asminc/zeropage.inc:12
    lancegs.o                 C:\UTILITY\cc65\asminc/zeropage.inc:12
    uthernet.o                C:\UTILITY\cc65\asminc/zeropage.inc:12
    a2combo.o                 C:\UTILITY\cc65\asminc/zeropage.inc:12
    arp.o                     C:\UTILITY\cc65\asminc/zeropage.inc:12
    ip_tcp.o                  C:\UTILITY\cc65\asminc/zeropage.inc:12
    copymem.o                 C:\UTILITY\cc65\asminc/zeropage.inc:12
    arithmetic.o              C:\UTILITY\cc65\asminc/zeropage.inc:12
    tcp.o                     C:\UTILITY\cc65\asminc/zeropage.inc:12
    tcp_c.o                   tcp_c.s:23
ptr2 (zeropage.o):
    strlower.o                common/strlower.s:13
    rwcommon.o                /home/runner/work/cc65/cc65/asminc/zeropage.inc:12
    memcpy.o                  common/memcpy.s:15
    ltoa.o                    common/ltoa.s:11
    longjmp.o                 common/longjmp.s:10
    _printf.o                 /home/runner/work/cc65/cc65/asminc/zeropage.inc:12
    write.o                   /home/runner/work/cc65/cc65/asminc/zeropage.inc:12
    vsscanf.o                 common/vsscanf.s:12
    strstr.o                  common/strstr.s:9
    strncpy.o                 common/strncpy.s:9
    strcpy.o                  common/strcpy.s:9
    uthernet2.o               C:\UTILITY\cc65\asminc/zeropage.inc:12
    lancegs.o                 C:\UTILITY\cc65\asminc/zeropage.inc:12
    uthernet.o                C:\UTILITY\cc65\asminc/zeropage.inc:12
    ip_tcp.o                  C:\UTILITY\cc65\asminc/zeropage.inc:12
    copymem.o                 C:\UTILITY\cc65\asminc/zeropage.inc:12
    arithmetic.o              C:\UTILITY\cc65\asminc/zeropage.inc:12
ptr3 (zeropage.o):
    memcpy.o                  common/memcpy.s:15
    ltoa.o                    common/ltoa.s:11
    lmul.o                    runtime/lmul.s:10
    strstr.o                  common/strstr.s:9
    uthernet2.o               C:\UTILITY\cc65\asminc/zeropage.inc:12
    lancegs.o                 C:\UTILITY\cc65\asminc/zeropage.inc:12
    uthernet.o                C:\UTILITY\cc65\asminc/zeropage.inc:12
ptr4 (zeropage.o):
    udiv.o                    runtime/udiv.s:10
    mul8.o                    runtime/mul8.s:10
    mul.o                     runtime/mul.s:10
    lmul.o                    runtime/lmul.s:10
    strstr.o                  common/strstr.s:9
    strlen.o                  common/strlen.s:12
    uthernet2.o               C:\UTILITY\cc65\asminc/zeropage.inc:12
    uthernet.o                C:\UTILITY\cc65\asminc/zeropage.inc:12
push0 (pushax.o):
push0ax (lpush.o):
push1 (push1.o):
    _printf.o                 common/_printf.s:11
    vfprintf.o                common/vfprintf.s:9
pusha (pusha.o):
    _scanf.o                  ../libwrk/apple2/_scanf.s:1470
    _scanf.o                  ../libwrk/apple2/_scanf.s:1470
    _scanf.o                  ../libwrk/apple2/_scanf.s:1470
    _scanf.o                  ../libwrk/apple2/_scanf.s:1470
    _scanf.o                  ../libwrk/apple2/_scanf.s:1470
    chatbot_streaming.o       chatbot_streaming.s:2231
    chatbot_streaming.o       chatbot_streaming.s:2231
    chatbot_streaming.o       chatbot_streaming.s:2231
pusha0 (pushax.o):
    push1.o                   runtime/push1.s:8
    fwrite.o                  common/fwrite.s:11
    fputc.o                   common/fputc.s:10
    _scanf.o                  ../libwrk/apple2/_scanf.s:1470
    puts.o                    ../libwrk/apple2/puts.s:95
pusha0sp (pusha.o):
pushax (pushax.o):
    pushptr1.o                runtime/pushptr1.s:8
    fwrite.o                  common/fwrite.s:11
    fputc.o                   common/fputc.s:10
    callmain.o                apple2/callmain.s:11
    _scanf.o                  ../libwrk/apple2/_scanf.s:1470
    _scanf.o                  ../libwrk/apple2/_scanf.s:1470
    _printf.o                 common/_printf.s:11
    puts.o                    ../libwrk/apple2/puts.s:95
    putchar.o                 common/putchar.s:8
    printf.o                  common/printf.s:8
    tcp_c.o                   tcp_c.s:22
    chatbot_streaming.o       chatbot_streaming.s:2231
    chatbot_streaming.o       chatbot_streaming.s:2231
    chatbot_streaming.o       chatbot_streaming.s:2231
    chatbot_streaming.o       chatbot_streaming.s:2231
    chatbot_streaming.o       chatbot_streaming.s:2231
    chatbot_streaming.o       chatbot_streaming.s:2231
    chatbot_streaming.o       chatbot_streaming.s:2231
    chatbot_streaming.o       chatbot_streaming.s:2231
    chatbot_streaming.o       chatbot_streaming.s:2231
    chatbot_streaming.o       chatbot_streaming.s:2231
    chatbot_streaming.o       chatbot_streaming.s:2231
pushaysp (pusha.o):
pusheax (lpush.o):
    _scanf.o                  ../libwrk/apple2/_scanf.s:1470
    _printf.o                 common/_printf.s:11
    chatbot_streaming.o       chatbot_streaming.s:2231
pushl0 (lpush.o):
pushptr1 (pushptr1.o):
    fputc.o                   common/fputc.s:11
pushw0sp (pushwsp.o):
pushwysp (pushwsp.o):
    fwrite.o                  common/fwrite.s:11
    vfprintf.o                common/vfprintf.s:9
    puts.o                    ../libwrk/apple2/puts.s:95
putchar (cputc.o):
putchardirect (cputc.o):
    cgetc.o                   apple2/cgetc.s:10
regbank (zeropage.o):
    _scanf.o                  ../libwrk/apple2/_scanf.s:10
    _printf.o                 /home/runner/work/cc65/cc65/asminc/zeropage.inc:14
regsave (zeropage.o):
    _scanf.o                  ../libwrk/apple2/_scanf.s:10
reset (crt0.o):
    callmain.o                apple2/callmain.s:12
return (crt0.o):
return0 (return0.o):
    setjmp.o                  common/setjmp.s:10
    ult.o                     runtime/ult.s:8
returnFFFF (returnFFFF.o):
    fputc.o                   common/fputc.s:11
rvsave (crt0.o):
    callmain.o                apple2/callmain.s:12
rwcommon (rwcommon.o):
    write.o                   apple2/write.s:8
rwepilog (rwcommon.o):
    write.o                   apple2/write.s:8
rwprolog (rwcommon.o):
    write.o                   apple2/write.s:8
shlax4 (aslax4.o):
    chatbot_streaming.o       chatbot_streaming.s:2231
sp (zeropage.o):
    sub.o                     runtime/sub.s:9
    setjmp.o                  common/setjmp.s:11
    pushwsp.o                 runtime/pushwsp.s:8
    memcpy.o                  common/memcpy.s:15
    longjmp.o                 common/longjmp.s:10
    lmul.o                    runtime/lmul.s:10
    lcmp.o                    runtime/lcmp.s:10
    ladd.o                    runtime/ladd.s:9
    callmain.o                /home/runner/work/cc65/cc65/asminc/zeropage.inc:11
    _scanf.o                  ../libwrk/apple2/_scanf.s:10
    _printf.o                 /home/runner/work/cc65/cc65/asminc/zeropage.inc:11
    vsscanf.o                 common/vsscanf.s:12
    vsnprintf.o               common/vsnprintf.s:11
    vfprintf.o                common/vfprintf.s:11
    subysp.o                  runtime/subysp.s:9
    steaxsp.o                 runtime/steaxsp.s:8
    staxsp.o                  runtime/staxsp.s:8
    staspidx.o                runtime/staspidx.s:9
    sscanf.o                  common/sscanf.s:9
    snprintf.o                common/snprintf.s:9
    pushax.o                  runtime/pushax.s:8
    pusha.o                   runtime/pusha.s:8
    printf.o                  common/printf.s:9
    popptr1.o                 runtime/popptr1.s:9
    popa.o                    runtime/popa.s:8
    or.o                      runtime/or.s:10
    lpush.o                   runtime/lpush.s:13
    lpop.o                    runtime/lpop.s:10
    ldeaxysp.o                runtime/ldeaxysp.s:12
    ldaxsp.o                  runtime/ldaxsp.s:8
    incsp2.o                  runtime/incsp2.s:8
    incsp1.o                  runtime/incsp1.s:8
    icmp.o                    runtime/icmp.s:9
    decsp6.o                  runtime/decsp6.s:8
    decsp4.o                  runtime/decsp4.s:8
    decsp2.o                  runtime/decsp2.s:8
    decsp1.o                  runtime/decsp1.s:8
    crt0.o                    /home/runner/work/cc65/cc65/asminc/zeropage.inc:11
    addysp.o                  runtime/addysp.s:8
    addeqsp.o                 runtime/addeqsp.s:8
    add.o                     runtime/add.s:12
    chatbot_streaming.o       chatbot_streaming.s:10
sreg (zeropage.o):
    udiv.o                    runtime/udiv.s:10
    ltoa.o                    common/ltoa.s:11
    lneg.o                    runtime/lneg.s:11
    lmul.o                    runtime/lmul.s:10
    lcmp.o                    runtime/lcmp.s:10
    ladd.o                    runtime/ladd.s:9
    axlong.o                  runtime/axlong.s:9
    _scanf.o                  ../libwrk/apple2/_scanf.s:10
    _printf.o                 /home/runner/work/cc65/cc65/asminc/zeropage.inc:11
    steaxsp.o                 runtime/steaxsp.s:8
    lpush.o                   runtime/lpush.s:13
    lpop.o                    runtime/lpop.s:10
    ldeaxysp.o                runtime/ldeaxysp.s:12
    icmp.o                    runtime/icmp.s:9
    uthernet2.o               C:\UTILITY\cc65\asminc/zeropage.inc:11
    tcp_c.o                   tcp_c.s:23
    dottedquad_c.o            dottedquad_c.s:9
    chatbot_streaming.o       chatbot_streaming.s:10
staspidx (staspidx.o):
    chatbot_streaming.o       chatbot_streaming.s:2231
    chatbot_streaming.o       chatbot_streaming.s:2231
    chatbot_streaming.o       chatbot_streaming.s:2231
stax0sp (staxsp.o):
staxysp (staxsp.o):
    chatbot_streaming.o       chatbot_streaming.s:2231
    chatbot_streaming.o       chatbot_streaming.s:2231
    chatbot_streaming.o       chatbot_streaming.s:2231
    chatbot_streaming.o       chatbot_streaming.s:2231
    chatbot_streaming.o       chatbot_streaming.s:2231
    chatbot_streaming.o       chatbot_streaming.s:2231
    chatbot_streaming.o       chatbot_streaming.s:2231
steax0sp (steaxsp.o):
steaxysp (steaxsp.o):
    chatbot_streaming.o       chatbot_streaming.s:2231
sub_16_16 (arithmetic.o):
    tcp.o                     tcp.s:52
subysp (subysp.o):
    chatbot_streaming.o       chatbot_streaming.s:2231
tcp_callback (tcp.o):
    tcp_c.o                   tcp_c.s:17
tcp_close (tcp.o):
    tcp_c.o                   tcp_c.s:11
tcp_connect (tcp.o):
    tcp_c.o                   tcp_c.s:10
tcp_connect_ip (tcp.o):
    tcp_c.o                   tcp_c.s:19
tcp_connect_remote_port (tcp.o):
tcp_inbound_data_length (tcp.o):
    tcp_c.o                   tcp_c.s:13
tcp_inbound_data_ptr (tcp.o):
    tcp_c.o                   tcp_c.s:12
tcp_init (tcp.o):
    ip_tcp.o                  ip.s:56
tcp_listen (tcp.o):
    tcp_c.o                   tcp_c.s:9
tcp_process (tcp.o):
    ip_tcp.o                  ip.s:57
tcp_remote_ip (tcp.o):
    tcp_c.o                   tcp_c.s:18
tcp_send (tcp.o):
    tcp_c.o                   tcp_c.s:14
tcp_send_data_len (tcp.o):
    tcp_c.o                   tcp_c.s:20
tcp_send_keep_alive (tcp.o):
    tcp_c.o                   tcp_c.s:15
tcp_send_string (tcp.o):
tcp_state (tcp.o):
timer_init (a2_timer.o):
    ip65.o                    ip65.s:16
timer_read (a2_timer.o):
    timer.o                   timer.s:13
    arp.o                     arp.s:31
    icmp_tcp.o                icmp.s:50
    ip65.o                    ip65.s:19
    dhcp.o                    dhcp.s:47
    tcp.o                     tcp.s:41
timer_seconds (a2_timer.o):
timer_timeout (timer.o):
    arp.o                     arp.s:32
    icmp_tcp.o                icmp.s:51
tmp1 (zeropage.o):
    mul.o                     runtime/mul.s:10
    ltoa.o                    common/ltoa.s:11
    ladd.o                    runtime/ladd.s:9
    _printf.o                 /home/runner/work/cc65/cc65/asminc/zeropage.inc:13
    strstr.o                  common/strstr.s:9
    strncpy.o                 common/strncpy.s:9
    staspidx.o                runtime/staspidx.s:9
    or.o                      runtime/or.s:10
    incaxy.o                  runtime/incaxy.s:8
    decaxy.o                  runtime/decaxy.s:8
    aslax4.o                  runtime/aslax4.s:8
    add.o                     runtime/add.s:12
    uthernet2.o               C:\UTILITY\cc65\asminc/zeropage.inc:13
    dottedquad_c.o            dottedquad_c.s:9
tmp2 (zeropage.o):
    lmul.o                    runtime/lmul.s:10
    strncpy.o                 common/strncpy.s:9
    uthernet2.o               C:\UTILITY\cc65\asminc/zeropage.inc:13
    dottedquad_c.o            dottedquad_c.s:9
tmp3 (zeropage.o):
    lmul.o                    runtime/lmul.s:10
    strncpy.o                 common/strncpy.s:9
    uthernet2.o               C:\UTILITY\cc65\asminc/zeropage.inc:13
    dottedquad_c.o            dottedquad_c.s:9
tmp4 (zeropage.o):
    lmul.o                    runtime/lmul.s:10
    uthernet2.o               C:\UTILITY\cc65\asminc/zeropage.inc:13
tolowerdirect (tolower.o):
tosadd0ax (ladd.o):
tosadda0 (add.o):
tosaddax (add.o):
    chatbot_streaming.o       chatbot_streaming.s:2231
    chatbot_streaming.o       chatbot_streaming.s:2231
    chatbot_streaming.o       chatbot_streaming.s:2231
    chatbot_streaming.o       chatbot_streaming.s:2231
tosaddeax (ladd.o):
    _scanf.o                  ../libwrk/apple2/_scanf.s:1470
toseqeax (leq.o):
    chatbot_streaming.o       chatbot_streaming.s:2231
tosge00 (ge.o):
tosgea0 (ge.o):
tosgeax (ge.o):
    chatbot_streaming.o       chatbot_streaming.s:2231
tosicmp (icmp.o):
    ult.o                     runtime/ult.s:8
    ugt.o                     runtime/ugt.s:8
    lt.o                      runtime/lt.s:8
    ge.o                      runtime/ge.s:8
tosicmp0 (icmp.o):
toslcmp (lcmp.o):
    leq.o                     runtime/leq.s:8
toslt00 (lt.o):
toslta0 (lt.o):
tosltax (lt.o):
    chatbot_streaming.o       chatbot_streaming.s:2231
tosmul0ax (lmul.o):
tosmula0 (mul8.o):
tosmulax (mul.o):
tosmuleax (lmul.o):
    _scanf.o                  ../libwrk/apple2/_scanf.s:1470
tosora0 (or.o):
tosorax (or.o):
    chatbot_streaming.o       chatbot_streaming.s:2231
tossuba0 (sub.o):
    _scanf.o                  ../libwrk/apple2/_scanf.s:1470
tossubax (sub.o):
tosudiva0 (udiv.o):
tosudivax (udiv.o):
    fwrite.o                  common/fwrite.s:12
tosugt00 (ugt.o):
tosugta0 (ugt.o):
tosugtax (ugt.o):
    chatbot_streaming.o       chatbot_streaming.s:2231
tosult00 (ult.o):
tosulta0 (ult.o):
tosultax (ult.o):
    chatbot_streaming.o       chatbot_streaming.s:2231
    chatbot_streaming.o       chatbot_streaming.s:2231
    chatbot_streaming.o       chatbot_streaming.s:2231
tosumul0ax (lmul.o):
tosumula0 (mul8.o):
tosumulax (mul.o):
    fwrite.o                  common/fwrite.s:12
tosumuleax (lmul.o):
udiv16 (udiv.o):
udp_add_listener (udp.o):
    dhcp.o                    dhcp.s:30
udp_callback (udp.o):
    dhcp.o                    dhcp.s:33
udp_cksum (udp.o):
udp_data (udp.o):
    dhcp.o                    dhcp.s:38
udp_dest_port (udp.o):
udp_init (udp.o):
    ip_tcp.o                  ip.s:52
udp_inp (udp.o):
    dhcp.o                    dhcp.s:36
udp_len (udp.o):
udp_outp (udp.o):
udp_process (udp.o):
    ip_tcp.o                  ip.s:53
udp_remove_listener (udp.o):
    dhcp.o                    dhcp.s:31
udp_send (udp.o):
    dhcp.o                    dhcp.s:34
udp_send_dest (udp.o):
    dhcp.o                    dhcp.s:42
udp_send_dest_port (udp.o):
    dhcp.o                    dhcp.s:44
udp_send_internal (udp.o):
udp_send_len (udp.o):
    dhcp.o                    dhcp.s:45
udp_send_src_port (udp.o):
    dhcp.o                    dhcp.s:43
udp_src_port (udp.o):
uppercasemask (uppercasemask.o):
    write.o                   apple2/write.s:11
    cputc.o                   apple2/cputc.s:15
vsnprintf (vsnprintf.o):
zerobss (zerobss.o):
    crt0.o                    apple2/crt0.s:12
zpsave (crt0.o):
    callmain.o                apple2/callmain.s:12

