Modules list:
-------------
pch-uthernet-scan.o:
    CODE              Offs=000000  Size=00010C  Align=00001  Fill=0000
    RODATA            Offs=000000  Size=000077  Align=00001  Fill=0000
    BSS               Offs=000000  Size=000000  Align=00001  Fill=0000
    DATA              Offs=000000  Size=000000  Align=00001  Fill=0000
    ZEROPAGE          Offs=000000  Size=000000  Align=00001  Fill=0000
    NULL              Offs=000000  Size=000000  Align=00001  Fill=0000
C:\UTILITY\cc65\lib/apple2.lib(_directerrno.o):
    CODE              Offs=00010C  Size=00000A  Align=00001  Fill=0000
    RODATA            Offs=000077  Size=000000  Align=00001  Fill=0000
    BSS               Offs=000000  Size=000000  Align=00001  Fill=0000
    DATA              Offs=000000  Size=000000  Align=00001  Fill=0000
    ZEROPAGE          Offs=000000  Size=000000  Align=00001  Fill=0000
    NULL              Offs=000000  Size=000000  Align=00001  Fill=0000
C:\UTILITY\cc65\lib/apple2.lib(_file.o):
    CODE              Offs=000116  Size=000000  Align=00001  Fill=0000
    RODATA            Offs=000077  Size=000000  Align=00001  Fill=0000
    BSS               Offs=000000  Size=000000  Align=00001  Fill=0000
    DATA              Offs=000000  Size=00001E  Align=00001  Fill=0000
    ZEROPAGE          Offs=000000  Size=000000  Align=00001  Fill=0000
    NULL              Offs=000000  Size=000000  Align=00001  Fill=0000
C:\UTILITY\cc65\lib/apple2.lib(_hextab.o):
    CODE              Offs=000116  Size=000000  Align=00001  Fill=0000
    RODATA            Offs=000077  Size=000010  Align=00001  Fill=0000
    BSS               Offs=000000  Size=000000  Align=00001  Fill=0000
    DATA              Offs=00001E  Size=000000  Align=00001  Fill=0000
    ZEROPAGE          Offs=000000  Size=000000  Align=00001  Fill=0000
    NULL              Offs=000000  Size=000000  Align=00001  Fill=0000
C:\UTILITY\cc65\lib/apple2.lib(_longminstr.o):
    CODE              Offs=000116  Size=000000  Align=00001  Fill=0000
    RODATA            Offs=000087  Size=00000C  Align=00001  Fill=0000
    BSS               Offs=000000  Size=000000  Align=00001  Fill=0000
    DATA              Offs=00001E  Size=000000  Align=00001  Fill=0000
    ZEROPAGE          Offs=000000  Size=000000  Align=00001  Fill=0000
    NULL              Offs=000000  Size=000000  Align=00001  Fill=0000
C:\UTILITY\cc65\lib/apple2.lib(_mappederrno.o):
    CODE              Offs=000116  Size=000010  Align=00001  Fill=0000
    RODATA            Offs=000093  Size=000000  Align=00001  Fill=0000
    BSS               Offs=000000  Size=000000  Align=00001  Fill=0000
    DATA              Offs=00001E  Size=000000  Align=00001  Fill=0000
    ZEROPAGE          Offs=000000  Size=000000  Align=00001  Fill=0000
    NULL              Offs=000000  Size=000000  Align=00001  Fill=0000
C:\UTILITY\cc65\lib/apple2.lib(_oserror.o):
    CODE              Offs=000126  Size=000000  Align=00001  Fill=0000
    RODATA            Offs=000093  Size=000000  Align=00001  Fill=0000
    BSS               Offs=000000  Size=000001  Align=00001  Fill=0000
    DATA              Offs=00001E  Size=000000  Align=00001  Fill=0000
    ZEROPAGE          Offs=000000  Size=000000  Align=00001  Fill=0000
    NULL              Offs=000000  Size=000000  Align=00001  Fill=0000
C:\UTILITY\cc65\lib/apple2.lib(_printf.o):
    CODE              Offs=000126  Size=0003A2  Align=00001  Fill=0000
    RODATA            Offs=000093  Size=000000  Align=00001  Fill=0000
    BSS               Offs=000001  Size=00002B  Align=00001  Fill=0000
    DATA              Offs=00001E  Size=000003  Align=00001  Fill=0000
    ZEROPAGE          Offs=000000  Size=000000  Align=00001  Fill=0000
    NULL              Offs=000000  Size=000000  Align=00001  Fill=0000
C:\UTILITY\cc65\lib/apple2.lib(_seterrno.o):
    CODE              Offs=0004C8  Size=000009  Align=00001  Fill=0000
    RODATA            Offs=000093  Size=000000  Align=00001  Fill=0000
    BSS               Offs=00002C  Size=000000  Align=00001  Fill=0000
    DATA              Offs=000021  Size=000000  Align=00001  Fill=0000
    ZEROPAGE          Offs=000000  Size=000000  Align=00001  Fill=0000
    NULL              Offs=000000  Size=000000  Align=00001  Fill=0000
C:\UTILITY\cc65\lib/apple2.lib(addeqsp.o):
    CODE              Offs=0004D1  Size=000011  Align=00001  Fill=0000
    RODATA            Offs=000093  Size=000000  Align=00001  Fill=0000
    BSS               Offs=00002C  Size=000000  Align=00001  Fill=0000
    DATA              Offs=000021  Size=000000  Align=00001  Fill=0000
    ZEROPAGE          Offs=000000  Size=000000  Align=00001  Fill=0000
    NULL              Offs=000000  Size=000000  Align=00001  Fill=0000
C:\UTILITY\cc65\lib/apple2.lib(addysp.o):
    CODE              Offs=0004E2  Size=00000E  Align=00001  Fill=0000
    RODATA            Offs=000093  Size=000000  Align=00001  Fill=0000
    BSS               Offs=00002C  Size=000000  Align=00001  Fill=0000
    DATA              Offs=000021  Size=000000  Align=00001  Fill=0000
    ZEROPAGE          Offs=000000  Size=000000  Align=00001  Fill=0000
    NULL              Offs=000000  Size=000000  Align=00001  Fill=0000
C:\UTILITY\cc65\lib/apple2.lib(aslax4.o):
    CODE              Offs=0004F0  Size=000011  Align=00001  Fill=0000
    RODATA            Offs=000093  Size=000000  Align=00001  Fill=0000
    BSS               Offs=00002C  Size=000000  Align=00001  Fill=0000
    DATA              Offs=000021  Size=000000  Align=00001  Fill=0000
    ZEROPAGE          Offs=000000  Size=000000  Align=00001  Fill=0000
    NULL              Offs=000000  Size=000000  Align=00001  Fill=0000
C:\UTILITY\cc65\lib/apple2.lib(axlong.o):
    CODE              Offs=000501  Size=00000D  Align=00001  Fill=0000
    RODATA            Offs=000093  Size=000000  Align=00001  Fill=0000
    BSS               Offs=00002C  Size=000000  Align=00001  Fill=0000
    DATA              Offs=000021  Size=000000  Align=00001  Fill=0000
    ZEROPAGE          Offs=000000  Size=000000  Align=00001  Fill=0000
    NULL              Offs=000000  Size=000000  Align=00001  Fill=0000
C:\UTILITY\cc65\lib/apple2.lib(callmain.o):
    CODE              Offs=00050E  Size=000042  Align=00001  Fill=0000
    RODATA            Offs=000093  Size=000000  Align=00001  Fill=0000
    BSS               Offs=00002C  Size=000000  Align=00001  Fill=0000
    DATA              Offs=000021  Size=000004  Align=00001  Fill=0000
    ZEROPAGE          Offs=000000  Size=000000  Align=00001  Fill=0000
    NULL              Offs=000000  Size=000000  Align=00001  Fill=0000
C:\UTILITY\cc65\lib/apple2.lib(condes.o):
    CODE              Offs=000550  Size=00000C  Align=00001  Fill=0000
    RODATA            Offs=000093  Size=000000  Align=00001  Fill=0000
    BSS               Offs=00002C  Size=000000  Align=00001  Fill=0000
    DATA              Offs=000025  Size=000025  Align=00001  Fill=0000
    ZEROPAGE          Offs=000000  Size=000000  Align=00001  Fill=0000
    NULL              Offs=000000  Size=000000  Align=00001  Fill=0000
    ONCE              Offs=000000  Size=00000C  Align=00001  Fill=0000
C:\UTILITY\cc65\lib/apple2.lib(cout.o):
    CODE              Offs=00055C  Size=000000  Align=00001  Fill=0000
    RODATA            Offs=000093  Size=000000  Align=00001  Fill=0000
    BSS               Offs=00002C  Size=000000  Align=00001  Fill=0000
    DATA              Offs=00004A  Size=000000  Align=00001  Fill=0000
    ZEROPAGE          Offs=000000  Size=000000  Align=00001  Fill=0000
    NULL              Offs=000000  Size=000000  Align=00001  Fill=0000
    LOWCODE           Offs=000000  Size=00000A  Align=00001  Fill=0000
C:\UTILITY\cc65\lib/apple2.lib(crt0.o):
    CODE              Offs=00055C  Size=000012  Align=00001  Fill=0000
    RODATA            Offs=000093  Size=000007  Align=00001  Fill=0000
    BSS               Offs=00002C  Size=000000  Align=00001  Fill=0000
    DATA              Offs=00004A  Size=000003  Align=00001  Fill=0000
    ZEROPAGE          Offs=000000  Size=000000  Align=00001  Fill=0000
    NULL              Offs=000000  Size=000000  Align=00001  Fill=0000
    STARTUP           Offs=000000  Size=00000C  Align=00001  Fill=0000
    ONCE              Offs=00000C  Size=00006A  Align=00001  Fill=0000
    INIT              Offs=000000  Size=00001D  Align=00001  Fill=0000
C:\UTILITY\cc65\lib/apple2.lib(ctype.o):
    CODE              Offs=00056E  Size=000000  Align=00001  Fill=0000
    RODATA            Offs=00009A  Size=00008B  Align=00001  Fill=0000
    BSS               Offs=00002C  Size=000000  Align=00001  Fill=0000
    DATA              Offs=00004D  Size=000000  Align=00001  Fill=0000
    ZEROPAGE          Offs=000000  Size=000000  Align=00001  Fill=0000
    NULL              Offs=000000  Size=000000  Align=00001  Fill=0000
C:\UTILITY\cc65\lib/apple2.lib(ctypemask.o):
    CODE              Offs=00056E  Size=00001E  Align=00001  Fill=0000
    RODATA            Offs=000125  Size=000000  Align=00001  Fill=0000
    BSS               Offs=00002C  Size=000000  Align=00001  Fill=0000
    DATA              Offs=00004D  Size=000000  Align=00001  Fill=0000
    ZEROPAGE          Offs=000000  Size=000000  Align=00001  Fill=0000
    NULL              Offs=000000  Size=000000  Align=00001  Fill=0000
C:\UTILITY\cc65\lib/apple2.lib(decsp2.o):
    CODE              Offs=00058C  Size=00000D  Align=00001  Fill=0000
    RODATA            Offs=000125  Size=000000  Align=00001  Fill=0000
    BSS               Offs=00002C  Size=000000  Align=00001  Fill=0000
    DATA              Offs=00004D  Size=000000  Align=00001  Fill=0000
    ZEROPAGE          Offs=000000  Size=000000  Align=00001  Fill=0000
    NULL              Offs=000000  Size=000000  Align=00001  Fill=0000
C:\UTILITY\cc65\lib/apple2.lib(decsp4.o):
    CODE              Offs=000599  Size=00000D  Align=00001  Fill=0000
    RODATA            Offs=000125  Size=000000  Align=00001  Fill=0000
    BSS               Offs=00002C  Size=000000  Align=00001  Fill=0000
    DATA              Offs=00004D  Size=000000  Align=00001  Fill=0000
    ZEROPAGE          Offs=000000  Size=000000  Align=00001  Fill=0000
    NULL              Offs=000000  Size=000000  Align=00001  Fill=0000
C:\UTILITY\cc65\lib/apple2.lib(decsp6.o):
    CODE              Offs=0005A6  Size=00000D  Align=00001  Fill=0000
    RODATA            Offs=000125  Size=000000  Align=00001  Fill=0000
    BSS               Offs=00002C  Size=000000  Align=00001  Fill=0000
    DATA              Offs=00004D  Size=000000  Align=00001  Fill=0000
    ZEROPAGE          Offs=000000  Size=000000  Align=00001  Fill=0000
    NULL              Offs=000000  Size=000000  Align=00001  Fill=0000
C:\UTILITY\cc65\lib/apple2.lib(dosdetect.o):
    CODE              Offs=0005B3  Size=000000  Align=00001  Fill=0000
    RODATA            Offs=000125  Size=000000  Align=00001  Fill=0000
    BSS               Offs=00002C  Size=000000  Align=00001  Fill=0000
    DATA              Offs=00004D  Size=000001  Align=00001  Fill=0000
    ZEROPAGE          Offs=000000  Size=000000  Align=00001  Fill=0000
    NULL              Offs=000000  Size=000000  Align=00001  Fill=0000
    ONCE              Offs=000076  Size=000014  Align=00001  Fill=0000
C:\UTILITY\cc65\lib/apple2.lib(errno.o):
    CODE              Offs=0005B3  Size=000000  Align=00001  Fill=0000
    RODATA            Offs=000125  Size=000000  Align=00001  Fill=0000
    BSS               Offs=00002C  Size=000002  Align=00001  Fill=0000
    DATA              Offs=00004E  Size=000000  Align=00001  Fill=0000
    ZEROPAGE          Offs=000000  Size=000000  Align=00001  Fill=0000
    NULL              Offs=000000  Size=000000  Align=00001  Fill=0000
C:\UTILITY\cc65\lib/apple2.lib(exehdr.o):
    CODE              Offs=0005B3  Size=000000  Align=00001  Fill=0000
    RODATA            Offs=000125  Size=000000  Align=00001  Fill=0000
    BSS               Offs=00002E  Size=000000  Align=00001  Fill=0000
    DATA              Offs=00004E  Size=000000  Align=00001  Fill=0000
    ZEROPAGE          Offs=000000  Size=000000  Align=00001  Fill=0000
    NULL              Offs=000000  Size=000000  Align=00001  Fill=0000
    EXEHDR            Offs=000000  Size=00003A  Align=00001  Fill=0000
C:\UTILITY\cc65\lib/apple2.lib(filedes.o):
    CODE              Offs=0005B3  Size=000016  Align=00001  Fill=0000
    RODATA            Offs=000125  Size=000000  Align=00001  Fill=0000
    BSS               Offs=00002E  Size=000000  Align=00001  Fill=0000
    DATA              Offs=00004E  Size=000020  Align=00001  Fill=0000
    ZEROPAGE          Offs=000000  Size=000000  Align=00001  Fill=0000
    NULL              Offs=000000  Size=000000  Align=00001  Fill=0000
C:\UTILITY\cc65\lib/apple2.lib(fwrite.o):
    CODE              Offs=0005C9  Size=000079  Align=00001  Fill=0000
    RODATA            Offs=000125  Size=000000  Align=00001  Fill=0000
    BSS               Offs=00002E  Size=000002  Align=00001  Fill=0000
    DATA              Offs=00006E  Size=000000  Align=00001  Fill=0000
    ZEROPAGE          Offs=000000  Size=000000  Align=00001  Fill=0000
    NULL              Offs=000000  Size=000000  Align=00001  Fill=0000
C:\UTILITY\cc65\lib/apple2.lib(incsp2.o):
    CODE              Offs=000642  Size=000016  Align=00001  Fill=0000
    RODATA            Offs=000125  Size=000000  Align=00001  Fill=0000
    BSS               Offs=000030  Size=000000  Align=00001  Fill=0000
    DATA              Offs=00006E  Size=000000  Align=00001  Fill=0000
    ZEROPAGE          Offs=000000  Size=000000  Align=00001  Fill=0000
    NULL              Offs=000000  Size=000000  Align=00001  Fill=0000
C:\UTILITY\cc65\lib/apple2.lib(incsp5.o):
    CODE              Offs=000658  Size=000005  Align=00001  Fill=0000
    RODATA            Offs=000125  Size=000000  Align=00001  Fill=0000
    BSS               Offs=000030  Size=000000  Align=00001  Fill=0000
    DATA              Offs=00006E  Size=000000  Align=00001  Fill=0000
    ZEROPAGE          Offs=000000  Size=000000  Align=00001  Fill=0000
    NULL              Offs=000000  Size=000000  Align=00001  Fill=0000
C:\UTILITY\cc65\lib/apple2.lib(incsp6.o):
    CODE              Offs=00065D  Size=000005  Align=00001  Fill=0000
    RODATA            Offs=000125  Size=000000  Align=00001  Fill=0000
    BSS               Offs=000030  Size=000000  Align=00001  Fill=0000
    DATA              Offs=00006E  Size=000000  Align=00001  Fill=0000
    ZEROPAGE          Offs=000000  Size=000000  Align=00001  Fill=0000
    NULL              Offs=000000  Size=000000  Align=00001  Fill=0000
C:\UTILITY\cc65\lib/apple2.lib(ldaui.o):
    CODE              Offs=000662  Size=000009  Align=00001  Fill=0000
    RODATA            Offs=000125  Size=000000  Align=00001  Fill=0000
    BSS               Offs=000030  Size=000000  Align=00001  Fill=0000
    DATA              Offs=00006E  Size=000000  Align=00001  Fill=0000
    ZEROPAGE          Offs=000000  Size=000000  Align=00001  Fill=0000
    NULL              Offs=000000  Size=000000  Align=00001  Fill=0000
C:\UTILITY\cc65\lib/apple2.lib(ldaxsp.o):
    CODE              Offs=00066B  Size=000009  Align=00001  Fill=0000
    RODATA            Offs=000125  Size=000000  Align=00001  Fill=0000
    BSS               Offs=000030  Size=000000  Align=00001  Fill=0000
    DATA              Offs=00006E  Size=000000  Align=00001  Fill=0000
    ZEROPAGE          Offs=000000  Size=000000  Align=00001  Fill=0000
    NULL              Offs=000000  Size=000000  Align=00001  Fill=0000
C:\UTILITY\cc65\lib/apple2.lib(lneg.o):
    CODE              Offs=000674  Size=00001E  Align=00001  Fill=0000
    RODATA            Offs=000125  Size=000000  Align=00001  Fill=0000
    BSS               Offs=000030  Size=000000  Align=00001  Fill=0000
    DATA              Offs=00006E  Size=000000  Align=00001  Fill=0000
    ZEROPAGE          Offs=000000  Size=000000  Align=00001  Fill=0000
    NULL              Offs=000000  Size=000000  Align=00001  Fill=0000
C:\UTILITY\cc65\lib/apple2.lib(lpush.o):
    CODE              Offs=000692  Size=000021  Align=00001  Fill=0000
    RODATA            Offs=000125  Size=000000  Align=00001  Fill=0000
    BSS               Offs=000030  Size=000000  Align=00001  Fill=0000
    DATA              Offs=00006E  Size=000000  Align=00001  Fill=0000
    ZEROPAGE          Offs=000000  Size=000000  Align=00001  Fill=0000
    NULL              Offs=000000  Size=000000  Align=00001  Fill=0000
C:\UTILITY\cc65\lib/apple2.lib(ltoa.o):
    CODE              Offs=0006B3  Size=000095  Align=00001  Fill=0000
    RODATA            Offs=000125  Size=000000  Align=00001  Fill=0000
    BSS               Offs=000030  Size=000000  Align=00001  Fill=0000
    DATA              Offs=00006E  Size=000000  Align=00001  Fill=0000
    ZEROPAGE          Offs=000000  Size=000000  Align=00001  Fill=0000
    NULL              Offs=000000  Size=000000  Align=00001  Fill=0000
C:\UTILITY\cc65\lib/apple2.lib(makebool.o):
    CODE              Offs=000748  Size=00002C  Align=00001  Fill=0000
    RODATA            Offs=000125  Size=000000  Align=00001  Fill=0000
    BSS               Offs=000030  Size=000000  Align=00001  Fill=0000
    DATA              Offs=00006E  Size=000000  Align=00001  Fill=0000
    ZEROPAGE          Offs=000000  Size=000000  Align=00001  Fill=0000
    NULL              Offs=000000  Size=000000  Align=00001  Fill=0000
C:\UTILITY\cc65\lib/apple2.lib(mli.o):
    CODE              Offs=000774  Size=000000  Align=00001  Fill=0000
    RODATA            Offs=000125  Size=000000  Align=00001  Fill=0000
    BSS               Offs=000030  Size=000012  Align=00001  Fill=0000
    DATA              Offs=00006E  Size=000024  Align=00001  Fill=0000
    ZEROPAGE          Offs=000000  Size=000000  Align=00001  Fill=0000
    NULL              Offs=000000  Size=000000  Align=00001  Fill=0000
C:\UTILITY\cc65\lib/apple2.lib(mul.o):
    CODE              Offs=000774  Size=000045  Align=00001  Fill=0000
    RODATA            Offs=000125  Size=000000  Align=00001  Fill=0000
    BSS               Offs=000042  Size=000000  Align=00001  Fill=0000
    DATA              Offs=000092  Size=000000  Align=00001  Fill=0000
    ZEROPAGE          Offs=000000  Size=000000  Align=00001  Fill=0000
    NULL              Offs=000000  Size=000000  Align=00001  Fill=0000
C:\UTILITY\cc65\lib/apple2.lib(mul8.o):
    CODE              Offs=0007B9  Size=00003A  Align=00001  Fill=0000
    RODATA            Offs=000125  Size=000000  Align=00001  Fill=0000
    BSS               Offs=000042  Size=000000  Align=00001  Fill=0000
    DATA              Offs=000092  Size=000000  Align=00001  Fill=0000
    ZEROPAGE          Offs=000000  Size=000000  Align=00001  Fill=0000
    NULL              Offs=000000  Size=000000  Align=00001  Fill=0000
C:\UTILITY\cc65\lib/apple2.lib(oserror.o):
    CODE              Offs=0007F3  Size=000016  Align=00001  Fill=0000
    RODATA            Offs=000125  Size=000032  Align=00001  Fill=0000
    BSS               Offs=000042  Size=000000  Align=00001  Fill=0000
    DATA              Offs=000092  Size=000000  Align=00001  Fill=0000
    ZEROPAGE          Offs=000000  Size=000000  Align=00001  Fill=0000
    NULL              Offs=000000  Size=000000  Align=00001  Fill=0000
C:\UTILITY\cc65\lib/apple2.lib(popptr1.o):
    CODE              Offs=000809  Size=00000E  Align=00001  Fill=0000
    RODATA            Offs=000157  Size=000000  Align=00001  Fill=0000
    BSS               Offs=000042  Size=000000  Align=00001  Fill=0000
    DATA              Offs=000092  Size=000000  Align=00001  Fill=0000
    ZEROPAGE          Offs=000000  Size=000000  Align=00001  Fill=0000
    NULL              Offs=000000  Size=000000  Align=00001  Fill=0000
C:\UTILITY\cc65\lib/apple2.lib(printf.o):
    CODE              Offs=000817  Size=000033  Align=00001  Fill=0000
    RODATA            Offs=000157  Size=000000  Align=00001  Fill=0000
    BSS               Offs=000042  Size=000001  Align=00001  Fill=0000
    DATA              Offs=000092  Size=000000  Align=00001  Fill=0000
    ZEROPAGE          Offs=000000  Size=000000  Align=00001  Fill=0000
    NULL              Offs=000000  Size=000000  Align=00001  Fill=0000
C:\UTILITY\cc65\lib/apple2.lib(push1.o):
    CODE              Offs=00084A  Size=000005  Align=00001  Fill=0000
    RODATA            Offs=000157  Size=000000  Align=00001  Fill=0000
    BSS               Offs=000043  Size=000000  Align=00001  Fill=0000
    DATA              Offs=000092  Size=000000  Align=00001  Fill=0000
    ZEROPAGE          Offs=000000  Size=000000  Align=00001  Fill=0000
    NULL              Offs=000000  Size=000000  Align=00001  Fill=0000
C:\UTILITY\cc65\lib/apple2.lib(pusha.o):
    CODE              Offs=00084F  Size=000016  Align=00001  Fill=0000
    RODATA            Offs=000157  Size=000000  Align=00001  Fill=0000
    BSS               Offs=000043  Size=000000  Align=00001  Fill=0000
    DATA              Offs=000092  Size=000000  Align=00001  Fill=0000
    ZEROPAGE          Offs=000000  Size=000000  Align=00001  Fill=0000
    NULL              Offs=000000  Size=000000  Align=00001  Fill=0000
C:\UTILITY\cc65\lib/apple2.lib(pushax.o):
    CODE              Offs=000865  Size=00001A  Align=00001  Fill=0000
    RODATA            Offs=000157  Size=000000  Align=00001  Fill=0000
    BSS               Offs=000043  Size=000000  Align=00001  Fill=0000
    DATA              Offs=000092  Size=000000  Align=00001  Fill=0000
    ZEROPAGE          Offs=000000  Size=000000  Align=00001  Fill=0000
    NULL              Offs=000000  Size=000000  Align=00001  Fill=0000
C:\UTILITY\cc65\lib/apple2.lib(pushwsp.o):
    CODE              Offs=00087F  Size=00001C  Align=00001  Fill=0000
    RODATA            Offs=000157  Size=000000  Align=00001  Fill=0000
    BSS               Offs=000043  Size=000000  Align=00001  Fill=0000
    DATA              Offs=000092  Size=000000  Align=00001  Fill=0000
    ZEROPAGE          Offs=000000  Size=000000  Align=00001  Fill=0000
    NULL              Offs=000000  Size=000000  Align=00001  Fill=0000
C:\UTILITY\cc65\lib/apple2.lib(rwcommon.o):
    CODE              Offs=00089B  Size=00003D  Align=00001  Fill=0000
    RODATA            Offs=000157  Size=000000  Align=00001  Fill=0000
    BSS               Offs=000043  Size=000000  Align=00001  Fill=0000
    DATA              Offs=000092  Size=000000  Align=00001  Fill=0000
    ZEROPAGE          Offs=000000  Size=000000  Align=00001  Fill=0000
    NULL              Offs=000000  Size=000000  Align=00001  Fill=0000
C:\UTILITY\cc65\lib/apple2.lib(staxsp.o):
    CODE              Offs=0008D8  Size=00000B  Align=00001  Fill=0000
    RODATA            Offs=000157  Size=000000  Align=00001  Fill=0000
    BSS               Offs=000043  Size=000000  Align=00001  Fill=0000
    DATA              Offs=000092  Size=000000  Align=00001  Fill=0000
    ZEROPAGE          Offs=000000  Size=000000  Align=00001  Fill=0000
    NULL              Offs=000000  Size=000000  Align=00001  Fill=0000
C:\UTILITY\cc65\lib/apple2.lib(strlen.o):
    CODE              Offs=0008E3  Size=000016  Align=00001  Fill=0000
    RODATA            Offs=000157  Size=000000  Align=00001  Fill=0000
    BSS               Offs=000043  Size=000000  Align=00001  Fill=0000
    DATA              Offs=000092  Size=000000  Align=00001  Fill=0000
    ZEROPAGE          Offs=000000  Size=000000  Align=00001  Fill=0000
    NULL              Offs=000000  Size=000000  Align=00001  Fill=0000
C:\UTILITY\cc65\lib/apple2.lib(strlower.o):
    CODE              Offs=0008F9  Size=000027  Align=00001  Fill=0000
    RODATA            Offs=000157  Size=000000  Align=00001  Fill=0000
    BSS               Offs=000043  Size=000000  Align=00001  Fill=0000
    DATA              Offs=000092  Size=000000  Align=00001  Fill=0000
    ZEROPAGE          Offs=000000  Size=000000  Align=00001  Fill=0000
    NULL              Offs=000000  Size=000000  Align=00001  Fill=0000
C:\UTILITY\cc65\lib/apple2.lib(udiv.o):
    CODE              Offs=000920  Size=00004F  Align=00001  Fill=0000
    RODATA            Offs=000157  Size=000000  Align=00001  Fill=0000
    BSS               Offs=000043  Size=000000  Align=00001  Fill=0000
    DATA              Offs=000092  Size=000000  Align=00001  Fill=0000
    ZEROPAGE          Offs=000000  Size=000000  Align=00001  Fill=0000
    NULL              Offs=000000  Size=000000  Align=00001  Fill=0000
C:\UTILITY\cc65\lib/apple2.lib(uppercasemask.o):
    CODE              Offs=00096F  Size=000000  Align=00001  Fill=0000
    RODATA            Offs=000157  Size=000000  Align=00001  Fill=0000
    BSS               Offs=000043  Size=000000  Align=00001  Fill=0000
    DATA              Offs=000092  Size=000001  Align=00001  Fill=0000
    ZEROPAGE          Offs=000000  Size=000000  Align=00001  Fill=0000
    NULL              Offs=000000  Size=000000  Align=00001  Fill=0000
C:\UTILITY\cc65\lib/apple2.lib(vfprintf.o):
    CODE              Offs=00096F  Size=000061  Align=00001  Fill=0000
    RODATA            Offs=000157  Size=000000  Align=00001  Fill=0000
    BSS               Offs=000043  Size=000000  Align=00001  Fill=0000
    DATA              Offs=000093  Size=000008  Align=00001  Fill=0000
    ZEROPAGE          Offs=000000  Size=000000  Align=00001  Fill=0000
    NULL              Offs=000000  Size=000000  Align=00001  Fill=0000
C:\UTILITY\cc65\lib/apple2.lib(write.o):
    CODE              Offs=0009D0  Size=000071  Align=00001  Fill=0000
    RODATA            Offs=000157  Size=000000  Align=00001  Fill=0000
    BSS               Offs=000043  Size=000000  Align=00001  Fill=0000
    DATA              Offs=00009B  Size=000000  Align=00001  Fill=0000
    ZEROPAGE          Offs=000000  Size=000000  Align=00001  Fill=0000
    NULL              Offs=000000  Size=000000  Align=00001  Fill=0000
C:\UTILITY\cc65\lib/apple2.lib(zerobss.o):
    CODE              Offs=000A41  Size=000023  Align=00001  Fill=0000
    RODATA            Offs=000157  Size=000000  Align=00001  Fill=0000
    BSS               Offs=000043  Size=000000  Align=00001  Fill=0000
    DATA              Offs=00009B  Size=000000  Align=00001  Fill=0000
    ZEROPAGE          Offs=000000  Size=000000  Align=00001  Fill=0000
    NULL              Offs=000000  Size=000000  Align=00001  Fill=0000
C:\UTILITY\cc65\lib/apple2.lib(zeropage.o):
    CODE              Offs=000A64  Size=000000  Align=00001  Fill=0000
    RODATA            Offs=000157  Size=000000  Align=00001  Fill=0000
    BSS               Offs=000043  Size=000000  Align=00001  Fill=0000
    DATA              Offs=00009B  Size=000000  Align=00001  Fill=0000
    ZEROPAGE          Offs=000000  Size=00001A  Align=00001  Fill=0000
    NULL              Offs=000000  Size=000000  Align=00001  Fill=0000


Segment list:
-------------
Name                   Start     End    Size  Align
----------------------------------------------------
NULL                  000000  000000  000000  00001
ZEROPAGE              000080  000099  00001A  00001
EXEHDR                0007C9  000802  00003A  00001
STARTUP               000803  00080E  00000C  00001
LOWCODE               00080F  000818  00000A  00001
CODE                  000819  00127C  000A64  00001
RODATA                00127D  0013D3  000157  00001
DATA                  0013D4  00146E  00009B  00001
INIT                  00146F  00148B  00001D  00001
BSS                   00148C  0014CE  000043  00001
ONCE                  00148C  001517  00008C  00001


Exports list by name:
---------------------
COUT                      00080F RLA    __BSS_LOAD__              00148C  LA    
__BSS_RUN__               00148C RLA    __BSS_SIZE__              000043 REA    
__CONSTRUCTOR_COUNT__     000001 REA    __CONSTRUCTOR_TABLE__     001516 RLA    
__DESTRUCTOR_COUNT__      000000 REA    __DESTRUCTOR_TABLE__      0013D4 RLA    
__EXEHDR__                000001 REA    __FILETYPE__              000006 REA    
__HIMEM__                 009600 REA    __LCADDR__                00D400 REA    
__LCSIZE__                000C00 REA    __LC_FILEOFFS__           000000  EA    
__LC_LAST__               00D400 RLA    __LC_SIZE__               000C00  EA    
__LC_START__              00D400 RLA    __MAIN_FILEOFFS__         00003A  EA    
__MAIN_LAST__             001518 RLA    __MAIN_SIZE__             008DFD  EA    
__MAIN_START__            000803 RLA    __ONCE_LOAD__             00148C RLA    
__ONCE_RUN__              00148C RLA    __ONCE_SIZE__             00008C REA    
__STACKSIZE__             000800 REA    __STARTUP__               000001 REA    
__ZP_FILEOFFS__           000000  EA    __ZP_LAST__               00009A  LA    
__ZP_SIZE__               00001A  EA    __ZP_START__              000080  LA    
___directerrno            000925 RLA    ___errno                  0014B8 RLA    
___mappederrno            00092F RLA    ___oserror                00148C RLA    
___osmaperrno             00100C RLA    ___seterrno               000CE1 RLA    
__argc                    0013F5  LA    __argv                    0013F7  LA    
__ctype                   001317 RLA    __ctypeidx                001322 RLA    
__dos_type                001421 RLA    __filetab                 0013D4  LA    
__hextab                  0012F4 RLA    __longminstr              001304 RLA    
__printf                  000A30 RLA    _exit                     000D3E RLA    
_fwrite                   000DE2 RLA    _is_uthernet2_installed   000819  LA    
_ltoa                     000EE4 RLA    _main                     000885 RLA    
_printf                   001030 RLA    _stderr                   0013F0  LA    
_stdin                    0013EC  LA    _stdout                   0013EE RLA    
_strlen                   0010FC RLA    _strlen_ptr4              001100  LA    
_strlower                 001112 RLA    _strlwr                   001112  LA    
_ultoa                    000F25 RLA    _vfprintf                 0011C0 RLA    
_write                    0011E9 RLA    addeq0sp                  000CEA  LA    
addeqysp                  000CEC RLA    addysp                    000CFC RLA    
addysp1                   000CFB  LA    aslax4                    000D09 RLA    
axlong                    000D1A RLA    axulong                   000D20 RLA    
booleq                    000F67 RLA    boolge                    000F78  LA    
boolgt                    000F76  LA    boolle                    000F6E  LA    
boollt                    000F70  LA    boolne                    000F61  LA    
booluge                   000F88  LA    boolugt                   000F86  LA    
boolule                   000F7E  LA    boolult                   000F80  LA    
callmain                  000D27 RLA    callmli                   001442 RLA    
condes                    0013F9  LA    ctypemask                 000D87  LA    
ctypemaskdirect           000D8B RLA    decsp2                    000DA5 RLA    
decsp4                    000DB2 RLA    decsp6                    000DBF RLA    
done                      00141E RLA    donelib                   000D69 RLA    
fdtab                     001422 RLA    getfd                     000DCC RLA    
incsp2                    000E63 RLA    incsp5                    000E71 RLA    
incsp6                    000E76 RLA    initdostype               001502  LAI   
initlib                   00148C RLA    ldauidx                   000E7B RLA    
ldax0sp                   000E84  LA    ldaxysp                   000E86 RLA    
mliparam                  0014BC RLA    mul8x16                   000FD4 RLA    
mul8x16a                  000FDE RLA    negeax                    000E8D RLA    
popax                     000E5B RLA    popptr1                   001022 RLA    
ptr1                      000088 RLZ    ptr2                      00008A RLZ    
ptr3                      00008C RLZ    ptr4                      00008E RLZ    
push0                     00107E  LA    push0ax                   000EAE  LA    
push1                     001063 RLA    pusha                     00106C RLA    
pusha0                    001080 RLA    pusha0sp                  001068  LA    
pushax                    001082 RLA    pushaysp                  00106A  LA    
pusheax                   000EB4 RLA    pushl0                    000EAB  LA    
pushw0sp                  001098  LA    pushwysp                  00109A RLA    
regbank                   000094 RLZ    regsave                   000084  LZ    
reset                     000D75 RLA    return                    000D80  LA    
rvsave                    001489 RLA    rwcommon                  0010C1 RLA    
rwepilog                  0010E4 RLA    rwprolog                  0010B4 RLA    
shlax4                    000D09  LA    sp                        000080 RLZ    
sreg                      000082 RLZ    stax0sp                   0010F1  LA    
staxysp                   0010F3 RLA    tmp1                      000090 RLZ    
tmp2                      000091  LZ    tmp3                      000092  LZ    
tmp4                      000093  LZ    tosmula0                  000FD2  LA    
tosmulax                  000F8D  LA    tosudiva0                 001139  LA    
tosudivax                 00113B RLA    tosumula0                 000FD2  LA    
tosumulax                 000F8D RLA    udiv16                    00114A  LA    
uppercasemask             001466 RLA    zerobss                   00125A RLA    
zpsave                    00146F RLA    


Exports list by value:
----------------------
__ZP_FILEOFFS__           000000  EA    __DESTRUCTOR_COUNT__      000000 REA    
__LC_FILEOFFS__           000000  EA    __CONSTRUCTOR_COUNT__     000001 REA    
__EXEHDR__                000001 REA    __STARTUP__               000001 REA    
__FILETYPE__              000006 REA    __ZP_SIZE__               00001A  EA    
__MAIN_FILEOFFS__         00003A  EA    __BSS_SIZE__              000043 REA    
__ZP_START__              000080  LA    sp                        000080 RLZ    
sreg                      000082 RLZ    regsave                   000084  LZ    
ptr1                      000088 RLZ    ptr2                      00008A RLZ    
__ONCE_SIZE__             00008C REA    ptr3                      00008C RLZ    
ptr4                      00008E RLZ    tmp1                      000090 RLZ    
tmp2                      000091  LZ    tmp3                      000092  LZ    
tmp4                      000093  LZ    regbank                   000094 RLZ    
__ZP_LAST__               00009A  LA    __STACKSIZE__             000800 REA    
__MAIN_START__            000803 RLA    COUT                      00080F RLA    
_is_uthernet2_installed   000819  LA    _main                     000885 RLA    
___directerrno            000925 RLA    ___mappederrno            00092F RLA    
__printf                  000A30 RLA    __LCSIZE__                000C00 REA    
__LC_SIZE__               000C00  EA    ___seterrno               000CE1 RLA    
addeq0sp                  000CEA  LA    addeqysp                  000CEC RLA    
addysp1                   000CFB  LA    addysp                    000CFC RLA    
aslax4                    000D09 RLA    shlax4                    000D09  LA    
axlong                    000D1A RLA    axulong                   000D20 RLA    
callmain                  000D27 RLA    _exit                     000D3E RLA    
donelib                   000D69 RLA    reset                     000D75 RLA    
return                    000D80  LA    ctypemask                 000D87  LA    
ctypemaskdirect           000D8B RLA    decsp2                    000DA5 RLA    
decsp4                    000DB2 RLA    decsp6                    000DBF RLA    
getfd                     000DCC RLA    _fwrite                   000DE2 RLA    
popax                     000E5B RLA    incsp2                    000E63 RLA    
incsp5                    000E71 RLA    incsp6                    000E76 RLA    
ldauidx                   000E7B RLA    ldax0sp                   000E84  LA    
ldaxysp                   000E86 RLA    negeax                    000E8D RLA    
pushl0                    000EAB  LA    push0ax                   000EAE  LA    
pusheax                   000EB4 RLA    _ltoa                     000EE4 RLA    
_ultoa                    000F25 RLA    boolne                    000F61  LA    
booleq                    000F67 RLA    boolle                    000F6E  LA    
boollt                    000F70  LA    boolgt                    000F76  LA    
boolge                    000F78  LA    boolule                   000F7E  LA    
boolult                   000F80  LA    boolugt                   000F86  LA    
booluge                   000F88  LA    tosumulax                 000F8D RLA    
tosmulax                  000F8D  LA    tosmula0                  000FD2  LA    
tosumula0                 000FD2  LA    mul8x16                   000FD4 RLA    
mul8x16a                  000FDE RLA    ___osmaperrno             00100C RLA    
popptr1                   001022 RLA    _printf                   001030 RLA    
push1                     001063 RLA    pusha0sp                  001068  LA    
pushaysp                  00106A  LA    pusha                     00106C RLA    
push0                     00107E  LA    pusha0                    001080 RLA    
pushax                    001082 RLA    pushw0sp                  001098  LA    
pushwysp                  00109A RLA    rwprolog                  0010B4 RLA    
rwcommon                  0010C1 RLA    rwepilog                  0010E4 RLA    
stax0sp                   0010F1  LA    staxysp                   0010F3 RLA    
_strlen                   0010FC RLA    _strlen_ptr4              001100  LA    
_strlower                 001112 RLA    _strlwr                   001112  LA    
tosudiva0                 001139  LA    tosudivax                 00113B RLA    
udiv16                    00114A  LA    _vfprintf                 0011C0 RLA    
_write                    0011E9 RLA    zerobss                   00125A RLA    
__hextab                  0012F4 RLA    __longminstr              001304 RLA    
__ctype                   001317 RLA    __ctypeidx                001322 RLA    
__DESTRUCTOR_TABLE__      0013D4 RLA    __filetab                 0013D4  LA    
_stdin                    0013EC  LA    _stdout                   0013EE RLA    
_stderr                   0013F0  LA    __argc                    0013F5  LA    
__argv                    0013F7  LA    condes                    0013F9  LA    
done                      00141E RLA    __dos_type                001421 RLA    
fdtab                     001422 RLA    callmli                   001442 RLA    
uppercasemask             001466 RLA    zpsave                    00146F RLA    
rvsave                    001489 RLA    initlib                   00148C RLA    
___oserror                00148C RLA    __ONCE_RUN__              00148C RLA    
__ONCE_LOAD__             00148C RLA    __BSS_RUN__               00148C RLA    
__BSS_LOAD__              00148C  LA    ___errno                  0014B8 RLA    
mliparam                  0014BC RLA    initdostype               001502  LAI   
__CONSTRUCTOR_TABLE__     001516 RLA    __MAIN_LAST__             001518 RLA    
__MAIN_SIZE__             008DFD  EA    __HIMEM__                 009600 REA    
__LCADDR__                00D400 REA    __LC_LAST__               00D400 RLA    
__LC_START__              00D400 RLA    


Imports list:
-------------
COUT (cout.o):
    write.o                   apple2/write.s:9
__BSS_LOAD__ ([linker generated]):
__BSS_RUN__ ([linker generated]):
    zerobss.o                 common/zerobss.s:8
__BSS_SIZE__ ([linker generated]):
    zerobss.o                 common/zerobss.s:8
__CONSTRUCTOR_COUNT__ ([linker generated]):
    condes.o                  runtime/condes.s:18
__CONSTRUCTOR_TABLE__ ([linker generated]):
    condes.o                  runtime/condes.s:18
__DESTRUCTOR_COUNT__ ([linker generated]):
    condes.o                  runtime/condes.s:19
__DESTRUCTOR_TABLE__ ([linker generated]):
    condes.o                  runtime/condes.s:19
__EXEHDR__ (exehdr.o):
    [linker generated]        C:\UTILITY\cc65\cfg/apple2.cfg:7
__FILETYPE__ ([linker generated]):
    exehdr.o                  apple2/exehdr.s:9
__HIMEM__ ([linker generated]):
    [linker generated]        C:\UTILITY\cc65\cfg/apple2.cfg:18
    [linker generated]        C:\UTILITY\cc65\cfg/apple2.cfg:17
__LCADDR__ ([linker generated]):
    [linker generated]        C:\UTILITY\cc65\cfg/apple2.cfg:19
__LCSIZE__ ([linker generated]):
    [linker generated]        C:\UTILITY\cc65\cfg/apple2.cfg:19
__LC_FILEOFFS__ ([linker generated]):
__LC_LAST__ ([linker generated]):
    crt0.o                    apple2/crt0.s:14
__LC_SIZE__ ([linker generated]):
__LC_START__ ([linker generated]):
    crt0.o                    apple2/crt0.s:14
__MAIN_FILEOFFS__ ([linker generated]):
__MAIN_LAST__ ([linker generated]):
    exehdr.o                  apple2/exehdr.s:10
__MAIN_SIZE__ ([linker generated]):
__MAIN_START__ ([linker generated]):
    exehdr.o                  apple2/exehdr.s:10
__ONCE_LOAD__ ([linker generated]):
    crt0.o                    apple2/crt0.s:13
__ONCE_RUN__ ([linker generated]):
    [linker generated]        C:\UTILITY\cc65\cfg/apple2.cfg:18
    [linker generated]        C:\UTILITY\cc65\cfg/apple2.cfg:18
__ONCE_SIZE__ ([linker generated]):
    crt0.o                    apple2/crt0.s:13
__STACKSIZE__ ([linker generated]):
    [linker generated]        C:\UTILITY\cc65\cfg/apple2.cfg:18
__STARTUP__ (crt0.o):
    pch-uthernet-scan.o       pch-uthernet-scan.s:13
__ZP_FILEOFFS__ ([linker generated]):
__ZP_LAST__ ([linker generated]):
__ZP_SIZE__ ([linker generated]):
__ZP_START__ ([linker generated]):
___directerrno (_directerrno.o):
    write.o                   /home/runner/work/cc65/cc65/asminc/errno.inc:10
___errno (errno.o):
    _seterrno.o               /home/runner/work/cc65/cc65/asminc/errno.inc:7
___mappederrno (_mappederrno.o):
    rwcommon.o                /home/runner/work/cc65/cc65/asminc/errno.inc:10
    write.o                   /home/runner/work/cc65/cc65/asminc/errno.inc:10
___oserror (_oserror.o):
    rwcommon.o                /home/runner/work/cc65/cc65/asminc/errno.inc:7
    _mappederrno.o            /home/runner/work/cc65/cc65/asminc/errno.inc:7
    _directerrno.o            /home/runner/work/cc65/cc65/asminc/errno.inc:7
___osmaperrno (oserror.o):
    _mappederrno.o            /home/runner/work/cc65/cc65/asminc/errno.inc:8
___seterrno (_seterrno.o):
    _mappederrno.o            /home/runner/work/cc65/cc65/asminc/errno.inc:9
    _directerrno.o            /home/runner/work/cc65/cc65/asminc/errno.inc:9
    fwrite.o                  /home/runner/work/cc65/cc65/asminc/errno.inc:9
__argc (callmain.o):
__argv (callmain.o):
__ctype (ctype.o):
    ctypemask.o               common/ctypemask.s:23
__ctypeidx (ctype.o):
    ctypemask.o               common/ctypemask.s:24
__dos_type (dosdetect.o):
    mli.o                     apple2/mli.s:7
__filetab (_file.o):
__hextab (_hextab.o):
    ltoa.o                    common/ltoa.s:10
__longminstr (_longminstr.o):
    ltoa.o                    common/ltoa.s:10
__printf (_printf.o):
    vfprintf.o                common/vfprintf.s:10
_exit (callmain.o):
    crt0.o                    apple2/crt0.s:11
_fwrite (fwrite.o):
    vfprintf.o                common/vfprintf.s:10
_is_uthernet2_installed (pch-uthernet-scan.o):
_ltoa (ltoa.o):
    _printf.o                 common/_printf.s:12
_main (pch-uthernet-scan.o):
    callmain.o                apple2/callmain.s:11
_printf (printf.o):
    pch-uthernet-scan.o       pch-uthernet-scan.s:14
_stderr (_file.o):
_stdin (_file.o):
_stdout (_file.o):
    printf.o                  common/printf.s:8
_strlen (strlen.o):
    _printf.o                 common/_printf.s:13
_strlen_ptr4 (strlen.o):
_strlower (strlower.o):
    _printf.o                 common/_printf.s:13
_strlwr (strlower.o):
_ultoa (ltoa.o):
    _printf.o                 common/_printf.s:12
_vfprintf (vfprintf.o):
    printf.o                  common/printf.s:8
_write (write.o):
    fwrite.o                  common/fwrite.s:10
addeq0sp (addeqsp.o):
addeqysp (addeqsp.o):
    pch-uthernet-scan.o       pch-uthernet-scan.s:170
addysp (addysp.o):
    incsp6.o                  runtime/incsp6.s:8
    fwrite.o                  common/fwrite.s:11
    printf.o                  common/printf.s:8
    incsp5.o                  runtime/incsp5.s:8
addysp1 (addysp.o):
aslax4 (aslax4.o):
    pch-uthernet-scan.o       pch-uthernet-scan.s:170
axlong (axlong.o):
    _printf.o                 common/_printf.s:11
axulong (axlong.o):
    _printf.o                 common/_printf.s:11
booleq (makebool.o):
    pch-uthernet-scan.o       pch-uthernet-scan.s:170
    pch-uthernet-scan.o       pch-uthernet-scan.s:170
boolge (makebool.o):
boolgt (makebool.o):
boolle (makebool.o):
boollt (makebool.o):
boolne (makebool.o):
booluge (makebool.o):
boolugt (makebool.o):
boolule (makebool.o):
boolult (makebool.o):
callmain (callmain.o):
    crt0.o                    apple2/crt0.s:12
callmli (mli.o):
    rwcommon.o                apple2/mli.inc:131
    write.o                   apple2/mli.inc:131
condes (condes.o):
ctypemask (ctypemask.o):
ctypemaskdirect (ctypemask.o):
    strlower.o                common/strlower.s:14
decsp2 (decsp2.o):
    pch-uthernet-scan.o       pch-uthernet-scan.s:170
decsp4 (decsp4.o):
    lpush.o                   runtime/lpush.s:12
decsp6 (decsp6.o):
    _printf.o                 common/_printf.s:11
done (crt0.o):
    callmain.o                apple2/callmain.s:11
donelib (condes.o):
    callmain.o                apple2/callmain.s:11
fdtab (filedes.o):
    write.o                   apple2/filedes.inc:13
getfd (filedes.o):
    rwcommon.o                apple2/filedes.inc:14
incsp2 (incsp2.o):
    popptr1.o                 runtime/popptr1.s:8
incsp5 (incsp5.o):
    pch-uthernet-scan.o       pch-uthernet-scan.s:170
incsp6 (incsp6.o):
    fwrite.o                  common/fwrite.s:11
    vfprintf.o                common/vfprintf.s:9
initdostype (dosdetect.o):
initlib (condes.o):
    crt0.o                    apple2/crt0.s:11
ldauidx (ldaui.o):
    pch-uthernet-scan.o       pch-uthernet-scan.s:170
ldax0sp (ldaxsp.o):
ldaxysp (ldaxsp.o):
    fwrite.o                  common/fwrite.s:11
    pch-uthernet-scan.o       pch-uthernet-scan.s:170
    pch-uthernet-scan.o       pch-uthernet-scan.s:170
mliparam (mli.o):
    rwcommon.o                apple2/mli.inc:130
    write.o                   apple2/mli.inc:130
mul8x16 (mul8.o):
    mul.o                     runtime/mul.s:8
mul8x16a (mul8.o):
    mul.o                     runtime/mul.s:8
negeax (lneg.o):
    ltoa.o                    common/ltoa.s:9
popax (incsp2.o):
    rwcommon.o                apple2/rwcommon.s:6
    ltoa.o                    common/ltoa.s:9
    _printf.o                 common/_printf.s:11
popptr1 (popptr1.o):
    rwcommon.o                apple2/rwcommon.s:6
    udiv.o                    runtime/udiv.s:9
    mul8.o                    runtime/mul8.s:9
    mul.o                     runtime/mul.s:9
    ltoa.o                    common/ltoa.s:9
ptr1 (zeropage.o):
    rwcommon.o                /home/runner/work/cc65/cc65/asminc/zeropage.inc:12
    write.o                   /home/runner/work/cc65/cc65/asminc/zeropage.inc:12
    udiv.o                    runtime/udiv.s:10
    strlower.o                common/strlower.s:13
    popptr1.o                 runtime/popptr1.s:9
    mul8.o                    runtime/mul8.s:10
    mul.o                     runtime/mul.s:10
    ltoa.o                    common/ltoa.s:11
    fwrite.o                  common/fwrite.s:14
    _printf.o                 /home/runner/work/cc65/cc65/asminc/zeropage.inc:12
    zerobss.o                 common/zerobss.s:9
    vfprintf.o                common/vfprintf.s:11
    printf.o                  common/printf.s:9
    ldaui.o                   runtime/ldaui.s:8
ptr2 (zeropage.o):
    rwcommon.o                /home/runner/work/cc65/cc65/asminc/zeropage.inc:12
    write.o                   /home/runner/work/cc65/cc65/asminc/zeropage.inc:12
    strlower.o                common/strlower.s:13
    ltoa.o                    common/ltoa.s:11
    _printf.o                 /home/runner/work/cc65/cc65/asminc/zeropage.inc:12
ptr3 (zeropage.o):
    ltoa.o                    common/ltoa.s:11
ptr4 (zeropage.o):
    udiv.o                    runtime/udiv.s:10
    strlen.o                  common/strlen.s:12
    mul8.o                    runtime/mul8.s:10
    mul.o                     runtime/mul.s:10
push0 (pushax.o):
push0ax (lpush.o):
push1 (push1.o):
    _printf.o                 common/_printf.s:11
    vfprintf.o                common/vfprintf.s:9
pusha (pusha.o):
    pch-uthernet-scan.o       pch-uthernet-scan.s:170
pusha0 (pushax.o):
    push1.o                   runtime/push1.s:8
    fwrite.o                  common/fwrite.s:11
pusha0sp (pusha.o):
pushax (pushax.o):
    fwrite.o                  common/fwrite.s:11
    callmain.o                apple2/callmain.s:11
    _printf.o                 common/_printf.s:11
    printf.o                  common/printf.s:8
    pch-uthernet-scan.o       pch-uthernet-scan.s:170
    pch-uthernet-scan.o       pch-uthernet-scan.s:170
pushaysp (pusha.o):
pusheax (lpush.o):
    _printf.o                 common/_printf.s:11
pushl0 (lpush.o):
pushw0sp (pushwsp.o):
pushwysp (pushwsp.o):
    fwrite.o                  common/fwrite.s:11
    vfprintf.o                common/vfprintf.s:9
regbank (zeropage.o):
    _printf.o                 /home/runner/work/cc65/cc65/asminc/zeropage.inc:14
regsave (zeropage.o):
reset (crt0.o):
    callmain.o                apple2/callmain.s:12
return (crt0.o):
rvsave (crt0.o):
    callmain.o                apple2/callmain.s:12
rwcommon (rwcommon.o):
    write.o                   apple2/write.s:8
rwepilog (rwcommon.o):
    write.o                   apple2/write.s:8
rwprolog (rwcommon.o):
    write.o                   apple2/write.s:8
shlax4 (aslax4.o):
sp (zeropage.o):
    decsp4.o                  runtime/decsp4.s:8
    pushwsp.o                 runtime/pushwsp.s:8
    popptr1.o                 runtime/popptr1.s:9
    lpush.o                   runtime/lpush.s:13
    incsp2.o                  runtime/incsp2.s:8
    decsp6.o                  runtime/decsp6.s:8
    callmain.o                /home/runner/work/cc65/cc65/asminc/zeropage.inc:11
    addysp.o                  runtime/addysp.s:8
    _printf.o                 /home/runner/work/cc65/cc65/asminc/zeropage.inc:11
    vfprintf.o                common/vfprintf.s:11
    staxsp.o                  runtime/staxsp.s:8
    pushax.o                  runtime/pushax.s:8
    pusha.o                   runtime/pusha.s:8
    printf.o                  common/printf.s:9
    ldaxsp.o                  runtime/ldaxsp.s:8
    decsp2.o                  runtime/decsp2.s:8
    crt0.o                    /home/runner/work/cc65/cc65/asminc/zeropage.inc:11
    addeqsp.o                 runtime/addeqsp.s:8
    pch-uthernet-scan.o       pch-uthernet-scan.s:10
sreg (zeropage.o):
    lneg.o                    runtime/lneg.s:11
    udiv.o                    runtime/udiv.s:10
    ltoa.o                    common/ltoa.s:11
    lpush.o                   runtime/lpush.s:13
    axlong.o                  runtime/axlong.s:9
    _printf.o                 /home/runner/work/cc65/cc65/asminc/zeropage.inc:11
stax0sp (staxsp.o):
staxysp (staxsp.o):
    pch-uthernet-scan.o       pch-uthernet-scan.s:170
tmp1 (zeropage.o):
    mul.o                     runtime/mul.s:10
    ltoa.o                    common/ltoa.s:11
    _printf.o                 /home/runner/work/cc65/cc65/asminc/zeropage.inc:13
    aslax4.o                  runtime/aslax4.s:8
    pch-uthernet-scan.o       pch-uthernet-scan.s:11
tmp2 (zeropage.o):
tmp3 (zeropage.o):
tmp4 (zeropage.o):
tosmula0 (mul8.o):
tosmulax (mul.o):
tosudiva0 (udiv.o):
tosudivax (udiv.o):
    fwrite.o                  common/fwrite.s:12
tosumula0 (mul8.o):
tosumulax (mul.o):
    fwrite.o                  common/fwrite.s:12
udiv16 (udiv.o):
uppercasemask (uppercasemask.o):
    write.o                   apple2/write.s:11
zerobss (zerobss.o):
    crt0.o                    apple2/crt0.s:12
zpsave (crt0.o):
    callmain.o                apple2/callmain.s:12

