Modules list:
-------------
pch-uthernet-scan.o:
    CODE              Offs=000000  Size=0000F7  Align=00001  Fill=0000
    RODATA            Offs=000000  Size=000060  Align=00001  Fill=0000
    BSS               Offs=000000  Size=000000  Align=00001  Fill=0000
    DATA              Offs=000000  Size=000000  Align=00001  Fill=0000
    ZEROPAGE          Offs=000000  Size=000000  Align=00001  Fill=0000
    NULL              Offs=000000  Size=000000  Align=00001  Fill=0000
C:\UTILITY\cc65\lib/apple2.lib(_directerrno.o):
    CODE              Offs=0000F7  Size=00000A  Align=00001  Fill=0000
    RODATA            Offs=000060  Size=000000  Align=00001  Fill=0000
    BSS               Offs=000000  Size=000000  Align=00001  Fill=0000
    DATA              Offs=000000  Size=000000  Align=00001  Fill=0000
    ZEROPAGE          Offs=000000  Size=000000  Align=00001  Fill=0000
    NULL              Offs=000000  Size=000000  Align=00001  Fill=0000
C:\UTILITY\cc65\lib/apple2.lib(_file.o):
    CODE              Offs=000101  Size=000000  Align=00001  Fill=0000
    RODATA            Offs=000060  Size=000000  Align=00001  Fill=0000
    BSS               Offs=000000  Size=000000  Align=00001  Fill=0000
    DATA              Offs=000000  Size=00001E  Align=00001  Fill=0000
    ZEROPAGE          Offs=000000  Size=000000  Align=00001  Fill=0000
    NULL              Offs=000000  Size=000000  Align=00001  Fill=0000
C:\UTILITY\cc65\lib/apple2.lib(_hextab.o):
    CODE              Offs=000101  Size=000000  Align=00001  Fill=0000
    RODATA            Offs=000060  Size=000010  Align=00001  Fill=0000
    BSS               Offs=000000  Size=000000  Align=00001  Fill=0000
    DATA              Offs=00001E  Size=000000  Align=00001  Fill=0000
    ZEROPAGE          Offs=000000  Size=000000  Align=00001  Fill=0000
    NULL              Offs=000000  Size=000000  Align=00001  Fill=0000
C:\UTILITY\cc65\lib/apple2.lib(_longminstr.o):
    CODE              Offs=000101  Size=000000  Align=00001  Fill=0000
    RODATA            Offs=000070  Size=00000C  Align=00001  Fill=0000
    BSS               Offs=000000  Size=000000  Align=00001  Fill=0000
    DATA              Offs=00001E  Size=000000  Align=00001  Fill=0000
    ZEROPAGE          Offs=000000  Size=000000  Align=00001  Fill=0000
    NULL              Offs=000000  Size=000000  Align=00001  Fill=0000
C:\UTILITY\cc65\lib/apple2.lib(_mappederrno.o):
    CODE              Offs=000101  Size=000010  Align=00001  Fill=0000
    RODATA            Offs=00007C  Size=000000  Align=00001  Fill=0000
    BSS               Offs=000000  Size=000000  Align=00001  Fill=0000
    DATA              Offs=00001E  Size=000000  Align=00001  Fill=0000
    ZEROPAGE          Offs=000000  Size=000000  Align=00001  Fill=0000
    NULL              Offs=000000  Size=000000  Align=00001  Fill=0000
C:\UTILITY\cc65\lib/apple2.lib(_oserror.o):
    CODE              Offs=000111  Size=000000  Align=00001  Fill=0000
    RODATA            Offs=00007C  Size=000000  Align=00001  Fill=0000
    BSS               Offs=000000  Size=000001  Align=00001  Fill=0000
    DATA              Offs=00001E  Size=000000  Align=00001  Fill=0000
    ZEROPAGE          Offs=000000  Size=000000  Align=00001  Fill=0000
    NULL              Offs=000000  Size=000000  Align=00001  Fill=0000
C:\UTILITY\cc65\lib/apple2.lib(_printf.o):
    CODE              Offs=000111  Size=0003A2  Align=00001  Fill=0000
    RODATA            Offs=00007C  Size=000000  Align=00001  Fill=0000
    BSS               Offs=000001  Size=00002B  Align=00001  Fill=0000
    DATA              Offs=00001E  Size=000003  Align=00001  Fill=0000
    ZEROPAGE          Offs=000000  Size=000000  Align=00001  Fill=0000
    NULL              Offs=000000  Size=000000  Align=00001  Fill=0000
C:\UTILITY\cc65\lib/apple2.lib(_seterrno.o):
    CODE              Offs=0004B3  Size=000009  Align=00001  Fill=0000
    RODATA            Offs=00007C  Size=000000  Align=00001  Fill=0000
    BSS               Offs=00002C  Size=000000  Align=00001  Fill=0000
    DATA              Offs=000021  Size=000000  Align=00001  Fill=0000
    ZEROPAGE          Offs=000000  Size=000000  Align=00001  Fill=0000
    NULL              Offs=000000  Size=000000  Align=00001  Fill=0000
C:\UTILITY\cc65\lib/apple2.lib(addeqsp.o):
    CODE              Offs=0004BC  Size=000011  Align=00001  Fill=0000
    RODATA            Offs=00007C  Size=000000  Align=00001  Fill=0000
    BSS               Offs=00002C  Size=000000  Align=00001  Fill=0000
    DATA              Offs=000021  Size=000000  Align=00001  Fill=0000
    ZEROPAGE          Offs=000000  Size=000000  Align=00001  Fill=0000
    NULL              Offs=000000  Size=000000  Align=00001  Fill=0000
C:\UTILITY\cc65\lib/apple2.lib(addysp.o):
    CODE              Offs=0004CD  Size=00000E  Align=00001  Fill=0000
    RODATA            Offs=00007C  Size=000000  Align=00001  Fill=0000
    BSS               Offs=00002C  Size=000000  Align=00001  Fill=0000
    DATA              Offs=000021  Size=000000  Align=00001  Fill=0000
    ZEROPAGE          Offs=000000  Size=000000  Align=00001  Fill=0000
    NULL              Offs=000000  Size=000000  Align=00001  Fill=0000
C:\UTILITY\cc65\lib/apple2.lib(aslax4.o):
    CODE              Offs=0004DB  Size=000011  Align=00001  Fill=0000
    RODATA            Offs=00007C  Size=000000  Align=00001  Fill=0000
    BSS               Offs=00002C  Size=000000  Align=00001  Fill=0000
    DATA              Offs=000021  Size=000000  Align=00001  Fill=0000
    ZEROPAGE          Offs=000000  Size=000000  Align=00001  Fill=0000
    NULL              Offs=000000  Size=000000  Align=00001  Fill=0000
C:\UTILITY\cc65\lib/apple2.lib(axlong.o):
    CODE              Offs=0004EC  Size=00000D  Align=00001  Fill=0000
    RODATA            Offs=00007C  Size=000000  Align=00001  Fill=0000
    BSS               Offs=00002C  Size=000000  Align=00001  Fill=0000
    DATA              Offs=000021  Size=000000  Align=00001  Fill=0000
    ZEROPAGE          Offs=000000  Size=000000  Align=00001  Fill=0000
    NULL              Offs=000000  Size=000000  Align=00001  Fill=0000
C:\UTILITY\cc65\lib/apple2.lib(callmain.o):
    CODE              Offs=0004F9  Size=000042  Align=00001  Fill=0000
    RODATA            Offs=00007C  Size=000000  Align=00001  Fill=0000
    BSS               Offs=00002C  Size=000000  Align=00001  Fill=0000
    DATA              Offs=000021  Size=000004  Align=00001  Fill=0000
    ZEROPAGE          Offs=000000  Size=000000  Align=00001  Fill=0000
    NULL              Offs=000000  Size=000000  Align=00001  Fill=0000
C:\UTILITY\cc65\lib/apple2.lib(condes.o):
    CODE              Offs=00053B  Size=00000C  Align=00001  Fill=0000
    RODATA            Offs=00007C  Size=000000  Align=00001  Fill=0000
    BSS               Offs=00002C  Size=000000  Align=00001  Fill=0000
    DATA              Offs=000025  Size=000025  Align=00001  Fill=0000
    ZEROPAGE          Offs=000000  Size=000000  Align=00001  Fill=0000
    NULL              Offs=000000  Size=000000  Align=00001  Fill=0000
    ONCE              Offs=000000  Size=00000C  Align=00001  Fill=0000
C:\UTILITY\cc65\lib/apple2.lib(cout.o):
    CODE              Offs=000547  Size=000000  Align=00001  Fill=0000
    RODATA            Offs=00007C  Size=000000  Align=00001  Fill=0000
    BSS               Offs=00002C  Size=000000  Align=00001  Fill=0000
    DATA              Offs=00004A  Size=000000  Align=00001  Fill=0000
    ZEROPAGE          Offs=000000  Size=000000  Align=00001  Fill=0000
    NULL              Offs=000000  Size=000000  Align=00001  Fill=0000
    LOWCODE           Offs=000000  Size=00000A  Align=00001  Fill=0000
C:\UTILITY\cc65\lib/apple2.lib(crt0.o):
    CODE              Offs=000547  Size=000012  Align=00001  Fill=0000
    RODATA            Offs=00007C  Size=000007  Align=00001  Fill=0000
    BSS               Offs=00002C  Size=000000  Align=00001  Fill=0000
    DATA              Offs=00004A  Size=000003  Align=00001  Fill=0000
    ZEROPAGE          Offs=000000  Size=000000  Align=00001  Fill=0000
    NULL              Offs=000000  Size=000000  Align=00001  Fill=0000
    STARTUP           Offs=000000  Size=00000C  Align=00001  Fill=0000
    ONCE              Offs=00000C  Size=00006A  Align=00001  Fill=0000
    INIT              Offs=000000  Size=00001D  Align=00001  Fill=0000
C:\UTILITY\cc65\lib/apple2.lib(ctype.o):
    CODE              Offs=000559  Size=000000  Align=00001  Fill=0000
    RODATA            Offs=000083  Size=00008B  Align=00001  Fill=0000
    BSS               Offs=00002C  Size=000000  Align=00001  Fill=0000
    DATA              Offs=00004D  Size=000000  Align=00001  Fill=0000
    ZEROPAGE          Offs=000000  Size=000000  Align=00001  Fill=0000
    NULL              Offs=000000  Size=000000  Align=00001  Fill=0000
C:\UTILITY\cc65\lib/apple2.lib(ctypemask.o):
    CODE              Offs=000559  Size=00001E  Align=00001  Fill=0000
    RODATA            Offs=00010E  Size=000000  Align=00001  Fill=0000
    BSS               Offs=00002C  Size=000000  Align=00001  Fill=0000
    DATA              Offs=00004D  Size=000000  Align=00001  Fill=0000
    ZEROPAGE          Offs=000000  Size=000000  Align=00001  Fill=0000
    NULL              Offs=000000  Size=000000  Align=00001  Fill=0000
C:\UTILITY\cc65\lib/apple2.lib(decsp2.o):
    CODE              Offs=000577  Size=00000D  Align=00001  Fill=0000
    RODATA            Offs=00010E  Size=000000  Align=00001  Fill=0000
    BSS               Offs=00002C  Size=000000  Align=00001  Fill=0000
    DATA              Offs=00004D  Size=000000  Align=00001  Fill=0000
    ZEROPAGE          Offs=000000  Size=000000  Align=00001  Fill=0000
    NULL              Offs=000000  Size=000000  Align=00001  Fill=0000
C:\UTILITY\cc65\lib/apple2.lib(decsp4.o):
    CODE              Offs=000584  Size=00000D  Align=00001  Fill=0000
    RODATA            Offs=00010E  Size=000000  Align=00001  Fill=0000
    BSS               Offs=00002C  Size=000000  Align=00001  Fill=0000
    DATA              Offs=00004D  Size=000000  Align=00001  Fill=0000
    ZEROPAGE          Offs=000000  Size=000000  Align=00001  Fill=0000
    NULL              Offs=000000  Size=000000  Align=00001  Fill=0000
C:\UTILITY\cc65\lib/apple2.lib(decsp6.o):
    CODE              Offs=000591  Size=00000D  Align=00001  Fill=0000
    RODATA            Offs=00010E  Size=000000  Align=00001  Fill=0000
    BSS               Offs=00002C  Size=000000  Align=00001  Fill=0000
    DATA              Offs=00004D  Size=000000  Align=00001  Fill=0000
    ZEROPAGE          Offs=000000  Size=000000  Align=00001  Fill=0000
    NULL              Offs=000000  Size=000000  Align=00001  Fill=0000
C:\UTILITY\cc65\lib/apple2.lib(dosdetect.o):
    CODE              Offs=00059E  Size=000000  Align=00001  Fill=0000
    RODATA            Offs=00010E  Size=000000  Align=00001  Fill=0000
    BSS               Offs=00002C  Size=000000  Align=00001  Fill=0000
    DATA              Offs=00004D  Size=000001  Align=00001  Fill=0000
    ZEROPAGE          Offs=000000  Size=000000  Align=00001  Fill=0000
    NULL              Offs=000000  Size=000000  Align=00001  Fill=0000
    ONCE              Offs=000076  Size=000014  Align=00001  Fill=0000
C:\UTILITY\cc65\lib/apple2.lib(errno.o):
    CODE              Offs=00059E  Size=000000  Align=00001  Fill=0000
    RODATA            Offs=00010E  Size=000000  Align=00001  Fill=0000
    BSS               Offs=00002C  Size=000002  Align=00001  Fill=0000
    DATA              Offs=00004E  Size=000000  Align=00001  Fill=0000
    ZEROPAGE          Offs=000000  Size=000000  Align=00001  Fill=0000
    NULL              Offs=000000  Size=000000  Align=00001  Fill=0000
C:\UTILITY\cc65\lib/apple2.lib(exehdr.o):
    CODE              Offs=00059E  Size=000000  Align=00001  Fill=0000
    RODATA            Offs=00010E  Size=000000  Align=00001  Fill=0000
    BSS               Offs=00002E  Size=000000  Align=00001  Fill=0000
    DATA              Offs=00004E  Size=000000  Align=00001  Fill=0000
    ZEROPAGE          Offs=000000  Size=000000  Align=00001  Fill=0000
    NULL              Offs=000000  Size=000000  Align=00001  Fill=0000
    EXEHDR            Offs=000000  Size=00003A  Align=00001  Fill=0000
C:\UTILITY\cc65\lib/apple2.lib(filedes.o):
    CODE              Offs=00059E  Size=000016  Align=00001  Fill=0000
    RODATA            Offs=00010E  Size=000000  Align=00001  Fill=0000
    BSS               Offs=00002E  Size=000000  Align=00001  Fill=0000
    DATA              Offs=00004E  Size=000020  Align=00001  Fill=0000
    ZEROPAGE          Offs=000000  Size=000000  Align=00001  Fill=0000
    NULL              Offs=000000  Size=000000  Align=00001  Fill=0000
C:\UTILITY\cc65\lib/apple2.lib(fwrite.o):
    CODE              Offs=0005B4  Size=000079  Align=00001  Fill=0000
    RODATA            Offs=00010E  Size=000000  Align=00001  Fill=0000
    BSS               Offs=00002E  Size=000002  Align=00001  Fill=0000
    DATA              Offs=00006E  Size=000000  Align=00001  Fill=0000
    ZEROPAGE          Offs=000000  Size=000000  Align=00001  Fill=0000
    NULL              Offs=000000  Size=000000  Align=00001  Fill=0000
C:\UTILITY\cc65\lib/apple2.lib(incsp2.o):
    CODE              Offs=00062D  Size=000016  Align=00001  Fill=0000
    RODATA            Offs=00010E  Size=000000  Align=00001  Fill=0000
    BSS               Offs=000030  Size=000000  Align=00001  Fill=0000
    DATA              Offs=00006E  Size=000000  Align=00001  Fill=0000
    ZEROPAGE          Offs=000000  Size=000000  Align=00001  Fill=0000
    NULL              Offs=000000  Size=000000  Align=00001  Fill=0000
C:\UTILITY\cc65\lib/apple2.lib(incsp5.o):
    CODE              Offs=000643  Size=000005  Align=00001  Fill=0000
    RODATA            Offs=00010E  Size=000000  Align=00001  Fill=0000
    BSS               Offs=000030  Size=000000  Align=00001  Fill=0000
    DATA              Offs=00006E  Size=000000  Align=00001  Fill=0000
    ZEROPAGE          Offs=000000  Size=000000  Align=00001  Fill=0000
    NULL              Offs=000000  Size=000000  Align=00001  Fill=0000
C:\UTILITY\cc65\lib/apple2.lib(incsp6.o):
    CODE              Offs=000648  Size=000005  Align=00001  Fill=0000
    RODATA            Offs=00010E  Size=000000  Align=00001  Fill=0000
    BSS               Offs=000030  Size=000000  Align=00001  Fill=0000
    DATA              Offs=00006E  Size=000000  Align=00001  Fill=0000
    ZEROPAGE          Offs=000000  Size=000000  Align=00001  Fill=0000
    NULL              Offs=000000  Size=000000  Align=00001  Fill=0000
C:\UTILITY\cc65\lib/apple2.lib(ldaui.o):
    CODE              Offs=00064D  Size=000009  Align=00001  Fill=0000
    RODATA            Offs=00010E  Size=000000  Align=00001  Fill=0000
    BSS               Offs=000030  Size=000000  Align=00001  Fill=0000
    DATA              Offs=00006E  Size=000000  Align=00001  Fill=0000
    ZEROPAGE          Offs=000000  Size=000000  Align=00001  Fill=0000
    NULL              Offs=000000  Size=000000  Align=00001  Fill=0000
C:\UTILITY\cc65\lib/apple2.lib(ldaxsp.o):
    CODE              Offs=000656  Size=000009  Align=00001  Fill=0000
    RODATA            Offs=00010E  Size=000000  Align=00001  Fill=0000
    BSS               Offs=000030  Size=000000  Align=00001  Fill=0000
    DATA              Offs=00006E  Size=000000  Align=00001  Fill=0000
    ZEROPAGE          Offs=000000  Size=000000  Align=00001  Fill=0000
    NULL              Offs=000000  Size=000000  Align=00001  Fill=0000
C:\UTILITY\cc65\lib/apple2.lib(lneg.o):
    CODE              Offs=00065F  Size=00001E  Align=00001  Fill=0000
    RODATA            Offs=00010E  Size=000000  Align=00001  Fill=0000
    BSS               Offs=000030  Size=000000  Align=00001  Fill=0000
    DATA              Offs=00006E  Size=000000  Align=00001  Fill=0000
    ZEROPAGE          Offs=000000  Size=000000  Align=00001  Fill=0000
    NULL              Offs=000000  Size=000000  Align=00001  Fill=0000
C:\UTILITY\cc65\lib/apple2.lib(lpush.o):
    CODE              Offs=00067D  Size=000021  Align=00001  Fill=0000
    RODATA            Offs=00010E  Size=000000  Align=00001  Fill=0000
    BSS               Offs=000030  Size=000000  Align=00001  Fill=0000
    DATA              Offs=00006E  Size=000000  Align=00001  Fill=0000
    ZEROPAGE          Offs=000000  Size=000000  Align=00001  Fill=0000
    NULL              Offs=000000  Size=000000  Align=00001  Fill=0000
C:\UTILITY\cc65\lib/apple2.lib(ltoa.o):
    CODE              Offs=00069E  Size=000095  Align=00001  Fill=0000
    RODATA            Offs=00010E  Size=000000  Align=00001  Fill=0000
    BSS               Offs=000030  Size=000000  Align=00001  Fill=0000
    DATA              Offs=00006E  Size=000000  Align=00001  Fill=0000
    ZEROPAGE          Offs=000000  Size=000000  Align=00001  Fill=0000
    NULL              Offs=000000  Size=000000  Align=00001  Fill=0000
C:\UTILITY\cc65\lib/apple2.lib(makebool.o):
    CODE              Offs=000733  Size=00002C  Align=00001  Fill=0000
    RODATA            Offs=00010E  Size=000000  Align=00001  Fill=0000
    BSS               Offs=000030  Size=000000  Align=00001  Fill=0000
    DATA              Offs=00006E  Size=000000  Align=00001  Fill=0000
    ZEROPAGE          Offs=000000  Size=000000  Align=00001  Fill=0000
    NULL              Offs=000000  Size=000000  Align=00001  Fill=0000
C:\UTILITY\cc65\lib/apple2.lib(mli.o):
    CODE              Offs=00075F  Size=000000  Align=00001  Fill=0000
    RODATA            Offs=00010E  Size=000000  Align=00001  Fill=0000
    BSS               Offs=000030  Size=000012  Align=00001  Fill=0000
    DATA              Offs=00006E  Size=000024  Align=00001  Fill=0000
    ZEROPAGE          Offs=000000  Size=000000  Align=00001  Fill=0000
    NULL              Offs=000000  Size=000000  Align=00001  Fill=0000
C:\UTILITY\cc65\lib/apple2.lib(mul.o):
    CODE              Offs=00075F  Size=000045  Align=00001  Fill=0000
    RODATA            Offs=00010E  Size=000000  Align=00001  Fill=0000
    BSS               Offs=000042  Size=000000  Align=00001  Fill=0000
    DATA              Offs=000092  Size=000000  Align=00001  Fill=0000
    ZEROPAGE          Offs=000000  Size=000000  Align=00001  Fill=0000
    NULL              Offs=000000  Size=000000  Align=00001  Fill=0000
C:\UTILITY\cc65\lib/apple2.lib(mul8.o):
    CODE              Offs=0007A4  Size=00003A  Align=00001  Fill=0000
    RODATA            Offs=00010E  Size=000000  Align=00001  Fill=0000
    BSS               Offs=000042  Size=000000  Align=00001  Fill=0000
    DATA              Offs=000092  Size=000000  Align=00001  Fill=0000
    ZEROPAGE          Offs=000000  Size=000000  Align=00001  Fill=0000
    NULL              Offs=000000  Size=000000  Align=00001  Fill=0000
C:\UTILITY\cc65\lib/apple2.lib(oserror.o):
    CODE              Offs=0007DE  Size=000016  Align=00001  Fill=0000
    RODATA            Offs=00010E  Size=000032  Align=00001  Fill=0000
    BSS               Offs=000042  Size=000000  Align=00001  Fill=0000
    DATA              Offs=000092  Size=000000  Align=00001  Fill=0000
    ZEROPAGE          Offs=000000  Size=000000  Align=00001  Fill=0000
    NULL              Offs=000000  Size=000000  Align=00001  Fill=0000
C:\UTILITY\cc65\lib/apple2.lib(popptr1.o):
    CODE              Offs=0007F4  Size=00000E  Align=00001  Fill=0000
    RODATA            Offs=000140  Size=000000  Align=00001  Fill=0000
    BSS               Offs=000042  Size=000000  Align=00001  Fill=0000
    DATA              Offs=000092  Size=000000  Align=00001  Fill=0000
    ZEROPAGE          Offs=000000  Size=000000  Align=00001  Fill=0000
    NULL              Offs=000000  Size=000000  Align=00001  Fill=0000
C:\UTILITY\cc65\lib/apple2.lib(printf.o):
    CODE              Offs=000802  Size=000033  Align=00001  Fill=0000
    RODATA            Offs=000140  Size=000000  Align=00001  Fill=0000
    BSS               Offs=000042  Size=000001  Align=00001  Fill=0000
    DATA              Offs=000092  Size=000000  Align=00001  Fill=0000
    ZEROPAGE          Offs=000000  Size=000000  Align=00001  Fill=0000
    NULL              Offs=000000  Size=000000  Align=00001  Fill=0000
C:\UTILITY\cc65\lib/apple2.lib(push1.o):
    CODE              Offs=000835  Size=000005  Align=00001  Fill=0000
    RODATA            Offs=000140  Size=000000  Align=00001  Fill=0000
    BSS               Offs=000043  Size=000000  Align=00001  Fill=0000
    DATA              Offs=000092  Size=000000  Align=00001  Fill=0000
    ZEROPAGE          Offs=000000  Size=000000  Align=00001  Fill=0000
    NULL              Offs=000000  Size=000000  Align=00001  Fill=0000
C:\UTILITY\cc65\lib/apple2.lib(pusha.o):
    CODE              Offs=00083A  Size=000016  Align=00001  Fill=0000
    RODATA            Offs=000140  Size=000000  Align=00001  Fill=0000
    BSS               Offs=000043  Size=000000  Align=00001  Fill=0000
    DATA              Offs=000092  Size=000000  Align=00001  Fill=0000
    ZEROPAGE          Offs=000000  Size=000000  Align=00001  Fill=0000
    NULL              Offs=000000  Size=000000  Align=00001  Fill=0000
C:\UTILITY\cc65\lib/apple2.lib(pushax.o):
    CODE              Offs=000850  Size=00001A  Align=00001  Fill=0000
    RODATA            Offs=000140  Size=000000  Align=00001  Fill=0000
    BSS               Offs=000043  Size=000000  Align=00001  Fill=0000
    DATA              Offs=000092  Size=000000  Align=00001  Fill=0000
    ZEROPAGE          Offs=000000  Size=000000  Align=00001  Fill=0000
    NULL              Offs=000000  Size=000000  Align=00001  Fill=0000
C:\UTILITY\cc65\lib/apple2.lib(pushwsp.o):
    CODE              Offs=00086A  Size=00001C  Align=00001  Fill=0000
    RODATA            Offs=000140  Size=000000  Align=00001  Fill=0000
    BSS               Offs=000043  Size=000000  Align=00001  Fill=0000
    DATA              Offs=000092  Size=000000  Align=00001  Fill=0000
    ZEROPAGE          Offs=000000  Size=000000  Align=00001  Fill=0000
    NULL              Offs=000000  Size=000000  Align=00001  Fill=0000
C:\UTILITY\cc65\lib/apple2.lib(rwcommon.o):
    CODE              Offs=000886  Size=00003D  Align=00001  Fill=0000
    RODATA            Offs=000140  Size=000000  Align=00001  Fill=0000
    BSS               Offs=000043  Size=000000  Align=00001  Fill=0000
    DATA              Offs=000092  Size=000000  Align=00001  Fill=0000
    ZEROPAGE          Offs=000000  Size=000000  Align=00001  Fill=0000
    NULL              Offs=000000  Size=000000  Align=00001  Fill=0000
C:\UTILITY\cc65\lib/apple2.lib(staxsp.o):
    CODE              Offs=0008C3  Size=00000B  Align=00001  Fill=0000
    RODATA            Offs=000140  Size=000000  Align=00001  Fill=0000
    BSS               Offs=000043  Size=000000  Align=00001  Fill=0000
    DATA              Offs=000092  Size=000000  Align=00001  Fill=0000
    ZEROPAGE          Offs=000000  Size=000000  Align=00001  Fill=0000
    NULL              Offs=000000  Size=000000  Align=00001  Fill=0000
C:\UTILITY\cc65\lib/apple2.lib(strlen.o):
    CODE              Offs=0008CE  Size=000016  Align=00001  Fill=0000
    RODATA            Offs=000140  Size=000000  Align=00001  Fill=0000
    BSS               Offs=000043  Size=000000  Align=00001  Fill=0000
    DATA              Offs=000092  Size=000000  Align=00001  Fill=0000
    ZEROPAGE          Offs=000000  Size=000000  Align=00001  Fill=0000
    NULL              Offs=000000  Size=000000  Align=00001  Fill=0000
C:\UTILITY\cc65\lib/apple2.lib(strlower.o):
    CODE              Offs=0008E4  Size=000027  Align=00001  Fill=0000
    RODATA            Offs=000140  Size=000000  Align=00001  Fill=0000
    BSS               Offs=000043  Size=000000  Align=00001  Fill=0000
    DATA              Offs=000092  Size=000000  Align=00001  Fill=0000
    ZEROPAGE          Offs=000000  Size=000000  Align=00001  Fill=0000
    NULL              Offs=000000  Size=000000  Align=00001  Fill=0000
C:\UTILITY\cc65\lib/apple2.lib(udiv.o):
    CODE              Offs=00090B  Size=00004F  Align=00001  Fill=0000
    RODATA            Offs=000140  Size=000000  Align=00001  Fill=0000
    BSS               Offs=000043  Size=000000  Align=00001  Fill=0000
    DATA              Offs=000092  Size=000000  Align=00001  Fill=0000
    ZEROPAGE          Offs=000000  Size=000000  Align=00001  Fill=0000
    NULL              Offs=000000  Size=000000  Align=00001  Fill=0000
C:\UTILITY\cc65\lib/apple2.lib(uppercasemask.o):
    CODE              Offs=00095A  Size=000000  Align=00001  Fill=0000
    RODATA            Offs=000140  Size=000000  Align=00001  Fill=0000
    BSS               Offs=000043  Size=000000  Align=00001  Fill=0000
    DATA              Offs=000092  Size=000001  Align=00001  Fill=0000
    ZEROPAGE          Offs=000000  Size=000000  Align=00001  Fill=0000
    NULL              Offs=000000  Size=000000  Align=00001  Fill=0000
C:\UTILITY\cc65\lib/apple2.lib(vfprintf.o):
    CODE              Offs=00095A  Size=000061  Align=00001  Fill=0000
    RODATA            Offs=000140  Size=000000  Align=00001  Fill=0000
    BSS               Offs=000043  Size=000000  Align=00001  Fill=0000
    DATA              Offs=000093  Size=000008  Align=00001  Fill=0000
    ZEROPAGE          Offs=000000  Size=000000  Align=00001  Fill=0000
    NULL              Offs=000000  Size=000000  Align=00001  Fill=0000
C:\UTILITY\cc65\lib/apple2.lib(write.o):
    CODE              Offs=0009BB  Size=000071  Align=00001  Fill=0000
    RODATA            Offs=000140  Size=000000  Align=00001  Fill=0000
    BSS               Offs=000043  Size=000000  Align=00001  Fill=0000
    DATA              Offs=00009B  Size=000000  Align=00001  Fill=0000
    ZEROPAGE          Offs=000000  Size=000000  Align=00001  Fill=0000
    NULL              Offs=000000  Size=000000  Align=00001  Fill=0000
C:\UTILITY\cc65\lib/apple2.lib(zerobss.o):
    CODE              Offs=000A2C  Size=000023  Align=00001  Fill=0000
    RODATA            Offs=000140  Size=000000  Align=00001  Fill=0000
    BSS               Offs=000043  Size=000000  Align=00001  Fill=0000
    DATA              Offs=00009B  Size=000000  Align=00001  Fill=0000
    ZEROPAGE          Offs=000000  Size=000000  Align=00001  Fill=0000
    NULL              Offs=000000  Size=000000  Align=00001  Fill=0000
C:\UTILITY\cc65\lib/apple2.lib(zeropage.o):
    CODE              Offs=000A4F  Size=000000  Align=00001  Fill=0000
    RODATA            Offs=000140  Size=000000  Align=00001  Fill=0000
    BSS               Offs=000043  Size=000000  Align=00001  Fill=0000
    DATA              Offs=00009B  Size=000000  Align=00001  Fill=0000
    ZEROPAGE          Offs=000000  Size=00001A  Align=00001  Fill=0000
    NULL              Offs=000000  Size=000000  Align=00001  Fill=0000


Segment list:
-------------
Name                   Start     End    Size  Align
----------------------------------------------------
NULL                  000000  000000  000000  00001
ZEROPAGE              000080  000099  00001A  00001
EXEHDR                0007C9  000802  00003A  00001
STARTUP               000803  00080E  00000C  00001
LOWCODE               00080F  000818  00000A  00001
CODE                  000819  001267  000A4F  00001
RODATA                001268  0013A7  000140  00001
DATA                  0013A8  001442  00009B  00001
INIT                  001443  00145F  00001D  00001
BSS                   001460  0014A2  000043  00001
ONCE                  001460  0014EB  00008C  00001


Exports list by name:
---------------------
COUT                      00080F RLA    __BSS_LOAD__              001460  LA    
__BSS_RUN__               001460 RLA    __BSS_SIZE__              000043 REA    
__CONSTRUCTOR_COUNT__     000001 REA    __CONSTRUCTOR_TABLE__     0014EA RLA    
__DESTRUCTOR_COUNT__      000000 REA    __DESTRUCTOR_TABLE__      0013A8 RLA    
__EXEHDR__                000001 REA    __FILETYPE__              000006 REA    
__HIMEM__                 009600 REA    __LCADDR__                00D400 REA    
__LCSIZE__                000C00 REA    __LC_FILEOFFS__           000000  EA    
__LC_LAST__               00D400 RLA    __LC_SIZE__               000C00  EA    
__LC_START__              00D400 RLA    __MAIN_FILEOFFS__         00003A  EA    
__MAIN_LAST__             0014EC RLA    __MAIN_SIZE__             008DFD  EA    
__MAIN_START__            000803 RLA    __ONCE_LOAD__             001460 RLA    
__ONCE_RUN__              001460 RLA    __ONCE_SIZE__             00008C REA    
__STACKSIZE__             000800 REA    __STARTUP__               000001 REA    
__ZP_FILEOFFS__           000000  EA    __ZP_LAST__               00009A  LA    
__ZP_SIZE__               00001A  EA    __ZP_START__              000080  LA    
___directerrno            000910 RLA    ___errno                  00148C RLA    
___mappederrno            00091A RLA    ___oserror                001460 RLA    
___osmaperrno             000FF7 RLA    ___seterrno               000CCC RLA    
__argc                    0013C9  LA    __argv                    0013CB  LA    
__ctype                   0012EB RLA    __ctypeidx                0012F6 RLA    
__dos_type                0013F5 RLA    __filetab                 0013A8  LA    
__hextab                  0012C8 RLA    __longminstr              0012D8 RLA    
__printf                  000A1B RLA    _exit                     000D29 RLA    
_fwrite                   000DCD RLA    _is_uthernet2_installed   000819  LA    
_ltoa                     000ECF RLA    _main                     000870 RLA    
_printf                   00101B RLA    _stderr                   0013C4  LA    
_stdin                    0013C0  LA    _stdout                   0013C2 RLA    
_strlen                   0010E7 RLA    _strlen_ptr4              0010EB  LA    
_strlower                 0010FD RLA    _strlwr                   0010FD  LA    
_ultoa                    000F10 RLA    _vfprintf                 0011AB RLA    
_write                    0011D4 RLA    addeq0sp                  000CD5  LA    
addeqysp                  000CD7 RLA    addysp                    000CE7 RLA    
addysp1                   000CE6  LA    aslax4                    000CF4 RLA    
axlong                    000D05 RLA    axulong                   000D0B RLA    
booleq                    000F52 RLA    boolge                    000F63  LA    
boolgt                    000F61  LA    boolle                    000F59  LA    
boollt                    000F5B  LA    boolne                    000F4C  LA    
booluge                   000F73  LA    boolugt                   000F71  LA    
boolule                   000F69  LA    boolult                   000F6B  LA    
callmain                  000D12 RLA    callmli                   001416 RLA    
condes                    0013CD  LA    ctypemask                 000D72  LA    
ctypemaskdirect           000D76 RLA    decsp2                    000D90 RLA    
decsp4                    000D9D RLA    decsp6                    000DAA RLA    
done                      0013F2 RLA    donelib                   000D54 RLA    
fdtab                     0013F6 RLA    getfd                     000DB7 RLA    
incsp2                    000E4E RLA    incsp5                    000E5C RLA    
incsp6                    000E61 RLA    initdostype               0014D6  LAI   
initlib                   001460 RLA    ldauidx                   000E66 RLA    
ldax0sp                   000E6F  LA    ldaxysp                   000E71 RLA    
mliparam                  001490 RLA    mul8x16                   000FBF RLA    
mul8x16a                  000FC9 RLA    negeax                    000E78 RLA    
popax                     000E46 RLA    popptr1                   00100D RLA    
ptr1                      000088 RLZ    ptr2                      00008A RLZ    
ptr3                      00008C RLZ    ptr4                      00008E RLZ    
push0                     001069  LA    push0ax                   000E99  LA    
push1                     00104E RLA    pusha                     001057 RLA    
pusha0                    00106B RLA    pusha0sp                  001053  LA    
pushax                    00106D RLA    pushaysp                  001055  LA    
pusheax                   000E9F RLA    pushl0                    000E96  LA    
pushw0sp                  001083  LA    pushwysp                  001085 RLA    
regbank                   000094 RLZ    regsave                   000084  LZ    
reset                     000D60 RLA    return                    000D6B  LA    
rvsave                    00145D RLA    rwcommon                  0010AC RLA    
rwepilog                  0010CF RLA    rwprolog                  00109F RLA    
shlax4                    000CF4  LA    sp                        000080 RLZ    
sreg                      000082 RLZ    stax0sp                   0010DC  LA    
staxysp                   0010DE RLA    tmp1                      000090 RLZ    
tmp2                      000091  LZ    tmp3                      000092  LZ    
tmp4                      000093  LZ    tosmula0                  000FBD  LA    
tosmulax                  000F78  LA    tosudiva0                 001124  LA    
tosudivax                 001126 RLA    tosumula0                 000FBD  LA    
tosumulax                 000F78 RLA    udiv16                    001135  LA    
uppercasemask             00143A RLA    zerobss                   001245 RLA    
zpsave                    001443 RLA    


Exports list by value:
----------------------
__ZP_FILEOFFS__           000000  EA    __DESTRUCTOR_COUNT__      000000 REA    
__LC_FILEOFFS__           000000  EA    __CONSTRUCTOR_COUNT__     000001 REA    
__EXEHDR__                000001 REA    __STARTUP__               000001 REA    
__FILETYPE__              000006 REA    __ZP_SIZE__               00001A  EA    
__MAIN_FILEOFFS__         00003A  EA    __BSS_SIZE__              000043 REA    
__ZP_START__              000080  LA    sp                        000080 RLZ    
sreg                      000082 RLZ    regsave                   000084  LZ    
ptr1                      000088 RLZ    ptr2                      00008A RLZ    
__ONCE_SIZE__             00008C REA    ptr3                      00008C RLZ    
ptr4                      00008E RLZ    tmp1                      000090 RLZ    
tmp2                      000091  LZ    tmp3                      000092  LZ    
tmp4                      000093  LZ    regbank                   000094 RLZ    
__ZP_LAST__               00009A  LA    __STACKSIZE__             000800 REA    
__MAIN_START__            000803 RLA    COUT                      00080F RLA    
_is_uthernet2_installed   000819  LA    _main                     000870 RLA    
___directerrno            000910 RLA    ___mappederrno            00091A RLA    
__printf                  000A1B RLA    __LCSIZE__                000C00 REA    
__LC_SIZE__               000C00  EA    ___seterrno               000CCC RLA    
addeq0sp                  000CD5  LA    addeqysp                  000CD7 RLA    
addysp1                   000CE6  LA    addysp                    000CE7 RLA    
aslax4                    000CF4 RLA    shlax4                    000CF4  LA    
axlong                    000D05 RLA    axulong                   000D0B RLA    
callmain                  000D12 RLA    _exit                     000D29 RLA    
donelib                   000D54 RLA    reset                     000D60 RLA    
return                    000D6B  LA    ctypemask                 000D72  LA    
ctypemaskdirect           000D76 RLA    decsp2                    000D90 RLA    
decsp4                    000D9D RLA    decsp6                    000DAA RLA    
getfd                     000DB7 RLA    _fwrite                   000DCD RLA    
popax                     000E46 RLA    incsp2                    000E4E RLA    
incsp5                    000E5C RLA    incsp6                    000E61 RLA    
ldauidx                   000E66 RLA    ldax0sp                   000E6F  LA    
ldaxysp                   000E71 RLA    negeax                    000E78 RLA    
pushl0                    000E96  LA    push0ax                   000E99  LA    
pusheax                   000E9F RLA    _ltoa                     000ECF RLA    
_ultoa                    000F10 RLA    boolne                    000F4C  LA    
booleq                    000F52 RLA    boolle                    000F59  LA    
boollt                    000F5B  LA    boolgt                    000F61  LA    
boolge                    000F63  LA    boolule                   000F69  LA    
boolult                   000F6B  LA    boolugt                   000F71  LA    
booluge                   000F73  LA    tosumulax                 000F78 RLA    
tosmulax                  000F78  LA    tosmula0                  000FBD  LA    
tosumula0                 000FBD  LA    mul8x16                   000FBF RLA    
mul8x16a                  000FC9 RLA    ___osmaperrno             000FF7 RLA    
popptr1                   00100D RLA    _printf                   00101B RLA    
push1                     00104E RLA    pusha0sp                  001053  LA    
pushaysp                  001055  LA    pusha                     001057 RLA    
push0                     001069  LA    pusha0                    00106B RLA    
pushax                    00106D RLA    pushw0sp                  001083  LA    
pushwysp                  001085 RLA    rwprolog                  00109F RLA    
rwcommon                  0010AC RLA    rwepilog                  0010CF RLA    
stax0sp                   0010DC  LA    staxysp                   0010DE RLA    
_strlen                   0010E7 RLA    _strlen_ptr4              0010EB  LA    
_strlower                 0010FD RLA    _strlwr                   0010FD  LA    
tosudiva0                 001124  LA    tosudivax                 001126 RLA    
udiv16                    001135  LA    _vfprintf                 0011AB RLA    
_write                    0011D4 RLA    zerobss                   001245 RLA    
__hextab                  0012C8 RLA    __longminstr              0012D8 RLA    
__ctype                   0012EB RLA    __ctypeidx                0012F6 RLA    
__DESTRUCTOR_TABLE__      0013A8 RLA    __filetab                 0013A8  LA    
_stdin                    0013C0  LA    _stdout                   0013C2 RLA    
_stderr                   0013C4  LA    __argc                    0013C9  LA    
__argv                    0013CB  LA    condes                    0013CD  LA    
done                      0013F2 RLA    __dos_type                0013F5 RLA    
fdtab                     0013F6 RLA    callmli                   001416 RLA    
uppercasemask             00143A RLA    zpsave                    001443 RLA    
rvsave                    00145D RLA    initlib                   001460 RLA    
___oserror                001460 RLA    __ONCE_RUN__              001460 RLA    
__ONCE_LOAD__             001460 RLA    __BSS_RUN__               001460 RLA    
__BSS_LOAD__              001460  LA    ___errno                  00148C RLA    
mliparam                  001490 RLA    initdostype               0014D6  LAI   
__CONSTRUCTOR_TABLE__     0014EA RLA    __MAIN_LAST__             0014EC RLA    
__MAIN_SIZE__             008DFD  EA    __HIMEM__                 009600 REA    
__LCADDR__                00D400 REA    __LC_LAST__               00D400 RLA    
__LC_START__              00D400 RLA    


Imports list:
-------------
COUT (cout.o):
    write.o                   apple2/write.s:9
__BSS_LOAD__ ([linker generated]):
__BSS_RUN__ ([linker generated]):
    zerobss.o                 common/zerobss.s:8
__BSS_SIZE__ ([linker generated]):
    zerobss.o                 common/zerobss.s:8
__CONSTRUCTOR_COUNT__ ([linker generated]):
    condes.o                  runtime/condes.s:18
__CONSTRUCTOR_TABLE__ ([linker generated]):
    condes.o                  runtime/condes.s:18
__DESTRUCTOR_COUNT__ ([linker generated]):
    condes.o                  runtime/condes.s:19
__DESTRUCTOR_TABLE__ ([linker generated]):
    condes.o                  runtime/condes.s:19
__EXEHDR__ (exehdr.o):
    [linker generated]        C:\UTILITY\cc65\cfg/apple2.cfg:7
__FILETYPE__ ([linker generated]):
    exehdr.o                  apple2/exehdr.s:9
__HIMEM__ ([linker generated]):
    [linker generated]        C:\UTILITY\cc65\cfg/apple2.cfg:18
    [linker generated]        C:\UTILITY\cc65\cfg/apple2.cfg:17
__LCADDR__ ([linker generated]):
    [linker generated]        C:\UTILITY\cc65\cfg/apple2.cfg:19
__LCSIZE__ ([linker generated]):
    [linker generated]        C:\UTILITY\cc65\cfg/apple2.cfg:19
__LC_FILEOFFS__ ([linker generated]):
__LC_LAST__ ([linker generated]):
    crt0.o                    apple2/crt0.s:14
__LC_SIZE__ ([linker generated]):
__LC_START__ ([linker generated]):
    crt0.o                    apple2/crt0.s:14
__MAIN_FILEOFFS__ ([linker generated]):
__MAIN_LAST__ ([linker generated]):
    exehdr.o                  apple2/exehdr.s:10
__MAIN_SIZE__ ([linker generated]):
__MAIN_START__ ([linker generated]):
    exehdr.o                  apple2/exehdr.s:10
__ONCE_LOAD__ ([linker generated]):
    crt0.o                    apple2/crt0.s:13
__ONCE_RUN__ ([linker generated]):
    [linker generated]        C:\UTILITY\cc65\cfg/apple2.cfg:18
    [linker generated]        C:\UTILITY\cc65\cfg/apple2.cfg:18
__ONCE_SIZE__ ([linker generated]):
    crt0.o                    apple2/crt0.s:13
__STACKSIZE__ ([linker generated]):
    [linker generated]        C:\UTILITY\cc65\cfg/apple2.cfg:18
__STARTUP__ (crt0.o):
    pch-uthernet-scan.o       pch-uthernet-scan.s:13
__ZP_FILEOFFS__ ([linker generated]):
__ZP_LAST__ ([linker generated]):
__ZP_SIZE__ ([linker generated]):
__ZP_START__ ([linker generated]):
___directerrno (_directerrno.o):
    write.o                   /home/runner/work/cc65/cc65/asminc/errno.inc:10
___errno (errno.o):
    _seterrno.o               /home/runner/work/cc65/cc65/asminc/errno.inc:7
___mappederrno (_mappederrno.o):
    rwcommon.o                /home/runner/work/cc65/cc65/asminc/errno.inc:10
    write.o                   /home/runner/work/cc65/cc65/asminc/errno.inc:10
___oserror (_oserror.o):
    rwcommon.o                /home/runner/work/cc65/cc65/asminc/errno.inc:7
    _mappederrno.o            /home/runner/work/cc65/cc65/asminc/errno.inc:7
    _directerrno.o            /home/runner/work/cc65/cc65/asminc/errno.inc:7
___osmaperrno (oserror.o):
    _mappederrno.o            /home/runner/work/cc65/cc65/asminc/errno.inc:8
___seterrno (_seterrno.o):
    _mappederrno.o            /home/runner/work/cc65/cc65/asminc/errno.inc:9
    _directerrno.o            /home/runner/work/cc65/cc65/asminc/errno.inc:9
    fwrite.o                  /home/runner/work/cc65/cc65/asminc/errno.inc:9
__argc (callmain.o):
__argv (callmain.o):
__ctype (ctype.o):
    ctypemask.o               common/ctypemask.s:23
__ctypeidx (ctype.o):
    ctypemask.o               common/ctypemask.s:24
__dos_type (dosdetect.o):
    mli.o                     apple2/mli.s:7
__filetab (_file.o):
__hextab (_hextab.o):
    ltoa.o                    common/ltoa.s:10
__longminstr (_longminstr.o):
    ltoa.o                    common/ltoa.s:10
__printf (_printf.o):
    vfprintf.o                common/vfprintf.s:10
_exit (callmain.o):
    crt0.o                    apple2/crt0.s:11
_fwrite (fwrite.o):
    vfprintf.o                common/vfprintf.s:10
_is_uthernet2_installed (pch-uthernet-scan.o):
_ltoa (ltoa.o):
    _printf.o                 common/_printf.s:12
_main (pch-uthernet-scan.o):
    callmain.o                apple2/callmain.s:11
_printf (printf.o):
    pch-uthernet-scan.o       pch-uthernet-scan.s:14
_stderr (_file.o):
_stdin (_file.o):
_stdout (_file.o):
    printf.o                  common/printf.s:8
_strlen (strlen.o):
    _printf.o                 common/_printf.s:13
_strlen_ptr4 (strlen.o):
_strlower (strlower.o):
    _printf.o                 common/_printf.s:13
_strlwr (strlower.o):
_ultoa (ltoa.o):
    _printf.o                 common/_printf.s:12
_vfprintf (vfprintf.o):
    printf.o                  common/printf.s:8
_write (write.o):
    fwrite.o                  common/fwrite.s:10
addeq0sp (addeqsp.o):
addeqysp (addeqsp.o):
    pch-uthernet-scan.o       pch-uthernet-scan.s:158
addysp (addysp.o):
    incsp6.o                  runtime/incsp6.s:8
    fwrite.o                  common/fwrite.s:11
    printf.o                  common/printf.s:8
    incsp5.o                  runtime/incsp5.s:8
addysp1 (addysp.o):
aslax4 (aslax4.o):
    pch-uthernet-scan.o       pch-uthernet-scan.s:158
axlong (axlong.o):
    _printf.o                 common/_printf.s:11
axulong (axlong.o):
    _printf.o                 common/_printf.s:11
booleq (makebool.o):
    pch-uthernet-scan.o       pch-uthernet-scan.s:158
    pch-uthernet-scan.o       pch-uthernet-scan.s:158
boolge (makebool.o):
boolgt (makebool.o):
boolle (makebool.o):
boollt (makebool.o):
boolne (makebool.o):
booluge (makebool.o):
boolugt (makebool.o):
boolule (makebool.o):
boolult (makebool.o):
callmain (callmain.o):
    crt0.o                    apple2/crt0.s:12
callmli (mli.o):
    rwcommon.o                apple2/mli.inc:131
    write.o                   apple2/mli.inc:131
condes (condes.o):
ctypemask (ctypemask.o):
ctypemaskdirect (ctypemask.o):
    strlower.o                common/strlower.s:14
decsp2 (decsp2.o):
    pch-uthernet-scan.o       pch-uthernet-scan.s:158
decsp4 (decsp4.o):
    lpush.o                   runtime/lpush.s:12
decsp6 (decsp6.o):
    _printf.o                 common/_printf.s:11
done (crt0.o):
    callmain.o                apple2/callmain.s:11
donelib (condes.o):
    callmain.o                apple2/callmain.s:11
fdtab (filedes.o):
    write.o                   apple2/filedes.inc:13
getfd (filedes.o):
    rwcommon.o                apple2/filedes.inc:14
incsp2 (incsp2.o):
    popptr1.o                 runtime/popptr1.s:8
incsp5 (incsp5.o):
    pch-uthernet-scan.o       pch-uthernet-scan.s:158
incsp6 (incsp6.o):
    fwrite.o                  common/fwrite.s:11
    vfprintf.o                common/vfprintf.s:9
initdostype (dosdetect.o):
initlib (condes.o):
    crt0.o                    apple2/crt0.s:11
ldauidx (ldaui.o):
    pch-uthernet-scan.o       pch-uthernet-scan.s:158
ldax0sp (ldaxsp.o):
ldaxysp (ldaxsp.o):
    fwrite.o                  common/fwrite.s:11
    pch-uthernet-scan.o       pch-uthernet-scan.s:158
    pch-uthernet-scan.o       pch-uthernet-scan.s:158
mliparam (mli.o):
    rwcommon.o                apple2/mli.inc:130
    write.o                   apple2/mli.inc:130
mul8x16 (mul8.o):
    mul.o                     runtime/mul.s:8
mul8x16a (mul8.o):
    mul.o                     runtime/mul.s:8
negeax (lneg.o):
    ltoa.o                    common/ltoa.s:9
popax (incsp2.o):
    rwcommon.o                apple2/rwcommon.s:6
    ltoa.o                    common/ltoa.s:9
    _printf.o                 common/_printf.s:11
popptr1 (popptr1.o):
    rwcommon.o                apple2/rwcommon.s:6
    udiv.o                    runtime/udiv.s:9
    mul8.o                    runtime/mul8.s:9
    mul.o                     runtime/mul.s:9
    ltoa.o                    common/ltoa.s:9
ptr1 (zeropage.o):
    rwcommon.o                /home/runner/work/cc65/cc65/asminc/zeropage.inc:12
    write.o                   /home/runner/work/cc65/cc65/asminc/zeropage.inc:12
    udiv.o                    runtime/udiv.s:10
    strlower.o                common/strlower.s:13
    popptr1.o                 runtime/popptr1.s:9
    mul8.o                    runtime/mul8.s:10
    mul.o                     runtime/mul.s:10
    ltoa.o                    common/ltoa.s:11
    fwrite.o                  common/fwrite.s:14
    _printf.o                 /home/runner/work/cc65/cc65/asminc/zeropage.inc:12
    zerobss.o                 common/zerobss.s:9
    vfprintf.o                common/vfprintf.s:11
    printf.o                  common/printf.s:9
    ldaui.o                   runtime/ldaui.s:8
ptr2 (zeropage.o):
    rwcommon.o                /home/runner/work/cc65/cc65/asminc/zeropage.inc:12
    write.o                   /home/runner/work/cc65/cc65/asminc/zeropage.inc:12
    strlower.o                common/strlower.s:13
    ltoa.o                    common/ltoa.s:11
    _printf.o                 /home/runner/work/cc65/cc65/asminc/zeropage.inc:12
ptr3 (zeropage.o):
    ltoa.o                    common/ltoa.s:11
ptr4 (zeropage.o):
    udiv.o                    runtime/udiv.s:10
    strlen.o                  common/strlen.s:12
    mul8.o                    runtime/mul8.s:10
    mul.o                     runtime/mul.s:10
push0 (pushax.o):
push0ax (lpush.o):
push1 (push1.o):
    _printf.o                 common/_printf.s:11
    vfprintf.o                common/vfprintf.s:9
pusha (pusha.o):
    pch-uthernet-scan.o       pch-uthernet-scan.s:158
pusha0 (pushax.o):
    push1.o                   runtime/push1.s:8
    fwrite.o                  common/fwrite.s:11
pusha0sp (pusha.o):
pushax (pushax.o):
    fwrite.o                  common/fwrite.s:11
    callmain.o                apple2/callmain.s:11
    _printf.o                 common/_printf.s:11
    printf.o                  common/printf.s:8
    pch-uthernet-scan.o       pch-uthernet-scan.s:158
    pch-uthernet-scan.o       pch-uthernet-scan.s:158
pushaysp (pusha.o):
pusheax (lpush.o):
    _printf.o                 common/_printf.s:11
pushl0 (lpush.o):
pushw0sp (pushwsp.o):
pushwysp (pushwsp.o):
    fwrite.o                  common/fwrite.s:11
    vfprintf.o                common/vfprintf.s:9
regbank (zeropage.o):
    _printf.o                 /home/runner/work/cc65/cc65/asminc/zeropage.inc:14
regsave (zeropage.o):
reset (crt0.o):
    callmain.o                apple2/callmain.s:12
return (crt0.o):
rvsave (crt0.o):
    callmain.o                apple2/callmain.s:12
rwcommon (rwcommon.o):
    write.o                   apple2/write.s:8
rwepilog (rwcommon.o):
    write.o                   apple2/write.s:8
rwprolog (rwcommon.o):
    write.o                   apple2/write.s:8
shlax4 (aslax4.o):
sp (zeropage.o):
    decsp4.o                  runtime/decsp4.s:8
    pushwsp.o                 runtime/pushwsp.s:8
    popptr1.o                 runtime/popptr1.s:9
    lpush.o                   runtime/lpush.s:13
    incsp2.o                  runtime/incsp2.s:8
    decsp6.o                  runtime/decsp6.s:8
    callmain.o                /home/runner/work/cc65/cc65/asminc/zeropage.inc:11
    addysp.o                  runtime/addysp.s:8
    _printf.o                 /home/runner/work/cc65/cc65/asminc/zeropage.inc:11
    vfprintf.o                common/vfprintf.s:11
    staxsp.o                  runtime/staxsp.s:8
    pushax.o                  runtime/pushax.s:8
    pusha.o                   runtime/pusha.s:8
    printf.o                  common/printf.s:9
    ldaxsp.o                  runtime/ldaxsp.s:8
    decsp2.o                  runtime/decsp2.s:8
    crt0.o                    /home/runner/work/cc65/cc65/asminc/zeropage.inc:11
    addeqsp.o                 runtime/addeqsp.s:8
    pch-uthernet-scan.o       pch-uthernet-scan.s:10
sreg (zeropage.o):
    lneg.o                    runtime/lneg.s:11
    udiv.o                    runtime/udiv.s:10
    ltoa.o                    common/ltoa.s:11
    lpush.o                   runtime/lpush.s:13
    axlong.o                  runtime/axlong.s:9
    _printf.o                 /home/runner/work/cc65/cc65/asminc/zeropage.inc:11
stax0sp (staxsp.o):
staxysp (staxsp.o):
    pch-uthernet-scan.o       pch-uthernet-scan.s:158
tmp1 (zeropage.o):
    mul.o                     runtime/mul.s:10
    ltoa.o                    common/ltoa.s:11
    _printf.o                 /home/runner/work/cc65/cc65/asminc/zeropage.inc:13
    aslax4.o                  runtime/aslax4.s:8
    pch-uthernet-scan.o       pch-uthernet-scan.s:11
tmp2 (zeropage.o):
tmp3 (zeropage.o):
tmp4 (zeropage.o):
tosmula0 (mul8.o):
tosmulax (mul.o):
tosudiva0 (udiv.o):
tosudivax (udiv.o):
    fwrite.o                  common/fwrite.s:12
tosumula0 (mul8.o):
tosumulax (mul.o):
    fwrite.o                  common/fwrite.s:12
udiv16 (udiv.o):
uppercasemask (uppercasemask.o):
    write.o                   apple2/write.s:11
zerobss (zerobss.o):
    crt0.o                    apple2/crt0.s:12
zpsave (crt0.o):
    callmain.o                apple2/callmain.s:12

