Modules list:
-------------
chatbot.o:
    CODE              Offs=000000  Size=000F19  Align=00001  Fill=0000
    RODATA            Offs=000000  Size=0004E2  Align=00001  Fill=0000
    BSS               Offs=000000  Size=000B19  Align=00001  Fill=0000
    DATA              Offs=000000  Size=00000C  Align=00001  Fill=0000
    ZEROPAGE          Offs=000000  Size=000000  Align=00001  Fill=0000
    NULL              Offs=000000  Size=000000  Align=00001  Fill=0000
../00.LIBRERIE/IP65/lib/ip65_tcp.lib(arithmetic.o):
    CODE              Offs=000F19  Size=00009D  Align=00001  Fill=0000
    RODATA            Offs=0004E2  Size=000000  Align=00001  Fill=0000
    BSS               Offs=000B19  Size=000002  Align=00001  Fill=0000
    DATA              Offs=00000C  Size=000000  Align=00001  Fill=0000
    ZEROPAGE          Offs=000000  Size=000000  Align=00001  Fill=0000
    NULL              Offs=000000  Size=000000  Align=00001  Fill=0000
../00.LIBRERIE/IP65/lib/ip65_tcp.lib(arp.o):
    CODE              Offs=000FB6  Size=000202  Align=00001  Fill=0000
    RODATA            Offs=0004E2  Size=000000  Align=00001  Fill=0000
    BSS               Offs=000B1B  Size=000066  Align=00001  Fill=0000
    DATA              Offs=00000C  Size=000000  Align=00001  Fill=0000
    ZEROPAGE          Offs=000000  Size=000000  Align=00001  Fill=0000
    NULL              Offs=000000  Size=000000  Align=00001  Fill=0000
../00.LIBRERIE/IP65/lib/ip65_tcp.lib(config.o):
    CODE              Offs=0011B8  Size=000000  Align=00001  Fill=0000
    RODATA            Offs=0004E2  Size=000000  Align=00001  Fill=0000
    BSS               Offs=000B81  Size=000000  Align=00001  Fill=0000
    DATA              Offs=00000C  Size=00001E  Align=00001  Fill=0000
    ZEROPAGE          Offs=000000  Size=000000  Align=00001  Fill=0000
    NULL              Offs=000000  Size=000000  Align=00001  Fill=0000
../00.LIBRERIE/IP65/lib/ip65_tcp.lib(copymem.o):
    CODE              Offs=0011B8  Size=000027  Align=00001  Fill=0000
    RODATA            Offs=0004E2  Size=000000  Align=00001  Fill=0000
    BSS               Offs=000B81  Size=000001  Align=00001  Fill=0000
    DATA              Offs=00002A  Size=000000  Align=00001  Fill=0000
    ZEROPAGE          Offs=000000  Size=000000  Align=00001  Fill=0000
    NULL              Offs=000000  Size=000000  Align=00001  Fill=0000
../00.LIBRERIE/IP65/lib/ip65_tcp.lib(dhcp.o):
    CODE              Offs=0011DF  Size=000294  Align=00001  Fill=0000
    RODATA            Offs=0004E2  Size=000000  Align=00001  Fill=0000
    BSS               Offs=000B82  Size=000009  Align=00001  Fill=0000
    DATA              Offs=00002A  Size=000000  Align=00001  Fill=0000
    ZEROPAGE          Offs=000000  Size=000000  Align=00001  Fill=0000
    NULL              Offs=000000  Size=000000  Align=00001  Fill=0000
../00.LIBRERIE/IP65/lib/ip65_tcp.lib(dhcp_c.o):
    CODE              Offs=001473  Size=000008  Align=00001  Fill=0000
    RODATA            Offs=0004E2  Size=000000  Align=00001  Fill=0000
    BSS               Offs=000B8B  Size=000000  Align=00001  Fill=0000
    DATA              Offs=00002A  Size=000000  Align=00001  Fill=0000
    ZEROPAGE          Offs=000000  Size=000000  Align=00001  Fill=0000
    NULL              Offs=000000  Size=000000  Align=00001  Fill=0000
../00.LIBRERIE/IP65/lib/ip65_tcp.lib(dottedquad.o):
    CODE              Offs=00147B  Size=00005C  Align=00001  Fill=0000
    RODATA            Offs=0004E2  Size=000000  Align=00001  Fill=0000
    BSS               Offs=000B8B  Size=000004  Align=00001  Fill=0000
    DATA              Offs=00002A  Size=000004  Align=00001  Fill=0000
    ZEROPAGE          Offs=000000  Size=000000  Align=00001  Fill=0000
    NULL              Offs=000000  Size=000000  Align=00001  Fill=0000
../00.LIBRERIE/IP65/lib/ip65_tcp.lib(dottedquad_c.o):
    CODE              Offs=0014D7  Size=000092  Align=00001  Fill=0000
    RODATA            Offs=0004E2  Size=000000  Align=00001  Fill=0000
    BSS               Offs=000B8F  Size=000010  Align=00001  Fill=0000
    DATA              Offs=00002E  Size=000000  Align=00001  Fill=0000
    ZEROPAGE          Offs=000000  Size=000000  Align=00001  Fill=0000
    NULL              Offs=000000  Size=000000  Align=00001  Fill=0000
../00.LIBRERIE/IP65/lib/ip65_tcp.lib(error.o):
    CODE              Offs=001569  Size=000071  Align=00001  Fill=0000
    RODATA            Offs=0004E2  Size=0000BD  Align=00001  Fill=0000
    BSS               Offs=000B9F  Size=000000  Align=00001  Fill=0000
    DATA              Offs=00002E  Size=000000  Align=00001  Fill=0000
    ZEROPAGE          Offs=000000  Size=000000  Align=00001  Fill=0000
    NULL              Offs=000000  Size=000000  Align=00001  Fill=0000
../00.LIBRERIE/IP65/lib/ip65_tcp.lib(eth.o):
    CODE              Offs=0015DA  Size=000020  Align=00001  Fill=0000
    RODATA            Offs=00059F  Size=000000  Align=00001  Fill=0000
    BSS               Offs=000B9F  Size=000004  Align=00001  Fill=0000
    DATA              Offs=00002E  Size=000000  Align=00001  Fill=0000
    ZEROPAGE          Offs=000000  Size=000000  Align=00001  Fill=0000
    NULL              Offs=000000  Size=000000  Align=00001  Fill=0000
../00.LIBRERIE/IP65/lib/ip65_tcp.lib(eth_buffer.o):
    CODE              Offs=0015FA  Size=000000  Align=00001  Fill=0000
    RODATA            Offs=00059F  Size=000000  Align=00001  Fill=0000
    BSS               Offs=000BA3  Size=000BDC  Align=00001  Fill=0000
    DATA              Offs=00002E  Size=000000  Align=00001  Fill=0000
    ZEROPAGE          Offs=000000  Size=000000  Align=00001  Fill=0000
    NULL              Offs=000000  Size=000000  Align=00001  Fill=0000
../00.LIBRERIE/IP65/lib/ip65_tcp.lib(ip65.o):
    CODE              Offs=0015FA  Size=00005F  Align=00001  Fill=0000
    RODATA            Offs=00059F  Size=000000  Align=00001  Fill=0000
    BSS               Offs=00177F  Size=000004  Align=00001  Fill=0000
    DATA              Offs=00002E  Size=000000  Align=00001  Fill=0000
    ZEROPAGE          Offs=000000  Size=000000  Align=00001  Fill=0000
    NULL              Offs=000000  Size=000000  Align=00001  Fill=0000
../00.LIBRERIE/IP65/lib/ip65_tcp.lib(ip65_c.o):
    CODE              Offs=001659  Size=000010  Align=00001  Fill=0000
    RODATA            Offs=00059F  Size=000000  Align=00001  Fill=0000
    BSS               Offs=001783  Size=000000  Align=00001  Fill=0000
    DATA              Offs=00002E  Size=000000  Align=00001  Fill=0000
    ZEROPAGE          Offs=000000  Size=000000  Align=00001  Fill=0000
    NULL              Offs=000000  Size=000000  Align=00001  Fill=0000
../00.LIBRERIE/IP65/lib/ip65_tcp.lib(tcp_c.o):
    CODE              Offs=001669  Size=000084  Align=00001  Fill=0000
    RODATA            Offs=00059F  Size=000000  Align=00001  Fill=0000
    BSS               Offs=001783  Size=000000  Align=00001  Fill=0000
    DATA              Offs=00002E  Size=000012  Align=00001  Fill=0000
    ZEROPAGE          Offs=000000  Size=000000  Align=00001  Fill=0000
    NULL              Offs=000000  Size=000000  Align=00001  Fill=0000
../00.LIBRERIE/IP65/lib/ip65_tcp.lib(timer.o):
    CODE              Offs=0016ED  Size=000018  Align=00001  Fill=0000
    RODATA            Offs=00059F  Size=000000  Align=00001  Fill=0000
    BSS               Offs=001783  Size=000002  Align=00001  Fill=0000
    DATA              Offs=000040  Size=000000  Align=00001  Fill=0000
    ZEROPAGE          Offs=000000  Size=000000  Align=00001  Fill=0000
    NULL              Offs=000000  Size=000000  Align=00001  Fill=0000
../00.LIBRERIE/IP65/lib/ip65_tcp.lib(output_buffer.o):
    CODE              Offs=001705  Size=000000  Align=00001  Fill=0000
    RODATA            Offs=00059F  Size=000000  Align=00001  Fill=0000
    BSS               Offs=001785  Size=000208  Align=00001  Fill=0000
    DATA              Offs=000040  Size=000000  Align=00001  Fill=0000
    ZEROPAGE          Offs=000000  Size=000000  Align=00001  Fill=0000
    NULL              Offs=000000  Size=000000  Align=00001  Fill=0000
../00.LIBRERIE/IP65/lib/ip65_tcp.lib(udp.o):
    CODE              Offs=001705  Size=000176  Align=00001  Fill=0000
    RODATA            Offs=00059F  Size=000000  Align=00001  Fill=0000
    BSS               Offs=00198D  Size=00001F  Align=00001  Fill=0000
    DATA              Offs=000040  Size=000003  Align=00001  Fill=0000
    ZEROPAGE          Offs=000000  Size=000000  Align=00001  Fill=0000
    NULL              Offs=000000  Size=000000  Align=00001  Fill=0000
../00.LIBRERIE/IP65/lib/ip65_tcp.lib(ip_tcp.o):
    CODE              Offs=00187B  Size=000215  Align=00001  Fill=0000
    RODATA            Offs=00059F  Size=000000  Align=00001  Fill=0000
    BSS               Offs=0019AC  Size=00000C  Align=00001  Fill=0000
    DATA              Offs=000043  Size=000000  Align=00001  Fill=0000
    ZEROPAGE          Offs=000000  Size=000000  Align=00001  Fill=0000
    NULL              Offs=000000  Size=000000  Align=00001  Fill=0000
../00.LIBRERIE/IP65/lib/ip65_tcp.lib(icmp_tcp.o):
    CODE              Offs=001A90  Size=000230  Align=00001  Fill=0000
    RODATA            Offs=00059F  Size=000000  Align=00001  Fill=0000
    BSS               Offs=0019B8  Size=000011  Align=00001  Fill=0000
    DATA              Offs=000043  Size=000003  Align=00001  Fill=0000
    ZEROPAGE          Offs=000000  Size=000000  Align=00001  Fill=0000
    NULL              Offs=000000  Size=000000  Align=00001  Fill=0000
../00.LIBRERIE/IP65/lib/ip65_tcp.lib(tcp.o):
    CODE              Offs=001CC0  Size=00066B  Align=00001  Fill=0000
    RODATA            Offs=00059F  Size=000000  Align=00001  Fill=0000
    BSS               Offs=0019C9  Size=000042  Align=00001  Fill=0000
    DATA              Offs=000046  Size=000000  Align=00001  Fill=0000
    ZEROPAGE          Offs=000000  Size=000000  Align=00001  Fill=0000
    NULL              Offs=000000  Size=000000  Align=00001  Fill=0000
../00.LIBRERIE/IP65/drivers/ip65_apple2.lib(uthernet.o):
    CODE              Offs=00232B  Size=000000  Align=00001  Fill=0000
    RODATA            Offs=00059F  Size=000020  Align=00001  Fill=0000
    BSS               Offs=001A0B  Size=000000  Align=00001  Fill=0000
    DATA              Offs=000046  Size=00017C  Align=00001  Fill=0000
    ZEROPAGE          Offs=000000  Size=000000  Align=00001  Fill=0000
    NULL              Offs=000000  Size=000000  Align=00001  Fill=0000
../00.LIBRERIE/IP65/drivers/ip65_apple2.lib(lancegs.o):
    CODE              Offs=00232B  Size=000000  Align=00001  Fill=0000
    RODATA            Offs=0005BF  Size=00002E  Align=00001  Fill=0000
    BSS               Offs=001A0B  Size=000000  Align=00001  Fill=0000
    DATA              Offs=0001C2  Size=00018B  Align=00001  Fill=0000
    ZEROPAGE          Offs=000000  Size=000000  Align=00001  Fill=0000
    NULL              Offs=000000  Size=000000  Align=00001  Fill=0000
../00.LIBRERIE/IP65/drivers/ip65_apple2.lib(uthernet2.o):
    CODE              Offs=00232B  Size=000000  Align=00001  Fill=0000
    RODATA            Offs=0005ED  Size=00002B  Align=00001  Fill=0000
    BSS               Offs=001A0B  Size=000000  Align=00001  Fill=0000
    DATA              Offs=00034D  Size=000238  Align=00001  Fill=0000
    ZEROPAGE          Offs=000000  Size=000000  Align=00001  Fill=0000
    NULL              Offs=000000  Size=000000  Align=00001  Fill=0000
../00.LIBRERIE/IP65/drivers/ip65_apple2.lib(a2combo.o):
    CODE              Offs=00232B  Size=0000BF  Align=00001  Fill=0000
    RODATA            Offs=000618  Size=000000  Align=00001  Fill=0000
    BSS               Offs=001A0B  Size=000015  Align=00001  Fill=0000
    DATA              Offs=000585  Size=000043  Align=00001  Fill=0000
    ZEROPAGE          Offs=000000  Size=000000  Align=00001  Fill=0000
    NULL              Offs=000000  Size=000000  Align=00001  Fill=0000
../00.LIBRERIE/IP65/drivers/ip65_apple2.lib(a2_timer.o):
    CODE              Offs=0023EA  Size=00002E  Align=00001  Fill=0000
    RODATA            Offs=000618  Size=000000  Align=00001  Fill=0000
    BSS               Offs=001A20  Size=000002  Align=00001  Fill=0000
    DATA              Offs=0005C8  Size=000000  Align=00001  Fill=0000
    ZEROPAGE          Offs=000000  Size=000000  Align=00001  Fill=0000
    NULL              Offs=000000  Size=000000  Align=00001  Fill=0000
../00.LIBRERIE/IP65/drivers/ip65_apple2.lib(a2_input.o):
    CODE              Offs=002418  Size=00000F  Align=00001  Fill=0000
    RODATA            Offs=000618  Size=000000  Align=00001  Fill=0000
    BSS               Offs=001A22  Size=000000  Align=00001  Fill=0000
    DATA              Offs=0005C8  Size=000001  Align=00001  Fill=0000
    ZEROPAGE          Offs=000000  Size=000000  Align=00001  Fill=0000
    NULL              Offs=000000  Size=000000  Align=00001  Fill=0000
C:\UTILITY\cc65\lib/apple2.lib(_cursor.o):
    CODE              Offs=002427  Size=000000  Align=00001  Fill=0000
    RODATA            Offs=000618  Size=000000  Align=00001  Fill=0000
    BSS               Offs=001A22  Size=000001  Align=00001  Fill=0000
    DATA              Offs=0005C9  Size=000000  Align=00001  Fill=0000
    ZEROPAGE          Offs=000000  Size=000000  Align=00001  Fill=0000
    NULL              Offs=000000  Size=000000  Align=00001  Fill=0000
C:\UTILITY\cc65\lib/apple2.lib(_directerrno.o):
    CODE              Offs=002427  Size=00000A  Align=00001  Fill=0000
    RODATA            Offs=000618  Size=000000  Align=00001  Fill=0000
    BSS               Offs=001A23  Size=000000  Align=00001  Fill=0000
    DATA              Offs=0005C9  Size=000000  Align=00001  Fill=0000
    ZEROPAGE          Offs=000000  Size=000000  Align=00001  Fill=0000
    NULL              Offs=000000  Size=000000  Align=00001  Fill=0000
C:\UTILITY\cc65\lib/apple2.lib(_file.o):
    CODE              Offs=002431  Size=000000  Align=00001  Fill=0000
    RODATA            Offs=000618  Size=000000  Align=00001  Fill=0000
    BSS               Offs=001A23  Size=000000  Align=00001  Fill=0000
    DATA              Offs=0005C9  Size=00001E  Align=00001  Fill=0000
    ZEROPAGE          Offs=000000  Size=000000  Align=00001  Fill=0000
    NULL              Offs=000000  Size=000000  Align=00001  Fill=0000
C:\UTILITY\cc65\lib/apple2.lib(_hextab.o):
    CODE              Offs=002431  Size=000000  Align=00001  Fill=0000
    RODATA            Offs=000618  Size=000010  Align=00001  Fill=0000
    BSS               Offs=001A23  Size=000000  Align=00001  Fill=0000
    DATA              Offs=0005E7  Size=000000  Align=00001  Fill=0000
    ZEROPAGE          Offs=000000  Size=000000  Align=00001  Fill=0000
    NULL              Offs=000000  Size=000000  Align=00001  Fill=0000
C:\UTILITY\cc65\lib/apple2.lib(_longminstr.o):
    CODE              Offs=002431  Size=000000  Align=00001  Fill=0000
    RODATA            Offs=000628  Size=00000C  Align=00001  Fill=0000
    BSS               Offs=001A23  Size=000000  Align=00001  Fill=0000
    DATA              Offs=0005E7  Size=000000  Align=00001  Fill=0000
    ZEROPAGE          Offs=000000  Size=000000  Align=00001  Fill=0000
    NULL              Offs=000000  Size=000000  Align=00001  Fill=0000
C:\UTILITY\cc65\lib/apple2.lib(_mappederrno.o):
    CODE              Offs=002431  Size=000010  Align=00001  Fill=0000
    RODATA            Offs=000634  Size=000000  Align=00001  Fill=0000
    BSS               Offs=001A23  Size=000000  Align=00001  Fill=0000
    DATA              Offs=0005E7  Size=000000  Align=00001  Fill=0000
    ZEROPAGE          Offs=000000  Size=000000  Align=00001  Fill=0000
    NULL              Offs=000000  Size=000000  Align=00001  Fill=0000
C:\UTILITY\cc65\lib/apple2.lib(_oserror.o):
    CODE              Offs=002441  Size=000000  Align=00001  Fill=0000
    RODATA            Offs=000634  Size=000000  Align=00001  Fill=0000
    BSS               Offs=001A23  Size=000001  Align=00001  Fill=0000
    DATA              Offs=0005E7  Size=000000  Align=00001  Fill=0000
    ZEROPAGE          Offs=000000  Size=000000  Align=00001  Fill=0000
    NULL              Offs=000000  Size=000000  Align=00001  Fill=0000
C:\UTILITY\cc65\lib/apple2.lib(_printf.o):
    CODE              Offs=002441  Size=0003A2  Align=00001  Fill=0000
    RODATA            Offs=000634  Size=000000  Align=00001  Fill=0000
    BSS               Offs=001A24  Size=00002B  Align=00001  Fill=0000
    DATA              Offs=0005E7  Size=000003  Align=00001  Fill=0000
    ZEROPAGE          Offs=000000  Size=000000  Align=00001  Fill=0000
    NULL              Offs=000000  Size=000000  Align=00001  Fill=0000
C:\UTILITY\cc65\lib/apple2.lib(_scanf.o):
    CODE              Offs=0027E3  Size=00078B  Align=00001  Fill=0000
    RODATA            Offs=000634  Size=000010  Align=00001  Fill=0000
    BSS               Offs=001A4F  Size=000042  Align=00001  Fill=0000
    DATA              Offs=0005EA  Size=000000  Align=00001  Fill=0000
    ZEROPAGE          Offs=000000  Size=000000  Align=00001  Fill=0000
    NULL              Offs=000000  Size=000000  Align=00001  Fill=0000
C:\UTILITY\cc65\lib/apple2.lib(_seterrno.o):
    CODE              Offs=002F6E  Size=000009  Align=00001  Fill=0000
    RODATA            Offs=000644  Size=000000  Align=00001  Fill=0000
    BSS               Offs=001A91  Size=000000  Align=00001  Fill=0000
    DATA              Offs=0005EA  Size=000000  Align=00001  Fill=0000
    ZEROPAGE          Offs=000000  Size=000000  Align=00001  Fill=0000
    NULL              Offs=000000  Size=000000  Align=00001  Fill=0000
C:\UTILITY\cc65\lib/apple2.lib(add.o):
    CODE              Offs=002F77  Size=00001C  Align=00001  Fill=0000
    RODATA            Offs=000644  Size=000000  Align=00001  Fill=0000
    BSS               Offs=001A91  Size=000000  Align=00001  Fill=0000
    DATA              Offs=0005EA  Size=000000  Align=00001  Fill=0000
    ZEROPAGE          Offs=000000  Size=000000  Align=00001  Fill=0000
    NULL              Offs=000000  Size=000000  Align=00001  Fill=0000
C:\UTILITY\cc65\lib/apple2.lib(addeqsp.o):
    CODE              Offs=002F93  Size=000011  Align=00001  Fill=0000
    RODATA            Offs=000644  Size=000000  Align=00001  Fill=0000
    BSS               Offs=001A91  Size=000000  Align=00001  Fill=0000
    DATA              Offs=0005EA  Size=000000  Align=00001  Fill=0000
    ZEROPAGE          Offs=000000  Size=000000  Align=00001  Fill=0000
    NULL              Offs=000000  Size=000000  Align=00001  Fill=0000
C:\UTILITY\cc65\lib/apple2.lib(addysp.o):
    CODE              Offs=002FA4  Size=00000E  Align=00001  Fill=0000
    RODATA            Offs=000644  Size=000000  Align=00001  Fill=0000
    BSS               Offs=001A91  Size=000000  Align=00001  Fill=0000
    DATA              Offs=0005EA  Size=000000  Align=00001  Fill=0000
    ZEROPAGE          Offs=000000  Size=000000  Align=00001  Fill=0000
    NULL              Offs=000000  Size=000000  Align=00001  Fill=0000
C:\UTILITY\cc65\lib/apple2.lib(axlong.o):
    CODE              Offs=002FB2  Size=00000D  Align=00001  Fill=0000
    RODATA            Offs=000644  Size=000000  Align=00001  Fill=0000
    BSS               Offs=001A91  Size=000000  Align=00001  Fill=0000
    DATA              Offs=0005EA  Size=000000  Align=00001  Fill=0000
    ZEROPAGE          Offs=000000  Size=000000  Align=00001  Fill=0000
    NULL              Offs=000000  Size=000000  Align=00001  Fill=0000
C:\UTILITY\cc65\lib/apple2.lib(bneg.o):
    CODE              Offs=002FBF  Size=00000E  Align=00001  Fill=0000
    RODATA            Offs=000644  Size=000000  Align=00001  Fill=0000
    BSS               Offs=001A91  Size=000000  Align=00001  Fill=0000
    DATA              Offs=0005EA  Size=000000  Align=00001  Fill=0000
    ZEROPAGE          Offs=000000  Size=000000  Align=00001  Fill=0000
    NULL              Offs=000000  Size=000000  Align=00001  Fill=0000
C:\UTILITY\cc65\lib/apple2.lib(callmain.o):
    CODE              Offs=002FCD  Size=000042  Align=00001  Fill=0000
    RODATA            Offs=000644  Size=000000  Align=00001  Fill=0000
    BSS               Offs=001A91  Size=000000  Align=00001  Fill=0000
    DATA              Offs=0005EA  Size=000004  Align=00001  Fill=0000
    ZEROPAGE          Offs=000000  Size=000000  Align=00001  Fill=0000
    NULL              Offs=000000  Size=000000  Align=00001  Fill=0000
C:\UTILITY\cc65\lib/apple2.lib(cgetc.o):
    CODE              Offs=00300F  Size=000028  Align=00001  Fill=0000
    RODATA            Offs=000644  Size=000000  Align=00001  Fill=0000
    BSS               Offs=001A91  Size=000000  Align=00001  Fill=0000
    DATA              Offs=0005EE  Size=000000  Align=00001  Fill=0000
    ZEROPAGE          Offs=000000  Size=000000  Align=00001  Fill=0000
    NULL              Offs=000000  Size=000000  Align=00001  Fill=0000
C:\UTILITY\cc65\lib/apple2.lib(checkferror.o):
    CODE              Offs=003037  Size=00000C  Align=00001  Fill=0000
    RODATA            Offs=000644  Size=000000  Align=00001  Fill=0000
    BSS               Offs=001A91  Size=000000  Align=00001  Fill=0000
    DATA              Offs=0005EE  Size=000000  Align=00001  Fill=0000
    ZEROPAGE          Offs=000000  Size=000000  Align=00001  Fill=0000
    NULL              Offs=000000  Size=000000  Align=00001  Fill=0000
C:\UTILITY\cc65\lib/apple2.lib(clrscr.o):
    CODE              Offs=003043  Size=000000  Align=00001  Fill=0000
    RODATA            Offs=000644  Size=000000  Align=00001  Fill=0000
    BSS               Offs=001A91  Size=000000  Align=00001  Fill=0000
    DATA              Offs=0005EE  Size=000000  Align=00001  Fill=0000
    ZEROPAGE          Offs=000000  Size=000000  Align=00001  Fill=0000
    NULL              Offs=000000  Size=000000  Align=00001  Fill=0000
C:\UTILITY\cc65\lib/apple2.lib(compl.o):
    CODE              Offs=003043  Size=000009  Align=00001  Fill=0000
    RODATA            Offs=000644  Size=000000  Align=00001  Fill=0000
    BSS               Offs=001A91  Size=000000  Align=00001  Fill=0000
    DATA              Offs=0005EE  Size=000000  Align=00001  Fill=0000
    ZEROPAGE          Offs=000000  Size=000000  Align=00001  Fill=0000
    NULL              Offs=000000  Size=000000  Align=00001  Fill=0000
C:\UTILITY\cc65\lib/apple2.lib(condes.o):
    CODE              Offs=00304C  Size=00000C  Align=00001  Fill=0000
    RODATA            Offs=000644  Size=000000  Align=00001  Fill=0000
    BSS               Offs=001A91  Size=000000  Align=00001  Fill=0000
    DATA              Offs=0005EE  Size=000025  Align=00001  Fill=0000
    ZEROPAGE          Offs=000000  Size=000000  Align=00001  Fill=0000
    NULL              Offs=000000  Size=000000  Align=00001  Fill=0000
    ONCE              Offs=000000  Size=00000C  Align=00001  Fill=0000
C:\UTILITY\cc65\lib/apple2.lib(cout.o):
    CODE              Offs=003058  Size=000000  Align=00001  Fill=0000
    RODATA            Offs=000644  Size=000000  Align=00001  Fill=0000
    BSS               Offs=001A91  Size=000000  Align=00001  Fill=0000
    DATA              Offs=000613  Size=000000  Align=00001  Fill=0000
    ZEROPAGE          Offs=000000  Size=000000  Align=00001  Fill=0000
    NULL              Offs=000000  Size=000000  Align=00001  Fill=0000
    LOWCODE           Offs=000000  Size=00000A  Align=00001  Fill=0000
C:\UTILITY\cc65\lib/apple2.lib(cputc.o):
    CODE              Offs=003058  Size=000044  Align=00001  Fill=0000
    RODATA            Offs=000644  Size=000000  Align=00001  Fill=0000
    BSS               Offs=001A91  Size=000000  Align=00001  Fill=0000
    DATA              Offs=000613  Size=000000  Align=00001  Fill=0000
    ZEROPAGE          Offs=000000  Size=000000  Align=00001  Fill=0000
    NULL              Offs=000000  Size=000000  Align=00001  Fill=0000
    ONCE              Offs=00000C  Size=000000  Align=00001  Fill=0000
C:\UTILITY\cc65\lib/apple2.lib(crt0.o):
    CODE              Offs=00309C  Size=000012  Align=00001  Fill=0000
    RODATA            Offs=000644  Size=000007  Align=00001  Fill=0000
    BSS               Offs=001A91  Size=000000  Align=00001  Fill=0000
    DATA              Offs=000613  Size=000003  Align=00001  Fill=0000
    ZEROPAGE          Offs=000000  Size=000000  Align=00001  Fill=0000
    NULL              Offs=000000  Size=000000  Align=00001  Fill=0000
    STARTUP           Offs=000000  Size=00000C  Align=00001  Fill=0000
    ONCE              Offs=00000C  Size=00006A  Align=00001  Fill=0000
    INIT              Offs=000000  Size=00001D  Align=00001  Fill=0000
C:\UTILITY\cc65\lib/apple2.lib(ctype.o):
    CODE              Offs=0030AE  Size=000000  Align=00001  Fill=0000
    RODATA            Offs=00064B  Size=00008B  Align=00001  Fill=0000
    BSS               Offs=001A91  Size=000000  Align=00001  Fill=0000
    DATA              Offs=000616  Size=000000  Align=00001  Fill=0000
    ZEROPAGE          Offs=000000  Size=000000  Align=00001  Fill=0000
    NULL              Offs=000000  Size=000000  Align=00001  Fill=0000
C:\UTILITY\cc65\lib/apple2.lib(ctypemask.o):
    CODE              Offs=0030AE  Size=00001E  Align=00001  Fill=0000
    RODATA            Offs=0006D6  Size=000000  Align=00001  Fill=0000
    BSS               Offs=001A91  Size=000000  Align=00001  Fill=0000
    DATA              Offs=000616  Size=000000  Align=00001  Fill=0000
    ZEROPAGE          Offs=000000  Size=000000  Align=00001  Fill=0000
    NULL              Offs=000000  Size=000000  Align=00001  Fill=0000
C:\UTILITY\cc65\lib/apple2.lib(decax1.o):
    CODE              Offs=0030CC  Size=000007  Align=00001  Fill=0000
    RODATA            Offs=0006D6  Size=000000  Align=00001  Fill=0000
    BSS               Offs=001A91  Size=000000  Align=00001  Fill=0000
    DATA              Offs=000616  Size=000000  Align=00001  Fill=0000
    ZEROPAGE          Offs=000000  Size=000000  Align=00001  Fill=0000
    NULL              Offs=000000  Size=000000  Align=00001  Fill=0000
C:\UTILITY\cc65\lib/apple2.lib(decax2.o):
    CODE              Offs=0030D3  Size=000007  Align=00001  Fill=0000
    RODATA            Offs=0006D6  Size=000000  Align=00001  Fill=0000
    BSS               Offs=001A91  Size=000000  Align=00001  Fill=0000
    DATA              Offs=000616  Size=000000  Align=00001  Fill=0000
    ZEROPAGE          Offs=000000  Size=000000  Align=00001  Fill=0000
    NULL              Offs=000000  Size=000000  Align=00001  Fill=0000
C:\UTILITY\cc65\lib/apple2.lib(decax3.o):
    CODE              Offs=0030DA  Size=000007  Align=00001  Fill=0000
    RODATA            Offs=0006D6  Size=000000  Align=00001  Fill=0000
    BSS               Offs=001A91  Size=000000  Align=00001  Fill=0000
    DATA              Offs=000616  Size=000000  Align=00001  Fill=0000
    ZEROPAGE          Offs=000000  Size=000000  Align=00001  Fill=0000
    NULL              Offs=000000  Size=000000  Align=00001  Fill=0000
C:\UTILITY\cc65\lib/apple2.lib(decaxy.o):
    CODE              Offs=0030E1  Size=000009  Align=00001  Fill=0000
    RODATA            Offs=0006D6  Size=000000  Align=00001  Fill=0000
    BSS               Offs=001A91  Size=000000  Align=00001  Fill=0000
    DATA              Offs=000616  Size=000000  Align=00001  Fill=0000
    ZEROPAGE          Offs=000000  Size=000000  Align=00001  Fill=0000
    NULL              Offs=000000  Size=000000  Align=00001  Fill=0000
C:\UTILITY\cc65\lib/apple2.lib(decsp1.o):
    CODE              Offs=0030EA  Size=000009  Align=00001  Fill=0000
    RODATA            Offs=0006D6  Size=000000  Align=00001  Fill=0000
    BSS               Offs=001A91  Size=000000  Align=00001  Fill=0000
    DATA              Offs=000616  Size=000000  Align=00001  Fill=0000
    ZEROPAGE          Offs=000000  Size=000000  Align=00001  Fill=0000
    NULL              Offs=000000  Size=000000  Align=00001  Fill=0000
C:\UTILITY\cc65\lib/apple2.lib(decsp2.o):
    CODE              Offs=0030F3  Size=00000D  Align=00001  Fill=0000
    RODATA            Offs=0006D6  Size=000000  Align=00001  Fill=0000
    BSS               Offs=001A91  Size=000000  Align=00001  Fill=0000
    DATA              Offs=000616  Size=000000  Align=00001  Fill=0000
    ZEROPAGE          Offs=000000  Size=000000  Align=00001  Fill=0000
    NULL              Offs=000000  Size=000000  Align=00001  Fill=0000
C:\UTILITY\cc65\lib/apple2.lib(decsp4.o):
    CODE              Offs=003100  Size=00000D  Align=00001  Fill=0000
    RODATA            Offs=0006D6  Size=000000  Align=00001  Fill=0000
    BSS               Offs=001A91  Size=000000  Align=00001  Fill=0000
    DATA              Offs=000616  Size=000000  Align=00001  Fill=0000
    ZEROPAGE          Offs=000000  Size=000000  Align=00001  Fill=0000
    NULL              Offs=000000  Size=000000  Align=00001  Fill=0000
C:\UTILITY\cc65\lib/apple2.lib(decsp6.o):
    CODE              Offs=00310D  Size=00000D  Align=00001  Fill=0000
    RODATA            Offs=0006D6  Size=000000  Align=00001  Fill=0000
    BSS               Offs=001A91  Size=000000  Align=00001  Fill=0000
    DATA              Offs=000616  Size=000000  Align=00001  Fill=0000
    ZEROPAGE          Offs=000000  Size=000000  Align=00001  Fill=0000
    NULL              Offs=000000  Size=000000  Align=00001  Fill=0000
C:\UTILITY\cc65\lib/apple2.lib(dosdetect.o):
    CODE              Offs=00311A  Size=000000  Align=00001  Fill=0000
    RODATA            Offs=0006D6  Size=000000  Align=00001  Fill=0000
    BSS               Offs=001A91  Size=000000  Align=00001  Fill=0000
    DATA              Offs=000616  Size=000001  Align=00001  Fill=0000
    ZEROPAGE          Offs=000000  Size=000000  Align=00001  Fill=0000
    NULL              Offs=000000  Size=000000  Align=00001  Fill=0000
    ONCE              Offs=000076  Size=000014  Align=00001  Fill=0000
C:\UTILITY\cc65\lib/apple2.lib(errno.o):
    CODE              Offs=00311A  Size=000000  Align=00001  Fill=0000
    RODATA            Offs=0006D6  Size=000000  Align=00001  Fill=0000
    BSS               Offs=001A91  Size=000002  Align=00001  Fill=0000
    DATA              Offs=000617  Size=000000  Align=00001  Fill=0000
    ZEROPAGE          Offs=000000  Size=000000  Align=00001  Fill=0000
    NULL              Offs=000000  Size=000000  Align=00001  Fill=0000
C:\UTILITY\cc65\lib/apple2.lib(exehdr.o):
    CODE              Offs=00311A  Size=000000  Align=00001  Fill=0000
    RODATA            Offs=0006D6  Size=000000  Align=00001  Fill=0000
    BSS               Offs=001A93  Size=000000  Align=00001  Fill=0000
    DATA              Offs=000617  Size=000000  Align=00001  Fill=0000
    ZEROPAGE          Offs=000000  Size=000000  Align=00001  Fill=0000
    NULL              Offs=000000  Size=000000  Align=00001  Fill=0000
    EXEHDR            Offs=000000  Size=00003A  Align=00001  Fill=0000
C:\UTILITY\cc65\lib/apple2.lib(filedes.o):
    CODE              Offs=00311A  Size=000016  Align=00001  Fill=0000
    RODATA            Offs=0006D6  Size=000000  Align=00001  Fill=0000
    BSS               Offs=001A93  Size=000000  Align=00001  Fill=0000
    DATA              Offs=000617  Size=000020  Align=00001  Fill=0000
    ZEROPAGE          Offs=000000  Size=000000  Align=00001  Fill=0000
    NULL              Offs=000000  Size=000000  Align=00001  Fill=0000
C:\UTILITY\cc65\lib/apple2.lib(fputc.o):
    CODE              Offs=003130  Size=000047  Align=00001  Fill=0000
    RODATA            Offs=0006D6  Size=000000  Align=00001  Fill=0000
    BSS               Offs=001A93  Size=000002  Align=00001  Fill=0000
    DATA              Offs=000637  Size=000000  Align=00001  Fill=0000
    ZEROPAGE          Offs=000000  Size=000000  Align=00001  Fill=0000
    NULL              Offs=000000  Size=000000  Align=00001  Fill=0000
C:\UTILITY\cc65\lib/apple2.lib(fwrite.o):
    CODE              Offs=003177  Size=000079  Align=00001  Fill=0000
    RODATA            Offs=0006D6  Size=000000  Align=00001  Fill=0000
    BSS               Offs=001A95  Size=000002  Align=00001  Fill=0000
    DATA              Offs=000637  Size=000000  Align=00001  Fill=0000
    ZEROPAGE          Offs=000000  Size=000000  Align=00001  Fill=0000
    NULL              Offs=000000  Size=000000  Align=00001  Fill=0000
C:\UTILITY\cc65\lib/apple2.lib(ge.o):
    CODE              Offs=0031F0  Size=00000A  Align=00001  Fill=0000
    RODATA            Offs=0006D6  Size=000000  Align=00001  Fill=0000
    BSS               Offs=001A97  Size=000000  Align=00001  Fill=0000
    DATA              Offs=000637  Size=000000  Align=00001  Fill=0000
    ZEROPAGE          Offs=000000  Size=000000  Align=00001  Fill=0000
    NULL              Offs=000000  Size=000000  Align=00001  Fill=0000
C:\UTILITY\cc65\lib/apple2.lib(gotoxy.o):
    CODE              Offs=0031FA  Size=000011  Align=00001  Fill=0000
    RODATA            Offs=0006D6  Size=000000  Align=00001  Fill=0000
    BSS               Offs=001A97  Size=000000  Align=00001  Fill=0000
    DATA              Offs=000637  Size=000000  Align=00001  Fill=0000
    ZEROPAGE          Offs=000000  Size=000000  Align=00001  Fill=0000
    NULL              Offs=000000  Size=000000  Align=00001  Fill=0000
C:\UTILITY\cc65\lib/apple2.lib(home.o):
    CODE              Offs=00320B  Size=000000  Align=00001  Fill=0000
    RODATA            Offs=0006D6  Size=000000  Align=00001  Fill=0000
    BSS               Offs=001A97  Size=000000  Align=00001  Fill=0000
    DATA              Offs=000637  Size=000000  Align=00001  Fill=0000
    ZEROPAGE          Offs=000000  Size=000000  Align=00001  Fill=0000
    NULL              Offs=000000  Size=000000  Align=00001  Fill=0000
    LOWCODE           Offs=00000A  Size=00000A  Align=00001  Fill=0000
C:\UTILITY\cc65\lib/apple2.lib(icmp.o):
    CODE              Offs=00320B  Size=00002E  Align=00001  Fill=0000
    RODATA            Offs=0006D6  Size=000000  Align=00001  Fill=0000
    BSS               Offs=001A97  Size=000000  Align=00001  Fill=0000
    DATA              Offs=000637  Size=000000  Align=00001  Fill=0000
    ZEROPAGE          Offs=000000  Size=000000  Align=00001  Fill=0000
    NULL              Offs=000000  Size=000000  Align=00001  Fill=0000
C:\UTILITY\cc65\lib/apple2.lib(incax1.o):
    CODE              Offs=003239  Size=000007  Align=00001  Fill=0000
    RODATA            Offs=0006D6  Size=000000  Align=00001  Fill=0000
    BSS               Offs=001A97  Size=000000  Align=00001  Fill=0000
    DATA              Offs=000637  Size=000000  Align=00001  Fill=0000
    ZEROPAGE          Offs=000000  Size=000000  Align=00001  Fill=0000
    NULL              Offs=000000  Size=000000  Align=00001  Fill=0000
C:\UTILITY\cc65\lib/apple2.lib(incax2.o):
    CODE              Offs=003240  Size=000007  Align=00001  Fill=0000
    RODATA            Offs=0006D6  Size=000000  Align=00001  Fill=0000
    BSS               Offs=001A97  Size=000000  Align=00001  Fill=0000
    DATA              Offs=000637  Size=000000  Align=00001  Fill=0000
    ZEROPAGE          Offs=000000  Size=000000  Align=00001  Fill=0000
    NULL              Offs=000000  Size=000000  Align=00001  Fill=0000
C:\UTILITY\cc65\lib/apple2.lib(incaxy.o):
    CODE              Offs=003247  Size=00000B  Align=00001  Fill=0000
    RODATA            Offs=0006D6  Size=000000  Align=00001  Fill=0000
    BSS               Offs=001A97  Size=000000  Align=00001  Fill=0000
    DATA              Offs=000637  Size=000000  Align=00001  Fill=0000
    ZEROPAGE          Offs=000000  Size=000000  Align=00001  Fill=0000
    NULL              Offs=000000  Size=000000  Align=00001  Fill=0000
C:\UTILITY\cc65\lib/apple2.lib(incsp1.o):
    CODE              Offs=003252  Size=000007  Align=00001  Fill=0000
    RODATA            Offs=0006D6  Size=000000  Align=00001  Fill=0000
    BSS               Offs=001A97  Size=000000  Align=00001  Fill=0000
    DATA              Offs=000637  Size=000000  Align=00001  Fill=0000
    ZEROPAGE          Offs=000000  Size=000000  Align=00001  Fill=0000
    NULL              Offs=000000  Size=000000  Align=00001  Fill=0000
C:\UTILITY\cc65\lib/apple2.lib(incsp2.o):
    CODE              Offs=003259  Size=000016  Align=00001  Fill=0000
    RODATA            Offs=0006D6  Size=000000  Align=00001  Fill=0000
    BSS               Offs=001A97  Size=000000  Align=00001  Fill=0000
    DATA              Offs=000637  Size=000000  Align=00001  Fill=0000
    ZEROPAGE          Offs=000000  Size=000000  Align=00001  Fill=0000
    NULL              Offs=000000  Size=000000  Align=00001  Fill=0000
C:\UTILITY\cc65\lib/apple2.lib(incsp4.o):
    CODE              Offs=00326F  Size=000005  Align=00001  Fill=0000
    RODATA            Offs=0006D6  Size=000000  Align=00001  Fill=0000
    BSS               Offs=001A97  Size=000000  Align=00001  Fill=0000
    DATA              Offs=000637  Size=000000  Align=00001  Fill=0000
    ZEROPAGE          Offs=000000  Size=000000  Align=00001  Fill=0000
    NULL              Offs=000000  Size=000000  Align=00001  Fill=0000
C:\UTILITY\cc65\lib/apple2.lib(incsp5.o):
    CODE              Offs=003274  Size=000005  Align=00001  Fill=0000
    RODATA            Offs=0006D6  Size=000000  Align=00001  Fill=0000
    BSS               Offs=001A97  Size=000000  Align=00001  Fill=0000
    DATA              Offs=000637  Size=000000  Align=00001  Fill=0000
    ZEROPAGE          Offs=000000  Size=000000  Align=00001  Fill=0000
    NULL              Offs=000000  Size=000000  Align=00001  Fill=0000
C:\UTILITY\cc65\lib/apple2.lib(incsp6.o):
    CODE              Offs=003279  Size=000005  Align=00001  Fill=0000
    RODATA            Offs=0006D6  Size=000000  Align=00001  Fill=0000
    BSS               Offs=001A97  Size=000000  Align=00001  Fill=0000
    DATA              Offs=000637  Size=000000  Align=00001  Fill=0000
    ZEROPAGE          Offs=000000  Size=000000  Align=00001  Fill=0000
    NULL              Offs=000000  Size=000000  Align=00001  Fill=0000
C:\UTILITY\cc65\lib/apple2.lib(incsp8.o):
    CODE              Offs=00327E  Size=000005  Align=00001  Fill=0000
    RODATA            Offs=0006D6  Size=000000  Align=00001  Fill=0000
    BSS               Offs=001A97  Size=000000  Align=00001  Fill=0000
    DATA              Offs=000637  Size=000000  Align=00001  Fill=0000
    ZEROPAGE          Offs=000000  Size=000000  Align=00001  Fill=0000
    NULL              Offs=000000  Size=000000  Align=00001  Fill=0000
C:\UTILITY\cc65\lib/apple2.lib(isdigit.o):
    CODE              Offs=003283  Size=000008  Align=00001  Fill=0000
    RODATA            Offs=0006D6  Size=000000  Align=00001  Fill=0000
    BSS               Offs=001A97  Size=000000  Align=00001  Fill=0000
    DATA              Offs=000637  Size=000000  Align=00001  Fill=0000
    ZEROPAGE          Offs=000000  Size=000000  Align=00001  Fill=0000
    NULL              Offs=000000  Size=000000  Align=00001  Fill=0000
C:\UTILITY\cc65\lib/apple2.lib(isspace.o):
    CODE              Offs=00328B  Size=000008  Align=00001  Fill=0000
    RODATA            Offs=0006D6  Size=000000  Align=00001  Fill=0000
    BSS               Offs=001A97  Size=000000  Align=00001  Fill=0000
    DATA              Offs=000637  Size=000000  Align=00001  Fill=0000
    ZEROPAGE          Offs=000000  Size=000000  Align=00001  Fill=0000
    NULL              Offs=000000  Size=000000  Align=00001  Fill=0000
C:\UTILITY\cc65\lib/apple2.lib(isxdigit.o):
    CODE              Offs=003293  Size=000008  Align=00001  Fill=0000
    RODATA            Offs=0006D6  Size=000000  Align=00001  Fill=0000
    BSS               Offs=001A97  Size=000000  Align=00001  Fill=0000
    DATA              Offs=000637  Size=000000  Align=00001  Fill=0000
    ZEROPAGE          Offs=000000  Size=000000  Align=00001  Fill=0000
    NULL              Offs=000000  Size=000000  Align=00001  Fill=0000
C:\UTILITY\cc65\lib/apple2.lib(jmpvec.o):
    CODE              Offs=00329B  Size=000000  Align=00001  Fill=0000
    RODATA            Offs=0006D6  Size=000000  Align=00001  Fill=0000
    BSS               Offs=001A97  Size=000000  Align=00001  Fill=0000
    DATA              Offs=000637  Size=000003  Align=00001  Fill=0000
    ZEROPAGE          Offs=000000  Size=000000  Align=00001  Fill=0000
    NULL              Offs=000000  Size=000000  Align=00001  Fill=0000
C:\UTILITY\cc65\lib/apple2.lib(ladd.o):
    CODE              Offs=00329B  Size=000025  Align=00001  Fill=0000
    RODATA            Offs=0006D6  Size=000000  Align=00001  Fill=0000
    BSS               Offs=001A97  Size=000000  Align=00001  Fill=0000
    DATA              Offs=00063A  Size=000000  Align=00001  Fill=0000
    ZEROPAGE          Offs=000000  Size=000000  Align=00001  Fill=0000
    NULL              Offs=000000  Size=000000  Align=00001  Fill=0000
C:\UTILITY\cc65\lib/apple2.lib(lcmp.o):
    CODE              Offs=0032C0  Size=00003B  Align=00001  Fill=0000
    RODATA            Offs=0006D6  Size=000000  Align=00001  Fill=0000
    BSS               Offs=001A97  Size=000000  Align=00001  Fill=0000
    DATA              Offs=00063A  Size=000000  Align=00001  Fill=0000
    ZEROPAGE          Offs=000000  Size=000000  Align=00001  Fill=0000
    NULL              Offs=000000  Size=000000  Align=00001  Fill=0000
C:\UTILITY\cc65\lib/apple2.lib(ldaui.o):
    CODE              Offs=0032FB  Size=000009  Align=00001  Fill=0000
    RODATA            Offs=0006D6  Size=000000  Align=00001  Fill=0000
    BSS               Offs=001A97  Size=000000  Align=00001  Fill=0000
    DATA              Offs=00063A  Size=000000  Align=00001  Fill=0000
    ZEROPAGE          Offs=000000  Size=000000  Align=00001  Fill=0000
    NULL              Offs=000000  Size=000000  Align=00001  Fill=0000
C:\UTILITY\cc65\lib/apple2.lib(ldaxi.o):
    CODE              Offs=003304  Size=00000D  Align=00001  Fill=0000
    RODATA            Offs=0006D6  Size=000000  Align=00001  Fill=0000
    BSS               Offs=001A97  Size=000000  Align=00001  Fill=0000
    DATA              Offs=00063A  Size=000000  Align=00001  Fill=0000
    ZEROPAGE          Offs=000000  Size=000000  Align=00001  Fill=0000
    NULL              Offs=000000  Size=000000  Align=00001  Fill=0000
C:\UTILITY\cc65\lib/apple2.lib(ldaxsp.o):
    CODE              Offs=003311  Size=000009  Align=00001  Fill=0000
    RODATA            Offs=0006D6  Size=000000  Align=00001  Fill=0000
    BSS               Offs=001A97  Size=000000  Align=00001  Fill=0000
    DATA              Offs=00063A  Size=000000  Align=00001  Fill=0000
    ZEROPAGE          Offs=000000  Size=000000  Align=00001  Fill=0000
    NULL              Offs=000000  Size=000000  Align=00001  Fill=0000
C:\UTILITY\cc65\lib/apple2.lib(ldeaxysp.o):
    CODE              Offs=00331A  Size=000013  Align=00001  Fill=0000
    RODATA            Offs=0006D6  Size=000000  Align=00001  Fill=0000
    BSS               Offs=001A97  Size=000000  Align=00001  Fill=0000
    DATA              Offs=00063A  Size=000000  Align=00001  Fill=0000
    ZEROPAGE          Offs=000000  Size=000000  Align=00001  Fill=0000
    NULL              Offs=000000  Size=000000  Align=00001  Fill=0000
C:\UTILITY\cc65\lib/apple2.lib(leq.o):
    CODE              Offs=00332D  Size=000006  Align=00001  Fill=0000
    RODATA            Offs=0006D6  Size=000000  Align=00001  Fill=0000
    BSS               Offs=001A97  Size=000000  Align=00001  Fill=0000
    DATA              Offs=00063A  Size=000000  Align=00001  Fill=0000
    ZEROPAGE          Offs=000000  Size=000000  Align=00001  Fill=0000
    NULL              Offs=000000  Size=000000  Align=00001  Fill=0000
C:\UTILITY\cc65\lib/apple2.lib(lmul.o):
    CODE              Offs=003333  Size=00005C  Align=00001  Fill=0000
    RODATA            Offs=0006D6  Size=000000  Align=00001  Fill=0000
    BSS               Offs=001A97  Size=000000  Align=00001  Fill=0000
    DATA              Offs=00063A  Size=000000  Align=00001  Fill=0000
    ZEROPAGE          Offs=000000  Size=000000  Align=00001  Fill=0000
    NULL              Offs=000000  Size=000000  Align=00001  Fill=0000
C:\UTILITY\cc65\lib/apple2.lib(lneg.o):
    CODE              Offs=00338F  Size=00001E  Align=00001  Fill=0000
    RODATA            Offs=0006D6  Size=000000  Align=00001  Fill=0000
    BSS               Offs=001A97  Size=000000  Align=00001  Fill=0000
    DATA              Offs=00063A  Size=000000  Align=00001  Fill=0000
    ZEROPAGE          Offs=000000  Size=000000  Align=00001  Fill=0000
    NULL              Offs=000000  Size=000000  Align=00001  Fill=0000
C:\UTILITY\cc65\lib/apple2.lib(longjmp.o):
    CODE              Offs=0033AD  Size=000028  Align=00001  Fill=0000
    RODATA            Offs=0006D6  Size=000000  Align=00001  Fill=0000
    BSS               Offs=001A97  Size=000000  Align=00001  Fill=0000
    DATA              Offs=00063A  Size=000000  Align=00001  Fill=0000
    ZEROPAGE          Offs=000000  Size=000000  Align=00001  Fill=0000
    NULL              Offs=000000  Size=000000  Align=00001  Fill=0000
C:\UTILITY\cc65\lib/apple2.lib(lpop.o):
    CODE              Offs=0033D5  Size=000015  Align=00001  Fill=0000
    RODATA            Offs=0006D6  Size=000000  Align=00001  Fill=0000
    BSS               Offs=001A97  Size=000000  Align=00001  Fill=0000
    DATA              Offs=00063A  Size=000000  Align=00001  Fill=0000
    ZEROPAGE          Offs=000000  Size=000000  Align=00001  Fill=0000
    NULL              Offs=000000  Size=000000  Align=00001  Fill=0000
C:\UTILITY\cc65\lib/apple2.lib(lpush.o):
    CODE              Offs=0033EA  Size=000021  Align=00001  Fill=0000
    RODATA            Offs=0006D6  Size=000000  Align=00001  Fill=0000
    BSS               Offs=001A97  Size=000000  Align=00001  Fill=0000
    DATA              Offs=00063A  Size=000000  Align=00001  Fill=0000
    ZEROPAGE          Offs=000000  Size=000000  Align=00001  Fill=0000
    NULL              Offs=000000  Size=000000  Align=00001  Fill=0000
C:\UTILITY\cc65\lib/apple2.lib(lt.o):
    CODE              Offs=00340B  Size=00000A  Align=00001  Fill=0000
    RODATA            Offs=0006D6  Size=000000  Align=00001  Fill=0000
    BSS               Offs=001A97  Size=000000  Align=00001  Fill=0000
    DATA              Offs=00063A  Size=000000  Align=00001  Fill=0000
    ZEROPAGE          Offs=000000  Size=000000  Align=00001  Fill=0000
    NULL              Offs=000000  Size=000000  Align=00001  Fill=0000
C:\UTILITY\cc65\lib/apple2.lib(ltoa.o):
    CODE              Offs=003415  Size=000095  Align=00001  Fill=0000
    RODATA            Offs=0006D6  Size=000000  Align=00001  Fill=0000
    BSS               Offs=001A97  Size=000000  Align=00001  Fill=0000
    DATA              Offs=00063A  Size=000000  Align=00001  Fill=0000
    ZEROPAGE          Offs=000000  Size=000000  Align=00001  Fill=0000
    NULL              Offs=000000  Size=000000  Align=00001  Fill=0000
C:\UTILITY\cc65\lib/apple2.lib(makebool.o):
    CODE              Offs=0034AA  Size=00002C  Align=00001  Fill=0000
    RODATA            Offs=0006D6  Size=000000  Align=00001  Fill=0000
    BSS               Offs=001A97  Size=000000  Align=00001  Fill=0000
    DATA              Offs=00063A  Size=000000  Align=00001  Fill=0000
    ZEROPAGE          Offs=000000  Size=000000  Align=00001  Fill=0000
    NULL              Offs=000000  Size=000000  Align=00001  Fill=0000
C:\UTILITY\cc65\lib/apple2.lib(memcpy.o):
    CODE              Offs=0034D6  Size=00003C  Align=00001  Fill=0000
    RODATA            Offs=0006D6  Size=000000  Align=00001  Fill=0000
    BSS               Offs=001A97  Size=000000  Align=00001  Fill=0000
    DATA              Offs=00063A  Size=000000  Align=00001  Fill=0000
    ZEROPAGE          Offs=000000  Size=000000  Align=00001  Fill=0000
    NULL              Offs=000000  Size=000000  Align=00001  Fill=0000
C:\UTILITY\cc65\lib/apple2.lib(mli.o):
    CODE              Offs=003512  Size=000000  Align=00001  Fill=0000
    RODATA            Offs=0006D6  Size=000000  Align=00001  Fill=0000
    BSS               Offs=001A97  Size=000012  Align=00001  Fill=0000
    DATA              Offs=00063A  Size=000024  Align=00001  Fill=0000
    ZEROPAGE          Offs=000000  Size=000000  Align=00001  Fill=0000
    NULL              Offs=000000  Size=000000  Align=00001  Fill=0000
C:\UTILITY\cc65\lib/apple2.lib(mul.o):
    CODE              Offs=003512  Size=000045  Align=00001  Fill=0000
    RODATA            Offs=0006D6  Size=000000  Align=00001  Fill=0000
    BSS               Offs=001AA9  Size=000000  Align=00001  Fill=0000
    DATA              Offs=00065E  Size=000000  Align=00001  Fill=0000
    ZEROPAGE          Offs=000000  Size=000000  Align=00001  Fill=0000
    NULL              Offs=000000  Size=000000  Align=00001  Fill=0000
C:\UTILITY\cc65\lib/apple2.lib(mul8.o):
    CODE              Offs=003557  Size=00003A  Align=00001  Fill=0000
    RODATA            Offs=0006D6  Size=000000  Align=00001  Fill=0000
    BSS               Offs=001AA9  Size=000000  Align=00001  Fill=0000
    DATA              Offs=00065E  Size=000000  Align=00001  Fill=0000
    ZEROPAGE          Offs=000000  Size=000000  Align=00001  Fill=0000
    NULL              Offs=000000  Size=000000  Align=00001  Fill=0000
C:\UTILITY\cc65\lib/apple2.lib(mulax10.o):
    CODE              Offs=003591  Size=000019  Align=00001  Fill=0000
    RODATA            Offs=0006D6  Size=000000  Align=00001  Fill=0000
    BSS               Offs=001AA9  Size=000000  Align=00001  Fill=0000
    DATA              Offs=00065E  Size=000000  Align=00001  Fill=0000
    ZEROPAGE          Offs=000000  Size=000000  Align=00001  Fill=0000
    NULL              Offs=000000  Size=000000  Align=00001  Fill=0000
C:\UTILITY\cc65\lib/apple2.lib(oserror.o):
    CODE              Offs=0035AA  Size=000016  Align=00001  Fill=0000
    RODATA            Offs=0006D6  Size=000032  Align=00001  Fill=0000
    BSS               Offs=001AA9  Size=000000  Align=00001  Fill=0000
    DATA              Offs=00065E  Size=000000  Align=00001  Fill=0000
    ZEROPAGE          Offs=000000  Size=000000  Align=00001  Fill=0000
    NULL              Offs=000000  Size=000000  Align=00001  Fill=0000
C:\UTILITY\cc65\lib/apple2.lib(popa.o):
    CODE              Offs=0035C0  Size=00000C  Align=00001  Fill=0000
    RODATA            Offs=000708  Size=000000  Align=00001  Fill=0000
    BSS               Offs=001AA9  Size=000000  Align=00001  Fill=0000
    DATA              Offs=00065E  Size=000000  Align=00001  Fill=0000
    ZEROPAGE          Offs=000000  Size=000000  Align=00001  Fill=0000
    NULL              Offs=000000  Size=000000  Align=00001  Fill=0000
C:\UTILITY\cc65\lib/apple2.lib(popptr1.o):
    CODE              Offs=0035CC  Size=00000E  Align=00001  Fill=0000
    RODATA            Offs=000708  Size=000000  Align=00001  Fill=0000
    BSS               Offs=001AA9  Size=000000  Align=00001  Fill=0000
    DATA              Offs=00065E  Size=000000  Align=00001  Fill=0000
    ZEROPAGE          Offs=000000  Size=000000  Align=00001  Fill=0000
    NULL              Offs=000000  Size=000000  Align=00001  Fill=0000
C:\UTILITY\cc65\lib/apple2.lib(printf.o):
    CODE              Offs=0035DA  Size=000033  Align=00001  Fill=0000
    RODATA            Offs=000708  Size=000000  Align=00001  Fill=0000
    BSS               Offs=001AA9  Size=000001  Align=00001  Fill=0000
    DATA              Offs=00065E  Size=000000  Align=00001  Fill=0000
    ZEROPAGE          Offs=000000  Size=000000  Align=00001  Fill=0000
    NULL              Offs=000000  Size=000000  Align=00001  Fill=0000
C:\UTILITY\cc65\lib/apple2.lib(push1.o):
    CODE              Offs=00360D  Size=000005  Align=00001  Fill=0000
    RODATA            Offs=000708  Size=000000  Align=00001  Fill=0000
    BSS               Offs=001AAA  Size=000000  Align=00001  Fill=0000
    DATA              Offs=00065E  Size=000000  Align=00001  Fill=0000
    ZEROPAGE          Offs=000000  Size=000000  Align=00001  Fill=0000
    NULL              Offs=000000  Size=000000  Align=00001  Fill=0000
C:\UTILITY\cc65\lib/apple2.lib(pusha.o):
    CODE              Offs=003612  Size=000016  Align=00001  Fill=0000
    RODATA            Offs=000708  Size=000000  Align=00001  Fill=0000
    BSS               Offs=001AAA  Size=000000  Align=00001  Fill=0000
    DATA              Offs=00065E  Size=000000  Align=00001  Fill=0000
    ZEROPAGE          Offs=000000  Size=000000  Align=00001  Fill=0000
    NULL              Offs=000000  Size=000000  Align=00001  Fill=0000
C:\UTILITY\cc65\lib/apple2.lib(pushax.o):
    CODE              Offs=003628  Size=00001A  Align=00001  Fill=0000
    RODATA            Offs=000708  Size=000000  Align=00001  Fill=0000
    BSS               Offs=001AAA  Size=000000  Align=00001  Fill=0000
    DATA              Offs=00065E  Size=000000  Align=00001  Fill=0000
    ZEROPAGE          Offs=000000  Size=000000  Align=00001  Fill=0000
    NULL              Offs=000000  Size=000000  Align=00001  Fill=0000
C:\UTILITY\cc65\lib/apple2.lib(pushptr1.o):
    CODE              Offs=003642  Size=000007  Align=00001  Fill=0000
    RODATA            Offs=000708  Size=000000  Align=00001  Fill=0000
    BSS               Offs=001AAA  Size=000000  Align=00001  Fill=0000
    DATA              Offs=00065E  Size=000000  Align=00001  Fill=0000
    ZEROPAGE          Offs=000000  Size=000000  Align=00001  Fill=0000
    NULL              Offs=000000  Size=000000  Align=00001  Fill=0000
C:\UTILITY\cc65\lib/apple2.lib(pushwsp.o):
    CODE              Offs=003649  Size=00001C  Align=00001  Fill=0000
    RODATA            Offs=000708  Size=000000  Align=00001  Fill=0000
    BSS               Offs=001AAA  Size=000000  Align=00001  Fill=0000
    DATA              Offs=00065E  Size=000000  Align=00001  Fill=0000
    ZEROPAGE          Offs=000000  Size=000000  Align=00001  Fill=0000
    NULL              Offs=000000  Size=000000  Align=00001  Fill=0000
C:\UTILITY\cc65\lib/apple2.lib(putchar.o):
    CODE              Offs=003665  Size=00000C  Align=00001  Fill=0000
    RODATA            Offs=000708  Size=000000  Align=00001  Fill=0000
    BSS               Offs=001AAA  Size=000000  Align=00001  Fill=0000
    DATA              Offs=00065E  Size=000000  Align=00001  Fill=0000
    ZEROPAGE          Offs=000000  Size=000000  Align=00001  Fill=0000
    NULL              Offs=000000  Size=000000  Align=00001  Fill=0000
C:\UTILITY\cc65\lib/apple2.lib(puts.o):
    CODE              Offs=003671  Size=000068  Align=00001  Fill=0000
    RODATA            Offs=000708  Size=000000  Align=00001  Fill=0000
    BSS               Offs=001AAA  Size=000000  Align=00001  Fill=0000
    DATA              Offs=00065E  Size=000001  Align=00001  Fill=0000
    ZEROPAGE          Offs=000000  Size=000000  Align=00001  Fill=0000
    NULL              Offs=000000  Size=000000  Align=00001  Fill=0000
C:\UTILITY\cc65\lib/apple2.lib(return0.o):
    CODE              Offs=0036D9  Size=000004  Align=00001  Fill=0000
    RODATA            Offs=000708  Size=000000  Align=00001  Fill=0000
    BSS               Offs=001AAA  Size=000000  Align=00001  Fill=0000
    DATA              Offs=00065F  Size=000000  Align=00001  Fill=0000
    ZEROPAGE          Offs=000000  Size=000000  Align=00001  Fill=0000
    NULL              Offs=000000  Size=000000  Align=00001  Fill=0000
C:\UTILITY\cc65\lib/apple2.lib(returnFFFF.o):
    CODE              Offs=0036DD  Size=000004  Align=00001  Fill=0000
    RODATA            Offs=000708  Size=000000  Align=00001  Fill=0000
    BSS               Offs=001AAA  Size=000000  Align=00001  Fill=0000
    DATA              Offs=00065F  Size=000000  Align=00001  Fill=0000
    ZEROPAGE          Offs=000000  Size=000000  Align=00001  Fill=0000
    NULL              Offs=000000  Size=000000  Align=00001  Fill=0000
C:\UTILITY\cc65\lib/apple2.lib(rwcommon.o):
    CODE              Offs=0036E1  Size=00003D  Align=00001  Fill=0000
    RODATA            Offs=000708  Size=000000  Align=00001  Fill=0000
    BSS               Offs=001AAA  Size=000000  Align=00001  Fill=0000
    DATA              Offs=00065F  Size=000000  Align=00001  Fill=0000
    ZEROPAGE          Offs=000000  Size=000000  Align=00001  Fill=0000
    NULL              Offs=000000  Size=000000  Align=00001  Fill=0000
C:\UTILITY\cc65\lib/apple2.lib(setjmp.o):
    CODE              Offs=00371E  Size=000025  Align=00001  Fill=0000
    RODATA            Offs=000708  Size=000000  Align=00001  Fill=0000
    BSS               Offs=001AAA  Size=000000  Align=00001  Fill=0000
    DATA              Offs=00065F  Size=000000  Align=00001  Fill=0000
    ZEROPAGE          Offs=000000  Size=000000  Align=00001  Fill=0000
    NULL              Offs=000000  Size=000000  Align=00001  Fill=0000
C:\UTILITY\cc65\lib/apple2.lib(snprintf.o):
    CODE              Offs=003743  Size=00002B  Align=00001  Fill=0000
    RODATA            Offs=000708  Size=000000  Align=00001  Fill=0000
    BSS               Offs=001AAA  Size=000001  Align=00001  Fill=0000
    DATA              Offs=00065F  Size=000000  Align=00001  Fill=0000
    ZEROPAGE          Offs=000000  Size=000000  Align=00001  Fill=0000
    NULL              Offs=000000  Size=000000  Align=00001  Fill=0000
C:\UTILITY\cc65\lib/apple2.lib(sscanf.o):
    CODE              Offs=00376E  Size=00002B  Align=00001  Fill=0000
    RODATA            Offs=000708  Size=000000  Align=00001  Fill=0000
    BSS               Offs=001AAB  Size=000001  Align=00001  Fill=0000
    DATA              Offs=00065F  Size=000000  Align=00001  Fill=0000
    ZEROPAGE          Offs=000000  Size=000000  Align=00001  Fill=0000
    NULL              Offs=000000  Size=000000  Align=00001  Fill=0000
C:\UTILITY\cc65\lib/apple2.lib(staspidx.o):
    CODE              Offs=003799  Size=000016  Align=00001  Fill=0000
    RODATA            Offs=000708  Size=000000  Align=00001  Fill=0000
    BSS               Offs=001AAC  Size=000000  Align=00001  Fill=0000
    DATA              Offs=00065F  Size=000000  Align=00001  Fill=0000
    ZEROPAGE          Offs=000000  Size=000000  Align=00001  Fill=0000
    NULL              Offs=000000  Size=000000  Align=00001  Fill=0000
C:\UTILITY\cc65\lib/apple2.lib(staxsp.o):
    CODE              Offs=0037AF  Size=00000B  Align=00001  Fill=0000
    RODATA            Offs=000708  Size=000000  Align=00001  Fill=0000
    BSS               Offs=001AAC  Size=000000  Align=00001  Fill=0000
    DATA              Offs=00065F  Size=000000  Align=00001  Fill=0000
    ZEROPAGE          Offs=000000  Size=000000  Align=00001  Fill=0000
    NULL              Offs=000000  Size=000000  Align=00001  Fill=0000
C:\UTILITY\cc65\lib/apple2.lib(steaxsp.o):
    CODE              Offs=0037BA  Size=000015  Align=00001  Fill=0000
    RODATA            Offs=000708  Size=000000  Align=00001  Fill=0000
    BSS               Offs=001AAC  Size=000000  Align=00001  Fill=0000
    DATA              Offs=00065F  Size=000000  Align=00001  Fill=0000
    ZEROPAGE          Offs=000000  Size=000000  Align=00001  Fill=0000
    NULL              Offs=000000  Size=000000  Align=00001  Fill=0000
C:\UTILITY\cc65\lib/apple2.lib(strcpy.o):
    CODE              Offs=0037CF  Size=00001F  Align=00001  Fill=0000
    RODATA            Offs=000708  Size=000000  Align=00001  Fill=0000
    BSS               Offs=001AAC  Size=000000  Align=00001  Fill=0000
    DATA              Offs=00065F  Size=000000  Align=00001  Fill=0000
    ZEROPAGE          Offs=000000  Size=000000  Align=00001  Fill=0000
    NULL              Offs=000000  Size=000000  Align=00001  Fill=0000
C:\UTILITY\cc65\lib/apple2.lib(strlen.o):
    CODE              Offs=0037EE  Size=000016  Align=00001  Fill=0000
    RODATA            Offs=000708  Size=000000  Align=00001  Fill=0000
    BSS               Offs=001AAC  Size=000000  Align=00001  Fill=0000
    DATA              Offs=00065F  Size=000000  Align=00001  Fill=0000
    ZEROPAGE          Offs=000000  Size=000000  Align=00001  Fill=0000
    NULL              Offs=000000  Size=000000  Align=00001  Fill=0000
C:\UTILITY\cc65\lib/apple2.lib(strlower.o):
    CODE              Offs=003804  Size=000027  Align=00001  Fill=0000
    RODATA            Offs=000708  Size=000000  Align=00001  Fill=0000
    BSS               Offs=001AAC  Size=000000  Align=00001  Fill=0000
    DATA              Offs=00065F  Size=000000  Align=00001  Fill=0000
    ZEROPAGE          Offs=000000  Size=000000  Align=00001  Fill=0000
    NULL              Offs=000000  Size=000000  Align=00001  Fill=0000
C:\UTILITY\cc65\lib/apple2.lib(strncpy.o):
    CODE              Offs=00382B  Size=000042  Align=00001  Fill=0000
    RODATA            Offs=000708  Size=000000  Align=00001  Fill=0000
    BSS               Offs=001AAC  Size=000000  Align=00001  Fill=0000
    DATA              Offs=00065F  Size=000000  Align=00001  Fill=0000
    ZEROPAGE          Offs=000000  Size=000000  Align=00001  Fill=0000
    NULL              Offs=000000  Size=000000  Align=00001  Fill=0000
C:\UTILITY\cc65\lib/apple2.lib(strstr.o):
    CODE              Offs=00386D  Size=000052  Align=00001  Fill=0000
    RODATA            Offs=000708  Size=000000  Align=00001  Fill=0000
    BSS               Offs=001AAC  Size=000000  Align=00001  Fill=0000
    DATA              Offs=00065F  Size=000000  Align=00001  Fill=0000
    ZEROPAGE          Offs=000000  Size=000000  Align=00001  Fill=0000
    NULL              Offs=000000  Size=000000  Align=00001  Fill=0000
C:\UTILITY\cc65\lib/apple2.lib(sub.o):
    CODE              Offs=0038BF  Size=000015  Align=00001  Fill=0000
    RODATA            Offs=000708  Size=000000  Align=00001  Fill=0000
    BSS               Offs=001AAC  Size=000000  Align=00001  Fill=0000
    DATA              Offs=00065F  Size=000000  Align=00001  Fill=0000
    ZEROPAGE          Offs=000000  Size=000000  Align=00001  Fill=0000
    NULL              Offs=000000  Size=000000  Align=00001  Fill=0000
C:\UTILITY\cc65\lib/apple2.lib(subysp.o):
    CODE              Offs=0038D4  Size=00000D  Align=00001  Fill=0000
    RODATA            Offs=000708  Size=000000  Align=00001  Fill=0000
    BSS               Offs=001AAC  Size=000000  Align=00001  Fill=0000
    DATA              Offs=00065F  Size=000000  Align=00001  Fill=0000
    ZEROPAGE          Offs=000000  Size=000000  Align=00001  Fill=0000
    NULL              Offs=000000  Size=000000  Align=00001  Fill=0000
C:\UTILITY\cc65\lib/apple2.lib(tolower.o):
    CODE              Offs=0038E1  Size=000012  Align=00001  Fill=0000
    RODATA            Offs=000708  Size=000000  Align=00001  Fill=0000
    BSS               Offs=001AAC  Size=000000  Align=00001  Fill=0000
    DATA              Offs=00065F  Size=000000  Align=00001  Fill=0000
    ZEROPAGE          Offs=000000  Size=000000  Align=00001  Fill=0000
    NULL              Offs=000000  Size=000000  Align=00001  Fill=0000
C:\UTILITY\cc65\lib/apple2.lib(udiv.o):
    CODE              Offs=0038F3  Size=00004F  Align=00001  Fill=0000
    RODATA            Offs=000708  Size=000000  Align=00001  Fill=0000
    BSS               Offs=001AAC  Size=000000  Align=00001  Fill=0000
    DATA              Offs=00065F  Size=000000  Align=00001  Fill=0000
    ZEROPAGE          Offs=000000  Size=000000  Align=00001  Fill=0000
    NULL              Offs=000000  Size=000000  Align=00001  Fill=0000
C:\UTILITY\cc65\lib/apple2.lib(ugt.o):
    CODE              Offs=003942  Size=00000A  Align=00001  Fill=0000
    RODATA            Offs=000708  Size=000000  Align=00001  Fill=0000
    BSS               Offs=001AAC  Size=000000  Align=00001  Fill=0000
    DATA              Offs=00065F  Size=000000  Align=00001  Fill=0000
    ZEROPAGE          Offs=000000  Size=000000  Align=00001  Fill=0000
    NULL              Offs=000000  Size=000000  Align=00001  Fill=0000
C:\UTILITY\cc65\lib/apple2.lib(ult.o):
    CODE              Offs=00394C  Size=000008  Align=00001  Fill=0000
    RODATA            Offs=000708  Size=000000  Align=00001  Fill=0000
    BSS               Offs=001AAC  Size=000000  Align=00001  Fill=0000
    DATA              Offs=00065F  Size=000000  Align=00001  Fill=0000
    ZEROPAGE          Offs=000000  Size=000000  Align=00001  Fill=0000
    NULL              Offs=000000  Size=000000  Align=00001  Fill=0000
C:\UTILITY\cc65\lib/apple2.lib(uppercasemask.o):
    CODE              Offs=003954  Size=000000  Align=00001  Fill=0000
    RODATA            Offs=000708  Size=000000  Align=00001  Fill=0000
    BSS               Offs=001AAC  Size=000000  Align=00001  Fill=0000
    DATA              Offs=00065F  Size=000001  Align=00001  Fill=0000
    ZEROPAGE          Offs=000000  Size=000000  Align=00001  Fill=0000
    NULL              Offs=000000  Size=000000  Align=00001  Fill=0000
C:\UTILITY\cc65\lib/apple2.lib(vfprintf.o):
    CODE              Offs=003954  Size=000061  Align=00001  Fill=0000
    RODATA            Offs=000708  Size=000000  Align=00001  Fill=0000
    BSS               Offs=001AAC  Size=000000  Align=00001  Fill=0000
    DATA              Offs=000660  Size=000008  Align=00001  Fill=0000
    ZEROPAGE          Offs=000000  Size=000000  Align=00001  Fill=0000
    NULL              Offs=000000  Size=000000  Align=00001  Fill=0000
C:\UTILITY\cc65\lib/apple2.lib(vsnprintf.o):
    CODE              Offs=0039B5  Size=0000DA  Align=00001  Fill=0000
    RODATA            Offs=000708  Size=000000  Align=00001  Fill=0000
    BSS               Offs=001AAC  Size=000000  Align=00001  Fill=0000
    DATA              Offs=000668  Size=000008  Align=00001  Fill=0000
    ZEROPAGE          Offs=000000  Size=000000  Align=00001  Fill=0000
    NULL              Offs=000000  Size=000000  Align=00001  Fill=0000
C:\UTILITY\cc65\lib/apple2.lib(vsscanf.o):
    CODE              Offs=003A8F  Size=00006D  Align=00001  Fill=0000
    RODATA            Offs=000708  Size=000006  Align=00001  Fill=0000
    BSS               Offs=001AAC  Size=000004  Align=00001  Fill=0000
    DATA              Offs=000670  Size=000000  Align=00001  Fill=0000
    ZEROPAGE          Offs=000000  Size=000000  Align=00001  Fill=0000
    NULL              Offs=000000  Size=000000  Align=00001  Fill=0000
C:\UTILITY\cc65\lib/apple2.lib(vtabz.o):
    CODE              Offs=003AFC  Size=000000  Align=00001  Fill=0000
    RODATA            Offs=00070E  Size=000000  Align=00001  Fill=0000
    BSS               Offs=001AB0  Size=000000  Align=00001  Fill=0000
    DATA              Offs=000670  Size=000000  Align=00001  Fill=0000
    ZEROPAGE          Offs=000000  Size=000000  Align=00001  Fill=0000
    NULL              Offs=000000  Size=000000  Align=00001  Fill=0000
    LOWCODE           Offs=000014  Size=00000A  Align=00001  Fill=0000
C:\UTILITY\cc65\lib/apple2.lib(write.o):
    CODE              Offs=003AFC  Size=000071  Align=00001  Fill=0000
    RODATA            Offs=00070E  Size=000000  Align=00001  Fill=0000
    BSS               Offs=001AB0  Size=000000  Align=00001  Fill=0000
    DATA              Offs=000670  Size=000000  Align=00001  Fill=0000
    ZEROPAGE          Offs=000000  Size=000000  Align=00001  Fill=0000
    NULL              Offs=000000  Size=000000  Align=00001  Fill=0000
C:\UTILITY\cc65\lib/apple2.lib(zerobss.o):
    CODE              Offs=003B6D  Size=000023  Align=00001  Fill=0000
    RODATA            Offs=00070E  Size=000000  Align=00001  Fill=0000
    BSS               Offs=001AB0  Size=000000  Align=00001  Fill=0000
    DATA              Offs=000670  Size=000000  Align=00001  Fill=0000
    ZEROPAGE          Offs=000000  Size=000000  Align=00001  Fill=0000
    NULL              Offs=000000  Size=000000  Align=00001  Fill=0000
C:\UTILITY\cc65\lib/apple2.lib(zeropage.o):
    CODE              Offs=003B90  Size=000000  Align=00001  Fill=0000
    RODATA            Offs=00070E  Size=000000  Align=00001  Fill=0000
    BSS               Offs=001AB0  Size=000000  Align=00001  Fill=0000
    DATA              Offs=000670  Size=000000  Align=00001  Fill=0000
    ZEROPAGE          Offs=000000  Size=00001A  Align=00001  Fill=0000
    NULL              Offs=000000  Size=000000  Align=00001  Fill=0000


Segment list:
-------------
Name                   Start     End    Size  Align
----------------------------------------------------
NULL                  000000  000000  000000  00001
ZEROPAGE              000080  000099  00001A  00001
EXEHDR                0007C9  000802  00003A  00001
STARTUP               000803  00080E  00000C  00001
LOWCODE               00080F  00082C  00001E  00001
CODE                  00082D  0043BC  003B90  00001
RODATA                0043BD  004ACA  00070E  00001
DATA                  004ACB  00513A  000670  00001
INIT                  00513B  005157  00001D  00001
BSS                   005158  006C07  001AB0  00001
ONCE                  005158  0051E3  00008C  00001


Exports list by name:
---------------------
COUT                      00080F RLA    HOME                      000819 RLA    
VTABZ                     000823 RLA    __BSS_LOAD__              005158  LA    
__BSS_RUN__               005158 RLA    __BSS_SIZE__              001AB0 REA    
__CONSTRUCTOR_COUNT__     000001 REA    __CONSTRUCTOR_TABLE__     0051E2 RLA    
__DESTRUCTOR_COUNT__      000000 REA    __DESTRUCTOR_TABLE__      004ACB RLA    
__EXEHDR__                000001 REA    __FILETYPE__              000006 REA    
__HIMEM__                 009600 REA    __LCADDR__                00D400 REA    
__LCSIZE__                000C00 REA    __LC_FILEOFFS__           000000  EA    
__LC_LAST__               00D400 RLA    __LC_SIZE__               000C00  EA    
__LC_START__              00D400 RLA    __MAIN_FILEOFFS__         00003A  EA    
__MAIN_LAST__             0051E4 RLA    __MAIN_SIZE__             008DFD  EA    
__MAIN_START__            000803 RLA    __ONCE_LOAD__             005158 RLA    
__ONCE_RUN__              005158 RLA    __ONCE_SIZE__             00008C REA    
__STACKSIZE__             000800 REA    __STARTUP__               000001 REA    
__ZP_FILEOFFS__           000000  EA    __ZP_LAST__               00009A  LA    
__ZP_SIZE__               00001A  EA    __ZP_START__              000080  LA    
___directerrno            002C54 RLA    ___errno                  006BE9 RLA    
___mappederrno            002C5E RLA    ___oserror                006B7B RLA    
___osmaperrno             003DD7 RLA    ___seterrno               00379B RLA    
___setjmp                 003F4B RLA    __argc                    0050B5  LA    
__argv                    0050B7  LA    __ctype                   004A08 RLA    
__ctypeidx                004A13 RLA    __dos_type                0050E1 RLA    
__filetab                 005094  LA    __hextab                  0049D5 RLA    
__longminstr              0049E5 RLA    __printf                  002D5F RLA    
__scanf                   003010 RLA    _cgetc                    00383C RLA    
_clrscr                   000819 RLA    _cputc                    00388A  LA    
_cputcxy                  003885  LA    _cs8900a                  004B11 RLA    
_cs8900a_name             004973 RLA    _dhcp_init                001CA0 RLA    
_dotted_quad              001D04  LA    _exit                     003811 RLA    
_fputc                    00395D RLA    _fwrite                   0039A4 RLA    
_gotox                    003A35  LA    _gotoxy                   003A2A  LA    
_ip65_error               0068DA RLA    _ip65_init                001E86 RLA    
_ip65_process             001E8E RLA    _ip65_random_word         001E27  LA    
_ip65_strerror            001D96  LA    _isdigit                  003AB0 RLA    
_isspace                  003AB8 RLA    _isxdigit                 003AC0 RLA    
_lan91c96                 004C8D RLA    _lan91c96_name            0049A2 RLA    
_longjmp                  003BDA RLA    _ltoa                     003C5A RLA    
_main                     00160A RLA    _memcpy                   003D03 RLA    
_parse_dotted_quad        001D78 RLA    _printf                   003E07 RLA    
_putchar                  003E92 RLA    _puts                     003E9E RLA    
_snprintf                 003F70 RLA    _sscanf                   003F9B RLA    
_stderr                   0050B0  LA    _stdin                    0050AC  LA    
_stdout                   0050AE RLA    _strcpy                   003FFC RLA    
_strlen                   00401B RLA    _strlen_ptr4              00401F  LA    
_strlower                 004031 RLA    _strlwr                   004031  LA    
_strncpy                  004058 RLA    _strstr                   00409A RLA    
_tcp_close                001EF9 RLA    _tcp_connect              001EC7 RLA    
_tcp_listen               001E96  LA    _tcp_send                 001F01 RLA    
_tcp_send_keep_alive      001F12  LA    _tolower                  00410E RLA    
_ultoa                    003C9B RLA    _vfprintf                 0041B9 RLA    
_vsnprintf                0041E2 RLA    _vsscanf                  004307 RLA    
_w5100                    004E18 RLA    _w5100_name               0049C9 RLA    
_write                    004329 RLA    abort_key                 005093  LA    
abort_key_default         00009B  EZ    abort_key_disable         000080  EZ    
ac_size                   000008  EZ    acc16                     000088 REZ    
acc32                     000088 REZ    add_16_32                 00179F RLA    
add_32_32                 001780  LA    addeq0sp                  0037C0  LA    
addeqysp                  0037C2 RLA    addysp                    0037D2 RLA    
addysp1                   0037D1 RLA    arp_add                   00196F  LA    
arp_cache                 005C7E  LA    arp_calculate_gateway_mask 0017ED RLA    
arp_init                  0017E3 RLA    arp_ip                    005C7A RLA    
arp_lookup                001812 RLA    arp_mac                   005C74 RLA    
arp_process               0018F1 RLA    axlong                    0037DF RLA    
axulong                   0037E5 RLA    bnega                     0037F0 RLA    
bnegax                    0037EC RLA    booleq                    003CDD RLA    
boolge                    003CEE RLA    boolgt                    003CEC  LA    
boolle                    003CE4  LA    boollt                    003CE6 RLA    
boolne                    003CD7 RLA    booluge                   003CFE  LA    
boolugt                   003CFC RLA    boolule                   003CF4  LA    
boolult                   003CF6 RLA    callmain                  0037FA RLA    
callmli                   005105 RLA    cfg_dns                   004AE9 RLA    
cfg_gateway               004AE5 RLA    cfg_ip                    004ADD RLA    
cfg_mac                   004AD7 RLA    cfg_netmask               004AE1 RLA    
cfg_tftp_server           004AF1  LA    check_for_abort_key       002C45 RLA    
checkferror               003864 RLA    cmp_16_16                 001762 RLA    
cmp_32_32                 001746 RLA    complax                   003870 RLA    
condes                    0050B9  LA    copy_dest                 00008A REZ    
copy_src                  000088 REZ    copymem                   0019E5 RLA    
cputdirect                00389B  LA    ctypemask                 0038DB RLA    
ctypemaskdirect           0038DF RLA    cursor                    006B7A RLA    
decax1                    0038F9 RLA    decax2                    003900 RLA    
decax3                    003907 RLA    decaxy                    00390E RLA    
decsp1                    003917 RLA    decsp2                    003920 RLA    
decsp4                    00392D RLA    decsp6                    00393A RLA    
dhcp_init                 001A0C RLA    dhcp_server               004AED RLA    
dhcp_state                005CDA  LA    done                      0050DE RLA    
donelib                   003879 RLA    dotted_quad_value         005CE3 RLA    
eth_data                  00000E REZ    eth_dest                  000000 REZ    
eth_init                  002BDC RLA    eth_inp                   005CFB RLA    
eth_inp_len               005CF7 RLA    eth_name                  006B63  LA    
eth_outp                  0062E9 RLA    eth_outp_len              005CF9 RLA    
eth_proto_arp             000006 REZ    eth_proto_ip              000000 REZ    
eth_rx                    00506C RLA    eth_set_broadcast_dest    001E07 RLA    
eth_set_my_mac_src        001E12 RLA    eth_set_proto             001E1E RLA    
eth_src                   000006 REZ    eth_tx                    005080 RLA    
eth_type                  00000C  EZ    fdtab                     0050E2 RLA    
getfd                     003947 RLA    gotoxy                    003A27 RLA    
icmp_add_listener         002369  LA    icmp_callback             006B10  LA    
icmp_cksum                000002  EZ    icmp_code                 000001  EZ    
icmp_data                 000004  EZ    icmp_echo_ip              006B19  LA    
icmp_init                 0022BD RLA    icmp_inp                  005D1D  EA    
icmp_outp                 00630B  EA    icmp_ping                 00243A  LA    
icmp_process              0022C3 RLA    icmp_remove_listener      002395  LA    
icmp_send_echo            0023CA  LA    icmp_type                 000000  EZ    
incax1                    003A66 RLA    incax2                    003A6D RLA    
incax4                    003A74  LA    incaxy                    003A76 RLA    
incsp1                    003A7F RLA    incsp2                    003A8E RLA    
incsp4                    003A9C RLA    incsp5                    003AA1 RLA    
incsp6                    003AA6 RLA    incsp8                    003AAB RLA    
initdostype               0051CE  LAI   initlib                   005158 RLA    
ip65_ctr                  0068D7  LA    ip65_ctr_arp              0068D8  LA    
ip65_ctr_ip               0068D9  LA    ip65_error                0068DA RLA    
ip65_init                 001E4E RLA    ip65_process              001E64 RLA    
ip65_random_word          001E27 RLA    ip65_strerror             001D96 RLA    
ip_broadcast              006B08 RLA    ip_calc_cksum             002219 RLA    
ip_cksum_ptr              00008A REZ    ip_create_packet          002185 RLA    
ip_data                   000014 REZ    ip_dest                   000010 REZ    
ip_frag                   000006  EZ    ip_header_cksum           00000A REZ    
ip_id                     000004 REZ    ip_init                   0020A8 RLA    
ip_inp                    005D09 REA    ip_len                    000002 REZ    
ip_outp                   0062F7 REA    ip_process                0020C0 RLA    
ip_proto                  000009 REZ    ip_proto_icmp             000001 REZ    
ip_proto_tcp              000006 REZ    ip_proto_udp              000011 REZ    
ip_send                   0021B2 RLA    ip_src                    00000C REZ    
ip_tos                    000001  EZ    ip_ttl                    000008  EZ    
ip_ver_ihl                000000  EZ    jmpvec                    005102 RLA    
ldauidx                   003B28 RLA    ldax0sp                   003B3E  LA    
ldaxi                     003B31 RLA    ldaxidx                   003B33  LA    
ldaxysp                   003B40 RLA    ldeax0sp                  003B47  LA    
ldeaxysp                  003B49 RLA    memcpy_getparams          003D2C  LA    
memcpy_upwards            003D06  LA    mliparam                  006BEF RLA    
mul8x16                   003D86 RLA    mul8x16a                  003D90 RLA    
mul_8_16                  0017BB  LA    mulax10                   003DBE RLA    
negeax                    003BBC RLA    newline                   0038AE  LA    
op32                      00008A REZ    output_buffer             0068DD RLA    
parse_dotted_quad         001CA8 RLA    popa                      003DED RLA    
popax                     003A86 RLA    popeax                    003C02 RLA    
popptr1                   003DF9 RLA    ptr1                      000088 RLZ    
ptr2                      00008A RLZ    ptr3                      00008C RLZ    
ptr4                      00008E RLZ    push0                     003E55  LA    
[...]
    _scanf.o                  ../libwrk/apple2/_scanf.s:1470
    vsnprintf.o               common/vsnprintf.s:9
    puts.o                    ../libwrk/apple2/puts.s:95
    chatbot.o                 chatbot.s:1943
    chatbot.o                 chatbot.s:1943
    chatbot.o                 chatbot.s:1943
    chatbot.o                 chatbot.s:1943
    chatbot.o                 chatbot.s:1943
    chatbot.o                 chatbot.s:1943
    chatbot.o                 chatbot.s:1943
    chatbot.o                 chatbot.s:1943
    chatbot.o                 chatbot.s:1943
    chatbot.o                 chatbot.s:1943
    chatbot.o                 chatbot.s:1943
ldeax0sp (ldeaxysp.o):
ldeaxysp (ldeaxysp.o):
    chatbot.o                 chatbot.s:1943
memcpy_getparams (memcpy.o):
memcpy_upwards (memcpy.o):
mliparam (mli.o):
    rwcommon.o                apple2/mli.inc:130
    write.o                   apple2/mli.inc:130
mul8x16 (mul8.o):
    mul.o                     runtime/mul.s:8
mul8x16a (mul8.o):
    mul.o                     runtime/mul.s:8
mul_8_16 (arithmetic.o):
mulax10 (mulax10.o):
    _scanf.o                  ../libwrk/apple2/_scanf.s:1470
negeax (lneg.o):
    ltoa.o                    common/ltoa.s:9
    _scanf.o                  ../libwrk/apple2/_scanf.s:1470
newline (cputc.o):
op32 (arithmetic.o):
    tcp.o                     tcp.s:45
output_buffer (output_buffer.o):
    dhcp.o                    dhcp.s:40
parse_dotted_quad (dottedquad.o):
    dottedquad_c.o            dottedquad_c.s:6
popa (popa.o):
    gotoxy.o                  apple2/gotoxy.s:9
popax (incsp2.o):
    rwcommon.o                apple2/rwcommon.s:6
    ltoa.o                    common/ltoa.s:9
    fputc.o                   common/fputc.s:10
    _printf.o                 common/_printf.s:11
    vsscanf.o                 common/vsscanf.s:11
    vsnprintf.o               common/vsnprintf.s:9
    strncpy.o                 common/strncpy.s:8
    strcpy.o                  common/strcpy.s:8
    memcpy.o                  common/memcpy.s:14
    tcp_c.o                   tcp_c.s:22
popeax (lpop.o):
    tcp_c.o                   tcp_c.s:22
popptr1 (popptr1.o):
    udiv.o                    runtime/udiv.s:9
    rwcommon.o                apple2/rwcommon.s:6
    mul8.o                    runtime/mul8.s:9
    mul.o                     runtime/mul.s:9
    ltoa.o                    common/ltoa.s:9
    longjmp.o                 common/longjmp.s:9
    fputc.o                   common/fputc.s:11
    strstr.o                  common/strstr.s:8
    strncpy.o                 common/strncpy.s:8
    memcpy.o                  common/memcpy.s:14
    tcp_c.o                   tcp_c.s:22
ptr1 (zeropage.o):
    checkferror.o             common/checkferror.s:12
    udiv.o                    runtime/udiv.s:10
    strlower.o                common/strlower.s:13
    setjmp.o                  common/setjmp.s:11
    rwcommon.o                /home/runner/work/cc65/cc65/asminc/zeropage.inc:12
    pushptr1.o                runtime/pushptr1.s:9
    mulax10.o                 runtime/mulax10.s:9
    mul8.o                    runtime/mul8.s:10
    mul.o                     runtime/mul.s:10
    ltoa.o                    common/ltoa.s:11
    longjmp.o                 common/longjmp.s:10
    lmul.o                    runtime/lmul.s:10
    ldaxi.o                   runtime/ldaxi.s:8
    lcmp.o                    runtime/lcmp.s:10
    fwrite.o                  common/fwrite.s:14
    fputc.o                   common/fputc.s:8
    _scanf.o                  ../libwrk/apple2/_scanf.s:11
    _printf.o                 /home/runner/work/cc65/cc65/asminc/zeropage.inc:12
    zerobss.o                 common/zerobss.s:9
    write.o                   /home/runner/work/cc65/cc65/asminc/zeropage.inc:12
    vsscanf.o                 common/vsscanf.s:12
    vsnprintf.o               common/vsnprintf.s:11
    vfprintf.o                common/vfprintf.s:11
    strstr.o                  common/strstr.s:9
    strncpy.o                 common/strncpy.s:9
    strcpy.o                  common/strcpy.s:9
    staspidx.o                runtime/staspidx.s:9
    sscanf.o                  common/sscanf.s:9
    snprintf.o                common/snprintf.s:9
    puts.o                    ../libwrk/apple2/puts.s:11
    printf.o                  common/printf.s:9
    popptr1.o                 runtime/popptr1.s:9
    memcpy.o                  common/memcpy.s:15
    ldaui.o                   runtime/ldaui.s:8
    uthernet2.o               C:\UTILITY\cc65\asminc/zeropage.inc:12
    lancegs.o                 C:\UTILITY\cc65\asminc/zeropage.inc:12
    uthernet.o                C:\UTILITY\cc65\asminc/zeropage.inc:12
    a2combo.o                 C:\UTILITY\cc65\asminc/zeropage.inc:12
    arp.o                     C:\UTILITY\cc65\asminc/zeropage.inc:12
    ip_tcp.o                  C:\UTILITY\cc65\asminc/zeropage.inc:12
    copymem.o                 C:\UTILITY\cc65\asminc/zeropage.inc:12
    arithmetic.o              C:\UTILITY\cc65\asminc/zeropage.inc:12
    tcp.o                     C:\UTILITY\cc65\asminc/zeropage.inc:12
    tcp_c.o                   tcp_c.s:23
ptr2 (zeropage.o):
    strlower.o                common/strlower.s:13
    rwcommon.o                /home/runner/work/cc65/cc65/asminc/zeropage.inc:12
    ltoa.o                    common/ltoa.s:11
    longjmp.o                 common/longjmp.s:10
    _printf.o                 /home/runner/work/cc65/cc65/asminc/zeropage.inc:12
    write.o                   /home/runner/work/cc65/cc65/asminc/zeropage.inc:12
    vsscanf.o                 common/vsscanf.s:12
    strstr.o                  common/strstr.s:9
    strncpy.o                 common/strncpy.s:9
    strcpy.o                  common/strcpy.s:9
    memcpy.o                  common/memcpy.s:15
    uthernet2.o               C:\UTILITY\cc65\asminc/zeropage.inc:12
    lancegs.o                 C:\UTILITY\cc65\asminc/zeropage.inc:12
    uthernet.o                C:\UTILITY\cc65\asminc/zeropage.inc:12
    ip_tcp.o                  C:\UTILITY\cc65\asminc/zeropage.inc:12
    copymem.o                 C:\UTILITY\cc65\asminc/zeropage.inc:12
    arithmetic.o              C:\UTILITY\cc65\asminc/zeropage.inc:12
ptr3 (zeropage.o):
    ltoa.o                    common/ltoa.s:11
    lmul.o                    runtime/lmul.s:10
    strstr.o                  common/strstr.s:9
    memcpy.o                  common/memcpy.s:15
    uthernet2.o               C:\UTILITY\cc65\asminc/zeropage.inc:12
    lancegs.o                 C:\UTILITY\cc65\asminc/zeropage.inc:12
    uthernet.o                C:\UTILITY\cc65\asminc/zeropage.inc:12
ptr4 (zeropage.o):
    udiv.o                    runtime/udiv.s:10
    mul8.o                    runtime/mul8.s:10
    mul.o                     runtime/mul.s:10
    lmul.o                    runtime/lmul.s:10
    strstr.o                  common/strstr.s:9
    strlen.o                  common/strlen.s:12
    uthernet2.o               C:\UTILITY\cc65\asminc/zeropage.inc:12
    uthernet.o                C:\UTILITY\cc65\asminc/zeropage.inc:12
push0 (pushax.o):
push0ax (lpush.o):
push1 (push1.o):
    _printf.o                 common/_printf.s:11
    vfprintf.o                common/vfprintf.s:9
pusha (pusha.o):
    _scanf.o                  ../libwrk/apple2/_scanf.s:1470
    _scanf.o                  ../libwrk/apple2/_scanf.s:1470
    _scanf.o                  ../libwrk/apple2/_scanf.s:1470
    _scanf.o                  ../libwrk/apple2/_scanf.s:1470
    _scanf.o                  ../libwrk/apple2/_scanf.s:1470
    chatbot.o                 chatbot.s:1943
    chatbot.o                 chatbot.s:1943
    chatbot.o                 chatbot.s:1943
    chatbot.o                 chatbot.s:1943
pusha0 (pushax.o):
    push1.o                   runtime/push1.s:8
    fwrite.o                  common/fwrite.s:11
    fputc.o                   common/fputc.s:10
    _scanf.o                  ../libwrk/apple2/_scanf.s:1470
    puts.o                    ../libwrk/apple2/puts.s:95
pusha0sp (pusha.o):
pushax (pushax.o):
    pushptr1.o                runtime/pushptr1.s:8
    fwrite.o                  common/fwrite.s:11
    fputc.o                   common/fputc.s:10
    callmain.o                apple2/callmain.s:11
    _scanf.o                  ../libwrk/apple2/_scanf.s:1470
    _scanf.o                  ../libwrk/apple2/_scanf.s:1470
    _printf.o                 common/_printf.s:11
    puts.o                    ../libwrk/apple2/puts.s:95
    putchar.o                 common/putchar.s:8
    printf.o                  common/printf.s:8
    tcp_c.o                   tcp_c.s:22
    chatbot.o                 chatbot.s:1943
    chatbot.o                 chatbot.s:1943
    chatbot.o                 chatbot.s:1943
    chatbot.o                 chatbot.s:1943
    chatbot.o                 chatbot.s:1943
    chatbot.o                 chatbot.s:1943
    chatbot.o                 chatbot.s:1943
    chatbot.o                 chatbot.s:1943
    chatbot.o                 chatbot.s:1943
    chatbot.o                 chatbot.s:1943
    chatbot.o                 chatbot.s:1943
pushaysp (pusha.o):
pusheax (lpush.o):
    _scanf.o                  ../libwrk/apple2/_scanf.s:1470
    _printf.o                 common/_printf.s:11
    chatbot.o                 chatbot.s:1943
pushl0 (lpush.o):
pushptr1 (pushptr1.o):
    fputc.o                   common/fputc.s:11
pushw0sp (pushwsp.o):
pushwysp (pushwsp.o):
    fwrite.o                  common/fwrite.s:11
    vfprintf.o                common/vfprintf.s:9
    puts.o                    ../libwrk/apple2/puts.s:95
putchar (cputc.o):
putchardirect (cputc.o):
    cgetc.o                   apple2/cgetc.s:10
regbank (zeropage.o):
    _scanf.o                  ../libwrk/apple2/_scanf.s:10
    _printf.o                 /home/runner/work/cc65/cc65/asminc/zeropage.inc:14
regsave (zeropage.o):
    _scanf.o                  ../libwrk/apple2/_scanf.s:10
reset (crt0.o):
    callmain.o                apple2/callmain.s:12
return (crt0.o):
return0 (return0.o):
    setjmp.o                  common/setjmp.s:10
    ult.o                     runtime/ult.s:8
returnFFFF (returnFFFF.o):
    fputc.o                   common/fputc.s:11
rvsave (crt0.o):
    callmain.o                apple2/callmain.s:12
rwcommon (rwcommon.o):
    write.o                   apple2/write.s:8
rwepilog (rwcommon.o):
    write.o                   apple2/write.s:8
rwprolog (rwcommon.o):
    write.o                   apple2/write.s:8
sp (zeropage.o):
    setjmp.o                  common/setjmp.s:11
    pushwsp.o                 runtime/pushwsp.s:8
    longjmp.o                 common/longjmp.s:10
    lmul.o                    runtime/lmul.s:10
    lcmp.o                    runtime/lcmp.s:10
    ladd.o                    runtime/ladd.s:9
    callmain.o                /home/runner/work/cc65/cc65/asminc/zeropage.inc:11
    _scanf.o                  ../libwrk/apple2/_scanf.s:10
    _printf.o                 /home/runner/work/cc65/cc65/asminc/zeropage.inc:11
    vsscanf.o                 common/vsscanf.s:12
    vsnprintf.o               common/vsnprintf.s:11
    vfprintf.o                common/vfprintf.s:11
    subysp.o                  runtime/subysp.s:9
    sub.o                     runtime/sub.s:9
    steaxsp.o                 runtime/steaxsp.s:8
    staxsp.o                  runtime/staxsp.s:8
    staspidx.o                runtime/staspidx.s:9
    sscanf.o                  common/sscanf.s:9
    snprintf.o                common/snprintf.s:9
    pushax.o                  runtime/pushax.s:8
    pusha.o                   runtime/pusha.s:8
    printf.o                  common/printf.s:9
    popptr1.o                 runtime/popptr1.s:9
    popa.o                    runtime/popa.s:8
    memcpy.o                  common/memcpy.s:15
    lpush.o                   runtime/lpush.s:13
    lpop.o                    runtime/lpop.s:10
    ldeaxysp.o                runtime/ldeaxysp.s:12
    ldaxsp.o                  runtime/ldaxsp.s:8
    incsp2.o                  runtime/incsp2.s:8
    incsp1.o                  runtime/incsp1.s:8
    icmp.o                    runtime/icmp.s:9
    decsp6.o                  runtime/decsp6.s:8
    decsp4.o                  runtime/decsp4.s:8
    decsp2.o                  runtime/decsp2.s:8
    decsp1.o                  runtime/decsp1.s:8
    crt0.o                    /home/runner/work/cc65/cc65/asminc/zeropage.inc:11
    addysp.o                  runtime/addysp.s:8
    addeqsp.o                 runtime/addeqsp.s:8
    add.o                     runtime/add.s:12
    chatbot.o                 chatbot.s:10
sreg (zeropage.o):
    udiv.o                    runtime/udiv.s:10
    ltoa.o                    common/ltoa.s:11
    lneg.o                    runtime/lneg.s:11
    lmul.o                    runtime/lmul.s:10
    lcmp.o                    runtime/lcmp.s:10
    ladd.o                    runtime/ladd.s:9
    axlong.o                  runtime/axlong.s:9
    _scanf.o                  ../libwrk/apple2/_scanf.s:10
    _printf.o                 /home/runner/work/cc65/cc65/asminc/zeropage.inc:11
    steaxsp.o                 runtime/steaxsp.s:8
    lpush.o                   runtime/lpush.s:13
    lpop.o                    runtime/lpop.s:10
    ldeaxysp.o                runtime/ldeaxysp.s:12
    icmp.o                    runtime/icmp.s:9
    uthernet2.o               C:\UTILITY\cc65\asminc/zeropage.inc:11
    tcp_c.o                   tcp_c.s:23
    dottedquad_c.o            dottedquad_c.s:9
    chatbot.o                 chatbot.s:10
staspidx (staspidx.o):
    chatbot.o                 chatbot.s:1943
    chatbot.o                 chatbot.s:1943
    chatbot.o                 chatbot.s:1943
    chatbot.o                 chatbot.s:1943
stax0sp (staxsp.o):
staxysp (staxsp.o):
    chatbot.o                 chatbot.s:1943
    chatbot.o                 chatbot.s:1943
    chatbot.o                 chatbot.s:1943
    chatbot.o                 chatbot.s:1943
    chatbot.o                 chatbot.s:1943
    chatbot.o                 chatbot.s:1943
    chatbot.o                 chatbot.s:1943
    chatbot.o                 chatbot.s:1943
steax0sp (steaxsp.o):
steaxysp (steaxsp.o):
    chatbot.o                 chatbot.s:1943
sub_16_16 (arithmetic.o):
    tcp.o                     tcp.s:52
subysp (subysp.o):
    chatbot.o                 chatbot.s:1943
tcp_callback (tcp.o):
    tcp_c.o                   tcp_c.s:17
tcp_close (tcp.o):
    tcp_c.o                   tcp_c.s:11
tcp_connect (tcp.o):
    tcp_c.o                   tcp_c.s:10
tcp_connect_ip (tcp.o):
    tcp_c.o                   tcp_c.s:19
tcp_connect_remote_port (tcp.o):
tcp_inbound_data_length (tcp.o):
    tcp_c.o                   tcp_c.s:13
tcp_inbound_data_ptr (tcp.o):
    tcp_c.o                   tcp_c.s:12
tcp_init (tcp.o):
    ip_tcp.o                  ip.s:56
tcp_listen (tcp.o):
    tcp_c.o                   tcp_c.s:9
tcp_process (tcp.o):
    ip_tcp.o                  ip.s:57
tcp_remote_ip (tcp.o):
    tcp_c.o                   tcp_c.s:18
tcp_send (tcp.o):
    tcp_c.o                   tcp_c.s:14
tcp_send_data_len (tcp.o):
    tcp_c.o                   tcp_c.s:20
tcp_send_keep_alive (tcp.o):
    tcp_c.o                   tcp_c.s:15
tcp_send_string (tcp.o):
tcp_state (tcp.o):
timer_init (a2_timer.o):
    ip65.o                    ip65.s:16
timer_read (a2_timer.o):
    timer.o                   timer.s:13
    arp.o                     arp.s:31
    icmp_tcp.o                icmp.s:50
    ip65.o                    ip65.s:19
    dhcp.o                    dhcp.s:47
    tcp.o                     tcp.s:41
timer_seconds (a2_timer.o):
timer_timeout (timer.o):
    arp.o                     arp.s:32
    icmp_tcp.o                icmp.s:51
tmp1 (zeropage.o):
    mul.o                     runtime/mul.s:10
    ltoa.o                    common/ltoa.s:11
    ladd.o                    runtime/ladd.s:9
    decaxy.o                  runtime/decaxy.s:8
    _printf.o                 /home/runner/work/cc65/cc65/asminc/zeropage.inc:13
    strstr.o                  common/strstr.s:9
    strncpy.o                 common/strncpy.s:9
    staspidx.o                runtime/staspidx.s:9
    incaxy.o                  runtime/incaxy.s:8
    add.o                     runtime/add.s:12
    uthernet2.o               C:\UTILITY\cc65\asminc/zeropage.inc:13
    dottedquad_c.o            dottedquad_c.s:9
tmp2 (zeropage.o):
    lmul.o                    runtime/lmul.s:10
    strncpy.o                 common/strncpy.s:9
    uthernet2.o               C:\UTILITY\cc65\asminc/zeropage.inc:13
    dottedquad_c.o            dottedquad_c.s:9
tmp3 (zeropage.o):
    lmul.o                    runtime/lmul.s:10
    strncpy.o                 common/strncpy.s:9
    uthernet2.o               C:\UTILITY\cc65\asminc/zeropage.inc:13
    dottedquad_c.o            dottedquad_c.s:9
tmp4 (zeropage.o):
    lmul.o                    runtime/lmul.s:10
    uthernet2.o               C:\UTILITY\cc65\asminc/zeropage.inc:13
tolowerdirect (tolower.o):
tosadd0ax (ladd.o):
tosadda0 (add.o):
tosaddax (add.o):
    chatbot.o                 chatbot.s:1943
    chatbot.o                 chatbot.s:1943
    chatbot.o                 chatbot.s:1943
    chatbot.o                 chatbot.s:1943
    chatbot.o                 chatbot.s:1943
    chatbot.o                 chatbot.s:1943
tosaddeax (ladd.o):
    _scanf.o                  ../libwrk/apple2/_scanf.s:1470
toseqeax (leq.o):
    chatbot.o                 chatbot.s:1943
tosge00 (ge.o):
tosgea0 (ge.o):
tosgeax (ge.o):
    chatbot.o                 chatbot.s:1943
    chatbot.o                 chatbot.s:1943
tosicmp (icmp.o):
    ult.o                     runtime/ult.s:8
    ugt.o                     runtime/ugt.s:8
    lt.o                      runtime/lt.s:8
    ge.o                      runtime/ge.s:8
tosicmp0 (icmp.o):
toslcmp (lcmp.o):
    leq.o                     runtime/leq.s:8
toslt00 (lt.o):
toslta0 (lt.o):
tosltax (lt.o):
    chatbot.o                 chatbot.s:1943
    chatbot.o                 chatbot.s:1943
tosmul0ax (lmul.o):
tosmula0 (mul8.o):
tosmulax (mul.o):
tosmuleax (lmul.o):
    _scanf.o                  ../libwrk/apple2/_scanf.s:1470
tossuba0 (sub.o):
    _scanf.o                  ../libwrk/apple2/_scanf.s:1470
tossubax (sub.o):
    chatbot.o                 chatbot.s:1943
tosudiva0 (udiv.o):
tosudivax (udiv.o):
    fwrite.o                  common/fwrite.s:12
tosugt00 (ugt.o):
tosugta0 (ugt.o):
tosugtax (ugt.o):
    chatbot.o                 chatbot.s:1943
tosult00 (ult.o):
tosulta0 (ult.o):
tosultax (ult.o):
    chatbot.o                 chatbot.s:1943
    chatbot.o                 chatbot.s:1943
tosumul0ax (lmul.o):
tosumula0 (mul8.o):
tosumulax (mul.o):
    fwrite.o                  common/fwrite.s:12
tosumuleax (lmul.o):
udiv16 (udiv.o):
udp_add_listener (udp.o):
    dhcp.o                    dhcp.s:30
udp_callback (udp.o):
    dhcp.o                    dhcp.s:33
udp_cksum (udp.o):
udp_data (udp.o):
    dhcp.o                    dhcp.s:38
udp_dest_port (udp.o):
udp_init (udp.o):
    ip_tcp.o                  ip.s:52
udp_inp (udp.o):
    dhcp.o                    dhcp.s:36
udp_len (udp.o):
udp_outp (udp.o):
udp_process (udp.o):
    ip_tcp.o                  ip.s:53
udp_remove_listener (udp.o):
    dhcp.o                    dhcp.s:31
udp_send (udp.o):
    dhcp.o                    dhcp.s:34
udp_send_dest (udp.o):
    dhcp.o                    dhcp.s:42
udp_send_dest_port (udp.o):
    dhcp.o                    dhcp.s:44
udp_send_internal (udp.o):
udp_send_len (udp.o):
    dhcp.o                    dhcp.s:45
udp_send_src_port (udp.o):
    dhcp.o                    dhcp.s:43
udp_src_port (udp.o):
uppercasemask (uppercasemask.o):
    write.o                   apple2/write.s:11
    cputc.o                   apple2/cputc.s:15
vsnprintf (vsnprintf.o):
zerobss (zerobss.o):
    crt0.o                    apple2/crt0.s:12
zpsave (crt0.o):
    callmain.o                apple2/callmain.s:12

