Modules list:
-------------
rest_hello.o:
    CODE              Offs=000000  Size=000881  Align=00001  Fill=0000
    RODATA            Offs=000000  Size=00042D  Align=00001  Fill=0000
    BSS               Offs=000000  Size=000A00  Align=00001  Fill=0000
    DATA              Offs=000000  Size=00000C  Align=00001  Fill=0000
    ZEROPAGE          Offs=000000  Size=000000  Align=00001  Fill=0000
    NULL              Offs=000000  Size=000000  Align=00001  Fill=0000
../00.LIBRERIE/IP65/lib/ip65.lib(arp.o):
    CODE              Offs=000881  Size=000202  Align=00001  Fill=0000
    RODATA            Offs=00042D  Size=000000  Align=00001  Fill=0000
    BSS               Offs=000A00  Size=000066  Align=00001  Fill=0000
    DATA              Offs=00000C  Size=000000  Align=00001  Fill=0000
    ZEROPAGE          Offs=000000  Size=000000  Align=00001  Fill=0000
    NULL              Offs=000000  Size=000000  Align=00001  Fill=0000
../00.LIBRERIE/IP65/lib/ip65.lib(config.o):
    CODE              Offs=000A83  Size=000000  Align=00001  Fill=0000
    RODATA            Offs=00042D  Size=000000  Align=00001  Fill=0000
    BSS               Offs=000A66  Size=000000  Align=00001  Fill=0000
    DATA              Offs=00000C  Size=00001E  Align=00001  Fill=0000
    ZEROPAGE          Offs=000000  Size=000000  Align=00001  Fill=0000
    NULL              Offs=000000  Size=000000  Align=00001  Fill=0000
../00.LIBRERIE/IP65/lib/ip65.lib(copymem.o):
    CODE              Offs=000A83  Size=000027  Align=00001  Fill=0000
    RODATA            Offs=00042D  Size=000000  Align=00001  Fill=0000
    BSS               Offs=000A66  Size=000001  Align=00001  Fill=0000
    DATA              Offs=00002A  Size=000000  Align=00001  Fill=0000
    ZEROPAGE          Offs=000000  Size=000000  Align=00001  Fill=0000
    NULL              Offs=000000  Size=000000  Align=00001  Fill=0000
../00.LIBRERIE/IP65/lib/ip65.lib(dhcp.o):
    CODE              Offs=000AAA  Size=000294  Align=00001  Fill=0000
    RODATA            Offs=00042D  Size=000000  Align=00001  Fill=0000
    BSS               Offs=000A67  Size=000009  Align=00001  Fill=0000
    DATA              Offs=00002A  Size=000000  Align=00001  Fill=0000
    ZEROPAGE          Offs=000000  Size=000000  Align=00001  Fill=0000
    NULL              Offs=000000  Size=000000  Align=00001  Fill=0000
../00.LIBRERIE/IP65/lib/ip65.lib(dhcp_c.o):
    CODE              Offs=000D3E  Size=000008  Align=00001  Fill=0000
    RODATA            Offs=00042D  Size=000000  Align=00001  Fill=0000
    BSS               Offs=000A70  Size=000000  Align=00001  Fill=0000
    DATA              Offs=00002A  Size=000000  Align=00001  Fill=0000
    ZEROPAGE          Offs=000000  Size=000000  Align=00001  Fill=0000
    NULL              Offs=000000  Size=000000  Align=00001  Fill=0000
../00.LIBRERIE/IP65/lib/ip65.lib(dottedquad.o):
    CODE              Offs=000D46  Size=00005C  Align=00001  Fill=0000
    RODATA            Offs=00042D  Size=000000  Align=00001  Fill=0000
    BSS               Offs=000A70  Size=000004  Align=00001  Fill=0000
    DATA              Offs=00002A  Size=000004  Align=00001  Fill=0000
    ZEROPAGE          Offs=000000  Size=000000  Align=00001  Fill=0000
    NULL              Offs=000000  Size=000000  Align=00001  Fill=0000
../00.LIBRERIE/IP65/lib/ip65.lib(dottedquad_c.o):
    CODE              Offs=000DA2  Size=000092  Align=00001  Fill=0000
    RODATA            Offs=00042D  Size=000000  Align=00001  Fill=0000
    BSS               Offs=000A74  Size=000010  Align=00001  Fill=0000
    DATA              Offs=00002E  Size=000000  Align=00001  Fill=0000
    ZEROPAGE          Offs=000000  Size=000000  Align=00001  Fill=0000
    NULL              Offs=000000  Size=000000  Align=00001  Fill=0000
../00.LIBRERIE/IP65/lib/ip65.lib(error.o):
    CODE              Offs=000E34  Size=000071  Align=00001  Fill=0000
    RODATA            Offs=00042D  Size=0000BD  Align=00001  Fill=0000
    BSS               Offs=000A84  Size=000000  Align=00001  Fill=0000
    DATA              Offs=00002E  Size=000000  Align=00001  Fill=0000
    ZEROPAGE          Offs=000000  Size=000000  Align=00001  Fill=0000
    NULL              Offs=000000  Size=000000  Align=00001  Fill=0000
../00.LIBRERIE/IP65/lib/ip65.lib(eth.o):
    CODE              Offs=000EA5  Size=000020  Align=00001  Fill=0000
    RODATA            Offs=0004EA  Size=000000  Align=00001  Fill=0000
    BSS               Offs=000A84  Size=000004  Align=00001  Fill=0000
    DATA              Offs=00002E  Size=000000  Align=00001  Fill=0000
    ZEROPAGE          Offs=000000  Size=000000  Align=00001  Fill=0000
    NULL              Offs=000000  Size=000000  Align=00001  Fill=0000
../00.LIBRERIE/IP65/lib/ip65.lib(eth_buffer.o):
    CODE              Offs=000EC5  Size=000000  Align=00001  Fill=0000
    RODATA            Offs=0004EA  Size=000000  Align=00001  Fill=0000
    BSS               Offs=000A88  Size=000BDC  Align=00001  Fill=0000
    DATA              Offs=00002E  Size=000000  Align=00001  Fill=0000
    ZEROPAGE          Offs=000000  Size=000000  Align=00001  Fill=0000
    NULL              Offs=000000  Size=000000  Align=00001  Fill=0000
../00.LIBRERIE/IP65/lib/ip65.lib(ip65.o):
    CODE              Offs=000EC5  Size=00005F  Align=00001  Fill=0000
    RODATA            Offs=0004EA  Size=000000  Align=00001  Fill=0000
    BSS               Offs=001664  Size=000004  Align=00001  Fill=0000
    DATA              Offs=00002E  Size=000000  Align=00001  Fill=0000
    ZEROPAGE          Offs=000000  Size=000000  Align=00001  Fill=0000
    NULL              Offs=000000  Size=000000  Align=00001  Fill=0000
../00.LIBRERIE/IP65/lib/ip65.lib(ip65_c.o):
    CODE              Offs=000F24  Size=000010  Align=00001  Fill=0000
    RODATA            Offs=0004EA  Size=000000  Align=00001  Fill=0000
    BSS               Offs=001668  Size=000000  Align=00001  Fill=0000
    DATA              Offs=00002E  Size=000000  Align=00001  Fill=0000
    ZEROPAGE          Offs=000000  Size=000000  Align=00001  Fill=0000
    NULL              Offs=000000  Size=000000  Align=00001  Fill=0000
../00.LIBRERIE/IP65/lib/ip65.lib(tcp_c.o):
    CODE              Offs=000F34  Size=000084  Align=00001  Fill=0000
    RODATA            Offs=0004EA  Size=000000  Align=00001  Fill=0000
    BSS               Offs=001668  Size=000000  Align=00001  Fill=0000
    DATA              Offs=00002E  Size=000012  Align=00001  Fill=0000
    ZEROPAGE          Offs=000000  Size=000000  Align=00001  Fill=0000
    NULL              Offs=000000  Size=000000  Align=00001  Fill=0000
../00.LIBRERIE/IP65/lib/ip65.lib(timer.o):
    CODE              Offs=000FB8  Size=000018  Align=00001  Fill=0000
    RODATA            Offs=0004EA  Size=000000  Align=00001  Fill=0000
    BSS               Offs=001668  Size=000002  Align=00001  Fill=0000
    DATA              Offs=000040  Size=000000  Align=00001  Fill=0000
    ZEROPAGE          Offs=000000  Size=000000  Align=00001  Fill=0000
    NULL              Offs=000000  Size=000000  Align=00001  Fill=0000
../00.LIBRERIE/IP65/lib/ip65.lib(output_buffer.o):
    CODE              Offs=000FD0  Size=000000  Align=00001  Fill=0000
    RODATA            Offs=0004EA  Size=000000  Align=00001  Fill=0000
    BSS               Offs=00166A  Size=000208  Align=00001  Fill=0000
    DATA              Offs=000040  Size=000000  Align=00001  Fill=0000
    ZEROPAGE          Offs=000000  Size=000000  Align=00001  Fill=0000
    NULL              Offs=000000  Size=000000  Align=00001  Fill=0000
../00.LIBRERIE/IP65/lib/ip65.lib(udp.o):
    CODE              Offs=000FD0  Size=000176  Align=00001  Fill=0000
    RODATA            Offs=0004EA  Size=000000  Align=00001  Fill=0000
    BSS               Offs=001872  Size=00001F  Align=00001  Fill=0000
    DATA              Offs=000040  Size=000003  Align=00001  Fill=0000
    ZEROPAGE          Offs=000000  Size=000000  Align=00001  Fill=0000
    NULL              Offs=000000  Size=000000  Align=00001  Fill=0000
../00.LIBRERIE/IP65/lib/ip65.lib(ip.o):
    CODE              Offs=001146  Size=00020B  Align=00001  Fill=0000
    RODATA            Offs=0004EA  Size=000000  Align=00001  Fill=0000
    BSS               Offs=001891  Size=00000C  Align=00001  Fill=0000
    DATA              Offs=000043  Size=000000  Align=00001  Fill=0000
    ZEROPAGE          Offs=000000  Size=000000  Align=00001  Fill=0000
    NULL              Offs=000000  Size=000000  Align=00001  Fill=0000
../00.LIBRERIE/IP65/lib/ip65.lib(icmp.o):
    CODE              Offs=001351  Size=00010D  Align=00001  Fill=0000
    RODATA            Offs=0004EA  Size=000000  Align=00001  Fill=0000
    BSS               Offs=00189D  Size=000009  Align=00001  Fill=0000
    DATA              Offs=000043  Size=000003  Align=00001  Fill=0000
    ZEROPAGE          Offs=000000  Size=000000  Align=00001  Fill=0000
    NULL              Offs=000000  Size=000000  Align=00001  Fill=0000
../00.LIBRERIE/IP65/lib/ip65_tcp.lib(arithmetic.o):
    CODE              Offs=00145E  Size=00009D  Align=00001  Fill=0000
    RODATA            Offs=0004EA  Size=000000  Align=00001  Fill=0000
    BSS               Offs=0018A6  Size=000002  Align=00001  Fill=0000
    DATA              Offs=000046  Size=000000  Align=00001  Fill=0000
    ZEROPAGE          Offs=000000  Size=000000  Align=00001  Fill=0000
    NULL              Offs=000000  Size=000000  Align=00001  Fill=0000
../00.LIBRERIE/IP65/lib/ip65_tcp.lib(tcp.o):
    CODE              Offs=0014FB  Size=00066B  Align=00001  Fill=0000
    RODATA            Offs=0004EA  Size=000000  Align=00001  Fill=0000
    BSS               Offs=0018A8  Size=000042  Align=00001  Fill=0000
    DATA              Offs=000046  Size=000000  Align=00001  Fill=0000
    ZEROPAGE          Offs=000000  Size=000000  Align=00001  Fill=0000
    NULL              Offs=000000  Size=000000  Align=00001  Fill=0000
../00.LIBRERIE/IP65/drivers/ip65_apple2.lib(uthernet.o):
    CODE              Offs=001B66  Size=000000  Align=00001  Fill=0000
    RODATA            Offs=0004EA  Size=000020  Align=00001  Fill=0000
    BSS               Offs=0018EA  Size=000000  Align=00001  Fill=0000
    DATA              Offs=000046  Size=00017C  Align=00001  Fill=0000
    ZEROPAGE          Offs=000000  Size=000000  Align=00001  Fill=0000
    NULL              Offs=000000  Size=000000  Align=00001  Fill=0000
../00.LIBRERIE/IP65/drivers/ip65_apple2.lib(lancegs.o):
    CODE              Offs=001B66  Size=000000  Align=00001  Fill=0000
    RODATA            Offs=00050A  Size=00002E  Align=00001  Fill=0000
    BSS               Offs=0018EA  Size=000000  Align=00001  Fill=0000
    DATA              Offs=0001C2  Size=00018B  Align=00001  Fill=0000
    ZEROPAGE          Offs=000000  Size=000000  Align=00001  Fill=0000
    NULL              Offs=000000  Size=000000  Align=00001  Fill=0000
../00.LIBRERIE/IP65/drivers/ip65_apple2.lib(uthernet2.o):
    CODE              Offs=001B66  Size=000000  Align=00001  Fill=0000
    RODATA            Offs=000538  Size=00002B  Align=00001  Fill=0000
    BSS               Offs=0018EA  Size=000000  Align=00001  Fill=0000
    DATA              Offs=00034D  Size=000238  Align=00001  Fill=0000
    ZEROPAGE          Offs=000000  Size=000000  Align=00001  Fill=0000
    NULL              Offs=000000  Size=000000  Align=00001  Fill=0000
../00.LIBRERIE/IP65/drivers/ip65_apple2.lib(a2combo.o):
    CODE              Offs=001B66  Size=0000BF  Align=00001  Fill=0000
    RODATA            Offs=000563  Size=000000  Align=00001  Fill=0000
    BSS               Offs=0018EA  Size=000015  Align=00001  Fill=0000
    DATA              Offs=000585  Size=000043  Align=00001  Fill=0000
    ZEROPAGE          Offs=000000  Size=000000  Align=00001  Fill=0000
    NULL              Offs=000000  Size=000000  Align=00001  Fill=0000
../00.LIBRERIE/IP65/drivers/ip65_apple2.lib(a2_timer.o):
    CODE              Offs=001C25  Size=00002E  Align=00001  Fill=0000
    RODATA            Offs=000563  Size=000000  Align=00001  Fill=0000
    BSS               Offs=0018FF  Size=000002  Align=00001  Fill=0000
    DATA              Offs=0005C8  Size=000000  Align=00001  Fill=0000
    ZEROPAGE          Offs=000000  Size=000000  Align=00001  Fill=0000
    NULL              Offs=000000  Size=000000  Align=00001  Fill=0000
../00.LIBRERIE/IP65/drivers/ip65_apple2.lib(a2_input.o):
    CODE              Offs=001C53  Size=00000F  Align=00001  Fill=0000
    RODATA            Offs=000563  Size=000000  Align=00001  Fill=0000
    BSS               Offs=001901  Size=000000  Align=00001  Fill=0000
    DATA              Offs=0005C8  Size=000001  Align=00001  Fill=0000
    ZEROPAGE          Offs=000000  Size=000000  Align=00001  Fill=0000
    NULL              Offs=000000  Size=000000  Align=00001  Fill=0000
../00.LIBRERIE/CC65/lib/apple2.lib(_cursor.o):
    CODE              Offs=001C62  Size=000000  Align=00001  Fill=0000
    RODATA            Offs=000563  Size=000000  Align=00001  Fill=0000
    BSS               Offs=001901  Size=000001  Align=00001  Fill=0000
    DATA              Offs=0005C9  Size=000000  Align=00001  Fill=0000
    ZEROPAGE          Offs=000000  Size=000000  Align=00001  Fill=0000
    NULL              Offs=000000  Size=000000  Align=00001  Fill=0000
../00.LIBRERIE/CC65/lib/apple2.lib(_directerrno.o):
    CODE              Offs=001C62  Size=00000A  Align=00001  Fill=0000
    RODATA            Offs=000563  Size=000000  Align=00001  Fill=0000
    BSS               Offs=001902  Size=000000  Align=00001  Fill=0000
    DATA              Offs=0005C9  Size=000000  Align=00001  Fill=0000
    ZEROPAGE          Offs=000000  Size=000000  Align=00001  Fill=0000
    NULL              Offs=000000  Size=000000  Align=00001  Fill=0000
../00.LIBRERIE/CC65/lib/apple2.lib(_file.o):
    CODE              Offs=001C6C  Size=000000  Align=00001  Fill=0000
    RODATA            Offs=000563  Size=000000  Align=00001  Fill=0000
    BSS               Offs=001902  Size=000000  Align=00001  Fill=0000
    DATA              Offs=0005C9  Size=00001E  Align=00001  Fill=0000
    ZEROPAGE          Offs=000000  Size=000000  Align=00001  Fill=0000
    NULL              Offs=000000  Size=000000  Align=00001  Fill=0000
../00.LIBRERIE/CC65/lib/apple2.lib(_hextab.o):
    CODE              Offs=001C6C  Size=000000  Align=00001  Fill=0000
    RODATA            Offs=000563  Size=000010  Align=00001  Fill=0000
    BSS               Offs=001902  Size=000000  Align=00001  Fill=0000
    DATA              Offs=0005E7  Size=000000  Align=00001  Fill=0000
    ZEROPAGE          Offs=000000  Size=000000  Align=00001  Fill=0000
    NULL              Offs=000000  Size=000000  Align=00001  Fill=0000
../00.LIBRERIE/CC65/lib/apple2.lib(_longminstr.o):
    CODE              Offs=001C6C  Size=000000  Align=00001  Fill=0000
    RODATA            Offs=000573  Size=00000C  Align=00001  Fill=0000
    BSS               Offs=001902  Size=000000  Align=00001  Fill=0000
    DATA              Offs=0005E7  Size=000000  Align=00001  Fill=0000
    ZEROPAGE          Offs=000000  Size=000000  Align=00001  Fill=0000
    NULL              Offs=000000  Size=000000  Align=00001  Fill=0000
../00.LIBRERIE/CC65/lib/apple2.lib(_mappederrno.o):
    CODE              Offs=001C6C  Size=000010  Align=00001  Fill=0000
    RODATA            Offs=00057F  Size=000000  Align=00001  Fill=0000
    BSS               Offs=001902  Size=000000  Align=00001  Fill=0000
    DATA              Offs=0005E7  Size=000000  Align=00001  Fill=0000
    ZEROPAGE          Offs=000000  Size=000000  Align=00001  Fill=0000
    NULL              Offs=000000  Size=000000  Align=00001  Fill=0000
../00.LIBRERIE/CC65/lib/apple2.lib(_oserror.o):
    CODE              Offs=001C7C  Size=000000  Align=00001  Fill=0000
    RODATA            Offs=00057F  Size=000000  Align=00001  Fill=0000
    BSS               Offs=001902  Size=000001  Align=00001  Fill=0000
    DATA              Offs=0005E7  Size=000000  Align=00001  Fill=0000
    ZEROPAGE          Offs=000000  Size=000000  Align=00001  Fill=0000
    NULL              Offs=000000  Size=000000  Align=00001  Fill=0000
../00.LIBRERIE/CC65/lib/apple2.lib(_printf.o):
    CODE              Offs=001C7C  Size=0003A2  Align=00001  Fill=0000
    RODATA            Offs=00057F  Size=000000  Align=00001  Fill=0000
    BSS               Offs=001903  Size=00002B  Align=00001  Fill=0000
    DATA              Offs=0005E7  Size=000003  Align=00001  Fill=0000
    ZEROPAGE          Offs=000000  Size=000000  Align=00001  Fill=0000
    NULL              Offs=000000  Size=000000  Align=00001  Fill=0000
../00.LIBRERIE/CC65/lib/apple2.lib(_scanf.o):
    CODE              Offs=00201E  Size=00078B  Align=00001  Fill=0000
    RODATA            Offs=00057F  Size=000010  Align=00001  Fill=0000
    BSS               Offs=00192E  Size=000042  Align=00001  Fill=0000
    DATA              Offs=0005EA  Size=000000  Align=00001  Fill=0000
    ZEROPAGE          Offs=000000  Size=000000  Align=00001  Fill=0000
    NULL              Offs=000000  Size=000000  Align=00001  Fill=0000
../00.LIBRERIE/CC65/lib/apple2.lib(_seterrno.o):
    CODE              Offs=0027A9  Size=000009  Align=00001  Fill=0000
    RODATA            Offs=00058F  Size=000000  Align=00001  Fill=0000
    BSS               Offs=001970  Size=000000  Align=00001  Fill=0000
    DATA              Offs=0005EA  Size=000000  Align=00001  Fill=0000
    ZEROPAGE          Offs=000000  Size=000000  Align=00001  Fill=0000
    NULL              Offs=000000  Size=000000  Align=00001  Fill=0000
../00.LIBRERIE/CC65/lib/apple2.lib(add.o):
    CODE              Offs=0027B2  Size=00001C  Align=00001  Fill=0000
    RODATA            Offs=00058F  Size=000000  Align=00001  Fill=0000
    BSS               Offs=001970  Size=000000  Align=00001  Fill=0000
    DATA              Offs=0005EA  Size=000000  Align=00001  Fill=0000
    ZEROPAGE          Offs=000000  Size=000000  Align=00001  Fill=0000
    NULL              Offs=000000  Size=000000  Align=00001  Fill=0000
../00.LIBRERIE/CC65/lib/apple2.lib(addeqsp.o):
    CODE              Offs=0027CE  Size=000011  Align=00001  Fill=0000
    RODATA            Offs=00058F  Size=000000  Align=00001  Fill=0000
    BSS               Offs=001970  Size=000000  Align=00001  Fill=0000
    DATA              Offs=0005EA  Size=000000  Align=00001  Fill=0000
    ZEROPAGE          Offs=000000  Size=000000  Align=00001  Fill=0000
    NULL              Offs=000000  Size=000000  Align=00001  Fill=0000
../00.LIBRERIE/CC65/lib/apple2.lib(addysp.o):
    CODE              Offs=0027DF  Size=00000E  Align=00001  Fill=0000
    RODATA            Offs=00058F  Size=000000  Align=00001  Fill=0000
    BSS               Offs=001970  Size=000000  Align=00001  Fill=0000
    DATA              Offs=0005EA  Size=000000  Align=00001  Fill=0000
    ZEROPAGE          Offs=000000  Size=000000  Align=00001  Fill=0000
    NULL              Offs=000000  Size=000000  Align=00001  Fill=0000
../00.LIBRERIE/CC65/lib/apple2.lib(axlong.o):
    CODE              Offs=0027ED  Size=00000D  Align=00001  Fill=0000
    RODATA            Offs=00058F  Size=000000  Align=00001  Fill=0000
    BSS               Offs=001970  Size=000000  Align=00001  Fill=0000
    DATA              Offs=0005EA  Size=000000  Align=00001  Fill=0000
    ZEROPAGE          Offs=000000  Size=000000  Align=00001  Fill=0000
    NULL              Offs=000000  Size=000000  Align=00001  Fill=0000
../00.LIBRERIE/CC65/lib/apple2.lib(bneg.o):
    CODE              Offs=0027FA  Size=00000E  Align=00001  Fill=0000
    RODATA            Offs=00058F  Size=000000  Align=00001  Fill=0000
    BSS               Offs=001970  Size=000000  Align=00001  Fill=0000
    DATA              Offs=0005EA  Size=000000  Align=00001  Fill=0000
    ZEROPAGE          Offs=000000  Size=000000  Align=00001  Fill=0000
    NULL              Offs=000000  Size=000000  Align=00001  Fill=0000
../00.LIBRERIE/CC65/lib/apple2.lib(callmain.o):
    CODE              Offs=002808  Size=000042  Align=00001  Fill=0000
    RODATA            Offs=00058F  Size=000000  Align=00001  Fill=0000
    BSS               Offs=001970  Size=000000  Align=00001  Fill=0000
    DATA              Offs=0005EA  Size=000004  Align=00001  Fill=0000
    ZEROPAGE          Offs=000000  Size=000000  Align=00001  Fill=0000
    NULL              Offs=000000  Size=000000  Align=00001  Fill=0000
../00.LIBRERIE/CC65/lib/apple2.lib(cgetc.o):
    CODE              Offs=00284A  Size=000028  Align=00001  Fill=0000
    RODATA            Offs=00058F  Size=000000  Align=00001  Fill=0000
    BSS               Offs=001970  Size=000000  Align=00001  Fill=0000
    DATA              Offs=0005EE  Size=000000  Align=00001  Fill=0000
    ZEROPAGE          Offs=000000  Size=000000  Align=00001  Fill=0000
    NULL              Offs=000000  Size=000000  Align=00001  Fill=0000
../00.LIBRERIE/CC65/lib/apple2.lib(checkferror.o):
    CODE              Offs=002872  Size=00000C  Align=00001  Fill=0000
    RODATA            Offs=00058F  Size=000000  Align=00001  Fill=0000
    BSS               Offs=001970  Size=000000  Align=00001  Fill=0000
    DATA              Offs=0005EE  Size=000000  Align=00001  Fill=0000
    ZEROPAGE          Offs=000000  Size=000000  Align=00001  Fill=0000
    NULL              Offs=000000  Size=000000  Align=00001  Fill=0000
../00.LIBRERIE/CC65/lib/apple2.lib(compl.o):
    CODE              Offs=00287E  Size=000009  Align=00001  Fill=0000
    RODATA            Offs=00058F  Size=000000  Align=00001  Fill=0000
    BSS               Offs=001970  Size=000000  Align=00001  Fill=0000
    DATA              Offs=0005EE  Size=000000  Align=00001  Fill=0000
    ZEROPAGE          Offs=000000  Size=000000  Align=00001  Fill=0000
    NULL              Offs=000000  Size=000000  Align=00001  Fill=0000
../00.LIBRERIE/CC65/lib/apple2.lib(condes.o):
    CODE              Offs=002887  Size=00000C  Align=00001  Fill=0000
    RODATA            Offs=00058F  Size=000000  Align=00001  Fill=0000
    BSS               Offs=001970  Size=000000  Align=00001  Fill=0000
    DATA              Offs=0005EE  Size=000025  Align=00001  Fill=0000
    ZEROPAGE          Offs=000000  Size=000000  Align=00001  Fill=0000
    NULL              Offs=000000  Size=000000  Align=00001  Fill=0000
    ONCE              Offs=000000  Size=00000C  Align=00001  Fill=0000
../00.LIBRERIE/CC65/lib/apple2.lib(cout.o):
    CODE              Offs=002893  Size=000000  Align=00001  Fill=0000
    RODATA            Offs=00058F  Size=000000  Align=00001  Fill=0000
    BSS               Offs=001970  Size=000000  Align=00001  Fill=0000
    DATA              Offs=000613  Size=000000  Align=00001  Fill=0000
    ZEROPAGE          Offs=000000  Size=000000  Align=00001  Fill=0000
    NULL              Offs=000000  Size=000000  Align=00001  Fill=0000
    LOWCODE           Offs=000000  Size=00000A  Align=00001  Fill=0000
../00.LIBRERIE/CC65/lib/apple2.lib(cputc.o):
    CODE              Offs=002893  Size=000044  Align=00001  Fill=0000
    RODATA            Offs=00058F  Size=000000  Align=00001  Fill=0000
    BSS               Offs=001970  Size=000000  Align=00001  Fill=0000
    DATA              Offs=000613  Size=000000  Align=00001  Fill=0000
    ZEROPAGE          Offs=000000  Size=000000  Align=00001  Fill=0000
    NULL              Offs=000000  Size=000000  Align=00001  Fill=0000
    ONCE              Offs=00000C  Size=000000  Align=00001  Fill=0000
../00.LIBRERIE/CC65/lib/apple2.lib(crt0.o):
    CODE              Offs=0028D7  Size=000012  Align=00001  Fill=0000
    RODATA            Offs=00058F  Size=000007  Align=00001  Fill=0000
    BSS               Offs=001970  Size=000000  Align=00001  Fill=0000
    DATA              Offs=000613  Size=000003  Align=00001  Fill=0000
    ZEROPAGE          Offs=000000  Size=000000  Align=00001  Fill=0000
    NULL              Offs=000000  Size=000000  Align=00001  Fill=0000
    STARTUP           Offs=000000  Size=00000C  Align=00001  Fill=0000
    ONCE              Offs=00000C  Size=00006A  Align=00001  Fill=0000
    INIT              Offs=000000  Size=00001D  Align=00001  Fill=0000
../00.LIBRERIE/CC65/lib/apple2.lib(ctype.o):
    CODE              Offs=0028E9  Size=000000  Align=00001  Fill=0000
    RODATA            Offs=000596  Size=00008B  Align=00001  Fill=0000
    BSS               Offs=001970  Size=000000  Align=00001  Fill=0000
    DATA              Offs=000616  Size=000000  Align=00001  Fill=0000
    ZEROPAGE          Offs=000000  Size=000000  Align=00001  Fill=0000
    NULL              Offs=000000  Size=000000  Align=00001  Fill=0000
../00.LIBRERIE/CC65/lib/apple2.lib(ctypemask.o):
    CODE              Offs=0028E9  Size=00001E  Align=00001  Fill=0000
    RODATA            Offs=000621  Size=000000  Align=00001  Fill=0000
    BSS               Offs=001970  Size=000000  Align=00001  Fill=0000
    DATA              Offs=000616  Size=000000  Align=00001  Fill=0000
    ZEROPAGE          Offs=000000  Size=000000  Align=00001  Fill=0000
    NULL              Offs=000000  Size=000000  Align=00001  Fill=0000
../00.LIBRERIE/CC65/lib/apple2.lib(decax1.o):
    CODE              Offs=002907  Size=000007  Align=00001  Fill=0000
    RODATA            Offs=000621  Size=000000  Align=00001  Fill=0000
    BSS               Offs=001970  Size=000000  Align=00001  Fill=0000
    DATA              Offs=000616  Size=000000  Align=00001  Fill=0000
    ZEROPAGE          Offs=000000  Size=000000  Align=00001  Fill=0000
    NULL              Offs=000000  Size=000000  Align=00001  Fill=0000
../00.LIBRERIE/CC65/lib/apple2.lib(decaxy.o):
    CODE              Offs=00290E  Size=000009  Align=00001  Fill=0000
    RODATA            Offs=000621  Size=000000  Align=00001  Fill=0000
    BSS               Offs=001970  Size=000000  Align=00001  Fill=0000
    DATA              Offs=000616  Size=000000  Align=00001  Fill=0000
    ZEROPAGE          Offs=000000  Size=000000  Align=00001  Fill=0000
    NULL              Offs=000000  Size=000000  Align=00001  Fill=0000
../00.LIBRERIE/CC65/lib/apple2.lib(decsp1.o):
    CODE              Offs=002917  Size=000009  Align=00001  Fill=0000
    RODATA            Offs=000621  Size=000000  Align=00001  Fill=0000
    BSS               Offs=001970  Size=000000  Align=00001  Fill=0000
    DATA              Offs=000616  Size=000000  Align=00001  Fill=0000
    ZEROPAGE          Offs=000000  Size=000000  Align=00001  Fill=0000
    NULL              Offs=000000  Size=000000  Align=00001  Fill=0000
../00.LIBRERIE/CC65/lib/apple2.lib(decsp2.o):
    CODE              Offs=002920  Size=00000D  Align=00001  Fill=0000
    RODATA            Offs=000621  Size=000000  Align=00001  Fill=0000
    BSS               Offs=001970  Size=000000  Align=00001  Fill=0000
    DATA              Offs=000616  Size=000000  Align=00001  Fill=0000
    ZEROPAGE          Offs=000000  Size=000000  Align=00001  Fill=0000
    NULL              Offs=000000  Size=000000  Align=00001  Fill=0000
../00.LIBRERIE/CC65/lib/apple2.lib(decsp4.o):
    CODE              Offs=00292D  Size=00000D  Align=00001  Fill=0000
    RODATA            Offs=000621  Size=000000  Align=00001  Fill=0000
    BSS               Offs=001970  Size=000000  Align=00001  Fill=0000
    DATA              Offs=000616  Size=000000  Align=00001  Fill=0000
    ZEROPAGE          Offs=000000  Size=000000  Align=00001  Fill=0000
    NULL              Offs=000000  Size=000000  Align=00001  Fill=0000
../00.LIBRERIE/CC65/lib/apple2.lib(decsp6.o):
    CODE              Offs=00293A  Size=00000D  Align=00001  Fill=0000
    RODATA            Offs=000621  Size=000000  Align=00001  Fill=0000
    BSS               Offs=001970  Size=000000  Align=00001  Fill=0000
    DATA              Offs=000616  Size=000000  Align=00001  Fill=0000
    ZEROPAGE          Offs=000000  Size=000000  Align=00001  Fill=0000
    NULL              Offs=000000  Size=000000  Align=00001  Fill=0000
../00.LIBRERIE/CC65/lib/apple2.lib(dosdetect.o):
    CODE              Offs=002947  Size=000000  Align=00001  Fill=0000
    RODATA            Offs=000621  Size=000000  Align=00001  Fill=0000
    BSS               Offs=001970  Size=000000  Align=00001  Fill=0000
    DATA              Offs=000616  Size=000001  Align=00001  Fill=0000
    ZEROPAGE          Offs=000000  Size=000000  Align=00001  Fill=0000
    NULL              Offs=000000  Size=000000  Align=00001  Fill=0000
    ONCE              Offs=000076  Size=000014  Align=00001  Fill=0000
../00.LIBRERIE/CC65/lib/apple2.lib(errno.o):
    CODE              Offs=002947  Size=000000  Align=00001  Fill=0000
    RODATA            Offs=000621  Size=000000  Align=00001  Fill=0000
    BSS               Offs=001970  Size=000002  Align=00001  Fill=0000
    DATA              Offs=000617  Size=000000  Align=00001  Fill=0000
    ZEROPAGE          Offs=000000  Size=000000  Align=00001  Fill=0000
    NULL              Offs=000000  Size=000000  Align=00001  Fill=0000
../00.LIBRERIE/CC65/lib/apple2.lib(exehdr.o):
    CODE              Offs=002947  Size=000000  Align=00001  Fill=0000
    RODATA            Offs=000621  Size=000000  Align=00001  Fill=0000
    BSS               Offs=001972  Size=000000  Align=00001  Fill=0000
    DATA              Offs=000617  Size=000000  Align=00001  Fill=0000
    ZEROPAGE          Offs=000000  Size=000000  Align=00001  Fill=0000
    NULL              Offs=000000  Size=000000  Align=00001  Fill=0000
    EXEHDR            Offs=000000  Size=00003A  Align=00001  Fill=0000
../00.LIBRERIE/CC65/lib/apple2.lib(filedes.o):
    CODE              Offs=002947  Size=000016  Align=00001  Fill=0000
    RODATA            Offs=000621  Size=000000  Align=00001  Fill=0000
    BSS               Offs=001972  Size=000000  Align=00001  Fill=0000
    DATA              Offs=000617  Size=000020  Align=00001  Fill=0000
    ZEROPAGE          Offs=000000  Size=000000  Align=00001  Fill=0000
    NULL              Offs=000000  Size=000000  Align=00001  Fill=0000
../00.LIBRERIE/CC65/lib/apple2.lib(fputc.o):
    CODE              Offs=00295D  Size=000047  Align=00001  Fill=0000
    RODATA            Offs=000621  Size=000000  Align=00001  Fill=0000
    BSS               Offs=001972  Size=000002  Align=00001  Fill=0000
    DATA              Offs=000637  Size=000000  Align=00001  Fill=0000
    ZEROPAGE          Offs=000000  Size=000000  Align=00001  Fill=0000
    NULL              Offs=000000  Size=000000  Align=00001  Fill=0000
../00.LIBRERIE/CC65/lib/apple2.lib(fwrite.o):
    CODE              Offs=0029A4  Size=000079  Align=00001  Fill=0000
    RODATA            Offs=000621  Size=000000  Align=00001  Fill=0000
    BSS               Offs=001974  Size=000002  Align=00001  Fill=0000
    DATA              Offs=000637  Size=000000  Align=00001  Fill=0000
    ZEROPAGE          Offs=000000  Size=000000  Align=00001  Fill=0000
    NULL              Offs=000000  Size=000000  Align=00001  Fill=0000
../00.LIBRERIE/CC65/lib/apple2.lib(gotoxy.o):
    CODE              Offs=002A1D  Size=000011  Align=00001  Fill=0000
    RODATA            Offs=000621  Size=000000  Align=00001  Fill=0000
    BSS               Offs=001976  Size=000000  Align=00001  Fill=0000
    DATA              Offs=000637  Size=000000  Align=00001  Fill=0000
    ZEROPAGE          Offs=000000  Size=000000  Align=00001  Fill=0000
    NULL              Offs=000000  Size=000000  Align=00001  Fill=0000
../00.LIBRERIE/CC65/lib/apple2.lib(icmp.o):
    CODE              Offs=002A2E  Size=00002E  Align=00001  Fill=0000
    RODATA            Offs=000621  Size=000000  Align=00001  Fill=0000
    BSS               Offs=001976  Size=000000  Align=00001  Fill=0000
    DATA              Offs=000637  Size=000000  Align=00001  Fill=0000
    ZEROPAGE          Offs=000000  Size=000000  Align=00001  Fill=0000
    NULL              Offs=000000  Size=000000  Align=00001  Fill=0000
../00.LIBRERIE/CC65/lib/apple2.lib(incaxy.o):
    CODE              Offs=002A5C  Size=00000B  Align=00001  Fill=0000
    RODATA            Offs=000621  Size=000000  Align=00001  Fill=0000
    BSS               Offs=001976  Size=000000  Align=00001  Fill=0000
    DATA              Offs=000637  Size=000000  Align=00001  Fill=0000
    ZEROPAGE          Offs=000000  Size=000000  Align=00001  Fill=0000
    NULL              Offs=000000  Size=000000  Align=00001  Fill=0000
../00.LIBRERIE/CC65/lib/apple2.lib(incsp1.o):
    CODE              Offs=002A67  Size=000007  Align=00001  Fill=0000
    RODATA            Offs=000621  Size=000000  Align=00001  Fill=0000
    BSS               Offs=001976  Size=000000  Align=00001  Fill=0000
    DATA              Offs=000637  Size=000000  Align=00001  Fill=0000
    ZEROPAGE          Offs=000000  Size=000000  Align=00001  Fill=0000
    NULL              Offs=000000  Size=000000  Align=00001  Fill=0000
../00.LIBRERIE/CC65/lib/apple2.lib(incsp2.o):
    CODE              Offs=002A6E  Size=000016  Align=00001  Fill=0000
    RODATA            Offs=000621  Size=000000  Align=00001  Fill=0000
    BSS               Offs=001976  Size=000000  Align=00001  Fill=0000
    DATA              Offs=000637  Size=000000  Align=00001  Fill=0000
    ZEROPAGE          Offs=000000  Size=000000  Align=00001  Fill=0000
    NULL              Offs=000000  Size=000000  Align=00001  Fill=0000
../00.LIBRERIE/CC65/lib/apple2.lib(incsp4.o):
    CODE              Offs=002A84  Size=000005  Align=00001  Fill=0000
    RODATA            Offs=000621  Size=000000  Align=00001  Fill=0000
    BSS               Offs=001976  Size=000000  Align=00001  Fill=0000
    DATA              Offs=000637  Size=000000  Align=00001  Fill=0000
    ZEROPAGE          Offs=000000  Size=000000  Align=00001  Fill=0000
    NULL              Offs=000000  Size=000000  Align=00001  Fill=0000
../00.LIBRERIE/CC65/lib/apple2.lib(incsp6.o):
    CODE              Offs=002A89  Size=000005  Align=00001  Fill=0000
    RODATA            Offs=000621  Size=000000  Align=00001  Fill=0000
    BSS               Offs=001976  Size=000000  Align=00001  Fill=0000
    DATA              Offs=000637  Size=000000  Align=00001  Fill=0000
    ZEROPAGE          Offs=000000  Size=000000  Align=00001  Fill=0000
    NULL              Offs=000000  Size=000000  Align=00001  Fill=0000
../00.LIBRERIE/CC65/lib/apple2.lib(incsp8.o):
    CODE              Offs=002A8E  Size=000005  Align=00001  Fill=0000
    RODATA            Offs=000621  Size=000000  Align=00001  Fill=0000
    BSS               Offs=001976  Size=000000  Align=00001  Fill=0000
    DATA              Offs=000637  Size=000000  Align=00001  Fill=0000
    ZEROPAGE          Offs=000000  Size=000000  Align=00001  Fill=0000
    NULL              Offs=000000  Size=000000  Align=00001  Fill=0000
../00.LIBRERIE/CC65/lib/apple2.lib(isdigit.o):
    CODE              Offs=002A93  Size=000008  Align=00001  Fill=0000
    RODATA            Offs=000621  Size=000000  Align=00001  Fill=0000
    BSS               Offs=001976  Size=000000  Align=00001  Fill=0000
    DATA              Offs=000637  Size=000000  Align=00001  Fill=0000
    ZEROPAGE          Offs=000000  Size=000000  Align=00001  Fill=0000
    NULL              Offs=000000  Size=000000  Align=00001  Fill=0000
../00.LIBRERIE/CC65/lib/apple2.lib(isspace.o):
    CODE              Offs=002A9B  Size=000008  Align=00001  Fill=0000
    RODATA            Offs=000621  Size=000000  Align=00001  Fill=0000
    BSS               Offs=001976  Size=000000  Align=00001  Fill=0000
    DATA              Offs=000637  Size=000000  Align=00001  Fill=0000
    ZEROPAGE          Offs=000000  Size=000000  Align=00001  Fill=0000
    NULL              Offs=000000  Size=000000  Align=00001  Fill=0000
../00.LIBRERIE/CC65/lib/apple2.lib(isxdigit.o):
    CODE              Offs=002AA3  Size=000008  Align=00001  Fill=0000
    RODATA            Offs=000621  Size=000000  Align=00001  Fill=0000
    BSS               Offs=001976  Size=000000  Align=00001  Fill=0000
    DATA              Offs=000637  Size=000000  Align=00001  Fill=0000
    ZEROPAGE          Offs=000000  Size=000000  Align=00001  Fill=0000
    NULL              Offs=000000  Size=000000  Align=00001  Fill=0000
../00.LIBRERIE/CC65/lib/apple2.lib(jmpvec.o):
    CODE              Offs=002AAB  Size=000000  Align=00001  Fill=0000
    RODATA            Offs=000621  Size=000000  Align=00001  Fill=0000
    BSS               Offs=001976  Size=000000  Align=00001  Fill=0000
    DATA              Offs=000637  Size=000003  Align=00001  Fill=0000
    ZEROPAGE          Offs=000000  Size=000000  Align=00001  Fill=0000
    NULL              Offs=000000  Size=000000  Align=00001  Fill=0000
../00.LIBRERIE/CC65/lib/apple2.lib(ladd.o):
    CODE              Offs=002AAB  Size=000025  Align=00001  Fill=0000
    RODATA            Offs=000621  Size=000000  Align=00001  Fill=0000
    BSS               Offs=001976  Size=000000  Align=00001  Fill=0000
    DATA              Offs=00063A  Size=000000  Align=00001  Fill=0000
    ZEROPAGE          Offs=000000  Size=000000  Align=00001  Fill=0000
    NULL              Offs=000000  Size=000000  Align=00001  Fill=0000
../00.LIBRERIE/CC65/lib/apple2.lib(lcmp.o):
    CODE              Offs=002AD0  Size=00003B  Align=00001  Fill=0000
    RODATA            Offs=000621  Size=000000  Align=00001  Fill=0000
    BSS               Offs=001976  Size=000000  Align=00001  Fill=0000
    DATA              Offs=00063A  Size=000000  Align=00001  Fill=0000
    ZEROPAGE          Offs=000000  Size=000000  Align=00001  Fill=0000
    NULL              Offs=000000  Size=000000  Align=00001  Fill=0000
../00.LIBRERIE/CC65/lib/apple2.lib(ldaxi.o):
    CODE              Offs=002B0B  Size=00000D  Align=00001  Fill=0000
    RODATA            Offs=000621  Size=000000  Align=00001  Fill=0000
    BSS               Offs=001976  Size=000000  Align=00001  Fill=0000
    DATA              Offs=00063A  Size=000000  Align=00001  Fill=0000
    ZEROPAGE          Offs=000000  Size=000000  Align=00001  Fill=0000
    NULL              Offs=000000  Size=000000  Align=00001  Fill=0000
../00.LIBRERIE/CC65/lib/apple2.lib(ldaxsp.o):
    CODE              Offs=002B18  Size=000009  Align=00001  Fill=0000
    RODATA            Offs=000621  Size=000000  Align=00001  Fill=0000
    BSS               Offs=001976  Size=000000  Align=00001  Fill=0000
    DATA              Offs=00063A  Size=000000  Align=00001  Fill=0000
    ZEROPAGE          Offs=000000  Size=000000  Align=00001  Fill=0000
    NULL              Offs=000000  Size=000000  Align=00001  Fill=0000
../00.LIBRERIE/CC65/lib/apple2.lib(ldeaxysp.o):
    CODE              Offs=002B21  Size=000013  Align=00001  Fill=0000
    RODATA            Offs=000621  Size=000000  Align=00001  Fill=0000
    BSS               Offs=001976  Size=000000  Align=00001  Fill=0000
    DATA              Offs=00063A  Size=000000  Align=00001  Fill=0000
    ZEROPAGE          Offs=000000  Size=000000  Align=00001  Fill=0000
    NULL              Offs=000000  Size=000000  Align=00001  Fill=0000
../00.LIBRERIE/CC65/lib/apple2.lib(leaaxsp.o):
    CODE              Offs=002B34  Size=00000C  Align=00001  Fill=0000
    RODATA            Offs=000621  Size=000000  Align=00001  Fill=0000
    BSS               Offs=001976  Size=000000  Align=00001  Fill=0000
    DATA              Offs=00063A  Size=000000  Align=00001  Fill=0000
    ZEROPAGE          Offs=000000  Size=000000  Align=00001  Fill=0000
    NULL              Offs=000000  Size=000000  Align=00001  Fill=0000
../00.LIBRERIE/CC65/lib/apple2.lib(leq.o):
    CODE              Offs=002B40  Size=000006  Align=00001  Fill=0000
    RODATA            Offs=000621  Size=000000  Align=00001  Fill=0000
    BSS               Offs=001976  Size=000000  Align=00001  Fill=0000
    DATA              Offs=00063A  Size=000000  Align=00001  Fill=0000
    ZEROPAGE          Offs=000000  Size=000000  Align=00001  Fill=0000
    NULL              Offs=000000  Size=000000  Align=00001  Fill=0000
../00.LIBRERIE/CC65/lib/apple2.lib(lmul.o):
    CODE              Offs=002B46  Size=00005C  Align=00001  Fill=0000
    RODATA            Offs=000621  Size=000000  Align=00001  Fill=0000
    BSS               Offs=001976  Size=000000  Align=00001  Fill=0000
    DATA              Offs=00063A  Size=000000  Align=00001  Fill=0000
    ZEROPAGE          Offs=000000  Size=000000  Align=00001  Fill=0000
    NULL              Offs=000000  Size=000000  Align=00001  Fill=0000
../00.LIBRERIE/CC65/lib/apple2.lib(lneg.o):
    CODE              Offs=002BA2  Size=00001E  Align=00001  Fill=0000
    RODATA            Offs=000621  Size=000000  Align=00001  Fill=0000
    BSS               Offs=001976  Size=000000  Align=00001  Fill=0000
    DATA              Offs=00063A  Size=000000  Align=00001  Fill=0000
    ZEROPAGE          Offs=000000  Size=000000  Align=00001  Fill=0000
    NULL              Offs=000000  Size=000000  Align=00001  Fill=0000
../00.LIBRERIE/CC65/lib/apple2.lib(longjmp.o):
    CODE              Offs=002BC0  Size=000028  Align=00001  Fill=0000
    RODATA            Offs=000621  Size=000000  Align=00001  Fill=0000
    BSS               Offs=001976  Size=000000  Align=00001  Fill=0000
    DATA              Offs=00063A  Size=000000  Align=00001  Fill=0000
    ZEROPAGE          Offs=000000  Size=000000  Align=00001  Fill=0000
    NULL              Offs=000000  Size=000000  Align=00001  Fill=0000
../00.LIBRERIE/CC65/lib/apple2.lib(lpop.o):
    CODE              Offs=002BE8  Size=000015  Align=00001  Fill=0000
    RODATA            Offs=000621  Size=000000  Align=00001  Fill=0000
    BSS               Offs=001976  Size=000000  Align=00001  Fill=0000
    DATA              Offs=00063A  Size=000000  Align=00001  Fill=0000
    ZEROPAGE          Offs=000000  Size=000000  Align=00001  Fill=0000
    NULL              Offs=000000  Size=000000  Align=00001  Fill=0000
../00.LIBRERIE/CC65/lib/apple2.lib(lpush.o):
    CODE              Offs=002BFD  Size=000021  Align=00001  Fill=0000
    RODATA            Offs=000621  Size=000000  Align=00001  Fill=0000
    BSS               Offs=001976  Size=000000  Align=00001  Fill=0000
    DATA              Offs=00063A  Size=000000  Align=00001  Fill=0000
    ZEROPAGE          Offs=000000  Size=000000  Align=00001  Fill=0000
    NULL              Offs=000000  Size=000000  Align=00001  Fill=0000
../00.LIBRERIE/CC65/lib/apple2.lib(ltoa.o):
    CODE              Offs=002C1E  Size=000095  Align=00001  Fill=0000
    RODATA            Offs=000621  Size=000000  Align=00001  Fill=0000
    BSS               Offs=001976  Size=000000  Align=00001  Fill=0000
    DATA              Offs=00063A  Size=000000  Align=00001  Fill=0000
    ZEROPAGE          Offs=000000  Size=000000  Align=00001  Fill=0000
    NULL              Offs=000000  Size=000000  Align=00001  Fill=0000
../00.LIBRERIE/CC65/lib/apple2.lib(makebool.o):
    CODE              Offs=002CB3  Size=00002C  Align=00001  Fill=0000
    RODATA            Offs=000621  Size=000000  Align=00001  Fill=0000
    BSS               Offs=001976  Size=000000  Align=00001  Fill=0000
    DATA              Offs=00063A  Size=000000  Align=00001  Fill=0000
    ZEROPAGE          Offs=000000  Size=000000  Align=00001  Fill=0000
    NULL              Offs=000000  Size=000000  Align=00001  Fill=0000
../00.LIBRERIE/CC65/lib/apple2.lib(memcpy.o):
    CODE              Offs=002CDF  Size=00003C  Align=00001  Fill=0000
    RODATA            Offs=000621  Size=000000  Align=00001  Fill=0000
    BSS               Offs=001976  Size=000000  Align=00001  Fill=0000
    DATA              Offs=00063A  Size=000000  Align=00001  Fill=0000
    ZEROPAGE          Offs=000000  Size=000000  Align=00001  Fill=0000
    NULL              Offs=000000  Size=000000  Align=00001  Fill=0000
../00.LIBRERIE/CC65/lib/apple2.lib(mli.o):
    CODE              Offs=002D1B  Size=000000  Align=00001  Fill=0000
    RODATA            Offs=000621  Size=000000  Align=00001  Fill=0000
    BSS               Offs=001976  Size=000012  Align=00001  Fill=0000
    DATA              Offs=00063A  Size=000024  Align=00001  Fill=0000
    ZEROPAGE          Offs=000000  Size=000000  Align=00001  Fill=0000
    NULL              Offs=000000  Size=000000  Align=00001  Fill=0000
../00.LIBRERIE/CC65/lib/apple2.lib(mul.o):
    CODE              Offs=002D1B  Size=000045  Align=00001  Fill=0000
    RODATA            Offs=000621  Size=000000  Align=00001  Fill=0000
    BSS               Offs=001988  Size=000000  Align=00001  Fill=0000
    DATA              Offs=00065E  Size=000000  Align=00001  Fill=0000
    ZEROPAGE          Offs=000000  Size=000000  Align=00001  Fill=0000
    NULL              Offs=000000  Size=000000  Align=00001  Fill=0000
../00.LIBRERIE/CC65/lib/apple2.lib(mul8.o):
    CODE              Offs=002D60  Size=00003A  Align=00001  Fill=0000
    RODATA            Offs=000621  Size=000000  Align=00001  Fill=0000
    BSS               Offs=001988  Size=000000  Align=00001  Fill=0000
    DATA              Offs=00065E  Size=000000  Align=00001  Fill=0000
    ZEROPAGE          Offs=000000  Size=000000  Align=00001  Fill=0000
    NULL              Offs=000000  Size=000000  Align=00001  Fill=0000
../00.LIBRERIE/CC65/lib/apple2.lib(mulax10.o):
    CODE              Offs=002D9A  Size=000019  Align=00001  Fill=0000
    RODATA            Offs=000621  Size=000000  Align=00001  Fill=0000
    BSS               Offs=001988  Size=000000  Align=00001  Fill=0000
    DATA              Offs=00065E  Size=000000  Align=00001  Fill=0000
    ZEROPAGE          Offs=000000  Size=000000  Align=00001  Fill=0000
    NULL              Offs=000000  Size=000000  Align=00001  Fill=0000
../00.LIBRERIE/CC65/lib/apple2.lib(oserror.o):
    CODE              Offs=002DB3  Size=000016  Align=00001  Fill=0000
    RODATA            Offs=000621  Size=000032  Align=00001  Fill=0000
    BSS               Offs=001988  Size=000000  Align=00001  Fill=0000
    DATA              Offs=00065E  Size=000000  Align=00001  Fill=0000
    ZEROPAGE          Offs=000000  Size=000000  Align=00001  Fill=0000
    NULL              Offs=000000  Size=000000  Align=00001  Fill=0000
../00.LIBRERIE/CC65/lib/apple2.lib(popa.o):
    CODE              Offs=002DC9  Size=00000C  Align=00001  Fill=0000
    RODATA            Offs=000653  Size=000000  Align=00001  Fill=0000
    BSS               Offs=001988  Size=000000  Align=00001  Fill=0000
    DATA              Offs=00065E  Size=000000  Align=00001  Fill=0000
    ZEROPAGE          Offs=000000  Size=000000  Align=00001  Fill=0000
    NULL              Offs=000000  Size=000000  Align=00001  Fill=0000
../00.LIBRERIE/CC65/lib/apple2.lib(popptr1.o):
    CODE              Offs=002DD5  Size=00000E  Align=00001  Fill=0000
    RODATA            Offs=000653  Size=000000  Align=00001  Fill=0000
    BSS               Offs=001988  Size=000000  Align=00001  Fill=0000
    DATA              Offs=00065E  Size=000000  Align=00001  Fill=0000
    ZEROPAGE          Offs=000000  Size=000000  Align=00001  Fill=0000
    NULL              Offs=000000  Size=000000  Align=00001  Fill=0000
../00.LIBRERIE/CC65/lib/apple2.lib(printf.o):
    CODE              Offs=002DE3  Size=000033  Align=00001  Fill=0000
    RODATA            Offs=000653  Size=000000  Align=00001  Fill=0000
    BSS               Offs=001988  Size=000001  Align=00001  Fill=0000
    DATA              Offs=00065E  Size=000000  Align=00001  Fill=0000
    ZEROPAGE          Offs=000000  Size=000000  Align=00001  Fill=0000
    NULL              Offs=000000  Size=000000  Align=00001  Fill=0000
../00.LIBRERIE/CC65/lib/apple2.lib(push1.o):
    CODE              Offs=002E16  Size=000005  Align=00001  Fill=0000
    RODATA            Offs=000653  Size=000000  Align=00001  Fill=0000
    BSS               Offs=001989  Size=000000  Align=00001  Fill=0000
    DATA              Offs=00065E  Size=000000  Align=00001  Fill=0000
    ZEROPAGE          Offs=000000  Size=000000  Align=00001  Fill=0000
    NULL              Offs=000000  Size=000000  Align=00001  Fill=0000
../00.LIBRERIE/CC65/lib/apple2.lib(pusha.o):
    CODE              Offs=002E1B  Size=000016  Align=00001  Fill=0000
    RODATA            Offs=000653  Size=000000  Align=00001  Fill=0000
    BSS               Offs=001989  Size=000000  Align=00001  Fill=0000
    DATA              Offs=00065E  Size=000000  Align=00001  Fill=0000
    ZEROPAGE          Offs=000000  Size=000000  Align=00001  Fill=0000
    NULL              Offs=000000  Size=000000  Align=00001  Fill=0000
../00.LIBRERIE/CC65/lib/apple2.lib(pushax.o):
    CODE              Offs=002E31  Size=00001A  Align=00001  Fill=0000
    RODATA            Offs=000653  Size=000000  Align=00001  Fill=0000
    BSS               Offs=001989  Size=000000  Align=00001  Fill=0000
    DATA              Offs=00065E  Size=000000  Align=00001  Fill=0000
    ZEROPAGE          Offs=000000  Size=000000  Align=00001  Fill=0000
    NULL              Offs=000000  Size=000000  Align=00001  Fill=0000
../00.LIBRERIE/CC65/lib/apple2.lib(pushptr1.o):
    CODE              Offs=002E4B  Size=000007  Align=00001  Fill=0000
    RODATA            Offs=000653  Size=000000  Align=00001  Fill=0000
    BSS               Offs=001989  Size=000000  Align=00001  Fill=0000
    DATA              Offs=00065E  Size=000000  Align=00001  Fill=0000
    ZEROPAGE          Offs=000000  Size=000000  Align=00001  Fill=0000
    NULL              Offs=000000  Size=000000  Align=00001  Fill=0000
../00.LIBRERIE/CC65/lib/apple2.lib(pushwsp.o):
    CODE              Offs=002E52  Size=00001C  Align=00001  Fill=0000
    RODATA            Offs=000653  Size=000000  Align=00001  Fill=0000
    BSS               Offs=001989  Size=000000  Align=00001  Fill=0000
    DATA              Offs=00065E  Size=000000  Align=00001  Fill=0000
    ZEROPAGE          Offs=000000  Size=000000  Align=00001  Fill=0000
    NULL              Offs=000000  Size=000000  Align=00001  Fill=0000
../00.LIBRERIE/CC65/lib/apple2.lib(putchar.o):
    CODE              Offs=002E6E  Size=00000C  Align=00001  Fill=0000
    RODATA            Offs=000653  Size=000000  Align=00001  Fill=0000
    BSS               Offs=001989  Size=000000  Align=00001  Fill=0000
    DATA              Offs=00065E  Size=000000  Align=00001  Fill=0000
    ZEROPAGE          Offs=000000  Size=000000  Align=00001  Fill=0000
    NULL              Offs=000000  Size=000000  Align=00001  Fill=0000
../00.LIBRERIE/CC65/lib/apple2.lib(puts.o):
    CODE              Offs=002E7A  Size=000068  Align=00001  Fill=0000
    RODATA            Offs=000653  Size=000000  Align=00001  Fill=0000
    BSS               Offs=001989  Size=000000  Align=00001  Fill=0000
    DATA              Offs=00065E  Size=000001  Align=00001  Fill=0000
    ZEROPAGE          Offs=000000  Size=000000  Align=00001  Fill=0000
    NULL              Offs=000000  Size=000000  Align=00001  Fill=0000
../00.LIBRERIE/CC65/lib/apple2.lib(return0.o):
    CODE              Offs=002EE2  Size=000004  Align=00001  Fill=0000
    RODATA            Offs=000653  Size=000000  Align=00001  Fill=0000
    BSS               Offs=001989  Size=000000  Align=00001  Fill=0000
    DATA              Offs=00065F  Size=000000  Align=00001  Fill=0000
    ZEROPAGE          Offs=000000  Size=000000  Align=00001  Fill=0000
    NULL              Offs=000000  Size=000000  Align=00001  Fill=0000
../00.LIBRERIE/CC65/lib/apple2.lib(returnFFFF.o):
    CODE              Offs=002EE6  Size=000004  Align=00001  Fill=0000
    RODATA            Offs=000653  Size=000000  Align=00001  Fill=0000
    BSS               Offs=001989  Size=000000  Align=00001  Fill=0000
    DATA              Offs=00065F  Size=000000  Align=00001  Fill=0000
    ZEROPAGE          Offs=000000  Size=000000  Align=00001  Fill=0000
    NULL              Offs=000000  Size=000000  Align=00001  Fill=0000
../00.LIBRERIE/CC65/lib/apple2.lib(rwcommon.o):
    CODE              Offs=002EEA  Size=00003D  Align=00001  Fill=0000
    RODATA            Offs=000653  Size=000000  Align=00001  Fill=0000
    BSS               Offs=001989  Size=000000  Align=00001  Fill=0000
    DATA              Offs=00065F  Size=000000  Align=00001  Fill=0000
    ZEROPAGE          Offs=000000  Size=000000  Align=00001  Fill=0000
    NULL              Offs=000000  Size=000000  Align=00001  Fill=0000
../00.LIBRERIE/CC65/lib/apple2.lib(setjmp.o):
    CODE              Offs=002F27  Size=000025  Align=00001  Fill=0000
    RODATA            Offs=000653  Size=000000  Align=00001  Fill=0000
    BSS               Offs=001989  Size=000000  Align=00001  Fill=0000
    DATA              Offs=00065F  Size=000000  Align=00001  Fill=0000
    ZEROPAGE          Offs=000000  Size=000000  Align=00001  Fill=0000
    NULL              Offs=000000  Size=000000  Align=00001  Fill=0000
../00.LIBRERIE/CC65/lib/apple2.lib(snprintf.o):
    CODE              Offs=002F4C  Size=00002B  Align=00001  Fill=0000
    RODATA            Offs=000653  Size=000000  Align=00001  Fill=0000
    BSS               Offs=001989  Size=000001  Align=00001  Fill=0000
    DATA              Offs=00065F  Size=000000  Align=00001  Fill=0000
    ZEROPAGE          Offs=000000  Size=000000  Align=00001  Fill=0000
    NULL              Offs=000000  Size=000000  Align=00001  Fill=0000
../00.LIBRERIE/CC65/lib/apple2.lib(sscanf.o):
    CODE              Offs=002F77  Size=00002B  Align=00001  Fill=0000
    RODATA            Offs=000653  Size=000000  Align=00001  Fill=0000
    BSS               Offs=00198A  Size=000001  Align=00001  Fill=0000
    DATA              Offs=00065F  Size=000000  Align=00001  Fill=0000
    ZEROPAGE          Offs=000000  Size=000000  Align=00001  Fill=0000
    NULL              Offs=000000  Size=000000  Align=00001  Fill=0000
../00.LIBRERIE/CC65/lib/apple2.lib(staspidx.o):
    CODE              Offs=002FA2  Size=000016  Align=00001  Fill=0000
    RODATA            Offs=000653  Size=000000  Align=00001  Fill=0000
    BSS               Offs=00198B  Size=000000  Align=00001  Fill=0000
    DATA              Offs=00065F  Size=000000  Align=00001  Fill=0000
    ZEROPAGE          Offs=000000  Size=000000  Align=00001  Fill=0000
    NULL              Offs=000000  Size=000000  Align=00001  Fill=0000
../00.LIBRERIE/CC65/lib/apple2.lib(staxsp.o):
    CODE              Offs=002FB8  Size=00000B  Align=00001  Fill=0000
    RODATA            Offs=000653  Size=000000  Align=00001  Fill=0000
    BSS               Offs=00198B  Size=000000  Align=00001  Fill=0000
    DATA              Offs=00065F  Size=000000  Align=00001  Fill=0000
    ZEROPAGE          Offs=000000  Size=000000  Align=00001  Fill=0000
    NULL              Offs=000000  Size=000000  Align=00001  Fill=0000
../00.LIBRERIE/CC65/lib/apple2.lib(steaxsp.o):
    CODE              Offs=002FC3  Size=000015  Align=00001  Fill=0000
    RODATA            Offs=000653  Size=000000  Align=00001  Fill=0000
    BSS               Offs=00198B  Size=000000  Align=00001  Fill=0000
    DATA              Offs=00065F  Size=000000  Align=00001  Fill=0000
    ZEROPAGE          Offs=000000  Size=000000  Align=00001  Fill=0000
    NULL              Offs=000000  Size=000000  Align=00001  Fill=0000
../00.LIBRERIE/CC65/lib/apple2.lib(strlen.o):
    CODE              Offs=002FD8  Size=000016  Align=00001  Fill=0000
    RODATA            Offs=000653  Size=000000  Align=00001  Fill=0000
    BSS               Offs=00198B  Size=000000  Align=00001  Fill=0000
    DATA              Offs=00065F  Size=000000  Align=00001  Fill=0000
    ZEROPAGE          Offs=000000  Size=000000  Align=00001  Fill=0000
    NULL              Offs=000000  Size=000000  Align=00001  Fill=0000
../00.LIBRERIE/CC65/lib/apple2.lib(strlower.o):
    CODE              Offs=002FEE  Size=000027  Align=00001  Fill=0000
    RODATA            Offs=000653  Size=000000  Align=00001  Fill=0000
    BSS               Offs=00198B  Size=000000  Align=00001  Fill=0000
    DATA              Offs=00065F  Size=000000  Align=00001  Fill=0000
    ZEROPAGE          Offs=000000  Size=000000  Align=00001  Fill=0000
    NULL              Offs=000000  Size=000000  Align=00001  Fill=0000
../00.LIBRERIE/CC65/lib/apple2.lib(strncpy.o):
    CODE              Offs=003015  Size=000042  Align=00001  Fill=0000
    RODATA            Offs=000653  Size=000000  Align=00001  Fill=0000
    BSS               Offs=00198B  Size=000000  Align=00001  Fill=0000
    DATA              Offs=00065F  Size=000000  Align=00001  Fill=0000
    ZEROPAGE          Offs=000000  Size=000000  Align=00001  Fill=0000
    NULL              Offs=000000  Size=000000  Align=00001  Fill=0000
../00.LIBRERIE/CC65/lib/apple2.lib(strstr.o):
    CODE              Offs=003057  Size=000052  Align=00001  Fill=0000
    RODATA            Offs=000653  Size=000000  Align=00001  Fill=0000
    BSS               Offs=00198B  Size=000000  Align=00001  Fill=0000
    DATA              Offs=00065F  Size=000000  Align=00001  Fill=0000
    ZEROPAGE          Offs=000000  Size=000000  Align=00001  Fill=0000
    NULL              Offs=000000  Size=000000  Align=00001  Fill=0000
../00.LIBRERIE/CC65/lib/apple2.lib(sub.o):
    CODE              Offs=0030A9  Size=000015  Align=00001  Fill=0000
    RODATA            Offs=000653  Size=000000  Align=00001  Fill=0000
    BSS               Offs=00198B  Size=000000  Align=00001  Fill=0000
    DATA              Offs=00065F  Size=000000  Align=00001  Fill=0000
    ZEROPAGE          Offs=000000  Size=000000  Align=00001  Fill=0000
    NULL              Offs=000000  Size=000000  Align=00001  Fill=0000
../00.LIBRERIE/CC65/lib/apple2.lib(subysp.o):
    CODE              Offs=0030BE  Size=00000D  Align=00001  Fill=0000
    RODATA            Offs=000653  Size=000000  Align=00001  Fill=0000
    BSS               Offs=00198B  Size=000000  Align=00001  Fill=0000
    DATA              Offs=00065F  Size=000000  Align=00001  Fill=0000
    ZEROPAGE          Offs=000000  Size=000000  Align=00001  Fill=0000
    NULL              Offs=000000  Size=000000  Align=00001  Fill=0000
../00.LIBRERIE/CC65/lib/apple2.lib(tolower.o):
    CODE              Offs=0030CB  Size=000012  Align=00001  Fill=0000
    RODATA            Offs=000653  Size=000000  Align=00001  Fill=0000
    BSS               Offs=00198B  Size=000000  Align=00001  Fill=0000
    DATA              Offs=00065F  Size=000000  Align=00001  Fill=0000
    ZEROPAGE          Offs=000000  Size=000000  Align=00001  Fill=0000
    NULL              Offs=000000  Size=000000  Align=00001  Fill=0000
../00.LIBRERIE/CC65/lib/apple2.lib(udiv.o):
    CODE              Offs=0030DD  Size=00004F  Align=00001  Fill=0000
    RODATA            Offs=000653  Size=000000  Align=00001  Fill=0000
    BSS               Offs=00198B  Size=000000  Align=00001  Fill=0000
    DATA              Offs=00065F  Size=000000  Align=00001  Fill=0000
    ZEROPAGE          Offs=000000  Size=000000  Align=00001  Fill=0000
    NULL              Offs=000000  Size=000000  Align=00001  Fill=0000
../00.LIBRERIE/CC65/lib/apple2.lib(ugt.o):
    CODE              Offs=00312C  Size=00000A  Align=00001  Fill=0000
    RODATA            Offs=000653  Size=000000  Align=00001  Fill=0000
    BSS               Offs=00198B  Size=000000  Align=00001  Fill=0000
    DATA              Offs=00065F  Size=000000  Align=00001  Fill=0000
    ZEROPAGE          Offs=000000  Size=000000  Align=00001  Fill=0000
    NULL              Offs=000000  Size=000000  Align=00001  Fill=0000
../00.LIBRERIE/CC65/lib/apple2.lib(uppercasemask.o):
    CODE              Offs=003136  Size=000000  Align=00001  Fill=0000
    RODATA            Offs=000653  Size=000000  Align=00001  Fill=0000
    BSS               Offs=00198B  Size=000000  Align=00001  Fill=0000
    DATA              Offs=00065F  Size=000001  Align=00001  Fill=0000
    ZEROPAGE          Offs=000000  Size=000000  Align=00001  Fill=0000
    NULL              Offs=000000  Size=000000  Align=00001  Fill=0000
../00.LIBRERIE/CC65/lib/apple2.lib(vfprintf.o):
    CODE              Offs=003136  Size=000061  Align=00001  Fill=0000
    RODATA            Offs=000653  Size=000000  Align=00001  Fill=0000
    BSS               Offs=00198B  Size=000000  Align=00001  Fill=0000
    DATA              Offs=000660  Size=000008  Align=00001  Fill=0000
    ZEROPAGE          Offs=000000  Size=000000  Align=00001  Fill=0000
    NULL              Offs=000000  Size=000000  Align=00001  Fill=0000
../00.LIBRERIE/CC65/lib/apple2.lib(vsnprintf.o):
    CODE              Offs=003197  Size=0000DA  Align=00001  Fill=0000
    RODATA            Offs=000653  Size=000000  Align=00001  Fill=0000
    BSS               Offs=00198B  Size=000000  Align=00001  Fill=0000
    DATA              Offs=000668  Size=000008  Align=00001  Fill=0000
    ZEROPAGE          Offs=000000  Size=000000  Align=00001  Fill=0000
    NULL              Offs=000000  Size=000000  Align=00001  Fill=0000
../00.LIBRERIE/CC65/lib/apple2.lib(vsscanf.o):
    CODE              Offs=003271  Size=00006D  Align=00001  Fill=0000
    RODATA            Offs=000653  Size=000006  Align=00001  Fill=0000
    BSS               Offs=00198B  Size=000004  Align=00001  Fill=0000
    DATA              Offs=000670  Size=000000  Align=00001  Fill=0000
    ZEROPAGE          Offs=000000  Size=000000  Align=00001  Fill=0000
    NULL              Offs=000000  Size=000000  Align=00001  Fill=0000
../00.LIBRERIE/CC65/lib/apple2.lib(vtabz.o):
    CODE              Offs=0032DE  Size=000000  Align=00001  Fill=0000
    RODATA            Offs=000659  Size=000000  Align=00001  Fill=0000
    BSS               Offs=00198F  Size=000000  Align=00001  Fill=0000
    DATA              Offs=000670  Size=000000  Align=00001  Fill=0000
    ZEROPAGE          Offs=000000  Size=000000  Align=00001  Fill=0000
    NULL              Offs=000000  Size=000000  Align=00001  Fill=0000
    LOWCODE           Offs=00000A  Size=00000A  Align=00001  Fill=0000
../00.LIBRERIE/CC65/lib/apple2.lib(write.o):
    CODE              Offs=0032DE  Size=000071  Align=00001  Fill=0000
    RODATA            Offs=000659  Size=000000  Align=00001  Fill=0000
    BSS               Offs=00198F  Size=000000  Align=00001  Fill=0000
    DATA              Offs=000670  Size=000000  Align=00001  Fill=0000
    ZEROPAGE          Offs=000000  Size=000000  Align=00001  Fill=0000
    NULL              Offs=000000  Size=000000  Align=00001  Fill=0000
../00.LIBRERIE/CC65/lib/apple2.lib(zerobss.o):
    CODE              Offs=00334F  Size=000023  Align=00001  Fill=0000
    RODATA            Offs=000659  Size=000000  Align=00001  Fill=0000
    BSS               Offs=00198F  Size=000000  Align=00001  Fill=0000
    DATA              Offs=000670  Size=000000  Align=00001  Fill=0000
    ZEROPAGE          Offs=000000  Size=000000  Align=00001  Fill=0000
    NULL              Offs=000000  Size=000000  Align=00001  Fill=0000
../00.LIBRERIE/CC65/lib/apple2.lib(zeropage.o):
    CODE              Offs=003372  Size=000000  Align=00001  Fill=0000
    RODATA            Offs=000659  Size=000000  Align=00001  Fill=0000
    BSS               Offs=00198F  Size=000000  Align=00001  Fill=0000
    DATA              Offs=000670  Size=000000  Align=00001  Fill=0000
    ZEROPAGE          Offs=000000  Size=00001A  Align=00001  Fill=0000
    NULL              Offs=000000  Size=000000  Align=00001  Fill=0000
../00.LIBRERIE/PCH/pch_network.lib(pch_network.o):
    CODE              Offs=003372  Size=000109  Align=00001  Fill=0000
    RODATA            Offs=000659  Size=00000D  Align=00001  Fill=0000
    BSS               Offs=00198F  Size=000000  Align=00001  Fill=0000
    DATA              Offs=000670  Size=000000  Align=00001  Fill=0000
    ZEROPAGE          Offs=00001A  Size=000000  Align=00001  Fill=0000
    NULL              Offs=000000  Size=000000  Align=00001  Fill=0000
C:\UTILITY\cc65\lib/apple2.lib(staxspi.o):
    CODE              Offs=00347B  Size=00001B  Align=00001  Fill=0000
    RODATA            Offs=000666  Size=000000  Align=00001  Fill=0000
    BSS               Offs=00198F  Size=000000  Align=00001  Fill=0000
    DATA              Offs=000670  Size=000000  Align=00001  Fill=0000
    ZEROPAGE          Offs=00001A  Size=000000  Align=00001  Fill=0000
    NULL              Offs=000000  Size=000000  Align=00001  Fill=0000


Segment list:
-------------
Name                   Start     End    Size  Align
----------------------------------------------------
NULL                  000000  000000  000000  00001
ZEROPAGE              000080  000099  00001A  00001
EXEHDR                0007C9  000802  00003A  00001
STARTUP               000803  00080E  00000C  00001
LOWCODE               00080F  000822  000014  00001
CODE                  000823  003CB8  003496  00001
RODATA                003CB9  00431E  000666  00001
DATA                  00431F  00498E  000670  00001
INIT                  00498F  0049AB  00001D  00001
BSS                   0049AC  00633A  00198F  00001
ONCE                  0049AC  004A37  00008C  00001


Exports list by name:
---------------------
COUT                      00080F RLA    VTABZ                     000819 RLA    
__BSS_LOAD__              0049AC  LA    __BSS_RUN__               0049AC RLA    
__BSS_SIZE__              00198F REA    __CONSTRUCTOR_COUNT__     000001 REA    
__CONSTRUCTOR_TABLE__     004A36 RLA    __DESTRUCTOR_COUNT__      000000 REA    
__DESTRUCTOR_TABLE__      00431F RLA    __EXEHDR__                000001 REA    
__FILETYPE__              000006 REA    __HIMEM__                 009600 REA    
__LCADDR__                00D400 REA    __LCSIZE__                000C00 REA    
__LC_FILEOFFS__           000000  EA    __LC_LAST__               00D400 RLA    
__LC_SIZE__               000C00  EA    __LC_START__              00D400 RLA    
__MAIN_FILEOFFS__         00003A  EA    __MAIN_LAST__             004A38 RLA    
__MAIN_SIZE__             008DFD  EA    __MAIN_START__            000803 RLA    
__ONCE_LOAD__             0049AC RLA    __ONCE_RUN__              0049AC RLA    
__ONCE_SIZE__             00008C REA    __STACKSIZE__             000800 REA    
__STARTUP__               000001 REA    __ZP_FILEOFFS__           000000  EA    
__ZP_LAST__               00009A  LA    __ZP_SIZE__               00001A  EA    
__ZP_START__              000080  LA    ___directerrno            002485 RLA    
___errno                  00631C RLA    ___mappederrno            00248F RLA    
___oserror                0062AE RLA    ___osmaperrno             0035D6 RLA    
___seterrno               002FCC RLA    ___setjmp                 00374A RLA    
__argc                    004909  LA    __argv                    00490B  LA    
__ctype                   00424F RLA    __ctypeidx                00425A RLA    
__dos_type                004935 RLA    __filetab                 0048E8  LA    
__hextab                  00421C RLA    __longminstr              00422C RLA    
__printf                  002590 RLA    __scanf                   002841 RLA    
_cgetc                    00306D RLA    _check_uthernet           003BF9 RLA    
_cputc                    0030BB  LA    _cputcxy                  0030B6  LA    
_cs8900a                  004365 RLA    _cs8900a_name             0041BA RLA    
_dhcp_init                001561 RLA    _dotted_quad              0015C5  LA    
_exit                     003042 RLA    _fputc                    003180 RLA    
_fwrite                   0031C7 RLA    _gotox                    00324E  LA    
_gotoxy                   003243  LA    _initialize_network       000DC0  LA    
_ip65_error               006013 RLA    _ip65_init                001747 RLA    
_ip65_process             00174F RLA    _ip65_random_word         0016E8  LA    
_ip65_strerror            001657  LA    _isdigit                  0032B6 RLA    
_isspace                  0032BE RLA    _isxdigit                 0032C6 RLA    
_lan91c96                 0044E1 RLA    _lan91c96_name            0041E9 RLA    
_longjmp                  0033E3 RLA    _ltoa                     003459 RLA    
_main                     000EB4 RLA    _memcpy                   003502 RLA    
_parse_dotted_quad        001639 RLA    _print_ip                 003B95  LA    
_printf                   003606 RLA    _putchar                  003691 RLA    
_puts                     00369D RLA    _snprintf                 00376F RLA    
_sscanf                   00379A RLA    _stderr                   004904  LA    
_stdin                    004900  LA    _stdout                   004902 RLA    
_strlen                   0037FB RLA    _strlen_ptr4              0037FF  LA    
_strlower                 003811 RLA    _strlwr                   003811  LA    
_strncpy                  003838 RLA    _strstr                   00387A RLA    
_tcp_close                0017BA RLA    _tcp_connect              001788 RLA    
_tcp_listen               001757  LA    _tcp_send                 0017C2 RLA    
_tcp_send_keep_alive      0017D3  LA    _tolower                  0038EE RLA    
_ultoa                    00349A RLA    _vfprintf                 003991 RLA    
_vsnprintf                0039BA RLA    _vsscanf                  003ADF RLA    
_w5100                    00466C RLA    _w5100_name               004210 RLA    
_write                    003B01 RLA    abort_key                 0048E7  LA    
abort_key_default         00009B  EZ    abort_key_disable         000080  EZ    
ac_size                   000008  EZ    acc16                     000088 REZ    
acc32                     000088 REZ    add_16_32                 001CDA RLA    
add_32_32                 001CBB  LA    addeq0sp                  002FF1  LA    
addeqysp                  002FF3 RLA    addysp                    003003 RLA    
addysp1                   003002 RLA    arp_add                   001230  LA    
arp_cache                 0053B7  LA    arp_calculate_gateway_mask 0010AE RLA    
arp_init                  0010A4 RLA    arp_ip                    0053B3 RLA    
arp_lookup                0010D3 RLA    arp_mac                   0053AD RLA    
arp_process               0011B2 RLA    axlong                    003010 RLA    
axulong                   003016 RLA    bnega                     003021 RLA    
bnegax                    00301D RLA    booleq                    0034DC RLA    
boolge                    0034ED  LA    boolgt                    0034EB  LA    
boolle                    0034E3  LA    boollt                    0034E5  LA    
boolne                    0034D6 RLA    booluge                   0034FD  LA    
boolugt                   0034FB RLA    boolule                   0034F3  LA    
boolult                   0034F5 RLA    callmain                  00302B RLA    
callmli                   004959 RLA    cfg_dns                   00433D RLA    
cfg_gateway               004339 RLA    cfg_ip                    004331 RLA    
cfg_mac                   00432B RLA    cfg_netmask               004335 RLA    
cfg_tftp_server           004345  LA    check_for_abort_key       002476 RLA    
checkferror               003095 RLA    cmp_16_16                 001C9D RLA    
cmp_32_32                 001C81 RLA    complax                   0030A1 RLA    
condes                    00490D  LA    copy_dest                 00008A REZ    
copy_src                  000088 REZ    copymem                   0012A6 RLA    
cputdirect                0030CC  LA    ctypemask                 00310C RLA    
ctypemaskdirect           003110 RLA    cursor                    0062AD RLA    
decax1                    00312A RLA    decaxy                    003131 RLA    
decsp1                    00313A RLA    decsp2                    003143 RLA    
decsp4                    003150 RLA    decsp6                    00315D RLA    
dhcp_init                 0012CD RLA    dhcp_server               004341 RLA    
dhcp_state                005413  LA    done                      004932 RLA    
donelib                   0030AA RLA    dotted_quad_value         00541C RLA    
eth_data                  00000E REZ    eth_dest                  000000 REZ    
eth_init                  00240D RLA    eth_inp                   005434 RLA    
eth_inp_len               005430 RLA    eth_name                  006296  LA    
eth_outp                  005A22 RLA    eth_outp_len              005432 RLA    
eth_proto_arp             000006 REZ    eth_proto_ip              000000 REZ    
eth_rx                    0048C0 RLA    eth_set_broadcast_dest    0016C8 RLA    
eth_set_my_mac_src        0016D3 RLA    eth_set_proto             0016DF RLA    
eth_src                   000006 REZ    eth_tx                    0048D4 RLA    
eth_type                  00000C  EZ    fdtab                     004936 RLA    
getfd                     00316A RLA    gotoxy                    003240 RLA    
icmp_add_listener         001C20  LA    icmp_callback             006249  LA    
icmp_cksum                000002  EZ    icmp_code                 000001  EZ    
icmp_data                 000004  EZ    icmp_init                 001B74 RLA    
icmp_inp                  005456  EA    icmp_outp                 005A44  EA    
icmp_process              001B7A RLA    icmp_remove_listener      001C4C  LA    
icmp_type                 000000  EZ    incax4                    00327F  LA    
incaxy                    003281 RLA    incsp1                    00328A RLA    
incsp2                    003299 RLA    incsp4                    0032A7 RLA    
incsp6                    0032AC RLA    incsp8                    0032B1 RLA    
initdostype               004A22  LAI   initlib                   0049AC RLA    
ip65_ctr                  006010  LA    ip65_ctr_arp              006011  LA    
ip65_ctr_ip               006012  LA    ip65_error                006013 RLA    
ip65_init                 00170F RLA    ip65_process              001725 RLA    
ip65_random_word          0016E8 RLA    ip65_strerror             001657 RLA    
ip_broadcast              006241 RLA    ip_calc_cksum             001AD0 RLA    
ip_cksum_ptr              00008A REZ    ip_create_packet          001A3C RLA    
ip_data                   000014 REZ    ip_dest                   000010 REZ    
ip_frag                   000006  EZ    ip_header_cksum           00000A REZ    
ip_id                     000004 REZ    ip_init                   001969 RLA    
ip_inp                    005442 REA    ip_len                    000002 REZ    
ip_outp                   005A30 REA    ip_process                00197E RLA    
ip_proto                  000009 REZ    ip_proto_icmp             000001  EZ    
ip_proto_tcp              000006 REZ    ip_proto_udp              000011 REZ    
ip_send                   001A69 RLA    ip_src                    00000C REZ    
ip_tos                    000001  EZ    ip_ttl                    000008  EZ    
ip_ver_ihl                000000  EZ    jmpvec                    004956 RLA    
ldax0sp                   00333B  LA    ldaxi                     00332E RLA    
ldaxidx                   003330  LA    ldaxysp                   00333D RLA    
ldeax0sp                  003344  LA    ldeaxysp                  003346 RLA    
leaa0sp                   003357 RLA    leaaxsp                   003359  LA    
memcpy_getparams          00352B  LA    memcpy_upwards            003505  LA    
mliparam                  006322 RLA    mul8x16                   003585 RLA    
mul8x16a                  00358F RLA    mul_8_16                  001CF6  LA    
mulax10                   0035BD RLA    negeax                    0033C5 RLA    
newline                   0030DF  LA    op32                      00008A REZ    
output_buffer             006016 RLA    parse_dotted_quad         001569 RLA    
popa                      0035EC RLA    popax                     003291 RLA    
popeax                    00340B RLA    popptr1                   0035F8 RLA    
ptr1                      000088 RLZ    ptr2                      00008A RLZ    
ptr3                      00008C RLZ    ptr4                      00008E RLZ    
push0                     003654  LA    push0ax                   003423  LA    
push1                     003639 RLA    pusha                     003642 RLA    
pusha0                    003656 RLA    pusha0sp                  00363E  LA    
pushax                    003658 RLA    pushaysp                  003640  LA    
pusheax                   003429 RLA    pushl0                    003420  LA    
pushptr1                  00366E RLA    pushw0sp                  003675  LA    
pushwysp                  003677 RLA    putchar                   0030EE  LA    
putchardirect             0030F0 RLA    regbank                   000094 RLZ    
regsave                   000084 RLZ    reset                     0030FA RLA    
return                    003105  LA    return0                   003705 RLA    
returnFFFF                003709 RLA    rvsave                    0049A9 RLA    
rwcommon                  00371A RLA    rwepilog                  00373D RLA    
rwprolog                  00370D RLA    sp                        000080 RLZ    
sreg                      000082 RLZ    staspidx                  0037C5 RLA    
stax0sp                   0037DB RLA    staxspidx                 003C9E RLA    
staxysp                   0037DD RLA    steax0sp                  0037E6  LA    
steaxysp                  0037E8 RLA    sub_16_16                 001CA5 RLA    
subysp                    0038E1 RLA    tcp_callback              00626D RLA    
tcp_close                 001E2F RLA    tcp_connect               001D77 RLA    
tcp_connect_ip            00628F RLA    tcp_connect_remote_port   00628D  LA    
tcp_inbound_data_length   006275 RLA    tcp_inbound_data_ptr      006273 RLA    
tcp_init                  001D1E  LA    tcp_listen                001D22 RLA    
tcp_process               002115  LA    tcp_remote_ip             006259 RLA    
tcp_send                  001EFE RLA    tcp_send_data_len         00626B RLA    
tcp_send_keep_alive       002348 REA    tcp_send_string           001ECE  LA    
tcp_state                 006254  LA    timer_init                002448 RLA    
timer_read                002453 RLA    timer_seconds             002473  LA    
timer_timeout             0017DB RLA    tmp1                      000090 RLZ    
tmp2                      000091 RLZ    tmp3                      000092 RLZ    
tmp4                      000093 RLZ    tolowerdirect             0038F2  LA    
tosadd0ax                 0032CE  LA    tosadda0                  002FD5  LA    
tosaddax                  002FD7 RLA    tosaddeax                 0032D4 RLA    
toseqeax                  003363 RLA    tosicmp                   003253 RLA    
tosicmp0                  003251  LA    toslcmp                   0032F3 RLA    
tosmul0ax                 003369  LA    tosmula0                  003583  LA    
tosmulax                  00353E  LA    tosmuleax                 00336F RLA    
tossuba0                  0038CC RLA    tossubax                  0038CE RLA    
tosudiva0                 003900  LA    tosudivax                 003902 RLA    
tosugt00                  00394F  LA    tosugta0                  003951  LA    
tosugtax                  003953 RLA    tosumul0ax                003369  LA    
tosumula0                 003583  LA    tosumulax                 00353E RLA    
tosumuleax                00336F  LA    udiv16                    003911  LA    
udp_add_listener          001826 RLA    udp_callback              00621E RLA    
udp_cksum                 000006  EZ    udp_data                  000008 REZ    
udp_dest_port             000002  EZ    udp_init                  0017F3 RLA    
udp_inp                   005456 REA    udp_len                   000004  EZ    
udp_outp                  005A44  EA    udp_process               0017F9 RLA    
udp_remove_listener       00186C RLA    udp_send                  0018B8 RLA    
udp_send_dest             006220 RLA    udp_send_dest_port        006226 RLA    
udp_send_internal         0018CD  LA    udp_send_len              006228 RLA    
udp_send_src_port         006224 RLA    udp_src_port              000000  EZ    
uppercasemask             00497E RLA    vsnprintf                 0039BD  LA    
[...]
    udp.o                     udp.s:41
ip_proto_icmp (ip.o):
ip_proto_tcp (ip.o):
    tcp.o                     tcp.s:60
ip_proto_udp (ip.o):
    udp.o                     udp.s:42
ip_send (ip.o):
    tcp.o                     tcp.s:34
    udp.o                     udp.s:32
ip_src (ip.o):
    tcp.o                     tcp.s:56
    icmp.o                    icmp.s:40
ip_tos (ip.o):
ip_ttl (ip.o):
ip_ver_ihl (ip.o):
jmpvec (jmpvec.o):
    _scanf.o                  ../libwrk/apple2/_scanf.s:1470
    _scanf.o                  ../libwrk/apple2/_scanf.s:1470
ldax0sp (ldaxsp.o):
ldaxi (ldaxi.o):
    _scanf.o                  ../libwrk/apple2/_scanf.s:1470
    _scanf.o                  ../libwrk/apple2/_scanf.s:1470
ldaxidx (ldaxi.o):
ldaxysp (ldaxsp.o):
    fwrite.o                  common/fwrite.s:11
    _scanf.o                  ../libwrk/apple2/_scanf.s:1470
    vsnprintf.o               common/vsnprintf.s:9
    puts.o                    ../libwrk/apple2/puts.s:95
    rest_hello.o              rest_hello.s:1164
    rest_hello.o              rest_hello.s:1164
    rest_hello.o              rest_hello.s:1164
    rest_hello.o              rest_hello.s:1164
    rest_hello.o              rest_hello.s:1164
    rest_hello.o              rest_hello.s:1164
ldeax0sp (ldeaxysp.o):
ldeaxysp (ldeaxysp.o):
    rest_hello.o              rest_hello.s:1164
leaa0sp (leaaxsp.o):
    rest_hello.o              rest_hello.s:1164
leaaxsp (leaaxsp.o):
memcpy_getparams (memcpy.o):
memcpy_upwards (memcpy.o):
mliparam (mli.o):
    rwcommon.o                apple2/mli.inc:130
    write.o                   apple2/mli.inc:130
mul8x16 (mul8.o):
    mul.o                     runtime/mul.s:8
mul8x16a (mul8.o):
    mul.o                     runtime/mul.s:8
mul_8_16 (arithmetic.o):
mulax10 (mulax10.o):
    _scanf.o                  ../libwrk/apple2/_scanf.s:1470
negeax (lneg.o):
    ltoa.o                    common/ltoa.s:9
    _scanf.o                  ../libwrk/apple2/_scanf.s:1470
newline (cputc.o):
op32 (arithmetic.o):
    tcp.o                     tcp.s:45
output_buffer (output_buffer.o):
    dhcp.o                    dhcp.s:40
parse_dotted_quad (dottedquad.o):
    dottedquad_c.o            dottedquad_c.s:6
popa (popa.o):
    gotoxy.o                  apple2/gotoxy.s:9
popax (incsp2.o):
    rwcommon.o                apple2/rwcommon.s:6
    ltoa.o                    common/ltoa.s:9
    fputc.o                   common/fputc.s:10
    _printf.o                 common/_printf.s:11
    vsscanf.o                 common/vsscanf.s:11
    vsnprintf.o               common/vsnprintf.s:9
    strncpy.o                 common/strncpy.s:8
    memcpy.o                  common/memcpy.s:14
    tcp_c.o                   tcp_c.s:22
popeax (lpop.o):
    tcp_c.o                   tcp_c.s:22
popptr1 (popptr1.o):
    udiv.o                    runtime/udiv.s:9
    rwcommon.o                apple2/rwcommon.s:6
    mul8.o                    runtime/mul8.s:9
    mul.o                     runtime/mul.s:9
    ltoa.o                    common/ltoa.s:9
    longjmp.o                 common/longjmp.s:9
    fputc.o                   common/fputc.s:11
    strstr.o                  common/strstr.s:8
    strncpy.o                 common/strncpy.s:8
    memcpy.o                  common/memcpy.s:14
    tcp_c.o                   tcp_c.s:22
ptr1 (zeropage.o):
    staxspi.o                 runtime/staxspi.s:10
    pch_network.o             build\pch_network.s:11
    checkferror.o             common/checkferror.s:12
    udiv.o                    runtime/udiv.s:10
    strlower.o                common/strlower.s:13
    setjmp.o                  common/setjmp.s:11
    rwcommon.o                /home/runner/work/cc65/cc65/asminc/zeropage.inc:12
    pushptr1.o                runtime/pushptr1.s:9
    mulax10.o                 runtime/mulax10.s:9
    mul8.o                    runtime/mul8.s:10
    mul.o                     runtime/mul.s:10
    ltoa.o                    common/ltoa.s:11
    longjmp.o                 common/longjmp.s:10
    lmul.o                    runtime/lmul.s:10
    ldaxi.o                   runtime/ldaxi.s:8
    lcmp.o                    runtime/lcmp.s:10
    fwrite.o                  common/fwrite.s:14
    fputc.o                   common/fputc.s:8
    _scanf.o                  ../libwrk/apple2/_scanf.s:11
    _printf.o                 /home/runner/work/cc65/cc65/asminc/zeropage.inc:12
    zerobss.o                 common/zerobss.s:9
    write.o                   /home/runner/work/cc65/cc65/asminc/zeropage.inc:12
    vsscanf.o                 common/vsscanf.s:12
    vsnprintf.o               common/vsnprintf.s:11
    vfprintf.o                common/vfprintf.s:11
    strstr.o                  common/strstr.s:9
    strncpy.o                 common/strncpy.s:9
    staspidx.o                runtime/staspidx.s:9
    sscanf.o                  common/sscanf.s:9
    snprintf.o                common/snprintf.s:9
    puts.o                    ../libwrk/apple2/puts.s:11
    printf.o                  common/printf.s:9
    popptr1.o                 runtime/popptr1.s:9
    memcpy.o                  common/memcpy.s:15
    uthernet2.o               C:\UTILITY\cc65\asminc/zeropage.inc:12
    lancegs.o                 C:\UTILITY\cc65\asminc/zeropage.inc:12
    uthernet.o                C:\UTILITY\cc65\asminc/zeropage.inc:12
    a2combo.o                 C:\UTILITY\cc65\asminc/zeropage.inc:12
    arithmetic.o              C:\UTILITY\cc65\asminc/zeropage.inc:12
    tcp.o                     C:\UTILITY\cc65\asminc/zeropage.inc:12
    copymem.o                 C:\UTILITY\cc65\asminc/zeropage.inc:12
    arp.o                     C:\UTILITY\cc65\asminc/zeropage.inc:12
    ip.o                      C:\UTILITY\cc65\asminc/zeropage.inc:12
    tcp_c.o                   tcp_c.s:23
ptr2 (zeropage.o):
    strlower.o                common/strlower.s:13
    rwcommon.o                /home/runner/work/cc65/cc65/asminc/zeropage.inc:12
    ltoa.o                    common/ltoa.s:11
    longjmp.o                 common/longjmp.s:10
    _printf.o                 /home/runner/work/cc65/cc65/asminc/zeropage.inc:12
    write.o                   /home/runner/work/cc65/cc65/asminc/zeropage.inc:12
    vsscanf.o                 common/vsscanf.s:12
    strstr.o                  common/strstr.s:9
    strncpy.o                 common/strncpy.s:9
    memcpy.o                  common/memcpy.s:15
    uthernet2.o               C:\UTILITY\cc65\asminc/zeropage.inc:12
    lancegs.o                 C:\UTILITY\cc65\asminc/zeropage.inc:12
    uthernet.o                C:\UTILITY\cc65\asminc/zeropage.inc:12
    arithmetic.o              C:\UTILITY\cc65\asminc/zeropage.inc:12
    copymem.o                 C:\UTILITY\cc65\asminc/zeropage.inc:12
    ip.o                      C:\UTILITY\cc65\asminc/zeropage.inc:12
ptr3 (zeropage.o):
    ltoa.o                    common/ltoa.s:11
    lmul.o                    runtime/lmul.s:10
    strstr.o                  common/strstr.s:9
    memcpy.o                  common/memcpy.s:15
    uthernet2.o               C:\UTILITY\cc65\asminc/zeropage.inc:12
    lancegs.o                 C:\UTILITY\cc65\asminc/zeropage.inc:12
    uthernet.o                C:\UTILITY\cc65\asminc/zeropage.inc:12
ptr4 (zeropage.o):
    udiv.o                    runtime/udiv.s:10
    mul8.o                    runtime/mul8.s:10
    mul.o                     runtime/mul.s:10
    lmul.o                    runtime/lmul.s:10
    strstr.o                  common/strstr.s:9
    strlen.o                  common/strlen.s:12
    uthernet2.o               C:\UTILITY\cc65\asminc/zeropage.inc:12
    uthernet.o                C:\UTILITY\cc65\asminc/zeropage.inc:12
push0 (pushax.o):
push0ax (lpush.o):
push1 (push1.o):
    _printf.o                 common/_printf.s:11
    vfprintf.o                common/vfprintf.s:9
pusha (pusha.o):
    _scanf.o                  ../libwrk/apple2/_scanf.s:1470
    _scanf.o                  ../libwrk/apple2/_scanf.s:1470
    _scanf.o                  ../libwrk/apple2/_scanf.s:1470
    _scanf.o                  ../libwrk/apple2/_scanf.s:1470
    _scanf.o                  ../libwrk/apple2/_scanf.s:1470
    rest_hello.o              rest_hello.s:1164
pusha0 (pushax.o):
    pch_network.o             build\pch_network.s:188
    push1.o                   runtime/push1.s:8
    fwrite.o                  common/fwrite.s:11
    fputc.o                   common/fputc.s:10
    _scanf.o                  ../libwrk/apple2/_scanf.s:1470
    puts.o                    ../libwrk/apple2/puts.s:95
pusha0sp (pusha.o):
pushax (pushax.o):
    pch_network.o             build\pch_network.s:188
    pch_network.o             build\pch_network.s:188
    pushptr1.o                runtime/pushptr1.s:8
    fwrite.o                  common/fwrite.s:11
    fputc.o                   common/fputc.s:10
    callmain.o                apple2/callmain.s:11
    _scanf.o                  ../libwrk/apple2/_scanf.s:1470
    _scanf.o                  ../libwrk/apple2/_scanf.s:1470
    _printf.o                 common/_printf.s:11
    puts.o                    ../libwrk/apple2/puts.s:95
    putchar.o                 common/putchar.s:8
    printf.o                  common/printf.s:8
    tcp_c.o                   tcp_c.s:22
    rest_hello.o              rest_hello.s:1164
    rest_hello.o              rest_hello.s:1164
    rest_hello.o              rest_hello.s:1164
    rest_hello.o              rest_hello.s:1164
    rest_hello.o              rest_hello.s:1164
    rest_hello.o              rest_hello.s:1164
    rest_hello.o              rest_hello.s:1164
    rest_hello.o              rest_hello.s:1164
pushaysp (pusha.o):
pusheax (lpush.o):
    pch_network.o             build\pch_network.s:188
    _scanf.o                  ../libwrk/apple2/_scanf.s:1470
    _printf.o                 common/_printf.s:11
    rest_hello.o              rest_hello.s:1164
pushl0 (lpush.o):
pushptr1 (pushptr1.o):
    fputc.o                   common/fputc.s:11
pushw0sp (pushwsp.o):
pushwysp (pushwsp.o):
    fwrite.o                  common/fwrite.s:11
    vfprintf.o                common/vfprintf.s:9
    puts.o                    ../libwrk/apple2/puts.s:95
putchar (cputc.o):
putchardirect (cputc.o):
    cgetc.o                   apple2/cgetc.s:10
regbank (zeropage.o):
    _scanf.o                  ../libwrk/apple2/_scanf.s:10
    _printf.o                 /home/runner/work/cc65/cc65/asminc/zeropage.inc:14
regsave (zeropage.o):
    _scanf.o                  ../libwrk/apple2/_scanf.s:10
reset (crt0.o):
    callmain.o                apple2/callmain.s:12
return (crt0.o):
return0 (return0.o):
    setjmp.o                  common/setjmp.s:10
returnFFFF (returnFFFF.o):
    fputc.o                   common/fputc.s:11
rvsave (crt0.o):
    callmain.o                apple2/callmain.s:12
rwcommon (rwcommon.o):
    write.o                   apple2/write.s:8
rwepilog (rwcommon.o):
    write.o                   apple2/write.s:8
rwprolog (rwcommon.o):
    write.o                   apple2/write.s:8
sp (zeropage.o):
    staxspi.o                 runtime/staxspi.s:10
    pch_network.o             build\pch_network.s:10
    setjmp.o                  common/setjmp.s:11
    pushwsp.o                 runtime/pushwsp.s:8
    longjmp.o                 common/longjmp.s:10
    lmul.o                    runtime/lmul.s:10
    lcmp.o                    runtime/lcmp.s:10
    ladd.o                    runtime/ladd.s:9
    incsp1.o                  runtime/incsp1.s:8
    icmp.o                    runtime/icmp.s:9
    decsp4.o                  runtime/decsp4.s:8
    callmain.o                /home/runner/work/cc65/cc65/asminc/zeropage.inc:11
    _scanf.o                  ../libwrk/apple2/_scanf.s:10
    _printf.o                 /home/runner/work/cc65/cc65/asminc/zeropage.inc:11
    vsscanf.o                 common/vsscanf.s:12
    vsnprintf.o               common/vsnprintf.s:11
    vfprintf.o                common/vfprintf.s:11
    subysp.o                  runtime/subysp.s:9
    sub.o                     runtime/sub.s:9
    steaxsp.o                 runtime/steaxsp.s:8
    staxsp.o                  runtime/staxsp.s:8
    staspidx.o                runtime/staspidx.s:9
    sscanf.o                  common/sscanf.s:9
    snprintf.o                common/snprintf.s:9
    pushax.o                  runtime/pushax.s:8
    pusha.o                   runtime/pusha.s:8
    printf.o                  common/printf.s:9
    popptr1.o                 runtime/popptr1.s:9
    popa.o                    runtime/popa.s:8
    memcpy.o                  common/memcpy.s:15
    lpush.o                   runtime/lpush.s:13
    lpop.o                    runtime/lpop.s:10
    leaaxsp.o                 runtime/leaaxsp.s:8
    ldeaxysp.o                runtime/ldeaxysp.s:12
    ldaxsp.o                  runtime/ldaxsp.s:8
    incsp2.o                  runtime/incsp2.s:8
    decsp6.o                  runtime/decsp6.s:8
    decsp2.o                  runtime/decsp2.s:8
    decsp1.o                  runtime/decsp1.s:8
    crt0.o                    /home/runner/work/cc65/cc65/asminc/zeropage.inc:11
    addysp.o                  runtime/addysp.s:8
    addeqsp.o                 runtime/addeqsp.s:8
    add.o                     runtime/add.s:12
    rest_hello.o              rest_hello.s:10
sreg (zeropage.o):
    udiv.o                    runtime/udiv.s:10
    ltoa.o                    common/ltoa.s:11
    lneg.o                    runtime/lneg.s:11
    lmul.o                    runtime/lmul.s:10
    lcmp.o                    runtime/lcmp.s:10
    ladd.o                    runtime/ladd.s:9
    icmp.o                    runtime/icmp.s:9
    axlong.o                  runtime/axlong.s:9
    _scanf.o                  ../libwrk/apple2/_scanf.s:10
    _printf.o                 /home/runner/work/cc65/cc65/asminc/zeropage.inc:11
    steaxsp.o                 runtime/steaxsp.s:8
    lpush.o                   runtime/lpush.s:13
    lpop.o                    runtime/lpop.s:10
    ldeaxysp.o                runtime/ldeaxysp.s:12
    uthernet2.o               C:\UTILITY\cc65\asminc/zeropage.inc:11
    tcp_c.o                   tcp_c.s:23
    dottedquad_c.o            dottedquad_c.s:9
    rest_hello.o              rest_hello.s:10
staspidx (staspidx.o):
    rest_hello.o              rest_hello.s:1164
    rest_hello.o              rest_hello.s:1164
stax0sp (staxsp.o):
    pch_network.o             build\pch_network.s:188
staxspidx (staxspi.o):
    pch_network.o             build\pch_network.s:188
staxysp (staxsp.o):
    rest_hello.o              rest_hello.s:1164
    rest_hello.o              rest_hello.s:1164
    rest_hello.o              rest_hello.s:1164
    rest_hello.o              rest_hello.s:1164
    rest_hello.o              rest_hello.s:1164
    rest_hello.o              rest_hello.s:1164
steax0sp (steaxsp.o):
steaxysp (steaxsp.o):
    rest_hello.o              rest_hello.s:1164
sub_16_16 (arithmetic.o):
    tcp.o                     tcp.s:52
subysp (subysp.o):
    pch_network.o             build\pch_network.s:188
    rest_hello.o              rest_hello.s:1164
    rest_hello.o              rest_hello.s:1164
tcp_callback (tcp.o):
    tcp_c.o                   tcp_c.s:17
tcp_close (tcp.o):
    tcp_c.o                   tcp_c.s:11
tcp_connect (tcp.o):
    tcp_c.o                   tcp_c.s:10
tcp_connect_ip (tcp.o):
    tcp_c.o                   tcp_c.s:19
tcp_connect_remote_port (tcp.o):
tcp_inbound_data_length (tcp.o):
    tcp_c.o                   tcp_c.s:13
tcp_inbound_data_ptr (tcp.o):
    tcp_c.o                   tcp_c.s:12
tcp_init (tcp.o):
tcp_listen (tcp.o):
    tcp_c.o                   tcp_c.s:9
tcp_process (tcp.o):
tcp_remote_ip (tcp.o):
    tcp_c.o                   tcp_c.s:18
tcp_send (tcp.o):
    tcp_c.o                   tcp_c.s:14
tcp_send_data_len (tcp.o):
    tcp_c.o                   tcp_c.s:20
tcp_send_keep_alive (tcp.o):
    tcp_c.o                   tcp_c.s:15
tcp_send_string (tcp.o):
tcp_state (tcp.o):
timer_init (a2_timer.o):
    ip65.o                    ip65.s:16
timer_read (a2_timer.o):
    tcp.o                     tcp.s:41
    timer.o                   timer.s:13
    arp.o                     arp.s:31
    ip65.o                    ip65.s:19
    dhcp.o                    dhcp.s:47
timer_seconds (a2_timer.o):
timer_timeout (timer.o):
    arp.o                     arp.s:32
tmp1 (zeropage.o):
    staxspi.o                 runtime/staxspi.s:10
    pch_network.o             build\pch_network.s:11
    mul.o                     runtime/mul.s:10
    ltoa.o                    common/ltoa.s:11
    ladd.o                    runtime/ladd.s:9
    decaxy.o                  runtime/decaxy.s:8
    _printf.o                 /home/runner/work/cc65/cc65/asminc/zeropage.inc:13
    strstr.o                  common/strstr.s:9
    strncpy.o                 common/strncpy.s:9
    staspidx.o                runtime/staspidx.s:9
    incaxy.o                  runtime/incaxy.s:8
    add.o                     runtime/add.s:12
    uthernet2.o               C:\UTILITY\cc65\asminc/zeropage.inc:13
    dottedquad_c.o            dottedquad_c.s:9
tmp2 (zeropage.o):
    lmul.o                    runtime/lmul.s:10
    strncpy.o                 common/strncpy.s:9
    uthernet2.o               C:\UTILITY\cc65\asminc/zeropage.inc:13
    dottedquad_c.o            dottedquad_c.s:9
tmp3 (zeropage.o):
    lmul.o                    runtime/lmul.s:10
    strncpy.o                 common/strncpy.s:9
    uthernet2.o               C:\UTILITY\cc65\asminc/zeropage.inc:13
    dottedquad_c.o            dottedquad_c.s:9
tmp4 (zeropage.o):
    lmul.o                    runtime/lmul.s:10
    uthernet2.o               C:\UTILITY\cc65\asminc/zeropage.inc:13
tolowerdirect (tolower.o):
tosadd0ax (ladd.o):
tosadda0 (add.o):
tosaddax (add.o):
    rest_hello.o              rest_hello.s:1164
    rest_hello.o              rest_hello.s:1164
tosaddeax (ladd.o):
    _scanf.o                  ../libwrk/apple2/_scanf.s:1470
toseqeax (leq.o):
    rest_hello.o              rest_hello.s:1164
tosicmp (icmp.o):
    ugt.o                     runtime/ugt.s:8
tosicmp0 (icmp.o):
toslcmp (lcmp.o):
    leq.o                     runtime/leq.s:8
tosmul0ax (lmul.o):
tosmula0 (mul8.o):
tosmulax (mul.o):
tosmuleax (lmul.o):
    _scanf.o                  ../libwrk/apple2/_scanf.s:1470
tossuba0 (sub.o):
    _scanf.o                  ../libwrk/apple2/_scanf.s:1470
tossubax (sub.o):
    rest_hello.o              rest_hello.s:1164
tosudiva0 (udiv.o):
tosudivax (udiv.o):
    fwrite.o                  common/fwrite.s:12
tosugt00 (ugt.o):
tosugta0 (ugt.o):
tosugtax (ugt.o):
    rest_hello.o              rest_hello.s:1164
tosumul0ax (lmul.o):
tosumula0 (mul8.o):
tosumulax (mul.o):
    fwrite.o                  common/fwrite.s:12
tosumuleax (lmul.o):
udiv16 (udiv.o):
udp_add_listener (udp.o):
    dhcp.o                    dhcp.s:30
udp_callback (udp.o):
    dhcp.o                    dhcp.s:33
udp_cksum (udp.o):
udp_data (udp.o):
    dhcp.o                    dhcp.s:38
udp_dest_port (udp.o):
udp_init (udp.o):
    ip.o                      ip.s:52
udp_inp (udp.o):
    dhcp.o                    dhcp.s:36
udp_len (udp.o):
udp_outp (udp.o):
udp_process (udp.o):
    ip.o                      ip.s:53
udp_remove_listener (udp.o):
    dhcp.o                    dhcp.s:31
udp_send (udp.o):
    dhcp.o                    dhcp.s:34
udp_send_dest (udp.o):
    dhcp.o                    dhcp.s:42
udp_send_dest_port (udp.o):
    dhcp.o                    dhcp.s:44
udp_send_internal (udp.o):
udp_send_len (udp.o):
    dhcp.o                    dhcp.s:45
udp_send_src_port (udp.o):
    dhcp.o                    dhcp.s:43
udp_src_port (udp.o):
uppercasemask (uppercasemask.o):
    write.o                   apple2/write.s:11
    cputc.o                   apple2/cputc.s:15
vsnprintf (vsnprintf.o):
zerobss (zerobss.o):
    crt0.o                    apple2/crt0.s:12
zpsave (crt0.o):
    callmain.o                apple2/callmain.s:12

