Modules list:
-------------
rest_hello.o:
    CODE              Offs=000000  Size=000CF8  Align=00001  Fill=0000
    RODATA            Offs=000000  Size=00065F  Align=00001  Fill=0000
    BSS               Offs=000000  Size=000A00  Align=00001  Fill=0000
    DATA              Offs=000000  Size=00000C  Align=00001  Fill=0000
    ZEROPAGE          Offs=000000  Size=000000  Align=00001  Fill=0000
    NULL              Offs=000000  Size=000000  Align=00001  Fill=0000
../00.LIBRERIE/IP65/lib/ip65_tcp.lib(arithmetic.o):
    CODE              Offs=000CF8  Size=00009D  Align=00001  Fill=0000
    RODATA            Offs=00065F  Size=000000  Align=00001  Fill=0000
    BSS               Offs=000A00  Size=000002  Align=00001  Fill=0000
    DATA              Offs=00000C  Size=000000  Align=00001  Fill=0000
    ZEROPAGE          Offs=000000  Size=000000  Align=00001  Fill=0000
    NULL              Offs=000000  Size=000000  Align=00001  Fill=0000
../00.LIBRERIE/IP65/lib/ip65_tcp.lib(arp.o):
    CODE              Offs=000D95  Size=000202  Align=00001  Fill=0000
    RODATA            Offs=00065F  Size=000000  Align=00001  Fill=0000
    BSS               Offs=000A02  Size=000066  Align=00001  Fill=0000
    DATA              Offs=00000C  Size=000000  Align=00001  Fill=0000
    ZEROPAGE          Offs=000000  Size=000000  Align=00001  Fill=0000
    NULL              Offs=000000  Size=000000  Align=00001  Fill=0000
../00.LIBRERIE/IP65/lib/ip65_tcp.lib(config.o):
    CODE              Offs=000F97  Size=000000  Align=00001  Fill=0000
    RODATA            Offs=00065F  Size=000000  Align=00001  Fill=0000
    BSS               Offs=000A68  Size=000000  Align=00001  Fill=0000
    DATA              Offs=00000C  Size=00001E  Align=00001  Fill=0000
    ZEROPAGE          Offs=000000  Size=000000  Align=00001  Fill=0000
    NULL              Offs=000000  Size=000000  Align=00001  Fill=0000
../00.LIBRERIE/IP65/lib/ip65_tcp.lib(config_c.o):
    CODE              Offs=000F97  Size=000000  Align=00001  Fill=0000
    RODATA            Offs=00065F  Size=000000  Align=00001  Fill=0000
    BSS               Offs=000A68  Size=000000  Align=00001  Fill=0000
    DATA              Offs=00002A  Size=000000  Align=00001  Fill=0000
    ZEROPAGE          Offs=000000  Size=000000  Align=00001  Fill=0000
    NULL              Offs=000000  Size=000000  Align=00001  Fill=0000
../00.LIBRERIE/IP65/lib/ip65_tcp.lib(copymem.o):
    CODE              Offs=000F97  Size=000027  Align=00001  Fill=0000
    RODATA            Offs=00065F  Size=000000  Align=00001  Fill=0000
    BSS               Offs=000A68  Size=000001  Align=00001  Fill=0000
    DATA              Offs=00002A  Size=000000  Align=00001  Fill=0000
    ZEROPAGE          Offs=000000  Size=000000  Align=00001  Fill=0000
    NULL              Offs=000000  Size=000000  Align=00001  Fill=0000
../00.LIBRERIE/IP65/lib/ip65_tcp.lib(dhcp.o):
    CODE              Offs=000FBE  Size=000294  Align=00001  Fill=0000
    RODATA            Offs=00065F  Size=000000  Align=00001  Fill=0000
    BSS               Offs=000A69  Size=000009  Align=00001  Fill=0000
    DATA              Offs=00002A  Size=000000  Align=00001  Fill=0000
    ZEROPAGE          Offs=000000  Size=000000  Align=00001  Fill=0000
    NULL              Offs=000000  Size=000000  Align=00001  Fill=0000
../00.LIBRERIE/IP65/lib/ip65_tcp.lib(dhcp_c.o):
    CODE              Offs=001252  Size=000008  Align=00001  Fill=0000
    RODATA            Offs=00065F  Size=000000  Align=00001  Fill=0000
    BSS               Offs=000A72  Size=000000  Align=00001  Fill=0000
    DATA              Offs=00002A  Size=000000  Align=00001  Fill=0000
    ZEROPAGE          Offs=000000  Size=000000  Align=00001  Fill=0000
    NULL              Offs=000000  Size=000000  Align=00001  Fill=0000
../00.LIBRERIE/IP65/lib/ip65_tcp.lib(dottedquad.o):
    CODE              Offs=00125A  Size=00005C  Align=00001  Fill=0000
    RODATA            Offs=00065F  Size=000000  Align=00001  Fill=0000
    BSS               Offs=000A72  Size=000004  Align=00001  Fill=0000
    DATA              Offs=00002A  Size=000004  Align=00001  Fill=0000
    ZEROPAGE          Offs=000000  Size=000000  Align=00001  Fill=0000
    NULL              Offs=000000  Size=000000  Align=00001  Fill=0000
../00.LIBRERIE/IP65/lib/ip65_tcp.lib(dottedquad_c.o):
    CODE              Offs=0012B6  Size=000092  Align=00001  Fill=0000
    RODATA            Offs=00065F  Size=000000  Align=00001  Fill=0000
    BSS               Offs=000A76  Size=000010  Align=00001  Fill=0000
    DATA              Offs=00002E  Size=000000  Align=00001  Fill=0000
    ZEROPAGE          Offs=000000  Size=000000  Align=00001  Fill=0000
    NULL              Offs=000000  Size=000000  Align=00001  Fill=0000
../00.LIBRERIE/IP65/lib/ip65_tcp.lib(error.o):
    CODE              Offs=001348  Size=000071  Align=00001  Fill=0000
    RODATA            Offs=00065F  Size=0000BD  Align=00001  Fill=0000
    BSS               Offs=000A86  Size=000000  Align=00001  Fill=0000
    DATA              Offs=00002E  Size=000000  Align=00001  Fill=0000
    ZEROPAGE          Offs=000000  Size=000000  Align=00001  Fill=0000
    NULL              Offs=000000  Size=000000  Align=00001  Fill=0000
../00.LIBRERIE/IP65/lib/ip65_tcp.lib(eth.o):
    CODE              Offs=0013B9  Size=000020  Align=00001  Fill=0000
    RODATA            Offs=00071C  Size=000000  Align=00001  Fill=0000
    BSS               Offs=000A86  Size=000004  Align=00001  Fill=0000
    DATA              Offs=00002E  Size=000000  Align=00001  Fill=0000
    ZEROPAGE          Offs=000000  Size=000000  Align=00001  Fill=0000
    NULL              Offs=000000  Size=000000  Align=00001  Fill=0000
../00.LIBRERIE/IP65/lib/ip65_tcp.lib(eth_buffer.o):
    CODE              Offs=0013D9  Size=000000  Align=00001  Fill=0000
    RODATA            Offs=00071C  Size=000000  Align=00001  Fill=0000
    BSS               Offs=000A8A  Size=000BDC  Align=00001  Fill=0000
    DATA              Offs=00002E  Size=000000  Align=00001  Fill=0000
    ZEROPAGE          Offs=000000  Size=000000  Align=00001  Fill=0000
    NULL              Offs=000000  Size=000000  Align=00001  Fill=0000
../00.LIBRERIE/IP65/lib/ip65_tcp.lib(icmp_c.o):
    CODE              Offs=0013D9  Size=000019  Align=00001  Fill=0000
    RODATA            Offs=00071C  Size=000000  Align=00001  Fill=0000
    BSS               Offs=001666  Size=000000  Align=00001  Fill=0000
    DATA              Offs=00002E  Size=000000  Align=00001  Fill=0000
    ZEROPAGE          Offs=000000  Size=000000  Align=00001  Fill=0000
    NULL              Offs=000000  Size=000000  Align=00001  Fill=0000
../00.LIBRERIE/IP65/lib/ip65_tcp.lib(ip65.o):
    CODE              Offs=0013F2  Size=00005F  Align=00001  Fill=0000
    RODATA            Offs=00071C  Size=000000  Align=00001  Fill=0000
    BSS               Offs=001666  Size=000004  Align=00001  Fill=0000
    DATA              Offs=00002E  Size=000000  Align=00001  Fill=0000
    ZEROPAGE          Offs=000000  Size=000000  Align=00001  Fill=0000
    NULL              Offs=000000  Size=000000  Align=00001  Fill=0000
../00.LIBRERIE/IP65/lib/ip65_tcp.lib(ip65_c.o):
    CODE              Offs=001451  Size=000010  Align=00001  Fill=0000
    RODATA            Offs=00071C  Size=000000  Align=00001  Fill=0000
    BSS               Offs=00166A  Size=000000  Align=00001  Fill=0000
    DATA              Offs=00002E  Size=000000  Align=00001  Fill=0000
    ZEROPAGE          Offs=000000  Size=000000  Align=00001  Fill=0000
    NULL              Offs=000000  Size=000000  Align=00001  Fill=0000
../00.LIBRERIE/IP65/lib/ip65_tcp.lib(tcp_c.o):
    CODE              Offs=001461  Size=000084  Align=00001  Fill=0000
    RODATA            Offs=00071C  Size=000000  Align=00001  Fill=0000
    BSS               Offs=00166A  Size=000000  Align=00001  Fill=0000
    DATA              Offs=00002E  Size=000012  Align=00001  Fill=0000
    ZEROPAGE          Offs=000000  Size=000000  Align=00001  Fill=0000
    NULL              Offs=000000  Size=000000  Align=00001  Fill=0000
../00.LIBRERIE/IP65/lib/ip65_tcp.lib(timer.o):
    CODE              Offs=0014E5  Size=000018  Align=00001  Fill=0000
    RODATA            Offs=00071C  Size=000000  Align=00001  Fill=0000
    BSS               Offs=00166A  Size=000002  Align=00001  Fill=0000
    DATA              Offs=000040  Size=000000  Align=00001  Fill=0000
    ZEROPAGE          Offs=000000  Size=000000  Align=00001  Fill=0000
    NULL              Offs=000000  Size=000000  Align=00001  Fill=0000
../00.LIBRERIE/IP65/lib/ip65_tcp.lib(output_buffer.o):
    CODE              Offs=0014FD  Size=000000  Align=00001  Fill=0000
    RODATA            Offs=00071C  Size=000000  Align=00001  Fill=0000
    BSS               Offs=00166C  Size=000208  Align=00001  Fill=0000
    DATA              Offs=000040  Size=000000  Align=00001  Fill=0000
    ZEROPAGE          Offs=000000  Size=000000  Align=00001  Fill=0000
    NULL              Offs=000000  Size=000000  Align=00001  Fill=0000
../00.LIBRERIE/IP65/lib/ip65_tcp.lib(udp.o):
    CODE              Offs=0014FD  Size=000176  Align=00001  Fill=0000
    RODATA            Offs=00071C  Size=000000  Align=00001  Fill=0000
    BSS               Offs=001874  Size=00001F  Align=00001  Fill=0000
    DATA              Offs=000040  Size=000003  Align=00001  Fill=0000
    ZEROPAGE          Offs=000000  Size=000000  Align=00001  Fill=0000
    NULL              Offs=000000  Size=000000  Align=00001  Fill=0000
../00.LIBRERIE/IP65/lib/ip65_tcp.lib(ip_tcp.o):
    CODE              Offs=001673  Size=000215  Align=00001  Fill=0000
    RODATA            Offs=00071C  Size=000000  Align=00001  Fill=0000
    BSS               Offs=001893  Size=00000C  Align=00001  Fill=0000
    DATA              Offs=000043  Size=000000  Align=00001  Fill=0000
    ZEROPAGE          Offs=000000  Size=000000  Align=00001  Fill=0000
    NULL              Offs=000000  Size=000000  Align=00001  Fill=0000
../00.LIBRERIE/IP65/lib/ip65_tcp.lib(icmp_tcp.o):
    CODE              Offs=001888  Size=000230  Align=00001  Fill=0000
    RODATA            Offs=00071C  Size=000000  Align=00001  Fill=0000
    BSS               Offs=00189F  Size=000011  Align=00001  Fill=0000
    DATA              Offs=000043  Size=000003  Align=00001  Fill=0000
    ZEROPAGE          Offs=000000  Size=000000  Align=00001  Fill=0000
    NULL              Offs=000000  Size=000000  Align=00001  Fill=0000
../00.LIBRERIE/IP65/lib/ip65_tcp.lib(tcp.o):
    CODE              Offs=001AB8  Size=00066B  Align=00001  Fill=0000
    RODATA            Offs=00071C  Size=000000  Align=00001  Fill=0000
    BSS               Offs=0018B0  Size=000042  Align=00001  Fill=0000
    DATA              Offs=000046  Size=000000  Align=00001  Fill=0000
    ZEROPAGE          Offs=000000  Size=000000  Align=00001  Fill=0000
    NULL              Offs=000000  Size=000000  Align=00001  Fill=0000
../00.LIBRERIE/IP65/drivers/ip65_apple2.lib(uthernet.o):
    CODE              Offs=002123  Size=000000  Align=00001  Fill=0000
    RODATA            Offs=00071C  Size=000020  Align=00001  Fill=0000
    BSS               Offs=0018F2  Size=000000  Align=00001  Fill=0000
    DATA              Offs=000046  Size=00017C  Align=00001  Fill=0000
    ZEROPAGE          Offs=000000  Size=000000  Align=00001  Fill=0000
    NULL              Offs=000000  Size=000000  Align=00001  Fill=0000
../00.LIBRERIE/IP65/drivers/ip65_apple2.lib(lancegs.o):
    CODE              Offs=002123  Size=000000  Align=00001  Fill=0000
    RODATA            Offs=00073C  Size=00002E  Align=00001  Fill=0000
    BSS               Offs=0018F2  Size=000000  Align=00001  Fill=0000
    DATA              Offs=0001C2  Size=00018B  Align=00001  Fill=0000
    ZEROPAGE          Offs=000000  Size=000000  Align=00001  Fill=0000
    NULL              Offs=000000  Size=000000  Align=00001  Fill=0000
../00.LIBRERIE/IP65/drivers/ip65_apple2.lib(uthernet2.o):
    CODE              Offs=002123  Size=000000  Align=00001  Fill=0000
    RODATA            Offs=00076A  Size=00002B  Align=00001  Fill=0000
    BSS               Offs=0018F2  Size=000000  Align=00001  Fill=0000
    DATA              Offs=00034D  Size=000238  Align=00001  Fill=0000
    ZEROPAGE          Offs=000000  Size=000000  Align=00001  Fill=0000
    NULL              Offs=000000  Size=000000  Align=00001  Fill=0000
../00.LIBRERIE/IP65/drivers/ip65_apple2.lib(a2combo.o):
    CODE              Offs=002123  Size=0000BF  Align=00001  Fill=0000
    RODATA            Offs=000795  Size=000000  Align=00001  Fill=0000
    BSS               Offs=0018F2  Size=000015  Align=00001  Fill=0000
    DATA              Offs=000585  Size=000043  Align=00001  Fill=0000
    ZEROPAGE          Offs=000000  Size=000000  Align=00001  Fill=0000
    NULL              Offs=000000  Size=000000  Align=00001  Fill=0000
../00.LIBRERIE/IP65/drivers/ip65_apple2.lib(a2_timer.o):
    CODE              Offs=0021E2  Size=00002E  Align=00001  Fill=0000
    RODATA            Offs=000795  Size=000000  Align=00001  Fill=0000
    BSS               Offs=001907  Size=000002  Align=00001  Fill=0000
    DATA              Offs=0005C8  Size=000000  Align=00001  Fill=0000
    ZEROPAGE          Offs=000000  Size=000000  Align=00001  Fill=0000
    NULL              Offs=000000  Size=000000  Align=00001  Fill=0000
../00.LIBRERIE/IP65/drivers/ip65_apple2.lib(a2_input.o):
    CODE              Offs=002210  Size=00000F  Align=00001  Fill=0000
    RODATA            Offs=000795  Size=000000  Align=00001  Fill=0000
    BSS               Offs=001909  Size=000000  Align=00001  Fill=0000
    DATA              Offs=0005C8  Size=000001  Align=00001  Fill=0000
    ZEROPAGE          Offs=000000  Size=000000  Align=00001  Fill=0000
    NULL              Offs=000000  Size=000000  Align=00001  Fill=0000
C:\UTILITY\cc65\lib/apple2.lib(_cursor.o):
    CODE              Offs=00221F  Size=000000  Align=00001  Fill=0000
    RODATA            Offs=000795  Size=000000  Align=00001  Fill=0000
    BSS               Offs=001909  Size=000001  Align=00001  Fill=0000
    DATA              Offs=0005C9  Size=000000  Align=00001  Fill=0000
    ZEROPAGE          Offs=000000  Size=000000  Align=00001  Fill=0000
    NULL              Offs=000000  Size=000000  Align=00001  Fill=0000
C:\UTILITY\cc65\lib/apple2.lib(_directerrno.o):
    CODE              Offs=00221F  Size=00000A  Align=00001  Fill=0000
    RODATA            Offs=000795  Size=000000  Align=00001  Fill=0000
    BSS               Offs=00190A  Size=000000  Align=00001  Fill=0000
    DATA              Offs=0005C9  Size=000000  Align=00001  Fill=0000
    ZEROPAGE          Offs=000000  Size=000000  Align=00001  Fill=0000
    NULL              Offs=000000  Size=000000  Align=00001  Fill=0000
C:\UTILITY\cc65\lib/apple2.lib(_file.o):
    CODE              Offs=002229  Size=000000  Align=00001  Fill=0000
    RODATA            Offs=000795  Size=000000  Align=00001  Fill=0000
    BSS               Offs=00190A  Size=000000  Align=00001  Fill=0000
    DATA              Offs=0005C9  Size=00001E  Align=00001  Fill=0000
    ZEROPAGE          Offs=000000  Size=000000  Align=00001  Fill=0000
    NULL              Offs=000000  Size=000000  Align=00001  Fill=0000
C:\UTILITY\cc65\lib/apple2.lib(_hextab.o):
    CODE              Offs=002229  Size=000000  Align=00001  Fill=0000
    RODATA            Offs=000795  Size=000010  Align=00001  Fill=0000
    BSS               Offs=00190A  Size=000000  Align=00001  Fill=0000
    DATA              Offs=0005E7  Size=000000  Align=00001  Fill=0000
    ZEROPAGE          Offs=000000  Size=000000  Align=00001  Fill=0000
    NULL              Offs=000000  Size=000000  Align=00001  Fill=0000
C:\UTILITY\cc65\lib/apple2.lib(_longminstr.o):
    CODE              Offs=002229  Size=000000  Align=00001  Fill=0000
    RODATA            Offs=0007A5  Size=00000C  Align=00001  Fill=0000
    BSS               Offs=00190A  Size=000000  Align=00001  Fill=0000
    DATA              Offs=0005E7  Size=000000  Align=00001  Fill=0000
    ZEROPAGE          Offs=000000  Size=000000  Align=00001  Fill=0000
    NULL              Offs=000000  Size=000000  Align=00001  Fill=0000
C:\UTILITY\cc65\lib/apple2.lib(_mappederrno.o):
    CODE              Offs=002229  Size=000010  Align=00001  Fill=0000
    RODATA            Offs=0007B1  Size=000000  Align=00001  Fill=0000
    BSS               Offs=00190A  Size=000000  Align=00001  Fill=0000
    DATA              Offs=0005E7  Size=000000  Align=00001  Fill=0000
    ZEROPAGE          Offs=000000  Size=000000  Align=00001  Fill=0000
    NULL              Offs=000000  Size=000000  Align=00001  Fill=0000
C:\UTILITY\cc65\lib/apple2.lib(_oserror.o):
    CODE              Offs=002239  Size=000000  Align=00001  Fill=0000
    RODATA            Offs=0007B1  Size=000000  Align=00001  Fill=0000
    BSS               Offs=00190A  Size=000001  Align=00001  Fill=0000
    DATA              Offs=0005E7  Size=000000  Align=00001  Fill=0000
    ZEROPAGE          Offs=000000  Size=000000  Align=00001  Fill=0000
    NULL              Offs=000000  Size=000000  Align=00001  Fill=0000
C:\UTILITY\cc65\lib/apple2.lib(_printf.o):
    CODE              Offs=002239  Size=0003A2  Align=00001  Fill=0000
    RODATA            Offs=0007B1  Size=000000  Align=00001  Fill=0000
    BSS               Offs=00190B  Size=00002B  Align=00001  Fill=0000
    DATA              Offs=0005E7  Size=000003  Align=00001  Fill=0000
    ZEROPAGE          Offs=000000  Size=000000  Align=00001  Fill=0000
    NULL              Offs=000000  Size=000000  Align=00001  Fill=0000
C:\UTILITY\cc65\lib/apple2.lib(_scanf.o):
    CODE              Offs=0025DB  Size=00078B  Align=00001  Fill=0000
    RODATA            Offs=0007B1  Size=000010  Align=00001  Fill=0000
    BSS               Offs=001936  Size=000042  Align=00001  Fill=0000
    DATA              Offs=0005EA  Size=000000  Align=00001  Fill=0000
    ZEROPAGE          Offs=000000  Size=000000  Align=00001  Fill=0000
    NULL              Offs=000000  Size=000000  Align=00001  Fill=0000
C:\UTILITY\cc65\lib/apple2.lib(_seterrno.o):
    CODE              Offs=002D66  Size=000009  Align=00001  Fill=0000
    RODATA            Offs=0007C1  Size=000000  Align=00001  Fill=0000
    BSS               Offs=001978  Size=000000  Align=00001  Fill=0000
    DATA              Offs=0005EA  Size=000000  Align=00001  Fill=0000
    ZEROPAGE          Offs=000000  Size=000000  Align=00001  Fill=0000
    NULL              Offs=000000  Size=000000  Align=00001  Fill=0000
C:\UTILITY\cc65\lib/apple2.lib(add.o):
    CODE              Offs=002D6F  Size=00001C  Align=00001  Fill=0000
    RODATA            Offs=0007C1  Size=000000  Align=00001  Fill=0000
    BSS               Offs=001978  Size=000000  Align=00001  Fill=0000
    DATA              Offs=0005EA  Size=000000  Align=00001  Fill=0000
    ZEROPAGE          Offs=000000  Size=000000  Align=00001  Fill=0000
    NULL              Offs=000000  Size=000000  Align=00001  Fill=0000
C:\UTILITY\cc65\lib/apple2.lib(addeqsp.o):
    CODE              Offs=002D8B  Size=000011  Align=00001  Fill=0000
    RODATA            Offs=0007C1  Size=000000  Align=00001  Fill=0000
    BSS               Offs=001978  Size=000000  Align=00001  Fill=0000
    DATA              Offs=0005EA  Size=000000  Align=00001  Fill=0000
    ZEROPAGE          Offs=000000  Size=000000  Align=00001  Fill=0000
    NULL              Offs=000000  Size=000000  Align=00001  Fill=0000
C:\UTILITY\cc65\lib/apple2.lib(addysp.o):
    CODE              Offs=002D9C  Size=00000E  Align=00001  Fill=0000
    RODATA            Offs=0007C1  Size=000000  Align=00001  Fill=0000
    BSS               Offs=001978  Size=000000  Align=00001  Fill=0000
    DATA              Offs=0005EA  Size=000000  Align=00001  Fill=0000
    ZEROPAGE          Offs=000000  Size=000000  Align=00001  Fill=0000
    NULL              Offs=000000  Size=000000  Align=00001  Fill=0000
C:\UTILITY\cc65\lib/apple2.lib(aslax1.o):
    CODE              Offs=002DAA  Size=000008  Align=00001  Fill=0000
    RODATA            Offs=0007C1  Size=000000  Align=00001  Fill=0000
    BSS               Offs=001978  Size=000000  Align=00001  Fill=0000
    DATA              Offs=0005EA  Size=000000  Align=00001  Fill=0000
    ZEROPAGE          Offs=000000  Size=000000  Align=00001  Fill=0000
    NULL              Offs=000000  Size=000000  Align=00001  Fill=0000
C:\UTILITY\cc65\lib/apple2.lib(axlong.o):
    CODE              Offs=002DB2  Size=00000D  Align=00001  Fill=0000
    RODATA            Offs=0007C1  Size=000000  Align=00001  Fill=0000
    BSS               Offs=001978  Size=000000  Align=00001  Fill=0000
    DATA              Offs=0005EA  Size=000000  Align=00001  Fill=0000
    ZEROPAGE          Offs=000000  Size=000000  Align=00001  Fill=0000
    NULL              Offs=000000  Size=000000  Align=00001  Fill=0000
C:\UTILITY\cc65\lib/apple2.lib(bneg.o):
    CODE              Offs=002DBF  Size=00000E  Align=00001  Fill=0000
    RODATA            Offs=0007C1  Size=000000  Align=00001  Fill=0000
    BSS               Offs=001978  Size=000000  Align=00001  Fill=0000
    DATA              Offs=0005EA  Size=000000  Align=00001  Fill=0000
    ZEROPAGE          Offs=000000  Size=000000  Align=00001  Fill=0000
    NULL              Offs=000000  Size=000000  Align=00001  Fill=0000
C:\UTILITY\cc65\lib/apple2.lib(callmain.o):
    CODE              Offs=002DCD  Size=000042  Align=00001  Fill=0000
    RODATA            Offs=0007C1  Size=000000  Align=00001  Fill=0000
    BSS               Offs=001978  Size=000000  Align=00001  Fill=0000
    DATA              Offs=0005EA  Size=000004  Align=00001  Fill=0000
    ZEROPAGE          Offs=000000  Size=000000  Align=00001  Fill=0000
    NULL              Offs=000000  Size=000000  Align=00001  Fill=0000
C:\UTILITY\cc65\lib/apple2.lib(cgetc.o):
    CODE              Offs=002E0F  Size=000028  Align=00001  Fill=0000
    RODATA            Offs=0007C1  Size=000000  Align=00001  Fill=0000
    BSS               Offs=001978  Size=000000  Align=00001  Fill=0000
    DATA              Offs=0005EE  Size=000000  Align=00001  Fill=0000
    ZEROPAGE          Offs=000000  Size=000000  Align=00001  Fill=0000
    NULL              Offs=000000  Size=000000  Align=00001  Fill=0000
C:\UTILITY\cc65\lib/apple2.lib(checkferror.o):
    CODE              Offs=002E37  Size=00000C  Align=00001  Fill=0000
    RODATA            Offs=0007C1  Size=000000  Align=00001  Fill=0000
    BSS               Offs=001978  Size=000000  Align=00001  Fill=0000
    DATA              Offs=0005EE  Size=000000  Align=00001  Fill=0000
    ZEROPAGE          Offs=000000  Size=000000  Align=00001  Fill=0000
    NULL              Offs=000000  Size=000000  Align=00001  Fill=0000
C:\UTILITY\cc65\lib/apple2.lib(compl.o):
    CODE              Offs=002E43  Size=000009  Align=00001  Fill=0000
    RODATA            Offs=0007C1  Size=000000  Align=00001  Fill=0000
    BSS               Offs=001978  Size=000000  Align=00001  Fill=0000
    DATA              Offs=0005EE  Size=000000  Align=00001  Fill=0000
    ZEROPAGE          Offs=000000  Size=000000  Align=00001  Fill=0000
    NULL              Offs=000000  Size=000000  Align=00001  Fill=0000
C:\UTILITY\cc65\lib/apple2.lib(condes.o):
    CODE              Offs=002E4C  Size=00000C  Align=00001  Fill=0000
    RODATA            Offs=0007C1  Size=000000  Align=00001  Fill=0000
    BSS               Offs=001978  Size=000000  Align=00001  Fill=0000
    DATA              Offs=0005EE  Size=000025  Align=00001  Fill=0000
    ZEROPAGE          Offs=000000  Size=000000  Align=00001  Fill=0000
    NULL              Offs=000000  Size=000000  Align=00001  Fill=0000
    ONCE              Offs=000000  Size=00000C  Align=00001  Fill=0000
C:\UTILITY\cc65\lib/apple2.lib(cout.o):
    CODE              Offs=002E58  Size=000000  Align=00001  Fill=0000
    RODATA            Offs=0007C1  Size=000000  Align=00001  Fill=0000
    BSS               Offs=001978  Size=000000  Align=00001  Fill=0000
    DATA              Offs=000613  Size=000000  Align=00001  Fill=0000
    ZEROPAGE          Offs=000000  Size=000000  Align=00001  Fill=0000
    NULL              Offs=000000  Size=000000  Align=00001  Fill=0000
    LOWCODE           Offs=000000  Size=00000A  Align=00001  Fill=0000
C:\UTILITY\cc65\lib/apple2.lib(cputc.o):
    CODE              Offs=002E58  Size=000044  Align=00001  Fill=0000
    RODATA            Offs=0007C1  Size=000000  Align=00001  Fill=0000
    BSS               Offs=001978  Size=000000  Align=00001  Fill=0000
    DATA              Offs=000613  Size=000000  Align=00001  Fill=0000
    ZEROPAGE          Offs=000000  Size=000000  Align=00001  Fill=0000
    NULL              Offs=000000  Size=000000  Align=00001  Fill=0000
    ONCE              Offs=00000C  Size=000000  Align=00001  Fill=0000
C:\UTILITY\cc65\lib/apple2.lib(crt0.o):
    CODE              Offs=002E9C  Size=000012  Align=00001  Fill=0000
    RODATA            Offs=0007C1  Size=000007  Align=00001  Fill=0000
    BSS               Offs=001978  Size=000000  Align=00001  Fill=0000
    DATA              Offs=000613  Size=000003  Align=00001  Fill=0000
    ZEROPAGE          Offs=000000  Size=000000  Align=00001  Fill=0000
    NULL              Offs=000000  Size=000000  Align=00001  Fill=0000
    STARTUP           Offs=000000  Size=00000C  Align=00001  Fill=0000
    ONCE              Offs=00000C  Size=00006A  Align=00001  Fill=0000
    INIT              Offs=000000  Size=00001D  Align=00001  Fill=0000
C:\UTILITY\cc65\lib/apple2.lib(ctype.o):
    CODE              Offs=002EAE  Size=000000  Align=00001  Fill=0000
    RODATA            Offs=0007C8  Size=00008B  Align=00001  Fill=0000
    BSS               Offs=001978  Size=000000  Align=00001  Fill=0000
    DATA              Offs=000616  Size=000000  Align=00001  Fill=0000
    ZEROPAGE          Offs=000000  Size=000000  Align=00001  Fill=0000
    NULL              Offs=000000  Size=000000  Align=00001  Fill=0000
C:\UTILITY\cc65\lib/apple2.lib(ctypemask.o):
    CODE              Offs=002EAE  Size=00001E  Align=00001  Fill=0000
    RODATA            Offs=000853  Size=000000  Align=00001  Fill=0000
    BSS               Offs=001978  Size=000000  Align=00001  Fill=0000
    DATA              Offs=000616  Size=000000  Align=00001  Fill=0000
    ZEROPAGE          Offs=000000  Size=000000  Align=00001  Fill=0000
    NULL              Offs=000000  Size=000000  Align=00001  Fill=0000
C:\UTILITY\cc65\lib/apple2.lib(decax1.o):
    CODE              Offs=002ECC  Size=000007  Align=00001  Fill=0000
    RODATA            Offs=000853  Size=000000  Align=00001  Fill=0000
    BSS               Offs=001978  Size=000000  Align=00001  Fill=0000
    DATA              Offs=000616  Size=000000  Align=00001  Fill=0000
    ZEROPAGE          Offs=000000  Size=000000  Align=00001  Fill=0000
    NULL              Offs=000000  Size=000000  Align=00001  Fill=0000
C:\UTILITY\cc65\lib/apple2.lib(decaxy.o):
    CODE              Offs=002ED3  Size=000009  Align=00001  Fill=0000
    RODATA            Offs=000853  Size=000000  Align=00001  Fill=0000
    BSS               Offs=001978  Size=000000  Align=00001  Fill=0000
    DATA              Offs=000616  Size=000000  Align=00001  Fill=0000
    ZEROPAGE          Offs=000000  Size=000000  Align=00001  Fill=0000
    NULL              Offs=000000  Size=000000  Align=00001  Fill=0000
C:\UTILITY\cc65\lib/apple2.lib(decsp1.o):
    CODE              Offs=002EDC  Size=000009  Align=00001  Fill=0000
    RODATA            Offs=000853  Size=000000  Align=00001  Fill=0000
    BSS               Offs=001978  Size=000000  Align=00001  Fill=0000
    DATA              Offs=000616  Size=000000  Align=00001  Fill=0000
    ZEROPAGE          Offs=000000  Size=000000  Align=00001  Fill=0000
    NULL              Offs=000000  Size=000000  Align=00001  Fill=0000
C:\UTILITY\cc65\lib/apple2.lib(decsp2.o):
    CODE              Offs=002EE5  Size=00000D  Align=00001  Fill=0000
    RODATA            Offs=000853  Size=000000  Align=00001  Fill=0000
    BSS               Offs=001978  Size=000000  Align=00001  Fill=0000
    DATA              Offs=000616  Size=000000  Align=00001  Fill=0000
    ZEROPAGE          Offs=000000  Size=000000  Align=00001  Fill=0000
    NULL              Offs=000000  Size=000000  Align=00001  Fill=0000
C:\UTILITY\cc65\lib/apple2.lib(decsp4.o):
    CODE              Offs=002EF2  Size=00000D  Align=00001  Fill=0000
    RODATA            Offs=000853  Size=000000  Align=00001  Fill=0000
    BSS               Offs=001978  Size=000000  Align=00001  Fill=0000
    DATA              Offs=000616  Size=000000  Align=00001  Fill=0000
    ZEROPAGE          Offs=000000  Size=000000  Align=00001  Fill=0000
    NULL              Offs=000000  Size=000000  Align=00001  Fill=0000
C:\UTILITY\cc65\lib/apple2.lib(decsp6.o):
    CODE              Offs=002EFF  Size=00000D  Align=00001  Fill=0000
    RODATA            Offs=000853  Size=000000  Align=00001  Fill=0000
    BSS               Offs=001978  Size=000000  Align=00001  Fill=0000
    DATA              Offs=000616  Size=000000  Align=00001  Fill=0000
    ZEROPAGE          Offs=000000  Size=000000  Align=00001  Fill=0000
    NULL              Offs=000000  Size=000000  Align=00001  Fill=0000
C:\UTILITY\cc65\lib/apple2.lib(dosdetect.o):
    CODE              Offs=002F0C  Size=000000  Align=00001  Fill=0000
    RODATA            Offs=000853  Size=000000  Align=00001  Fill=0000
    BSS               Offs=001978  Size=000000  Align=00001  Fill=0000
    DATA              Offs=000616  Size=000001  Align=00001  Fill=0000
    ZEROPAGE          Offs=000000  Size=000000  Align=00001  Fill=0000
    NULL              Offs=000000  Size=000000  Align=00001  Fill=0000
    ONCE              Offs=000076  Size=000014  Align=00001  Fill=0000
C:\UTILITY\cc65\lib/apple2.lib(errno.o):
    CODE              Offs=002F0C  Size=000000  Align=00001  Fill=0000
    RODATA            Offs=000853  Size=000000  Align=00001  Fill=0000
    BSS               Offs=001978  Size=000002  Align=00001  Fill=0000
    DATA              Offs=000617  Size=000000  Align=00001  Fill=0000
    ZEROPAGE          Offs=000000  Size=000000  Align=00001  Fill=0000
    NULL              Offs=000000  Size=000000  Align=00001  Fill=0000
C:\UTILITY\cc65\lib/apple2.lib(exehdr.o):
    CODE              Offs=002F0C  Size=000000  Align=00001  Fill=0000
    RODATA            Offs=000853  Size=000000  Align=00001  Fill=0000
    BSS               Offs=00197A  Size=000000  Align=00001  Fill=0000
    DATA              Offs=000617  Size=000000  Align=00001  Fill=0000
    ZEROPAGE          Offs=000000  Size=000000  Align=00001  Fill=0000
    NULL              Offs=000000  Size=000000  Align=00001  Fill=0000
    EXEHDR            Offs=000000  Size=00003A  Align=00001  Fill=0000
C:\UTILITY\cc65\lib/apple2.lib(filedes.o):
    CODE              Offs=002F0C  Size=000016  Align=00001  Fill=0000
    RODATA            Offs=000853  Size=000000  Align=00001  Fill=0000
    BSS               Offs=00197A  Size=000000  Align=00001  Fill=0000
    DATA              Offs=000617  Size=000020  Align=00001  Fill=0000
    ZEROPAGE          Offs=000000  Size=000000  Align=00001  Fill=0000
    NULL              Offs=000000  Size=000000  Align=00001  Fill=0000
C:\UTILITY\cc65\lib/apple2.lib(fputc.o):
    CODE              Offs=002F22  Size=000047  Align=00001  Fill=0000
    RODATA            Offs=000853  Size=000000  Align=00001  Fill=0000
    BSS               Offs=00197A  Size=000002  Align=00001  Fill=0000
    DATA              Offs=000637  Size=000000  Align=00001  Fill=0000
    ZEROPAGE          Offs=000000  Size=000000  Align=00001  Fill=0000
    NULL              Offs=000000  Size=000000  Align=00001  Fill=0000
C:\UTILITY\cc65\lib/apple2.lib(fwrite.o):
    CODE              Offs=002F69  Size=000079  Align=00001  Fill=0000
    RODATA            Offs=000853  Size=000000  Align=00001  Fill=0000
    BSS               Offs=00197C  Size=000002  Align=00001  Fill=0000
    DATA              Offs=000637  Size=000000  Align=00001  Fill=0000
    ZEROPAGE          Offs=000000  Size=000000  Align=00001  Fill=0000
    NULL              Offs=000000  Size=000000  Align=00001  Fill=0000
C:\UTILITY\cc65\lib/apple2.lib(gotoxy.o):
    CODE              Offs=002FE2  Size=000011  Align=00001  Fill=0000
    RODATA            Offs=000853  Size=000000  Align=00001  Fill=0000
    BSS               Offs=00197E  Size=000000  Align=00001  Fill=0000
    DATA              Offs=000637  Size=000000  Align=00001  Fill=0000
    ZEROPAGE          Offs=000000  Size=000000  Align=00001  Fill=0000
    NULL              Offs=000000  Size=000000  Align=00001  Fill=0000
C:\UTILITY\cc65\lib/apple2.lib(icmp.o):
    CODE              Offs=002FF3  Size=00002E  Align=00001  Fill=0000
    RODATA            Offs=000853  Size=000000  Align=00001  Fill=0000
    BSS               Offs=00197E  Size=000000  Align=00001  Fill=0000
    DATA              Offs=000637  Size=000000  Align=00001  Fill=0000
    ZEROPAGE          Offs=000000  Size=000000  Align=00001  Fill=0000
    NULL              Offs=000000  Size=000000  Align=00001  Fill=0000
C:\UTILITY\cc65\lib/apple2.lib(incax1.o):
    CODE              Offs=003021  Size=000007  Align=00001  Fill=0000
    RODATA            Offs=000853  Size=000000  Align=00001  Fill=0000
    BSS               Offs=00197E  Size=000000  Align=00001  Fill=0000
    DATA              Offs=000637  Size=000000  Align=00001  Fill=0000
    ZEROPAGE          Offs=000000  Size=000000  Align=00001  Fill=0000
    NULL              Offs=000000  Size=000000  Align=00001  Fill=0000
C:\UTILITY\cc65\lib/apple2.lib(incax2.o):
    CODE              Offs=003028  Size=000007  Align=00001  Fill=0000
    RODATA            Offs=000853  Size=000000  Align=00001  Fill=0000
    BSS               Offs=00197E  Size=000000  Align=00001  Fill=0000
    DATA              Offs=000637  Size=000000  Align=00001  Fill=0000
    ZEROPAGE          Offs=000000  Size=000000  Align=00001  Fill=0000
    NULL              Offs=000000  Size=000000  Align=00001  Fill=0000
C:\UTILITY\cc65\lib/apple2.lib(incax3.o):
    CODE              Offs=00302F  Size=000005  Align=00001  Fill=0000
    RODATA            Offs=000853  Size=000000  Align=00001  Fill=0000
    BSS               Offs=00197E  Size=000000  Align=00001  Fill=0000
    DATA              Offs=000637  Size=000000  Align=00001  Fill=0000
    ZEROPAGE          Offs=000000  Size=000000  Align=00001  Fill=0000
    NULL              Offs=000000  Size=000000  Align=00001  Fill=0000
C:\UTILITY\cc65\lib/apple2.lib(incaxy.o):
    CODE              Offs=003034  Size=00000B  Align=00001  Fill=0000
    RODATA            Offs=000853  Size=000000  Align=00001  Fill=0000
    BSS               Offs=00197E  Size=000000  Align=00001  Fill=0000
    DATA              Offs=000637  Size=000000  Align=00001  Fill=0000
    ZEROPAGE          Offs=000000  Size=000000  Align=00001  Fill=0000
    NULL              Offs=000000  Size=000000  Align=00001  Fill=0000
C:\UTILITY\cc65\lib/apple2.lib(incsp1.o):
    CODE              Offs=00303F  Size=000007  Align=00001  Fill=0000
    RODATA            Offs=000853  Size=000000  Align=00001  Fill=0000
    BSS               Offs=00197E  Size=000000  Align=00001  Fill=0000
    DATA              Offs=000637  Size=000000  Align=00001  Fill=0000
    ZEROPAGE          Offs=000000  Size=000000  Align=00001  Fill=0000
    NULL              Offs=000000  Size=000000  Align=00001  Fill=0000
C:\UTILITY\cc65\lib/apple2.lib(incsp2.o):
    CODE              Offs=003046  Size=000016  Align=00001  Fill=0000
    RODATA            Offs=000853  Size=000000  Align=00001  Fill=0000
    BSS               Offs=00197E  Size=000000  Align=00001  Fill=0000
    DATA              Offs=000637  Size=000000  Align=00001  Fill=0000
    ZEROPAGE          Offs=000000  Size=000000  Align=00001  Fill=0000
    NULL              Offs=000000  Size=000000  Align=00001  Fill=0000
C:\UTILITY\cc65\lib/apple2.lib(incsp4.o):
    CODE              Offs=00305C  Size=000005  Align=00001  Fill=0000
    RODATA            Offs=000853  Size=000000  Align=00001  Fill=0000
    BSS               Offs=00197E  Size=000000  Align=00001  Fill=0000
    DATA              Offs=000637  Size=000000  Align=00001  Fill=0000
    ZEROPAGE          Offs=000000  Size=000000  Align=00001  Fill=0000
    NULL              Offs=000000  Size=000000  Align=00001  Fill=0000
C:\UTILITY\cc65\lib/apple2.lib(incsp6.o):
    CODE              Offs=003061  Size=000005  Align=00001  Fill=0000
    RODATA            Offs=000853  Size=000000  Align=00001  Fill=0000
    BSS               Offs=00197E  Size=000000  Align=00001  Fill=0000
    DATA              Offs=000637  Size=000000  Align=00001  Fill=0000
    ZEROPAGE          Offs=000000  Size=000000  Align=00001  Fill=0000
    NULL              Offs=000000  Size=000000  Align=00001  Fill=0000
C:\UTILITY\cc65\lib/apple2.lib(incsp8.o):
    CODE              Offs=003066  Size=000005  Align=00001  Fill=0000
    RODATA            Offs=000853  Size=000000  Align=00001  Fill=0000
    BSS               Offs=00197E  Size=000000  Align=00001  Fill=0000
    DATA              Offs=000637  Size=000000  Align=00001  Fill=0000
    ZEROPAGE          Offs=000000  Size=000000  Align=00001  Fill=0000
    NULL              Offs=000000  Size=000000  Align=00001  Fill=0000
C:\UTILITY\cc65\lib/apple2.lib(isdigit.o):
    CODE              Offs=00306B  Size=000008  Align=00001  Fill=0000
    RODATA            Offs=000853  Size=000000  Align=00001  Fill=0000
    BSS               Offs=00197E  Size=000000  Align=00001  Fill=0000
    DATA              Offs=000637  Size=000000  Align=00001  Fill=0000
    ZEROPAGE          Offs=000000  Size=000000  Align=00001  Fill=0000
    NULL              Offs=000000  Size=000000  Align=00001  Fill=0000
C:\UTILITY\cc65\lib/apple2.lib(isspace.o):
    CODE              Offs=003073  Size=000008  Align=00001  Fill=0000
    RODATA            Offs=000853  Size=000000  Align=00001  Fill=0000
    BSS               Offs=00197E  Size=000000  Align=00001  Fill=0000
    DATA              Offs=000637  Size=000000  Align=00001  Fill=0000
    ZEROPAGE          Offs=000000  Size=000000  Align=00001  Fill=0000
    NULL              Offs=000000  Size=000000  Align=00001  Fill=0000
C:\UTILITY\cc65\lib/apple2.lib(isxdigit.o):
    CODE              Offs=00307B  Size=000008  Align=00001  Fill=0000
    RODATA            Offs=000853  Size=000000  Align=00001  Fill=0000
    BSS               Offs=00197E  Size=000000  Align=00001  Fill=0000
    DATA              Offs=000637  Size=000000  Align=00001  Fill=0000
    ZEROPAGE          Offs=000000  Size=000000  Align=00001  Fill=0000
    NULL              Offs=000000  Size=000000  Align=00001  Fill=0000
C:\UTILITY\cc65\lib/apple2.lib(jmpvec.o):
    CODE              Offs=003083  Size=000000  Align=00001  Fill=0000
    RODATA            Offs=000853  Size=000000  Align=00001  Fill=0000
    BSS               Offs=00197E  Size=000000  Align=00001  Fill=0000
    DATA              Offs=000637  Size=000003  Align=00001  Fill=0000
    ZEROPAGE          Offs=000000  Size=000000  Align=00001  Fill=0000
    NULL              Offs=000000  Size=000000  Align=00001  Fill=0000
C:\UTILITY\cc65\lib/apple2.lib(ladd.o):
    CODE              Offs=003083  Size=000025  Align=00001  Fill=0000
    RODATA            Offs=000853  Size=000000  Align=00001  Fill=0000
    BSS               Offs=00197E  Size=000000  Align=00001  Fill=0000
    DATA              Offs=00063A  Size=000000  Align=00001  Fill=0000
    ZEROPAGE          Offs=000000  Size=000000  Align=00001  Fill=0000
    NULL              Offs=000000  Size=000000  Align=00001  Fill=0000
C:\UTILITY\cc65\lib/apple2.lib(lcmp.o):
    CODE              Offs=0030A8  Size=00003B  Align=00001  Fill=0000
    RODATA            Offs=000853  Size=000000  Align=00001  Fill=0000
    BSS               Offs=00197E  Size=000000  Align=00001  Fill=0000
    DATA              Offs=00063A  Size=000000  Align=00001  Fill=0000
    ZEROPAGE          Offs=000000  Size=000000  Align=00001  Fill=0000
    NULL              Offs=000000  Size=000000  Align=00001  Fill=0000
C:\UTILITY\cc65\lib/apple2.lib(ldaui.o):
    CODE              Offs=0030E3  Size=000009  Align=00001  Fill=0000
    RODATA            Offs=000853  Size=000000  Align=00001  Fill=0000
    BSS               Offs=00197E  Size=000000  Align=00001  Fill=0000
    DATA              Offs=00063A  Size=000000  Align=00001  Fill=0000
    ZEROPAGE          Offs=000000  Size=000000  Align=00001  Fill=0000
    NULL              Offs=000000  Size=000000  Align=00001  Fill=0000
C:\UTILITY\cc65\lib/apple2.lib(ldaxi.o):
    CODE              Offs=0030EC  Size=00000D  Align=00001  Fill=0000
    RODATA            Offs=000853  Size=000000  Align=00001  Fill=0000
    BSS               Offs=00197E  Size=000000  Align=00001  Fill=0000
    DATA              Offs=00063A  Size=000000  Align=00001  Fill=0000
    ZEROPAGE          Offs=000000  Size=000000  Align=00001  Fill=0000
    NULL              Offs=000000  Size=000000  Align=00001  Fill=0000
C:\UTILITY\cc65\lib/apple2.lib(ldaxsp.o):
    CODE              Offs=0030F9  Size=000009  Align=00001  Fill=0000
    RODATA            Offs=000853  Size=000000  Align=00001  Fill=0000
    BSS               Offs=00197E  Size=000000  Align=00001  Fill=0000
    DATA              Offs=00063A  Size=000000  Align=00001  Fill=0000
    ZEROPAGE          Offs=000000  Size=000000  Align=00001  Fill=0000
    NULL              Offs=000000  Size=000000  Align=00001  Fill=0000
C:\UTILITY\cc65\lib/apple2.lib(ldeaxysp.o):
    CODE              Offs=003102  Size=000013  Align=00001  Fill=0000
    RODATA            Offs=000853  Size=000000  Align=00001  Fill=0000
    BSS               Offs=00197E  Size=000000  Align=00001  Fill=0000
    DATA              Offs=00063A  Size=000000  Align=00001  Fill=0000
    ZEROPAGE          Offs=000000  Size=000000  Align=00001  Fill=0000
    NULL              Offs=000000  Size=000000  Align=00001  Fill=0000
C:\UTILITY\cc65\lib/apple2.lib(leaaxsp.o):
    CODE              Offs=003115  Size=00000C  Align=00001  Fill=0000
    RODATA            Offs=000853  Size=000000  Align=00001  Fill=0000
    BSS               Offs=00197E  Size=000000  Align=00001  Fill=0000
    DATA              Offs=00063A  Size=000000  Align=00001  Fill=0000
    ZEROPAGE          Offs=000000  Size=000000  Align=00001  Fill=0000
    NULL              Offs=000000  Size=000000  Align=00001  Fill=0000
C:\UTILITY\cc65\lib/apple2.lib(leq.o):
    CODE              Offs=003121  Size=000006  Align=00001  Fill=0000
    RODATA            Offs=000853  Size=000000  Align=00001  Fill=0000
    BSS               Offs=00197E  Size=000000  Align=00001  Fill=0000
    DATA              Offs=00063A  Size=000000  Align=00001  Fill=0000
    ZEROPAGE          Offs=000000  Size=000000  Align=00001  Fill=0000
    NULL              Offs=000000  Size=000000  Align=00001  Fill=0000
C:\UTILITY\cc65\lib/apple2.lib(lmul.o):
    CODE              Offs=003127  Size=00005C  Align=00001  Fill=0000
    RODATA            Offs=000853  Size=000000  Align=00001  Fill=0000
    BSS               Offs=00197E  Size=000000  Align=00001  Fill=0000
    DATA              Offs=00063A  Size=000000  Align=00001  Fill=0000
    ZEROPAGE          Offs=000000  Size=000000  Align=00001  Fill=0000
    NULL              Offs=000000  Size=000000  Align=00001  Fill=0000
C:\UTILITY\cc65\lib/apple2.lib(lneg.o):
    CODE              Offs=003183  Size=00001E  Align=00001  Fill=0000
    RODATA            Offs=000853  Size=000000  Align=00001  Fill=0000
    BSS               Offs=00197E  Size=000000  Align=00001  Fill=0000
    DATA              Offs=00063A  Size=000000  Align=00001  Fill=0000
    ZEROPAGE          Offs=000000  Size=000000  Align=00001  Fill=0000
    NULL              Offs=000000  Size=000000  Align=00001  Fill=0000
C:\UTILITY\cc65\lib/apple2.lib(longjmp.o):
    CODE              Offs=0031A1  Size=000028  Align=00001  Fill=0000
    RODATA            Offs=000853  Size=000000  Align=00001  Fill=0000
    BSS               Offs=00197E  Size=000000  Align=00001  Fill=0000
    DATA              Offs=00063A  Size=000000  Align=00001  Fill=0000
    ZEROPAGE          Offs=000000  Size=000000  Align=00001  Fill=0000
    NULL              Offs=000000  Size=000000  Align=00001  Fill=0000
C:\UTILITY\cc65\lib/apple2.lib(lpop.o):
    CODE              Offs=0031C9  Size=000015  Align=00001  Fill=0000
    RODATA            Offs=000853  Size=000000  Align=00001  Fill=0000
    BSS               Offs=00197E  Size=000000  Align=00001  Fill=0000
    DATA              Offs=00063A  Size=000000  Align=00001  Fill=0000
    ZEROPAGE          Offs=000000  Size=000000  Align=00001  Fill=0000
    NULL              Offs=000000  Size=000000  Align=00001  Fill=0000
C:\UTILITY\cc65\lib/apple2.lib(lpush.o):
    CODE              Offs=0031DE  Size=000021  Align=00001  Fill=0000
    RODATA            Offs=000853  Size=000000  Align=00001  Fill=0000
    BSS               Offs=00197E  Size=000000  Align=00001  Fill=0000
    DATA              Offs=00063A  Size=000000  Align=00001  Fill=0000
    ZEROPAGE          Offs=000000  Size=000000  Align=00001  Fill=0000
    NULL              Offs=000000  Size=000000  Align=00001  Fill=0000
C:\UTILITY\cc65\lib/apple2.lib(ltoa.o):
    CODE              Offs=0031FF  Size=000095  Align=00001  Fill=0000
    RODATA            Offs=000853  Size=000000  Align=00001  Fill=0000
    BSS               Offs=00197E  Size=000000  Align=00001  Fill=0000
    DATA              Offs=00063A  Size=000000  Align=00001  Fill=0000
    ZEROPAGE          Offs=000000  Size=000000  Align=00001  Fill=0000
    NULL              Offs=000000  Size=000000  Align=00001  Fill=0000
C:\UTILITY\cc65\lib/apple2.lib(makebool.o):
    CODE              Offs=003294  Size=00002C  Align=00001  Fill=0000
    RODATA            Offs=000853  Size=000000  Align=00001  Fill=0000
    BSS               Offs=00197E  Size=000000  Align=00001  Fill=0000
    DATA              Offs=00063A  Size=000000  Align=00001  Fill=0000
    ZEROPAGE          Offs=000000  Size=000000  Align=00001  Fill=0000
    NULL              Offs=000000  Size=000000  Align=00001  Fill=0000
C:\UTILITY\cc65\lib/apple2.lib(memcpy.o):
    CODE              Offs=0032C0  Size=00003C  Align=00001  Fill=0000
    RODATA            Offs=000853  Size=000000  Align=00001  Fill=0000
    BSS               Offs=00197E  Size=000000  Align=00001  Fill=0000
    DATA              Offs=00063A  Size=000000  Align=00001  Fill=0000
    ZEROPAGE          Offs=000000  Size=000000  Align=00001  Fill=0000
    NULL              Offs=000000  Size=000000  Align=00001  Fill=0000
C:\UTILITY\cc65\lib/apple2.lib(mli.o):
    CODE              Offs=0032FC  Size=000000  Align=00001  Fill=0000
    RODATA            Offs=000853  Size=000000  Align=00001  Fill=0000
    BSS               Offs=00197E  Size=000012  Align=00001  Fill=0000
    DATA              Offs=00063A  Size=000024  Align=00001  Fill=0000
    ZEROPAGE          Offs=000000  Size=000000  Align=00001  Fill=0000
    NULL              Offs=000000  Size=000000  Align=00001  Fill=0000
C:\UTILITY\cc65\lib/apple2.lib(mul.o):
    CODE              Offs=0032FC  Size=000045  Align=00001  Fill=0000
    RODATA            Offs=000853  Size=000000  Align=00001  Fill=0000
    BSS               Offs=001990  Size=000000  Align=00001  Fill=0000
    DATA              Offs=00065E  Size=000000  Align=00001  Fill=0000
    ZEROPAGE          Offs=000000  Size=000000  Align=00001  Fill=0000
    NULL              Offs=000000  Size=000000  Align=00001  Fill=0000
C:\UTILITY\cc65\lib/apple2.lib(mul8.o):
    CODE              Offs=003341  Size=00003A  Align=00001  Fill=0000
    RODATA            Offs=000853  Size=000000  Align=00001  Fill=0000
    BSS               Offs=001990  Size=000000  Align=00001  Fill=0000
    DATA              Offs=00065E  Size=000000  Align=00001  Fill=0000
    ZEROPAGE          Offs=000000  Size=000000  Align=00001  Fill=0000
    NULL              Offs=000000  Size=000000  Align=00001  Fill=0000
C:\UTILITY\cc65\lib/apple2.lib(mulax10.o):
    CODE              Offs=00337B  Size=000019  Align=00001  Fill=0000
    RODATA            Offs=000853  Size=000000  Align=00001  Fill=0000
    BSS               Offs=001990  Size=000000  Align=00001  Fill=0000
    DATA              Offs=00065E  Size=000000  Align=00001  Fill=0000
    ZEROPAGE          Offs=000000  Size=000000  Align=00001  Fill=0000
    NULL              Offs=000000  Size=000000  Align=00001  Fill=0000
C:\UTILITY\cc65\lib/apple2.lib(oserror.o):
    CODE              Offs=003394  Size=000016  Align=00001  Fill=0000
    RODATA            Offs=000853  Size=000032  Align=00001  Fill=0000
    BSS               Offs=001990  Size=000000  Align=00001  Fill=0000
    DATA              Offs=00065E  Size=000000  Align=00001  Fill=0000
    ZEROPAGE          Offs=000000  Size=000000  Align=00001  Fill=0000
    NULL              Offs=000000  Size=000000  Align=00001  Fill=0000
C:\UTILITY\cc65\lib/apple2.lib(popa.o):
    CODE              Offs=0033AA  Size=00000C  Align=00001  Fill=0000
    RODATA            Offs=000885  Size=000000  Align=00001  Fill=0000
    BSS               Offs=001990  Size=000000  Align=00001  Fill=0000
    DATA              Offs=00065E  Size=000000  Align=00001  Fill=0000
    ZEROPAGE          Offs=000000  Size=000000  Align=00001  Fill=0000
    NULL              Offs=000000  Size=000000  Align=00001  Fill=0000
C:\UTILITY\cc65\lib/apple2.lib(popptr1.o):
    CODE              Offs=0033B6  Size=00000E  Align=00001  Fill=0000
    RODATA            Offs=000885  Size=000000  Align=00001  Fill=0000
    BSS               Offs=001990  Size=000000  Align=00001  Fill=0000
    DATA              Offs=00065E  Size=000000  Align=00001  Fill=0000
    ZEROPAGE          Offs=000000  Size=000000  Align=00001  Fill=0000
    NULL              Offs=000000  Size=000000  Align=00001  Fill=0000
C:\UTILITY\cc65\lib/apple2.lib(printf.o):
    CODE              Offs=0033C4  Size=000033  Align=00001  Fill=0000
    RODATA            Offs=000885  Size=000000  Align=00001  Fill=0000
    BSS               Offs=001990  Size=000001  Align=00001  Fill=0000
    DATA              Offs=00065E  Size=000000  Align=00001  Fill=0000
    ZEROPAGE          Offs=000000  Size=000000  Align=00001  Fill=0000
    NULL              Offs=000000  Size=000000  Align=00001  Fill=0000
C:\UTILITY\cc65\lib/apple2.lib(push1.o):
    CODE              Offs=0033F7  Size=000005  Align=00001  Fill=0000
    RODATA            Offs=000885  Size=000000  Align=00001  Fill=0000
    BSS               Offs=001991  Size=000000  Align=00001  Fill=0000
    DATA              Offs=00065E  Size=000000  Align=00001  Fill=0000
    ZEROPAGE          Offs=000000  Size=000000  Align=00001  Fill=0000
    NULL              Offs=000000  Size=000000  Align=00001  Fill=0000
C:\UTILITY\cc65\lib/apple2.lib(pusha.o):
    CODE              Offs=0033FC  Size=000016  Align=00001  Fill=0000
    RODATA            Offs=000885  Size=000000  Align=00001  Fill=0000
    BSS               Offs=001991  Size=000000  Align=00001  Fill=0000
    DATA              Offs=00065E  Size=000000  Align=00001  Fill=0000
    ZEROPAGE          Offs=000000  Size=000000  Align=00001  Fill=0000
    NULL              Offs=000000  Size=000000  Align=00001  Fill=0000
C:\UTILITY\cc65\lib/apple2.lib(pushax.o):
    CODE              Offs=003412  Size=00001A  Align=00001  Fill=0000
    RODATA            Offs=000885  Size=000000  Align=00001  Fill=0000
    BSS               Offs=001991  Size=000000  Align=00001  Fill=0000
    DATA              Offs=00065E  Size=000000  Align=00001  Fill=0000
    ZEROPAGE          Offs=000000  Size=000000  Align=00001  Fill=0000
    NULL              Offs=000000  Size=000000  Align=00001  Fill=0000
C:\UTILITY\cc65\lib/apple2.lib(pushptr1.o):
    CODE              Offs=00342C  Size=000007  Align=00001  Fill=0000
    RODATA            Offs=000885  Size=000000  Align=00001  Fill=0000
    BSS               Offs=001991  Size=000000  Align=00001  Fill=0000
    DATA              Offs=00065E  Size=000000  Align=00001  Fill=0000
    ZEROPAGE          Offs=000000  Size=000000  Align=00001  Fill=0000
    NULL              Offs=000000  Size=000000  Align=00001  Fill=0000
C:\UTILITY\cc65\lib/apple2.lib(pushwsp.o):
    CODE              Offs=003433  Size=00001C  Align=00001  Fill=0000
    RODATA            Offs=000885  Size=000000  Align=00001  Fill=0000
    BSS               Offs=001991  Size=000000  Align=00001  Fill=0000
    DATA              Offs=00065E  Size=000000  Align=00001  Fill=0000
    ZEROPAGE          Offs=000000  Size=000000  Align=00001  Fill=0000
    NULL              Offs=000000  Size=000000  Align=00001  Fill=0000
C:\UTILITY\cc65\lib/apple2.lib(putchar.o):
    CODE              Offs=00344F  Size=00000C  Align=00001  Fill=0000
    RODATA            Offs=000885  Size=000000  Align=00001  Fill=0000
    BSS               Offs=001991  Size=000000  Align=00001  Fill=0000
    DATA              Offs=00065E  Size=000000  Align=00001  Fill=0000
    ZEROPAGE          Offs=000000  Size=000000  Align=00001  Fill=0000
    NULL              Offs=000000  Size=000000  Align=00001  Fill=0000
C:\UTILITY\cc65\lib/apple2.lib(puts.o):
    CODE              Offs=00345B  Size=000068  Align=00001  Fill=0000
    RODATA            Offs=000885  Size=000000  Align=00001  Fill=0000
    BSS               Offs=001991  Size=000000  Align=00001  Fill=0000
    DATA              Offs=00065E  Size=000001  Align=00001  Fill=0000
    ZEROPAGE          Offs=000000  Size=000000  Align=00001  Fill=0000
    NULL              Offs=000000  Size=000000  Align=00001  Fill=0000
C:\UTILITY\cc65\lib/apple2.lib(return0.o):
    CODE              Offs=0034C3  Size=000004  Align=00001  Fill=0000
    RODATA            Offs=000885  Size=000000  Align=00001  Fill=0000
    BSS               Offs=001991  Size=000000  Align=00001  Fill=0000
    DATA              Offs=00065F  Size=000000  Align=00001  Fill=0000
    ZEROPAGE          Offs=000000  Size=000000  Align=00001  Fill=0000
    NULL              Offs=000000  Size=000000  Align=00001  Fill=0000
C:\UTILITY\cc65\lib/apple2.lib(returnFFFF.o):
    CODE              Offs=0034C7  Size=000004  Align=00001  Fill=0000
    RODATA            Offs=000885  Size=000000  Align=00001  Fill=0000
    BSS               Offs=001991  Size=000000  Align=00001  Fill=0000
    DATA              Offs=00065F  Size=000000  Align=00001  Fill=0000
    ZEROPAGE          Offs=000000  Size=000000  Align=00001  Fill=0000
    NULL              Offs=000000  Size=000000  Align=00001  Fill=0000
C:\UTILITY\cc65\lib/apple2.lib(rwcommon.o):
    CODE              Offs=0034CB  Size=00003D  Align=00001  Fill=0000
    RODATA            Offs=000885  Size=000000  Align=00001  Fill=0000
    BSS               Offs=001991  Size=000000  Align=00001  Fill=0000
    DATA              Offs=00065F  Size=000000  Align=00001  Fill=0000
    ZEROPAGE          Offs=000000  Size=000000  Align=00001  Fill=0000
    NULL              Offs=000000  Size=000000  Align=00001  Fill=0000
C:\UTILITY\cc65\lib/apple2.lib(setjmp.o):
    CODE              Offs=003508  Size=000025  Align=00001  Fill=0000
    RODATA            Offs=000885  Size=000000  Align=00001  Fill=0000
    BSS               Offs=001991  Size=000000  Align=00001  Fill=0000
    DATA              Offs=00065F  Size=000000  Align=00001  Fill=0000
    ZEROPAGE          Offs=000000  Size=000000  Align=00001  Fill=0000
    NULL              Offs=000000  Size=000000  Align=00001  Fill=0000
C:\UTILITY\cc65\lib/apple2.lib(snprintf.o):
    CODE              Offs=00352D  Size=00002B  Align=00001  Fill=0000
    RODATA            Offs=000885  Size=000000  Align=00001  Fill=0000
    BSS               Offs=001991  Size=000001  Align=00001  Fill=0000
    DATA              Offs=00065F  Size=000000  Align=00001  Fill=0000
    ZEROPAGE          Offs=000000  Size=000000  Align=00001  Fill=0000
    NULL              Offs=000000  Size=000000  Align=00001  Fill=0000
C:\UTILITY\cc65\lib/apple2.lib(sscanf.o):
    CODE              Offs=003558  Size=00002B  Align=00001  Fill=0000
    RODATA            Offs=000885  Size=000000  Align=00001  Fill=0000
    BSS               Offs=001992  Size=000001  Align=00001  Fill=0000
    DATA              Offs=00065F  Size=000000  Align=00001  Fill=0000
    ZEROPAGE          Offs=000000  Size=000000  Align=00001  Fill=0000
    NULL              Offs=000000  Size=000000  Align=00001  Fill=0000
C:\UTILITY\cc65\lib/apple2.lib(staspidx.o):
    CODE              Offs=003583  Size=000016  Align=00001  Fill=0000
    RODATA            Offs=000885  Size=000000  Align=00001  Fill=0000
    BSS               Offs=001993  Size=000000  Align=00001  Fill=0000
    DATA              Offs=00065F  Size=000000  Align=00001  Fill=0000
    ZEROPAGE          Offs=000000  Size=000000  Align=00001  Fill=0000
    NULL              Offs=000000  Size=000000  Align=00001  Fill=0000
C:\UTILITY\cc65\lib/apple2.lib(staxsp.o):
    CODE              Offs=003599  Size=00000B  Align=00001  Fill=0000
    RODATA            Offs=000885  Size=000000  Align=00001  Fill=0000
    BSS               Offs=001993  Size=000000  Align=00001  Fill=0000
    DATA              Offs=00065F  Size=000000  Align=00001  Fill=0000
    ZEROPAGE          Offs=000000  Size=000000  Align=00001  Fill=0000
    NULL              Offs=000000  Size=000000  Align=00001  Fill=0000
C:\UTILITY\cc65\lib/apple2.lib(staxspi.o):
    CODE              Offs=0035A4  Size=00001B  Align=00001  Fill=0000
    RODATA            Offs=000885  Size=000000  Align=00001  Fill=0000
    BSS               Offs=001993  Size=000000  Align=00001  Fill=0000
    DATA              Offs=00065F  Size=000000  Align=00001  Fill=0000
    ZEROPAGE          Offs=000000  Size=000000  Align=00001  Fill=0000
    NULL              Offs=000000  Size=000000  Align=00001  Fill=0000
C:\UTILITY\cc65\lib/apple2.lib(steaxsp.o):
    CODE              Offs=0035BF  Size=000015  Align=00001  Fill=0000
    RODATA            Offs=000885  Size=000000  Align=00001  Fill=0000
    BSS               Offs=001993  Size=000000  Align=00001  Fill=0000
    DATA              Offs=00065F  Size=000000  Align=00001  Fill=0000
    ZEROPAGE          Offs=000000  Size=000000  Align=00001  Fill=0000
    NULL              Offs=000000  Size=000000  Align=00001  Fill=0000
C:\UTILITY\cc65\lib/apple2.lib(strlen.o):
    CODE              Offs=0035D4  Size=000016  Align=00001  Fill=0000
    RODATA            Offs=000885  Size=000000  Align=00001  Fill=0000
    BSS               Offs=001993  Size=000000  Align=00001  Fill=0000
    DATA              Offs=00065F  Size=000000  Align=00001  Fill=0000
    ZEROPAGE          Offs=000000  Size=000000  Align=00001  Fill=0000
    NULL              Offs=000000  Size=000000  Align=00001  Fill=0000
C:\UTILITY\cc65\lib/apple2.lib(strlower.o):
    CODE              Offs=0035EA  Size=000027  Align=00001  Fill=0000
    RODATA            Offs=000885  Size=000000  Align=00001  Fill=0000
    BSS               Offs=001993  Size=000000  Align=00001  Fill=0000
    DATA              Offs=00065F  Size=000000  Align=00001  Fill=0000
    ZEROPAGE          Offs=000000  Size=000000  Align=00001  Fill=0000
    NULL              Offs=000000  Size=000000  Align=00001  Fill=0000
C:\UTILITY\cc65\lib/apple2.lib(strncpy.o):
    CODE              Offs=003611  Size=000042  Align=00001  Fill=0000
    RODATA            Offs=000885  Size=000000  Align=00001  Fill=0000
    BSS               Offs=001993  Size=000000  Align=00001  Fill=0000
    DATA              Offs=00065F  Size=000000  Align=00001  Fill=0000
    ZEROPAGE          Offs=000000  Size=000000  Align=00001  Fill=0000
    NULL              Offs=000000  Size=000000  Align=00001  Fill=0000
C:\UTILITY\cc65\lib/apple2.lib(strstr.o):
    CODE              Offs=003653  Size=000052  Align=00001  Fill=0000
    RODATA            Offs=000885  Size=000000  Align=00001  Fill=0000
    BSS               Offs=001993  Size=000000  Align=00001  Fill=0000
    DATA              Offs=00065F  Size=000000  Align=00001  Fill=0000
    ZEROPAGE          Offs=000000  Size=000000  Align=00001  Fill=0000
    NULL              Offs=000000  Size=000000  Align=00001  Fill=0000
C:\UTILITY\cc65\lib/apple2.lib(sub.o):
    CODE              Offs=0036A5  Size=000015  Align=00001  Fill=0000
    RODATA            Offs=000885  Size=000000  Align=00001  Fill=0000
    BSS               Offs=001993  Size=000000  Align=00001  Fill=0000
    DATA              Offs=00065F  Size=000000  Align=00001  Fill=0000
    ZEROPAGE          Offs=000000  Size=000000  Align=00001  Fill=0000
    NULL              Offs=000000  Size=000000  Align=00001  Fill=0000
C:\UTILITY\cc65\lib/apple2.lib(subysp.o):
    CODE              Offs=0036BA  Size=00000D  Align=00001  Fill=0000
    RODATA            Offs=000885  Size=000000  Align=00001  Fill=0000
    BSS               Offs=001993  Size=000000  Align=00001  Fill=0000
    DATA              Offs=00065F  Size=000000  Align=00001  Fill=0000
    ZEROPAGE          Offs=000000  Size=000000  Align=00001  Fill=0000
    NULL              Offs=000000  Size=000000  Align=00001  Fill=0000
C:\UTILITY\cc65\lib/apple2.lib(tolower.o):
    CODE              Offs=0036C7  Size=000012  Align=00001  Fill=0000
    RODATA            Offs=000885  Size=000000  Align=00001  Fill=0000
    BSS               Offs=001993  Size=000000  Align=00001  Fill=0000
    DATA              Offs=00065F  Size=000000  Align=00001  Fill=0000
    ZEROPAGE          Offs=000000  Size=000000  Align=00001  Fill=0000
    NULL              Offs=000000  Size=000000  Align=00001  Fill=0000
C:\UTILITY\cc65\lib/apple2.lib(udiv.o):
    CODE              Offs=0036D9  Size=00004F  Align=00001  Fill=0000
    RODATA            Offs=000885  Size=000000  Align=00001  Fill=0000
    BSS               Offs=001993  Size=000000  Align=00001  Fill=0000
    DATA              Offs=00065F  Size=000000  Align=00001  Fill=0000
    ZEROPAGE          Offs=000000  Size=000000  Align=00001  Fill=0000
    NULL              Offs=000000  Size=000000  Align=00001  Fill=0000
C:\UTILITY\cc65\lib/apple2.lib(ugt.o):
    CODE              Offs=003728  Size=00000A  Align=00001  Fill=0000
    RODATA            Offs=000885  Size=000000  Align=00001  Fill=0000
    BSS               Offs=001993  Size=000000  Align=00001  Fill=0000
    DATA              Offs=00065F  Size=000000  Align=00001  Fill=0000
    ZEROPAGE          Offs=000000  Size=000000  Align=00001  Fill=0000
    NULL              Offs=000000  Size=000000  Align=00001  Fill=0000
C:\UTILITY\cc65\lib/apple2.lib(uppercasemask.o):
    CODE              Offs=003732  Size=000000  Align=00001  Fill=0000
    RODATA            Offs=000885  Size=000000  Align=00001  Fill=0000
    BSS               Offs=001993  Size=000000  Align=00001  Fill=0000
    DATA              Offs=00065F  Size=000001  Align=00001  Fill=0000
    ZEROPAGE          Offs=000000  Size=000000  Align=00001  Fill=0000
    NULL              Offs=000000  Size=000000  Align=00001  Fill=0000
C:\UTILITY\cc65\lib/apple2.lib(vfprintf.o):
    CODE              Offs=003732  Size=000061  Align=00001  Fill=0000
    RODATA            Offs=000885  Size=000000  Align=00001  Fill=0000
    BSS               Offs=001993  Size=000000  Align=00001  Fill=0000
    DATA              Offs=000660  Size=000008  Align=00001  Fill=0000
    ZEROPAGE          Offs=000000  Size=000000  Align=00001  Fill=0000
    NULL              Offs=000000  Size=000000  Align=00001  Fill=0000
C:\UTILITY\cc65\lib/apple2.lib(vsnprintf.o):
    CODE              Offs=003793  Size=0000DA  Align=00001  Fill=0000
    RODATA            Offs=000885  Size=000000  Align=00001  Fill=0000
    BSS               Offs=001993  Size=000000  Align=00001  Fill=0000
    DATA              Offs=000668  Size=000008  Align=00001  Fill=0000
    ZEROPAGE          Offs=000000  Size=000000  Align=00001  Fill=0000
    NULL              Offs=000000  Size=000000  Align=00001  Fill=0000
C:\UTILITY\cc65\lib/apple2.lib(vsscanf.o):
    CODE              Offs=00386D  Size=00006D  Align=00001  Fill=0000
    RODATA            Offs=000885  Size=000006  Align=00001  Fill=0000
    BSS               Offs=001993  Size=000004  Align=00001  Fill=0000
    DATA              Offs=000670  Size=000000  Align=00001  Fill=0000
    ZEROPAGE          Offs=000000  Size=000000  Align=00001  Fill=0000
    NULL              Offs=000000  Size=000000  Align=00001  Fill=0000
C:\UTILITY\cc65\lib/apple2.lib(vtabz.o):
    CODE              Offs=0038DA  Size=000000  Align=00001  Fill=0000
    RODATA            Offs=00088B  Size=000000  Align=00001  Fill=0000
    BSS               Offs=001997  Size=000000  Align=00001  Fill=0000
    DATA              Offs=000670  Size=000000  Align=00001  Fill=0000
    ZEROPAGE          Offs=000000  Size=000000  Align=00001  Fill=0000
    NULL              Offs=000000  Size=000000  Align=00001  Fill=0000
    LOWCODE           Offs=00000A  Size=00000A  Align=00001  Fill=0000
C:\UTILITY\cc65\lib/apple2.lib(write.o):
    CODE              Offs=0038DA  Size=000071  Align=00001  Fill=0000
    RODATA            Offs=00088B  Size=000000  Align=00001  Fill=0000
    BSS               Offs=001997  Size=000000  Align=00001  Fill=0000
    DATA              Offs=000670  Size=000000  Align=00001  Fill=0000
    ZEROPAGE          Offs=000000  Size=000000  Align=00001  Fill=0000
    NULL              Offs=000000  Size=000000  Align=00001  Fill=0000
C:\UTILITY\cc65\lib/apple2.lib(zerobss.o):
    CODE              Offs=00394B  Size=000023  Align=00001  Fill=0000
    RODATA            Offs=00088B  Size=000000  Align=00001  Fill=0000
    BSS               Offs=001997  Size=000000  Align=00001  Fill=0000
    DATA              Offs=000670  Size=000000  Align=00001  Fill=0000
    ZEROPAGE          Offs=000000  Size=000000  Align=00001  Fill=0000
    NULL              Offs=000000  Size=000000  Align=00001  Fill=0000
C:\UTILITY\cc65\lib/apple2.lib(zeropage.o):
    CODE              Offs=00396E  Size=000000  Align=00001  Fill=0000
    RODATA            Offs=00088B  Size=000000  Align=00001  Fill=0000
    BSS               Offs=001997  Size=000000  Align=00001  Fill=0000
    DATA              Offs=000670  Size=000000  Align=00001  Fill=0000
    ZEROPAGE          Offs=000000  Size=00001A  Align=00001  Fill=0000
    NULL              Offs=000000  Size=000000  Align=00001  Fill=0000


Segment list:
-------------
Name                   Start     End    Size  Align
----------------------------------------------------
NULL                  000000  000000  000000  00001
ZEROPAGE              000080  000099  00001A  00001
EXEHDR                0007C9  000802  00003A  00001
STARTUP               000803  00080E  00000C  00001
LOWCODE               00080F  000822  000014  00001
CODE                  000823  004190  00396E  00001
RODATA                004191  004A1B  00088B  00001
DATA                  004A1C  00508B  000670  00001
INIT                  00508C  0050A8  00001D  00001
BSS                   0050A9  006A3F  001997  00001
ONCE                  0050A9  005134  00008C  00001


Exports list by name:
---------------------
COUT                      00080F RLA    VTABZ                     000819 RLA    
__BSS_LOAD__              0050A9  LA    __BSS_RUN__               0050A9 RLA    
__BSS_SIZE__              001997 REA    __CONSTRUCTOR_COUNT__     000001 REA    
__CONSTRUCTOR_TABLE__     005133 RLA    __DESTRUCTOR_COUNT__      000000 REA    
__DESTRUCTOR_TABLE__      004A1C RLA    __EXEHDR__                000001 REA    
__FILETYPE__              000006 REA    __HIMEM__                 009600 REA    
__LCADDR__                00D400 REA    __LCSIZE__                000C00 REA    
__LC_FILEOFFS__           000000  EA    __LC_LAST__               00D400 RLA    
__LC_SIZE__               000C00  EA    __LC_START__              00D400 RLA    
__MAIN_FILEOFFS__         00003A  EA    __MAIN_LAST__             005135 RLA    
__MAIN_SIZE__             008DFD  EA    __MAIN_START__            000803 RLA    
__ONCE_LOAD__             0050A9 RLA    __ONCE_RUN__              0050A9 RLA    
__ONCE_SIZE__             00008C REA    __STACKSIZE__             000800 REA    
__STARTUP__               000001 REA    __ZP_FILEOFFS__           000000  EA    
__ZP_LAST__               00009A  LA    __ZP_SIZE__               00001A  EA    
__ZP_START__              000080  LA    ___directerrno            002A42 RLA    
___errno                  006A21 RLA    ___mappederrno            002A4C RLA    
___oserror                0069B3 RLA    ___osmaperrno             003BB7 RLA    
___seterrno               003589 RLA    ___setjmp                 003D2B RLA    
__argc                    005006  LA    __argv                    005008  LA    
__ctype                   004959 RLA    __ctypeidx                004964 RLA    
__dos_type                005032 RLA    __filetab                 004FE5  LA    
__hextab                  004926 RLA    __longminstr              004936 RLA    
__printf                  002B4D RLA    __scanf                   002DFE RLA    
_cfg_dns                  004A3A RLA    _cfg_gateway              004A36 RLA    
_cfg_ip                   004A2E RLA    _cfg_mac                  004A28  LA    
_cfg_netmask              004A32 RLA    _cgetc                    003632 RLA    
_check_uthernet           000EB1  LA    _cputc                    003680  LA    
_cputcxy                  00367B  LA    _cs8900a                  004A62 RLA    
_cs8900a_name             0048C4 RLA    _dhcp_init                001A75 RLA    
_dhcp_server              004A3E RLA    _dotted_quad              001AD9  LA    
_exit                     003607 RLA    _fputc                    003745 RLA    
_fwrite                   00378C RLA    _gotox                    003813  LA    
_gotoxy                   003808  LA    _icmp_ping                001BFC RLA    
_initialize_network       000F45  LA    _ip65_error               006712 RLA    
_ip65_init                001C74 RLA    _ip65_process             001C7C RLA    
_ip65_random_word         001C15  LA    _ip65_strerror            001B6B  LA    
_isdigit                  00388E RLA    _isspace                  003896 RLA    
_isxdigit                 00389E RLA    _lan91c96                 004BDE RLA    
_lan91c96_name            0048F3 RLA    _longjmp                  0039C4 RLA    
_ltoa                     003A3A RLA    _main                     0012D9 RLA    
_memcpy                   003AE3 RLA    _parse_dotted_quad        001B4D RLA    
_print_ip                 000E5A  LA    _printf                   003BE7 RLA    
_putchar                  003C72 RLA    _puts                     003C7E RLA    
_snprintf                 003D50 RLA    _sscanf                   003D7B RLA    
_stderr                   005001  LA    _stdin                    004FFD  LA    
_stdout                   004FFF RLA    _strlen                   003DF7 RLA    
_strlen_ptr4              003DFB  LA    _strlower                 003E0D RLA    
_strlwr                   003E0D  LA    _strncpy                  003E34 RLA    
_strstr                   003E76 RLA    _tcp_close                001CE7 RLA    
_tcp_connect              001CB5 RLA    _tcp_listen               001C84  LA    
_tcp_send                 001CEF RLA    _tcp_send_keep_alive      001D00  LA    
_tolower                  003EEA RLA    _ultoa                    003A7B RLA    
_vfprintf                 003F8D RLA    _vsnprintf                003FB6 RLA    
_vsscanf                  0040DB RLA    _w5100                    004D69 RLA    
_w5100_name               00491A RLA    _write                    0040FD RLA    
abort_key                 004FE4  LA    abort_key_default         00009B  EZ    
abort_key_disable         000080  EZ    ac_size                   000008  EZ    
acc16                     000088 REZ    acc32                     000088 REZ    
add_16_32                 001574 RLA    add_32_32                 001555  LA    
addeq0sp                  0035AE  LA    addeqysp                  0035B0 RLA    
addysp                    0035C0 RLA    addysp1                   0035BF RLA    
arp_add                   001744  LA    arp_cache                 005AB6  LA    
arp_calculate_gateway_mask 0015C2 RLA    arp_init                  0015B8 RLA    
arp_ip                    005AB2 RLA    arp_lookup                0015E7 RLA    
arp_mac                   005AAC RLA    arp_process               0016C6 RLA    
aslax1                    0035CD RLA    axlong                    0035D5 RLA    
axulong                   0035DB RLA    bnega                     0035E6 RLA    
bnegax                    0035E2 RLA    booleq                    003ABD RLA    
boolge                    003ACE  LA    boolgt                    003ACC  LA    
boolle                    003AC4  LA    boollt                    003AC6  LA    
boolne                    003AB7 RLA    booluge                   003ADE  LA    
boolugt                   003ADC RLA    boolule                   003AD4  LA    
boolult                   003AD6 RLA    callmain                  0035F0 RLA    
callmli                   005056 RLA    cfg_dns                   004A3A RLA    
cfg_gateway               004A36 RLA    cfg_ip                    004A2E RLA    
cfg_mac                   004A28 RLA    cfg_netmask               004A32 RLA    
cfg_tftp_server           004A42  LA    check_for_abort_key       002A33 RLA    
checkferror               00365A RLA    cmp_16_16                 001537 RLA    
cmp_32_32                 00151B RLA    complax                   003666 RLA    
condes                    00500A  LA    copy_dest                 00008A REZ    
copy_src                  000088 REZ    copymem                   0017BA RLA    
cputdirect                003691  LA    ctypemask                 0036D1 RLA    
ctypemaskdirect           0036D5 RLA    cursor                    0069B2 RLA    
decax1                    0036EF RLA    decaxy                    0036F6 RLA    
decsp1                    0036FF RLA    decsp2                    003708 RLA    
decsp4                    003715 RLA    decsp6                    003722 RLA    
dhcp_init                 0017E1 RLA    dhcp_server               004A3E RLA    
dhcp_state                005B12  LA    done                      00502F RLA    
donelib                   00366F RLA    dotted_quad_value         005B1B RLA    
eth_data                  00000E REZ    eth_dest                  000000 REZ    
eth_init                  0029CA RLA    eth_inp                   005B33 RLA    
eth_inp_len               005B2F RLA    eth_name                  00699B  LA    
eth_outp                  006121 RLA    eth_outp_len              005B31 RLA    
eth_proto_arp             000006 REZ    eth_proto_ip              000000 REZ    
eth_rx                    004FBD RLA    eth_set_broadcast_dest    001BDC RLA    
eth_set_my_mac_src        001BE7 RLA    eth_set_proto             001BF3 RLA    
eth_src                   000006 REZ    eth_tx                    004FD1 RLA    
eth_type                  00000C  EZ    fdtab                     005033 RLA    
getfd                     00372F RLA    gotoxy                    003805 RLA    
icmp_add_listener         002157  LA    icmp_callback             006948  LA    
icmp_cksum                000002  EZ    icmp_code                 000001  EZ    
icmp_data                 000004  EZ    icmp_echo_ip              006951 RLA    
icmp_init                 0020AB RLA    icmp_inp                  005B55  EA    
icmp_outp                 006143  EA    icmp_ping                 002228 RLA    
icmp_process              0020B1 RLA    icmp_remove_listener      002183  LA    
icmp_send_echo            0021B8  LA    icmp_type                 000000  EZ    
incax1                    003844 RLA    incax2                    00384B RLA    
incax3                    003852 RLA    incax4                    003857 RLA    
incaxy                    003859 RLA    incsp1                    003862 RLA    
incsp2                    003871 RLA    incsp4                    00387F RLA    
incsp6                    003884 RLA    incsp8                    003889 RLA    
initdostype               00511F  LAI   initlib                   0050A9 RLA    
ip65_ctr                  00670F  LA    ip65_ctr_arp              006710  LA    
ip65_ctr_ip               006711  LA    ip65_error                006712 RLA    
ip65_init                 001C3C RLA    ip65_process              001C52 RLA    
ip65_random_word          001C15 RLA    ip65_strerror             001B6B RLA    
ip_broadcast              006940 RLA    ip_calc_cksum             002007 RLA    
ip_cksum_ptr              00008A REZ    ip_create_packet          001F73 RLA    
ip_data                   000014 REZ    ip_dest                   000010 REZ    
ip_frag                   000006  EZ    ip_header_cksum           00000A REZ    
ip_id                     000004 REZ    ip_init                   001E96 RLA    
ip_inp                    005B41 REA    ip_len                    000002 REZ    
ip_outp                   00612F REA    ip_process                001EAE RLA    
ip_proto                  000009 REZ    ip_proto_icmp             000001 REZ    
ip_proto_tcp              000006 REZ    ip_proto_udp              000011 REZ    
ip_send                   001FA0 RLA    ip_src                    00000C REZ    
ip_tos                    000001  EZ    ip_ttl                    000008  EZ    
ip_ver_ihl                000000  EZ    jmpvec                    005053 RLA    
ldauidx                   003906 RLA    ldax0sp                   00391C  LA    
ldaxi                     00390F RLA    ldaxidx                   003911 RLA    
ldaxysp                   00391E RLA    ldeax0sp                  003925  LA    
ldeaxysp                  003927 RLA    leaa0sp                   003938 RLA    
leaaxsp                   00393A RLA    memcpy_getparams          003B0C  LA    
memcpy_upwards            003AE6  LA    mliparam                  006A27 RLA    
mul8x16                   003B66 RLA    mul8x16a                  003B70 RLA    
mul_8_16                  001590  LA    mulax10                   003B9E RLA    
negeax                    0039A6 RLA    newline                   0036A4  LA    
op32                      00008A REZ    output_buffer             006715 RLA    
parse_dotted_quad         001A7D RLA    popa                      003BCD RLA    
popax                     003869 RLA    popeax                    0039EC RLA    
popptr1                   003BD9 RLA    ptr1                      000088 RLZ    
ptr2                      00008A RLZ    ptr3                      00008C RLZ    
ptr4                      00008E RLZ    push0                     003C35  LA    
push0ax                   003A04  LA    push1                     003C1A RLA    
pusha                     003C23 RLA    pusha0                    003C37 RLA    
pusha0sp                  003C1F  LA    pushax                    003C39 RLA    
pushaysp                  003C21  LA    pusheax                   003A0A RLA    
pushl0                    003A01  LA    pushptr1                  003C4F RLA    
pushw0sp                  003C56  LA    pushwysp                  003C58 RLA    
putchar                   0036B3  LA    putchardirect             0036B5 RLA    
regbank                   000094 RLZ    regsave                   000084 RLZ    
reset                     0036BF RLA    return                    0036CA  LA    
return0                   003CE6 RLA    returnFFFF                003CEA RLA    
rvsave                    0050A6 RLA    rwcommon                  003CFB RLA    
rwepilog                  003D1E RLA    rwprolog                  003CEE RLA    
shlax1                    0035CD  LA    sp                        000080 RLZ    
sreg                      000082 RLZ    staspidx                  003DA6 RLA    
[...]
ldaxidx (ldaxi.o):
    rest_hello.o              rest_hello.s:1759
ldaxysp (ldaxsp.o):
    fwrite.o                  common/fwrite.s:11
    _scanf.o                  ../libwrk/apple2/_scanf.s:1470
    vsnprintf.o               common/vsnprintf.s:9
    puts.o                    ../libwrk/apple2/puts.s:95
    rest_hello.o              rest_hello.s:1759
    rest_hello.o              rest_hello.s:1759
    rest_hello.o              rest_hello.s:1759
    rest_hello.o              rest_hello.s:1759
    rest_hello.o              rest_hello.s:1759
    rest_hello.o              rest_hello.s:1759
    rest_hello.o              rest_hello.s:1759
    rest_hello.o              rest_hello.s:1759
    rest_hello.o              rest_hello.s:1759
ldeax0sp (ldeaxysp.o):
ldeaxysp (ldeaxysp.o):
    rest_hello.o              rest_hello.s:1759
    rest_hello.o              rest_hello.s:1759
leaa0sp (leaaxsp.o):
    rest_hello.o              rest_hello.s:1759
    rest_hello.o              rest_hello.s:1759
leaaxsp (leaaxsp.o):
    rest_hello.o              rest_hello.s:1759
memcpy_getparams (memcpy.o):
memcpy_upwards (memcpy.o):
mliparam (mli.o):
    rwcommon.o                apple2/mli.inc:130
    write.o                   apple2/mli.inc:130
mul8x16 (mul8.o):
    mul.o                     runtime/mul.s:8
mul8x16a (mul8.o):
    mul.o                     runtime/mul.s:8
mul_8_16 (arithmetic.o):
mulax10 (mulax10.o):
    _scanf.o                  ../libwrk/apple2/_scanf.s:1470
negeax (lneg.o):
    ltoa.o                    common/ltoa.s:9
    _scanf.o                  ../libwrk/apple2/_scanf.s:1470
newline (cputc.o):
op32 (arithmetic.o):
    tcp.o                     tcp.s:45
output_buffer (output_buffer.o):
    dhcp.o                    dhcp.s:40
parse_dotted_quad (dottedquad.o):
    dottedquad_c.o            dottedquad_c.s:6
popa (popa.o):
    gotoxy.o                  apple2/gotoxy.s:9
popax (incsp2.o):
    rwcommon.o                apple2/rwcommon.s:6
    ltoa.o                    common/ltoa.s:9
    fputc.o                   common/fputc.s:10
    _printf.o                 common/_printf.s:11
    vsscanf.o                 common/vsscanf.s:11
    vsnprintf.o               common/vsnprintf.s:9
    strncpy.o                 common/strncpy.s:8
    memcpy.o                  common/memcpy.s:14
    tcp_c.o                   tcp_c.s:22
popeax (lpop.o):
    tcp_c.o                   tcp_c.s:22
popptr1 (popptr1.o):
    udiv.o                    runtime/udiv.s:9
    rwcommon.o                apple2/rwcommon.s:6
    mul8.o                    runtime/mul8.s:9
    mul.o                     runtime/mul.s:9
    ltoa.o                    common/ltoa.s:9
    longjmp.o                 common/longjmp.s:9
    fputc.o                   common/fputc.s:11
    strstr.o                  common/strstr.s:8
    strncpy.o                 common/strncpy.s:8
    memcpy.o                  common/memcpy.s:14
    tcp_c.o                   tcp_c.s:22
ptr1 (zeropage.o):
    checkferror.o             common/checkferror.s:12
    udiv.o                    runtime/udiv.s:10
    strlower.o                common/strlower.s:13
    setjmp.o                  common/setjmp.s:11
    rwcommon.o                /home/runner/work/cc65/cc65/asminc/zeropage.inc:12
    pushptr1.o                runtime/pushptr1.s:9
    mulax10.o                 runtime/mulax10.s:9
    mul8.o                    runtime/mul8.s:10
    mul.o                     runtime/mul.s:10
    ltoa.o                    common/ltoa.s:11
    longjmp.o                 common/longjmp.s:10
    lmul.o                    runtime/lmul.s:10
    lcmp.o                    runtime/lcmp.s:10
    fwrite.o                  common/fwrite.s:14
    fputc.o                   common/fputc.s:8
    _scanf.o                  ../libwrk/apple2/_scanf.s:11
    _printf.o                 /home/runner/work/cc65/cc65/asminc/zeropage.inc:12
    zerobss.o                 common/zerobss.s:9
    write.o                   /home/runner/work/cc65/cc65/asminc/zeropage.inc:12
    vsscanf.o                 common/vsscanf.s:12
    vsnprintf.o               common/vsnprintf.s:11
    vfprintf.o                common/vfprintf.s:11
    strstr.o                  common/strstr.s:9
    strncpy.o                 common/strncpy.s:9
    staxspi.o                 runtime/staxspi.s:10
    staspidx.o                runtime/staspidx.s:9
    sscanf.o                  common/sscanf.s:9
    snprintf.o                common/snprintf.s:9
    puts.o                    ../libwrk/apple2/puts.s:11
    printf.o                  common/printf.s:9
    popptr1.o                 runtime/popptr1.s:9
    memcpy.o                  common/memcpy.s:15
    ldaxi.o                   runtime/ldaxi.s:8
    ldaui.o                   runtime/ldaui.s:8
    uthernet2.o               C:\UTILITY\cc65\asminc/zeropage.inc:12
    lancegs.o                 C:\UTILITY\cc65\asminc/zeropage.inc:12
    uthernet.o                C:\UTILITY\cc65\asminc/zeropage.inc:12
    a2combo.o                 C:\UTILITY\cc65\asminc/zeropage.inc:12
    arp.o                     C:\UTILITY\cc65\asminc/zeropage.inc:12
    ip_tcp.o                  C:\UTILITY\cc65\asminc/zeropage.inc:12
    copymem.o                 C:\UTILITY\cc65\asminc/zeropage.inc:12
    arithmetic.o              C:\UTILITY\cc65\asminc/zeropage.inc:12
    tcp.o                     C:\UTILITY\cc65\asminc/zeropage.inc:12
    tcp_c.o                   tcp_c.s:23
ptr2 (zeropage.o):
    strlower.o                common/strlower.s:13
    rwcommon.o                /home/runner/work/cc65/cc65/asminc/zeropage.inc:12
    ltoa.o                    common/ltoa.s:11
    longjmp.o                 common/longjmp.s:10
    _printf.o                 /home/runner/work/cc65/cc65/asminc/zeropage.inc:12
    write.o                   /home/runner/work/cc65/cc65/asminc/zeropage.inc:12
    vsscanf.o                 common/vsscanf.s:12
    strstr.o                  common/strstr.s:9
    strncpy.o                 common/strncpy.s:9
    memcpy.o                  common/memcpy.s:15
    uthernet2.o               C:\UTILITY\cc65\asminc/zeropage.inc:12
    lancegs.o                 C:\UTILITY\cc65\asminc/zeropage.inc:12
    uthernet.o                C:\UTILITY\cc65\asminc/zeropage.inc:12
    ip_tcp.o                  C:\UTILITY\cc65\asminc/zeropage.inc:12
    copymem.o                 C:\UTILITY\cc65\asminc/zeropage.inc:12
    arithmetic.o              C:\UTILITY\cc65\asminc/zeropage.inc:12
ptr3 (zeropage.o):
    ltoa.o                    common/ltoa.s:11
    lmul.o                    runtime/lmul.s:10
    strstr.o                  common/strstr.s:9
    memcpy.o                  common/memcpy.s:15
    uthernet2.o               C:\UTILITY\cc65\asminc/zeropage.inc:12
    lancegs.o                 C:\UTILITY\cc65\asminc/zeropage.inc:12
    uthernet.o                C:\UTILITY\cc65\asminc/zeropage.inc:12
ptr4 (zeropage.o):
    udiv.o                    runtime/udiv.s:10
    mul8.o                    runtime/mul8.s:10
    mul.o                     runtime/mul.s:10
    lmul.o                    runtime/lmul.s:10
    strstr.o                  common/strstr.s:9
    strlen.o                  common/strlen.s:12
    uthernet2.o               C:\UTILITY\cc65\asminc/zeropage.inc:12
    uthernet.o                C:\UTILITY\cc65\asminc/zeropage.inc:12
push0 (pushax.o):
push0ax (lpush.o):
push1 (push1.o):
    _printf.o                 common/_printf.s:11
    vfprintf.o                common/vfprintf.s:9
pusha (pusha.o):
    _scanf.o                  ../libwrk/apple2/_scanf.s:1470
    _scanf.o                  ../libwrk/apple2/_scanf.s:1470
    _scanf.o                  ../libwrk/apple2/_scanf.s:1470
    _scanf.o                  ../libwrk/apple2/_scanf.s:1470
    _scanf.o                  ../libwrk/apple2/_scanf.s:1470
    rest_hello.o              rest_hello.s:1759
pusha0 (pushax.o):
    push1.o                   runtime/push1.s:8
    fwrite.o                  common/fwrite.s:11
    fputc.o                   common/fputc.s:10
    _scanf.o                  ../libwrk/apple2/_scanf.s:1470
    puts.o                    ../libwrk/apple2/puts.s:95
pusha0sp (pusha.o):
pushax (pushax.o):
    pushptr1.o                runtime/pushptr1.s:8
    fwrite.o                  common/fwrite.s:11
    fputc.o                   common/fputc.s:10
    callmain.o                apple2/callmain.s:11
    _scanf.o                  ../libwrk/apple2/_scanf.s:1470
    _scanf.o                  ../libwrk/apple2/_scanf.s:1470
    _printf.o                 common/_printf.s:11
    puts.o                    ../libwrk/apple2/puts.s:95
    putchar.o                 common/putchar.s:8
    printf.o                  common/printf.s:8
    tcp_c.o                   tcp_c.s:22
    rest_hello.o              rest_hello.s:1759
    rest_hello.o              rest_hello.s:1759
    rest_hello.o              rest_hello.s:1759
    rest_hello.o              rest_hello.s:1759
    rest_hello.o              rest_hello.s:1759
    rest_hello.o              rest_hello.s:1759
    rest_hello.o              rest_hello.s:1759
    rest_hello.o              rest_hello.s:1759
    rest_hello.o              rest_hello.s:1759
    rest_hello.o              rest_hello.s:1759
    rest_hello.o              rest_hello.s:1759
    rest_hello.o              rest_hello.s:1759
pushaysp (pusha.o):
pusheax (lpush.o):
    _scanf.o                  ../libwrk/apple2/_scanf.s:1470
    _printf.o                 common/_printf.s:11
    rest_hello.o              rest_hello.s:1759
    rest_hello.o              rest_hello.s:1759
    rest_hello.o              rest_hello.s:1759
    rest_hello.o              rest_hello.s:1759
pushl0 (lpush.o):
pushptr1 (pushptr1.o):
    fputc.o                   common/fputc.s:11
pushw0sp (pushwsp.o):
pushwysp (pushwsp.o):
    fwrite.o                  common/fwrite.s:11
    vfprintf.o                common/vfprintf.s:9
    puts.o                    ../libwrk/apple2/puts.s:95
putchar (cputc.o):
putchardirect (cputc.o):
    cgetc.o                   apple2/cgetc.s:10
regbank (zeropage.o):
    _scanf.o                  ../libwrk/apple2/_scanf.s:10
    _printf.o                 /home/runner/work/cc65/cc65/asminc/zeropage.inc:14
regsave (zeropage.o):
    _scanf.o                  ../libwrk/apple2/_scanf.s:10
reset (crt0.o):
    callmain.o                apple2/callmain.s:12
return (crt0.o):
return0 (return0.o):
    setjmp.o                  common/setjmp.s:10
returnFFFF (returnFFFF.o):
    fputc.o                   common/fputc.s:11
rvsave (crt0.o):
    callmain.o                apple2/callmain.s:12
rwcommon (rwcommon.o):
    write.o                   apple2/write.s:8
rwepilog (rwcommon.o):
    write.o                   apple2/write.s:8
rwprolog (rwcommon.o):
    write.o                   apple2/write.s:8
shlax1 (aslax1.o):
sp (zeropage.o):
    setjmp.o                  common/setjmp.s:11
    pushwsp.o                 runtime/pushwsp.s:8
    longjmp.o                 common/longjmp.s:10
    lmul.o                    runtime/lmul.s:10
    lcmp.o                    runtime/lcmp.s:10
    ladd.o                    runtime/ladd.s:9
    incsp1.o                  runtime/incsp1.s:8
    icmp.o                    runtime/icmp.s:9
    decsp4.o                  runtime/decsp4.s:8
    callmain.o                /home/runner/work/cc65/cc65/asminc/zeropage.inc:11
    _scanf.o                  ../libwrk/apple2/_scanf.s:10
    _printf.o                 /home/runner/work/cc65/cc65/asminc/zeropage.inc:11
    vsscanf.o                 common/vsscanf.s:12
    vsnprintf.o               common/vsnprintf.s:11
    vfprintf.o                common/vfprintf.s:11
    subysp.o                  runtime/subysp.s:9
    sub.o                     runtime/sub.s:9
    steaxsp.o                 runtime/steaxsp.s:8
    staxspi.o                 runtime/staxspi.s:10
    staxsp.o                  runtime/staxsp.s:8
    staspidx.o                runtime/staspidx.s:9
    sscanf.o                  common/sscanf.s:9
    snprintf.o                common/snprintf.s:9
    pushax.o                  runtime/pushax.s:8
    pusha.o                   runtime/pusha.s:8
    printf.o                  common/printf.s:9
    popptr1.o                 runtime/popptr1.s:9
    popa.o                    runtime/popa.s:8
    memcpy.o                  common/memcpy.s:15
    lpush.o                   runtime/lpush.s:13
    lpop.o                    runtime/lpop.s:10
    leaaxsp.o                 runtime/leaaxsp.s:8
    ldeaxysp.o                runtime/ldeaxysp.s:12
    ldaxsp.o                  runtime/ldaxsp.s:8
    incsp2.o                  runtime/incsp2.s:8
    decsp6.o                  runtime/decsp6.s:8
    decsp2.o                  runtime/decsp2.s:8
    decsp1.o                  runtime/decsp1.s:8
    crt0.o                    /home/runner/work/cc65/cc65/asminc/zeropage.inc:11
    addysp.o                  runtime/addysp.s:8
    addeqsp.o                 runtime/addeqsp.s:8
    add.o                     runtime/add.s:12
    rest_hello.o              rest_hello.s:10
sreg (zeropage.o):
    udiv.o                    runtime/udiv.s:10
    ltoa.o                    common/ltoa.s:11
    lneg.o                    runtime/lneg.s:11
    lmul.o                    runtime/lmul.s:10
    lcmp.o                    runtime/lcmp.s:10
    ladd.o                    runtime/ladd.s:9
    icmp.o                    runtime/icmp.s:9
    axlong.o                  runtime/axlong.s:9
    _scanf.o                  ../libwrk/apple2/_scanf.s:10
    _printf.o                 /home/runner/work/cc65/cc65/asminc/zeropage.inc:11
    steaxsp.o                 runtime/steaxsp.s:8
    lpush.o                   runtime/lpush.s:13
    lpop.o                    runtime/lpop.s:10
    ldeaxysp.o                runtime/ldeaxysp.s:12
    uthernet2.o               C:\UTILITY\cc65\asminc/zeropage.inc:11
    tcp_c.o                   tcp_c.s:23
    icmp_c.o                  icmp_c.s:8
    dottedquad_c.o            dottedquad_c.s:9
    rest_hello.o              rest_hello.s:10
staspidx (staspidx.o):
    rest_hello.o              rest_hello.s:1759
    rest_hello.o              rest_hello.s:1759
stax0sp (staxsp.o):
staxspidx (staxspi.o):
    rest_hello.o              rest_hello.s:1759
staxysp (staxsp.o):
    rest_hello.o              rest_hello.s:1759
    rest_hello.o              rest_hello.s:1759
    rest_hello.o              rest_hello.s:1759
    rest_hello.o              rest_hello.s:1759
    rest_hello.o              rest_hello.s:1759
    rest_hello.o              rest_hello.s:1759
    rest_hello.o              rest_hello.s:1759
    rest_hello.o              rest_hello.s:1759
steax0sp (steaxsp.o):
steaxysp (steaxsp.o):
    rest_hello.o              rest_hello.s:1759
    rest_hello.o              rest_hello.s:1759
sub_16_16 (arithmetic.o):
    tcp.o                     tcp.s:52
subysp (subysp.o):
    rest_hello.o              rest_hello.s:1759
    rest_hello.o              rest_hello.s:1759
    rest_hello.o              rest_hello.s:1759
    rest_hello.o              rest_hello.s:1759
tcp_callback (tcp.o):
    tcp_c.o                   tcp_c.s:17
tcp_close (tcp.o):
    tcp_c.o                   tcp_c.s:11
tcp_connect (tcp.o):
    tcp_c.o                   tcp_c.s:10
tcp_connect_ip (tcp.o):
    tcp_c.o                   tcp_c.s:19
tcp_connect_remote_port (tcp.o):
tcp_inbound_data_length (tcp.o):
    tcp_c.o                   tcp_c.s:13
tcp_inbound_data_ptr (tcp.o):
    tcp_c.o                   tcp_c.s:12
tcp_init (tcp.o):
    ip_tcp.o                  ip.s:56
tcp_listen (tcp.o):
    tcp_c.o                   tcp_c.s:9
tcp_process (tcp.o):
    ip_tcp.o                  ip.s:57
tcp_remote_ip (tcp.o):
    tcp_c.o                   tcp_c.s:18
tcp_send (tcp.o):
    tcp_c.o                   tcp_c.s:14
tcp_send_data_len (tcp.o):
    tcp_c.o                   tcp_c.s:20
tcp_send_keep_alive (tcp.o):
    tcp_c.o                   tcp_c.s:15
tcp_send_string (tcp.o):
tcp_state (tcp.o):
timer_init (a2_timer.o):
    ip65.o                    ip65.s:16
timer_read (a2_timer.o):
    arp.o                     arp.s:31
    timer.o                   timer.s:13
    ip65.o                    ip65.s:19
    dhcp.o                    dhcp.s:47
    tcp.o                     tcp.s:41
    icmp_tcp.o                icmp.s:50
timer_seconds (a2_timer.o):
timer_timeout (timer.o):
    arp.o                     arp.s:32
    icmp_tcp.o                icmp.s:51
tmp1 (zeropage.o):
    mul.o                     runtime/mul.s:10
    ltoa.o                    common/ltoa.s:11
    ladd.o                    runtime/ladd.s:9
    decaxy.o                  runtime/decaxy.s:8
    _printf.o                 /home/runner/work/cc65/cc65/asminc/zeropage.inc:13
    strstr.o                  common/strstr.s:9
    strncpy.o                 common/strncpy.s:9
    staxspi.o                 runtime/staxspi.s:10
    staspidx.o                runtime/staspidx.s:9
    incaxy.o                  runtime/incaxy.s:8
    aslax1.o                  runtime/aslax1.s:8
    add.o                     runtime/add.s:12
    uthernet2.o               C:\UTILITY\cc65\asminc/zeropage.inc:13
    dottedquad_c.o            dottedquad_c.s:9
tmp2 (zeropage.o):
    lmul.o                    runtime/lmul.s:10
    strncpy.o                 common/strncpy.s:9
    uthernet2.o               C:\UTILITY\cc65\asminc/zeropage.inc:13
    dottedquad_c.o            dottedquad_c.s:9
tmp3 (zeropage.o):
    lmul.o                    runtime/lmul.s:10
    strncpy.o                 common/strncpy.s:9
    uthernet2.o               C:\UTILITY\cc65\asminc/zeropage.inc:13
    dottedquad_c.o            dottedquad_c.s:9
tmp4 (zeropage.o):
    lmul.o                    runtime/lmul.s:10
    uthernet2.o               C:\UTILITY\cc65\asminc/zeropage.inc:13
tolowerdirect (tolower.o):
tosadd0ax (ladd.o):
tosadda0 (add.o):
tosaddax (add.o):
    rest_hello.o              rest_hello.s:1759
    rest_hello.o              rest_hello.s:1759
tosaddeax (ladd.o):
    _scanf.o                  ../libwrk/apple2/_scanf.s:1470
toseqeax (leq.o):
    rest_hello.o              rest_hello.s:1759
tosicmp (icmp.o):
    ugt.o                     runtime/ugt.s:8
tosicmp0 (icmp.o):
toslcmp (lcmp.o):
    leq.o                     runtime/leq.s:8
tosmul0ax (lmul.o):
tosmula0 (mul8.o):
tosmulax (mul.o):
tosmuleax (lmul.o):
    _scanf.o                  ../libwrk/apple2/_scanf.s:1470
tossuba0 (sub.o):
    _scanf.o                  ../libwrk/apple2/_scanf.s:1470
tossubax (sub.o):
    rest_hello.o              rest_hello.s:1759
tosudiva0 (udiv.o):
tosudivax (udiv.o):
    fwrite.o                  common/fwrite.s:12
tosugt00 (ugt.o):
tosugta0 (ugt.o):
tosugtax (ugt.o):
    rest_hello.o              rest_hello.s:1759
tosumul0ax (lmul.o):
tosumula0 (mul8.o):
tosumulax (mul.o):
    fwrite.o                  common/fwrite.s:12
tosumuleax (lmul.o):
udiv16 (udiv.o):
udp_add_listener (udp.o):
    dhcp.o                    dhcp.s:30
udp_callback (udp.o):
    dhcp.o                    dhcp.s:33
udp_cksum (udp.o):
udp_data (udp.o):
    dhcp.o                    dhcp.s:38
udp_dest_port (udp.o):
udp_init (udp.o):
    ip_tcp.o                  ip.s:52
udp_inp (udp.o):
    dhcp.o                    dhcp.s:36
udp_len (udp.o):
udp_outp (udp.o):
udp_process (udp.o):
    ip_tcp.o                  ip.s:53
udp_remove_listener (udp.o):
    dhcp.o                    dhcp.s:31
udp_send (udp.o):
    dhcp.o                    dhcp.s:34
udp_send_dest (udp.o):
    dhcp.o                    dhcp.s:42
udp_send_dest_port (udp.o):
    dhcp.o                    dhcp.s:44
udp_send_internal (udp.o):
udp_send_len (udp.o):
    dhcp.o                    dhcp.s:45
udp_send_src_port (udp.o):
    dhcp.o                    dhcp.s:43
udp_src_port (udp.o):
uppercasemask (uppercasemask.o):
    write.o                   apple2/write.s:11
    cputc.o                   apple2/cputc.s:15
vsnprintf (vsnprintf.o):
zerobss (zerobss.o):
    crt0.o                    apple2/crt0.s:12
zpsave (crt0.o):
    callmain.o                apple2/callmain.s:12

