Modules list:
-------------
pch-UthernetCheck.o:
    CODE              Offs=000000  Size=000140  Align=00001  Fill=0000
    RODATA            Offs=000000  Size=0000F0  Align=00001  Fill=0000
    BSS               Offs=000000  Size=000000  Align=00001  Fill=0000
    DATA              Offs=000000  Size=000000  Align=00001  Fill=0000
    ZEROPAGE          Offs=000000  Size=000000  Align=00001  Fill=0000
    NULL              Offs=000000  Size=000000  Align=00001  Fill=0000
../00.LIBRERIE/PCH/pch_network.lib(pch_network.o):
    CODE              Offs=000140  Size=000109  Align=00001  Fill=0000
    RODATA            Offs=0000F0  Size=00000D  Align=00001  Fill=0000
    BSS               Offs=000000  Size=000000  Align=00001  Fill=0000
    DATA              Offs=000000  Size=000000  Align=00001  Fill=0000
    ZEROPAGE          Offs=000000  Size=000000  Align=00001  Fill=0000
    NULL              Offs=000000  Size=000000  Align=00001  Fill=0000
../00.LIBRERIE/IP65/lib/ip65.lib(arp.o):
    CODE              Offs=000249  Size=000202  Align=00001  Fill=0000
    RODATA            Offs=0000FD  Size=000000  Align=00001  Fill=0000
    BSS               Offs=000000  Size=000066  Align=00001  Fill=0000
    DATA              Offs=000000  Size=000000  Align=00001  Fill=0000
    ZEROPAGE          Offs=000000  Size=000000  Align=00001  Fill=0000
    NULL              Offs=000000  Size=000000  Align=00001  Fill=0000
../00.LIBRERIE/IP65/lib/ip65.lib(config.o):
    CODE              Offs=00044B  Size=000000  Align=00001  Fill=0000
    RODATA            Offs=0000FD  Size=000000  Align=00001  Fill=0000
    BSS               Offs=000066  Size=000000  Align=00001  Fill=0000
    DATA              Offs=000000  Size=00001E  Align=00001  Fill=0000
    ZEROPAGE          Offs=000000  Size=000000  Align=00001  Fill=0000
    NULL              Offs=000000  Size=000000  Align=00001  Fill=0000
../00.LIBRERIE/IP65/lib/ip65.lib(config_c.o):
    CODE              Offs=00044B  Size=000000  Align=00001  Fill=0000
    RODATA            Offs=0000FD  Size=000000  Align=00001  Fill=0000
    BSS               Offs=000066  Size=000000  Align=00001  Fill=0000
    DATA              Offs=00001E  Size=000000  Align=00001  Fill=0000
    ZEROPAGE          Offs=000000  Size=000000  Align=00001  Fill=0000
    NULL              Offs=000000  Size=000000  Align=00001  Fill=0000
../00.LIBRERIE/IP65/lib/ip65.lib(copymem.o):
    CODE              Offs=00044B  Size=000027  Align=00001  Fill=0000
    RODATA            Offs=0000FD  Size=000000  Align=00001  Fill=0000
    BSS               Offs=000066  Size=000001  Align=00001  Fill=0000
    DATA              Offs=00001E  Size=000000  Align=00001  Fill=0000
    ZEROPAGE          Offs=000000  Size=000000  Align=00001  Fill=0000
    NULL              Offs=000000  Size=000000  Align=00001  Fill=0000
../00.LIBRERIE/IP65/lib/ip65.lib(dhcp.o):
    CODE              Offs=000472  Size=000294  Align=00001  Fill=0000
    RODATA            Offs=0000FD  Size=000000  Align=00001  Fill=0000
    BSS               Offs=000067  Size=000009  Align=00001  Fill=0000
    DATA              Offs=00001E  Size=000000  Align=00001  Fill=0000
    ZEROPAGE          Offs=000000  Size=000000  Align=00001  Fill=0000
    NULL              Offs=000000  Size=000000  Align=00001  Fill=0000
../00.LIBRERIE/IP65/lib/ip65.lib(dhcp_c.o):
    CODE              Offs=000706  Size=000008  Align=00001  Fill=0000
    RODATA            Offs=0000FD  Size=000000  Align=00001  Fill=0000
    BSS               Offs=000070  Size=000000  Align=00001  Fill=0000
    DATA              Offs=00001E  Size=000000  Align=00001  Fill=0000
    ZEROPAGE          Offs=000000  Size=000000  Align=00001  Fill=0000
    NULL              Offs=000000  Size=000000  Align=00001  Fill=0000
../00.LIBRERIE/IP65/lib/ip65.lib(error.o):
    CODE              Offs=00070E  Size=000071  Align=00001  Fill=0000
    RODATA            Offs=0000FD  Size=0000BD  Align=00001  Fill=0000
    BSS               Offs=000070  Size=000000  Align=00001  Fill=0000
    DATA              Offs=00001E  Size=000000  Align=00001  Fill=0000
    ZEROPAGE          Offs=000000  Size=000000  Align=00001  Fill=0000
    NULL              Offs=000000  Size=000000  Align=00001  Fill=0000
../00.LIBRERIE/IP65/lib/ip65.lib(eth.o):
    CODE              Offs=00077F  Size=000020  Align=00001  Fill=0000
    RODATA            Offs=0001BA  Size=000000  Align=00001  Fill=0000
    BSS               Offs=000070  Size=000004  Align=00001  Fill=0000
    DATA              Offs=00001E  Size=000000  Align=00001  Fill=0000
    ZEROPAGE          Offs=000000  Size=000000  Align=00001  Fill=0000
    NULL              Offs=000000  Size=000000  Align=00001  Fill=0000
../00.LIBRERIE/IP65/lib/ip65.lib(eth_buffer.o):
    CODE              Offs=00079F  Size=000000  Align=00001  Fill=0000
    RODATA            Offs=0001BA  Size=000000  Align=00001  Fill=0000
    BSS               Offs=000074  Size=000BDC  Align=00001  Fill=0000
    DATA              Offs=00001E  Size=000000  Align=00001  Fill=0000
    ZEROPAGE          Offs=000000  Size=000000  Align=00001  Fill=0000
    NULL              Offs=000000  Size=000000  Align=00001  Fill=0000
../00.LIBRERIE/IP65/lib/ip65.lib(ip65.o):
    CODE              Offs=00079F  Size=00005F  Align=00001  Fill=0000
    RODATA            Offs=0001BA  Size=000000  Align=00001  Fill=0000
    BSS               Offs=000C50  Size=000004  Align=00001  Fill=0000
    DATA              Offs=00001E  Size=000000  Align=00001  Fill=0000
    ZEROPAGE          Offs=000000  Size=000000  Align=00001  Fill=0000
    NULL              Offs=000000  Size=000000  Align=00001  Fill=0000
../00.LIBRERIE/IP65/lib/ip65.lib(ip65_c.o):
    CODE              Offs=0007FE  Size=000010  Align=00001  Fill=0000
    RODATA            Offs=0001BA  Size=000000  Align=00001  Fill=0000
    BSS               Offs=000C54  Size=000000  Align=00001  Fill=0000
    DATA              Offs=00001E  Size=000000  Align=00001  Fill=0000
    ZEROPAGE          Offs=000000  Size=000000  Align=00001  Fill=0000
    NULL              Offs=000000  Size=000000  Align=00001  Fill=0000
../00.LIBRERIE/IP65/lib/ip65.lib(timer.o):
    CODE              Offs=00080E  Size=000018  Align=00001  Fill=0000
    RODATA            Offs=0001BA  Size=000000  Align=00001  Fill=0000
    BSS               Offs=000C54  Size=000002  Align=00001  Fill=0000
    DATA              Offs=00001E  Size=000000  Align=00001  Fill=0000
    ZEROPAGE          Offs=000000  Size=000000  Align=00001  Fill=0000
    NULL              Offs=000000  Size=000000  Align=00001  Fill=0000
../00.LIBRERIE/IP65/lib/ip65.lib(output_buffer.o):
    CODE              Offs=000826  Size=000000  Align=00001  Fill=0000
    RODATA            Offs=0001BA  Size=000000  Align=00001  Fill=0000
    BSS               Offs=000C56  Size=000208  Align=00001  Fill=0000
    DATA              Offs=00001E  Size=000000  Align=00001  Fill=0000
    ZEROPAGE          Offs=000000  Size=000000  Align=00001  Fill=0000
    NULL              Offs=000000  Size=000000  Align=00001  Fill=0000
../00.LIBRERIE/IP65/lib/ip65.lib(udp.o):
    CODE              Offs=000826  Size=000176  Align=00001  Fill=0000
    RODATA            Offs=0001BA  Size=000000  Align=00001  Fill=0000
    BSS               Offs=000E5E  Size=00001F  Align=00001  Fill=0000
    DATA              Offs=00001E  Size=000003  Align=00001  Fill=0000
    ZEROPAGE          Offs=000000  Size=000000  Align=00001  Fill=0000
    NULL              Offs=000000  Size=000000  Align=00001  Fill=0000
../00.LIBRERIE/IP65/lib/ip65.lib(ip.o):
    CODE              Offs=00099C  Size=00020B  Align=00001  Fill=0000
    RODATA            Offs=0001BA  Size=000000  Align=00001  Fill=0000
    BSS               Offs=000E7D  Size=00000C  Align=00001  Fill=0000
    DATA              Offs=000021  Size=000000  Align=00001  Fill=0000
    ZEROPAGE          Offs=000000  Size=000000  Align=00001  Fill=0000
    NULL              Offs=000000  Size=000000  Align=00001  Fill=0000
../00.LIBRERIE/IP65/lib/ip65.lib(icmp.o):
    CODE              Offs=000BA7  Size=00010D  Align=00001  Fill=0000
    RODATA            Offs=0001BA  Size=000000  Align=00001  Fill=0000
    BSS               Offs=000E89  Size=000009  Align=00001  Fill=0000
    DATA              Offs=000021  Size=000003  Align=00001  Fill=0000
    ZEROPAGE          Offs=000000  Size=000000  Align=00001  Fill=0000
    NULL              Offs=000000  Size=000000  Align=00001  Fill=0000
../00.LIBRERIE/IP65/drivers/ip65_apple2.lib(uthernet.o):
    CODE              Offs=000CB4  Size=000000  Align=00001  Fill=0000
    RODATA            Offs=0001BA  Size=000020  Align=00001  Fill=0000
    BSS               Offs=000E92  Size=000000  Align=00001  Fill=0000
    DATA              Offs=000024  Size=00017C  Align=00001  Fill=0000
    ZEROPAGE          Offs=000000  Size=000000  Align=00001  Fill=0000
    NULL              Offs=000000  Size=000000  Align=00001  Fill=0000
../00.LIBRERIE/IP65/drivers/ip65_apple2.lib(lancegs.o):
    CODE              Offs=000CB4  Size=000000  Align=00001  Fill=0000
    RODATA            Offs=0001DA  Size=00002E  Align=00001  Fill=0000
    BSS               Offs=000E92  Size=000000  Align=00001  Fill=0000
    DATA              Offs=0001A0  Size=00018B  Align=00001  Fill=0000
    ZEROPAGE          Offs=000000  Size=000000  Align=00001  Fill=0000
    NULL              Offs=000000  Size=000000  Align=00001  Fill=0000
../00.LIBRERIE/IP65/drivers/ip65_apple2.lib(uthernet2.o):
    CODE              Offs=000CB4  Size=000000  Align=00001  Fill=0000
    RODATA            Offs=000208  Size=00002B  Align=00001  Fill=0000
    BSS               Offs=000E92  Size=000000  Align=00001  Fill=0000
    DATA              Offs=00032B  Size=000238  Align=00001  Fill=0000
    ZEROPAGE          Offs=000000  Size=000000  Align=00001  Fill=0000
    NULL              Offs=000000  Size=000000  Align=00001  Fill=0000
../00.LIBRERIE/IP65/drivers/ip65_apple2.lib(a2combo.o):
    CODE              Offs=000CB4  Size=0000BF  Align=00001  Fill=0000
    RODATA            Offs=000233  Size=000000  Align=00001  Fill=0000
    BSS               Offs=000E92  Size=000015  Align=00001  Fill=0000
    DATA              Offs=000563  Size=000043  Align=00001  Fill=0000
    ZEROPAGE          Offs=000000  Size=000000  Align=00001  Fill=0000
    NULL              Offs=000000  Size=000000  Align=00001  Fill=0000
../00.LIBRERIE/IP65/drivers/ip65_apple2.lib(a2_timer.o):
    CODE              Offs=000D73  Size=00002E  Align=00001  Fill=0000
    RODATA            Offs=000233  Size=000000  Align=00001  Fill=0000
    BSS               Offs=000EA7  Size=000002  Align=00001  Fill=0000
    DATA              Offs=0005A6  Size=000000  Align=00001  Fill=0000
    ZEROPAGE          Offs=000000  Size=000000  Align=00001  Fill=0000
    NULL              Offs=000000  Size=000000  Align=00001  Fill=0000
../00.LIBRERIE/IP65/drivers/ip65_apple2.lib(a2_input.o):
    CODE              Offs=000DA1  Size=00000F  Align=00001  Fill=0000
    RODATA            Offs=000233  Size=000000  Align=00001  Fill=0000
    BSS               Offs=000EA9  Size=000000  Align=00001  Fill=0000
    DATA              Offs=0005A6  Size=000001  Align=00001  Fill=0000
    ZEROPAGE          Offs=000000  Size=000000  Align=00001  Fill=0000
    NULL              Offs=000000  Size=000000  Align=00001  Fill=0000
../00.LIBRERIE/CC65/lib/apple2.lib(_directerrno.o):
    CODE              Offs=000DB0  Size=00000A  Align=00001  Fill=0000
    RODATA            Offs=000233  Size=000000  Align=00001  Fill=0000
    BSS               Offs=000EA9  Size=000000  Align=00001  Fill=0000
    DATA              Offs=0005A7  Size=000000  Align=00001  Fill=0000
    ZEROPAGE          Offs=000000  Size=000000  Align=00001  Fill=0000
    NULL              Offs=000000  Size=000000  Align=00001  Fill=0000
../00.LIBRERIE/CC65/lib/apple2.lib(_file.o):
    CODE              Offs=000DBA  Size=000000  Align=00001  Fill=0000
    RODATA            Offs=000233  Size=000000  Align=00001  Fill=0000
    BSS               Offs=000EA9  Size=000000  Align=00001  Fill=0000
    DATA              Offs=0005A7  Size=00001E  Align=00001  Fill=0000
    ZEROPAGE          Offs=000000  Size=000000  Align=00001  Fill=0000
    NULL              Offs=000000  Size=000000  Align=00001  Fill=0000
../00.LIBRERIE/CC65/lib/apple2.lib(_hextab.o):
    CODE              Offs=000DBA  Size=000000  Align=00001  Fill=0000
    RODATA            Offs=000233  Size=000010  Align=00001  Fill=0000
    BSS               Offs=000EA9  Size=000000  Align=00001  Fill=0000
    DATA              Offs=0005C5  Size=000000  Align=00001  Fill=0000
    ZEROPAGE          Offs=000000  Size=000000  Align=00001  Fill=0000
    NULL              Offs=000000  Size=000000  Align=00001  Fill=0000
../00.LIBRERIE/CC65/lib/apple2.lib(_longminstr.o):
    CODE              Offs=000DBA  Size=000000  Align=00001  Fill=0000
    RODATA            Offs=000243  Size=00000C  Align=00001  Fill=0000
    BSS               Offs=000EA9  Size=000000  Align=00001  Fill=0000
    DATA              Offs=0005C5  Size=000000  Align=00001  Fill=0000
    ZEROPAGE          Offs=000000  Size=000000  Align=00001  Fill=0000
    NULL              Offs=000000  Size=000000  Align=00001  Fill=0000
../00.LIBRERIE/CC65/lib/apple2.lib(_mappederrno.o):
    CODE              Offs=000DBA  Size=000010  Align=00001  Fill=0000
    RODATA            Offs=00024F  Size=000000  Align=00001  Fill=0000
    BSS               Offs=000EA9  Size=000000  Align=00001  Fill=0000
    DATA              Offs=0005C5  Size=000000  Align=00001  Fill=0000
    ZEROPAGE          Offs=000000  Size=000000  Align=00001  Fill=0000
    NULL              Offs=000000  Size=000000  Align=00001  Fill=0000
../00.LIBRERIE/CC65/lib/apple2.lib(_oserror.o):
    CODE              Offs=000DCA  Size=000000  Align=00001  Fill=0000
    RODATA            Offs=00024F  Size=000000  Align=00001  Fill=0000
    BSS               Offs=000EA9  Size=000001  Align=00001  Fill=0000
    DATA              Offs=0005C5  Size=000000  Align=00001  Fill=0000
    ZEROPAGE          Offs=000000  Size=000000  Align=00001  Fill=0000
    NULL              Offs=000000  Size=000000  Align=00001  Fill=0000
../00.LIBRERIE/CC65/lib/apple2.lib(_printf.o):
    CODE              Offs=000DCA  Size=0003A2  Align=00001  Fill=0000
    RODATA            Offs=00024F  Size=000000  Align=00001  Fill=0000
    BSS               Offs=000EAA  Size=00002B  Align=00001  Fill=0000
    DATA              Offs=0005C5  Size=000003  Align=00001  Fill=0000
    ZEROPAGE          Offs=000000  Size=000000  Align=00001  Fill=0000
    NULL              Offs=000000  Size=000000  Align=00001  Fill=0000
../00.LIBRERIE/CC65/lib/apple2.lib(_seterrno.o):
    CODE              Offs=00116C  Size=000009  Align=00001  Fill=0000
    RODATA            Offs=00024F  Size=000000  Align=00001  Fill=0000
    BSS               Offs=000ED5  Size=000000  Align=00001  Fill=0000
    DATA              Offs=0005C8  Size=000000  Align=00001  Fill=0000
    ZEROPAGE          Offs=000000  Size=000000  Align=00001  Fill=0000
    NULL              Offs=000000  Size=000000  Align=00001  Fill=0000
../00.LIBRERIE/CC65/lib/apple2.lib(addeqsp.o):
    CODE              Offs=001175  Size=000011  Align=00001  Fill=0000
    RODATA            Offs=00024F  Size=000000  Align=00001  Fill=0000
    BSS               Offs=000ED5  Size=000000  Align=00001  Fill=0000
    DATA              Offs=0005C8  Size=000000  Align=00001  Fill=0000
    ZEROPAGE          Offs=000000  Size=000000  Align=00001  Fill=0000
    NULL              Offs=000000  Size=000000  Align=00001  Fill=0000
../00.LIBRERIE/CC65/lib/apple2.lib(addysp.o):
    CODE              Offs=001186  Size=00000E  Align=00001  Fill=0000
    RODATA            Offs=00024F  Size=000000  Align=00001  Fill=0000
    BSS               Offs=000ED5  Size=000000  Align=00001  Fill=0000
    DATA              Offs=0005C8  Size=000000  Align=00001  Fill=0000
    ZEROPAGE          Offs=000000  Size=000000  Align=00001  Fill=0000
    NULL              Offs=000000  Size=000000  Align=00001  Fill=0000
../00.LIBRERIE/CC65/lib/apple2.lib(axlong.o):
    CODE              Offs=001194  Size=00000D  Align=00001  Fill=0000
    RODATA            Offs=00024F  Size=000000  Align=00001  Fill=0000
    BSS               Offs=000ED5  Size=000000  Align=00001  Fill=0000
    DATA              Offs=0005C8  Size=000000  Align=00001  Fill=0000
    ZEROPAGE          Offs=000000  Size=000000  Align=00001  Fill=0000
    NULL              Offs=000000  Size=000000  Align=00001  Fill=0000
../00.LIBRERIE/CC65/lib/apple2.lib(callmain.o):
    CODE              Offs=0011A1  Size=000042  Align=00001  Fill=0000
    RODATA            Offs=00024F  Size=000000  Align=00001  Fill=0000
    BSS               Offs=000ED5  Size=000000  Align=00001  Fill=0000
    DATA              Offs=0005C8  Size=000004  Align=00001  Fill=0000
    ZEROPAGE          Offs=000000  Size=000000  Align=00001  Fill=0000
    NULL              Offs=000000  Size=000000  Align=00001  Fill=0000
../00.LIBRERIE/CC65/lib/apple2.lib(condes.o):
    CODE              Offs=0011E3  Size=00000C  Align=00001  Fill=0000
    RODATA            Offs=00024F  Size=000000  Align=00001  Fill=0000
    BSS               Offs=000ED5  Size=000000  Align=00001  Fill=0000
    DATA              Offs=0005CC  Size=000025  Align=00001  Fill=0000
    ZEROPAGE          Offs=000000  Size=000000  Align=00001  Fill=0000
    NULL              Offs=000000  Size=000000  Align=00001  Fill=0000
    ONCE              Offs=000000  Size=00000C  Align=00001  Fill=0000
../00.LIBRERIE/CC65/lib/apple2.lib(cout.o):
    CODE              Offs=0011EF  Size=000000  Align=00001  Fill=0000
    RODATA            Offs=00024F  Size=000000  Align=00001  Fill=0000
    BSS               Offs=000ED5  Size=000000  Align=00001  Fill=0000
    DATA              Offs=0005F1  Size=000000  Align=00001  Fill=0000
    ZEROPAGE          Offs=000000  Size=000000  Align=00001  Fill=0000
    NULL              Offs=000000  Size=000000  Align=00001  Fill=0000
    LOWCODE           Offs=000000  Size=00000A  Align=00001  Fill=0000
../00.LIBRERIE/CC65/lib/apple2.lib(crt0.o):
    CODE              Offs=0011EF  Size=000012  Align=00001  Fill=0000
    RODATA            Offs=00024F  Size=000007  Align=00001  Fill=0000
    BSS               Offs=000ED5  Size=000000  Align=00001  Fill=0000
    DATA              Offs=0005F1  Size=000003  Align=00001  Fill=0000
    ZEROPAGE          Offs=000000  Size=000000  Align=00001  Fill=0000
    NULL              Offs=000000  Size=000000  Align=00001  Fill=0000
    STARTUP           Offs=000000  Size=00000C  Align=00001  Fill=0000
    ONCE              Offs=00000C  Size=00006A  Align=00001  Fill=0000
    INIT              Offs=000000  Size=00001D  Align=00001  Fill=0000
../00.LIBRERIE/CC65/lib/apple2.lib(ctype.o):
    CODE              Offs=001201  Size=000000  Align=00001  Fill=0000
    RODATA            Offs=000256  Size=00008B  Align=00001  Fill=0000
    BSS               Offs=000ED5  Size=000000  Align=00001  Fill=0000
    DATA              Offs=0005F4  Size=000000  Align=00001  Fill=0000
    ZEROPAGE          Offs=000000  Size=000000  Align=00001  Fill=0000
    NULL              Offs=000000  Size=000000  Align=00001  Fill=0000
../00.LIBRERIE/CC65/lib/apple2.lib(ctypemask.o):
    CODE              Offs=001201  Size=00001E  Align=00001  Fill=0000
    RODATA            Offs=0002E1  Size=000000  Align=00001  Fill=0000
    BSS               Offs=000ED5  Size=000000  Align=00001  Fill=0000
    DATA              Offs=0005F4  Size=000000  Align=00001  Fill=0000
    ZEROPAGE          Offs=000000  Size=000000  Align=00001  Fill=0000
    NULL              Offs=000000  Size=000000  Align=00001  Fill=0000
../00.LIBRERIE/CC65/lib/apple2.lib(decsp2.o):
    CODE              Offs=00121F  Size=00000D  Align=00001  Fill=0000
    RODATA            Offs=0002E1  Size=000000  Align=00001  Fill=0000
    BSS               Offs=000ED5  Size=000000  Align=00001  Fill=0000
    DATA              Offs=0005F4  Size=000000  Align=00001  Fill=0000
    ZEROPAGE          Offs=000000  Size=000000  Align=00001  Fill=0000
    NULL              Offs=000000  Size=000000  Align=00001  Fill=0000
../00.LIBRERIE/CC65/lib/apple2.lib(decsp4.o):
    CODE              Offs=00122C  Size=00000D  Align=00001  Fill=0000
    RODATA            Offs=0002E1  Size=000000  Align=00001  Fill=0000
    BSS               Offs=000ED5  Size=000000  Align=00001  Fill=0000
    DATA              Offs=0005F4  Size=000000  Align=00001  Fill=0000
    ZEROPAGE          Offs=000000  Size=000000  Align=00001  Fill=0000
    NULL              Offs=000000  Size=000000  Align=00001  Fill=0000
../00.LIBRERIE/CC65/lib/apple2.lib(decsp6.o):
    CODE              Offs=001239  Size=00000D  Align=00001  Fill=0000
    RODATA            Offs=0002E1  Size=000000  Align=00001  Fill=0000
    BSS               Offs=000ED5  Size=000000  Align=00001  Fill=0000
    DATA              Offs=0005F4  Size=000000  Align=00001  Fill=0000
    ZEROPAGE          Offs=000000  Size=000000  Align=00001  Fill=0000
    NULL              Offs=000000  Size=000000  Align=00001  Fill=0000
../00.LIBRERIE/CC65/lib/apple2.lib(dosdetect.o):
    CODE              Offs=001246  Size=000000  Align=00001  Fill=0000
    RODATA            Offs=0002E1  Size=000000  Align=00001  Fill=0000
    BSS               Offs=000ED5  Size=000000  Align=00001  Fill=0000
    DATA              Offs=0005F4  Size=000001  Align=00001  Fill=0000
    ZEROPAGE          Offs=000000  Size=000000  Align=00001  Fill=0000
    NULL              Offs=000000  Size=000000  Align=00001  Fill=0000
    ONCE              Offs=000076  Size=000014  Align=00001  Fill=0000
../00.LIBRERIE/CC65/lib/apple2.lib(errno.o):
    CODE              Offs=001246  Size=000000  Align=00001  Fill=0000
    RODATA            Offs=0002E1  Size=000000  Align=00001  Fill=0000
    BSS               Offs=000ED5  Size=000002  Align=00001  Fill=0000
    DATA              Offs=0005F5  Size=000000  Align=00001  Fill=0000
    ZEROPAGE          Offs=000000  Size=000000  Align=00001  Fill=0000
    NULL              Offs=000000  Size=000000  Align=00001  Fill=0000
../00.LIBRERIE/CC65/lib/apple2.lib(exehdr.o):
    CODE              Offs=001246  Size=000000  Align=00001  Fill=0000
    RODATA            Offs=0002E1  Size=000000  Align=00001  Fill=0000
    BSS               Offs=000ED7  Size=000000  Align=00001  Fill=0000
    DATA              Offs=0005F5  Size=000000  Align=00001  Fill=0000
    ZEROPAGE          Offs=000000  Size=000000  Align=00001  Fill=0000
    NULL              Offs=000000  Size=000000  Align=00001  Fill=0000
    EXEHDR            Offs=000000  Size=00003A  Align=00001  Fill=0000
../00.LIBRERIE/CC65/lib/apple2.lib(filedes.o):
    CODE              Offs=001246  Size=000016  Align=00001  Fill=0000
    RODATA            Offs=0002E1  Size=000000  Align=00001  Fill=0000
    BSS               Offs=000ED7  Size=000000  Align=00001  Fill=0000
    DATA              Offs=0005F5  Size=000020  Align=00001  Fill=0000
    ZEROPAGE          Offs=000000  Size=000000  Align=00001  Fill=0000
    NULL              Offs=000000  Size=000000  Align=00001  Fill=0000
../00.LIBRERIE/CC65/lib/apple2.lib(fwrite.o):
    CODE              Offs=00125C  Size=000079  Align=00001  Fill=0000
    RODATA            Offs=0002E1  Size=000000  Align=00001  Fill=0000
    BSS               Offs=000ED7  Size=000002  Align=00001  Fill=0000
    DATA              Offs=000615  Size=000000  Align=00001  Fill=0000
    ZEROPAGE          Offs=000000  Size=000000  Align=00001  Fill=0000
    NULL              Offs=000000  Size=000000  Align=00001  Fill=0000
../00.LIBRERIE/CC65/lib/apple2.lib(incsp2.o):
    CODE              Offs=0012D5  Size=000016  Align=00001  Fill=0000
    RODATA            Offs=0002E1  Size=000000  Align=00001  Fill=0000
    BSS               Offs=000ED9  Size=000000  Align=00001  Fill=0000
    DATA              Offs=000615  Size=000000  Align=00001  Fill=0000
    ZEROPAGE          Offs=000000  Size=000000  Align=00001  Fill=0000
    NULL              Offs=000000  Size=000000  Align=00001  Fill=0000
../00.LIBRERIE/CC65/lib/apple2.lib(incsp6.o):
    CODE              Offs=0012EB  Size=000005  Align=00001  Fill=0000
    RODATA            Offs=0002E1  Size=000000  Align=00001  Fill=0000
    BSS               Offs=000ED9  Size=000000  Align=00001  Fill=0000
    DATA              Offs=000615  Size=000000  Align=00001  Fill=0000
    ZEROPAGE          Offs=000000  Size=000000  Align=00001  Fill=0000
    NULL              Offs=000000  Size=000000  Align=00001  Fill=0000
../00.LIBRERIE/CC65/lib/apple2.lib(ldaxsp.o):
    CODE              Offs=0012F0  Size=000009  Align=00001  Fill=0000
    RODATA            Offs=0002E1  Size=000000  Align=00001  Fill=0000
    BSS               Offs=000ED9  Size=000000  Align=00001  Fill=0000
    DATA              Offs=000615  Size=000000  Align=00001  Fill=0000
    ZEROPAGE          Offs=000000  Size=000000  Align=00001  Fill=0000
    NULL              Offs=000000  Size=000000  Align=00001  Fill=0000
../00.LIBRERIE/CC65/lib/apple2.lib(lneg.o):
    CODE              Offs=0012F9  Size=00001E  Align=00001  Fill=0000
    RODATA            Offs=0002E1  Size=000000  Align=00001  Fill=0000
    BSS               Offs=000ED9  Size=000000  Align=00001  Fill=0000
    DATA              Offs=000615  Size=000000  Align=00001  Fill=0000
    ZEROPAGE          Offs=000000  Size=000000  Align=00001  Fill=0000
    NULL              Offs=000000  Size=000000  Align=00001  Fill=0000
../00.LIBRERIE/CC65/lib/apple2.lib(lpush.o):
    CODE              Offs=001317  Size=000021  Align=00001  Fill=0000
    RODATA            Offs=0002E1  Size=000000  Align=00001  Fill=0000
    BSS               Offs=000ED9  Size=000000  Align=00001  Fill=0000
    DATA              Offs=000615  Size=000000  Align=00001  Fill=0000
    ZEROPAGE          Offs=000000  Size=000000  Align=00001  Fill=0000
    NULL              Offs=000000  Size=000000  Align=00001  Fill=0000
../00.LIBRERIE/CC65/lib/apple2.lib(ltoa.o):
    CODE              Offs=001338  Size=000095  Align=00001  Fill=0000
    RODATA            Offs=0002E1  Size=000000  Align=00001  Fill=0000
    BSS               Offs=000ED9  Size=000000  Align=00001  Fill=0000
    DATA              Offs=000615  Size=000000  Align=00001  Fill=0000
    ZEROPAGE          Offs=000000  Size=000000  Align=00001  Fill=0000
    NULL              Offs=000000  Size=000000  Align=00001  Fill=0000
../00.LIBRERIE/CC65/lib/apple2.lib(makebool.o):
    CODE              Offs=0013CD  Size=00002C  Align=00001  Fill=0000
    RODATA            Offs=0002E1  Size=000000  Align=00001  Fill=0000
    BSS               Offs=000ED9  Size=000000  Align=00001  Fill=0000
    DATA              Offs=000615  Size=000000  Align=00001  Fill=0000
    ZEROPAGE          Offs=000000  Size=000000  Align=00001  Fill=0000
    NULL              Offs=000000  Size=000000  Align=00001  Fill=0000
../00.LIBRERIE/CC65/lib/apple2.lib(mli.o):
    CODE              Offs=0013F9  Size=000000  Align=00001  Fill=0000
    RODATA            Offs=0002E1  Size=000000  Align=00001  Fill=0000
    BSS               Offs=000ED9  Size=000012  Align=00001  Fill=0000
    DATA              Offs=000615  Size=000024  Align=00001  Fill=0000
    ZEROPAGE          Offs=000000  Size=000000  Align=00001  Fill=0000
    NULL              Offs=000000  Size=000000  Align=00001  Fill=0000
../00.LIBRERIE/CC65/lib/apple2.lib(mul.o):
    CODE              Offs=0013F9  Size=000045  Align=00001  Fill=0000
    RODATA            Offs=0002E1  Size=000000  Align=00001  Fill=0000
    BSS               Offs=000EEB  Size=000000  Align=00001  Fill=0000
    DATA              Offs=000639  Size=000000  Align=00001  Fill=0000
    ZEROPAGE          Offs=000000  Size=000000  Align=00001  Fill=0000
    NULL              Offs=000000  Size=000000  Align=00001  Fill=0000
../00.LIBRERIE/CC65/lib/apple2.lib(mul8.o):
    CODE              Offs=00143E  Size=00003A  Align=00001  Fill=0000
    RODATA            Offs=0002E1  Size=000000  Align=00001  Fill=0000
    BSS               Offs=000EEB  Size=000000  Align=00001  Fill=0000
    DATA              Offs=000639  Size=000000  Align=00001  Fill=0000
    ZEROPAGE          Offs=000000  Size=000000  Align=00001  Fill=0000
    NULL              Offs=000000  Size=000000  Align=00001  Fill=0000
../00.LIBRERIE/CC65/lib/apple2.lib(oserror.o):
    CODE              Offs=001478  Size=000016  Align=00001  Fill=0000
    RODATA            Offs=0002E1  Size=000032  Align=00001  Fill=0000
    BSS               Offs=000EEB  Size=000000  Align=00001  Fill=0000
    DATA              Offs=000639  Size=000000  Align=00001  Fill=0000
    ZEROPAGE          Offs=000000  Size=000000  Align=00001  Fill=0000
    NULL              Offs=000000  Size=000000  Align=00001  Fill=0000
../00.LIBRERIE/CC65/lib/apple2.lib(popptr1.o):
    CODE              Offs=00148E  Size=00000E  Align=00001  Fill=0000
    RODATA            Offs=000313  Size=000000  Align=00001  Fill=0000
    BSS               Offs=000EEB  Size=000000  Align=00001  Fill=0000
    DATA              Offs=000639  Size=000000  Align=00001  Fill=0000
    ZEROPAGE          Offs=000000  Size=000000  Align=00001  Fill=0000
    NULL              Offs=000000  Size=000000  Align=00001  Fill=0000
../00.LIBRERIE/CC65/lib/apple2.lib(printf.o):
    CODE              Offs=00149C  Size=000033  Align=00001  Fill=0000
    RODATA            Offs=000313  Size=000000  Align=00001  Fill=0000
    BSS               Offs=000EEB  Size=000001  Align=00001  Fill=0000
    DATA              Offs=000639  Size=000000  Align=00001  Fill=0000
    ZEROPAGE          Offs=000000  Size=000000  Align=00001  Fill=0000
    NULL              Offs=000000  Size=000000  Align=00001  Fill=0000
../00.LIBRERIE/CC65/lib/apple2.lib(push1.o):
    CODE              Offs=0014CF  Size=000005  Align=00001  Fill=0000
    RODATA            Offs=000313  Size=000000  Align=00001  Fill=0000
    BSS               Offs=000EEC  Size=000000  Align=00001  Fill=0000
    DATA              Offs=000639  Size=000000  Align=00001  Fill=0000
    ZEROPAGE          Offs=000000  Size=000000  Align=00001  Fill=0000
    NULL              Offs=000000  Size=000000  Align=00001  Fill=0000
../00.LIBRERIE/CC65/lib/apple2.lib(pushax.o):
    CODE              Offs=0014D4  Size=00001A  Align=00001  Fill=0000
    RODATA            Offs=000313  Size=000000  Align=00001  Fill=0000
    BSS               Offs=000EEC  Size=000000  Align=00001  Fill=0000
    DATA              Offs=000639  Size=000000  Align=00001  Fill=0000
    ZEROPAGE          Offs=000000  Size=000000  Align=00001  Fill=0000
    NULL              Offs=000000  Size=000000  Align=00001  Fill=0000
../00.LIBRERIE/CC65/lib/apple2.lib(pushwsp.o):
    CODE              Offs=0014EE  Size=00001C  Align=00001  Fill=0000
    RODATA            Offs=000313  Size=000000  Align=00001  Fill=0000
    BSS               Offs=000EEC  Size=000000  Align=00001  Fill=0000
    DATA              Offs=000639  Size=000000  Align=00001  Fill=0000
    ZEROPAGE          Offs=000000  Size=000000  Align=00001  Fill=0000
    NULL              Offs=000000  Size=000000  Align=00001  Fill=0000
../00.LIBRERIE/CC65/lib/apple2.lib(rwcommon.o):
    CODE              Offs=00150A  Size=00003D  Align=00001  Fill=0000
    RODATA            Offs=000313  Size=000000  Align=00001  Fill=0000
    BSS               Offs=000EEC  Size=000000  Align=00001  Fill=0000
    DATA              Offs=000639  Size=000000  Align=00001  Fill=0000
    ZEROPAGE          Offs=000000  Size=000000  Align=00001  Fill=0000
    NULL              Offs=000000  Size=000000  Align=00001  Fill=0000
../00.LIBRERIE/CC65/lib/apple2.lib(staxsp.o):
    CODE              Offs=001547  Size=00000B  Align=00001  Fill=0000
    RODATA            Offs=000313  Size=000000  Align=00001  Fill=0000
    BSS               Offs=000EEC  Size=000000  Align=00001  Fill=0000
    DATA              Offs=000639  Size=000000  Align=00001  Fill=0000
    ZEROPAGE          Offs=000000  Size=000000  Align=00001  Fill=0000
    NULL              Offs=000000  Size=000000  Align=00001  Fill=0000
../00.LIBRERIE/CC65/lib/apple2.lib(staxspi.o):
    CODE              Offs=001552  Size=00001B  Align=00001  Fill=0000
    RODATA            Offs=000313  Size=000000  Align=00001  Fill=0000
    BSS               Offs=000EEC  Size=000000  Align=00001  Fill=0000
    DATA              Offs=000639  Size=000000  Align=00001  Fill=0000
    ZEROPAGE          Offs=000000  Size=000000  Align=00001  Fill=0000
    NULL              Offs=000000  Size=000000  Align=00001  Fill=0000
../00.LIBRERIE/CC65/lib/apple2.lib(strlen.o):
    CODE              Offs=00156D  Size=000016  Align=00001  Fill=0000
    RODATA            Offs=000313  Size=000000  Align=00001  Fill=0000
    BSS               Offs=000EEC  Size=000000  Align=00001  Fill=0000
    DATA              Offs=000639  Size=000000  Align=00001  Fill=0000
    ZEROPAGE          Offs=000000  Size=000000  Align=00001  Fill=0000
    NULL              Offs=000000  Size=000000  Align=00001  Fill=0000
../00.LIBRERIE/CC65/lib/apple2.lib(strlower.o):
    CODE              Offs=001583  Size=000027  Align=00001  Fill=0000
    RODATA            Offs=000313  Size=000000  Align=00001  Fill=0000
    BSS               Offs=000EEC  Size=000000  Align=00001  Fill=0000
    DATA              Offs=000639  Size=000000  Align=00001  Fill=0000
    ZEROPAGE          Offs=000000  Size=000000  Align=00001  Fill=0000
    NULL              Offs=000000  Size=000000  Align=00001  Fill=0000
../00.LIBRERIE/CC65/lib/apple2.lib(subysp.o):
    CODE              Offs=0015AA  Size=00000D  Align=00001  Fill=0000
    RODATA            Offs=000313  Size=000000  Align=00001  Fill=0000
    BSS               Offs=000EEC  Size=000000  Align=00001  Fill=0000
    DATA              Offs=000639  Size=000000  Align=00001  Fill=0000
    ZEROPAGE          Offs=000000  Size=000000  Align=00001  Fill=0000
    NULL              Offs=000000  Size=000000  Align=00001  Fill=0000
../00.LIBRERIE/CC65/lib/apple2.lib(udiv.o):
    CODE              Offs=0015B7  Size=00004F  Align=00001  Fill=0000
    RODATA            Offs=000313  Size=000000  Align=00001  Fill=0000
    BSS               Offs=000EEC  Size=000000  Align=00001  Fill=0000
    DATA              Offs=000639  Size=000000  Align=00001  Fill=0000
    ZEROPAGE          Offs=000000  Size=000000  Align=00001  Fill=0000
    NULL              Offs=000000  Size=000000  Align=00001  Fill=0000
../00.LIBRERIE/CC65/lib/apple2.lib(uppercasemask.o):
    CODE              Offs=001606  Size=000000  Align=00001  Fill=0000
    RODATA            Offs=000313  Size=000000  Align=00001  Fill=0000
    BSS               Offs=000EEC  Size=000000  Align=00001  Fill=0000
    DATA              Offs=000639  Size=000001  Align=00001  Fill=0000
    ZEROPAGE          Offs=000000  Size=000000  Align=00001  Fill=0000
    NULL              Offs=000000  Size=000000  Align=00001  Fill=0000
../00.LIBRERIE/CC65/lib/apple2.lib(vfprintf.o):
    CODE              Offs=001606  Size=000061  Align=00001  Fill=0000
    RODATA            Offs=000313  Size=000000  Align=00001  Fill=0000
    BSS               Offs=000EEC  Size=000000  Align=00001  Fill=0000
    DATA              Offs=00063A  Size=000008  Align=00001  Fill=0000
    ZEROPAGE          Offs=000000  Size=000000  Align=00001  Fill=0000
    NULL              Offs=000000  Size=000000  Align=00001  Fill=0000
../00.LIBRERIE/CC65/lib/apple2.lib(write.o):
    CODE              Offs=001667  Size=000071  Align=00001  Fill=0000
    RODATA            Offs=000313  Size=000000  Align=00001  Fill=0000
    BSS               Offs=000EEC  Size=000000  Align=00001  Fill=0000
    DATA              Offs=000642  Size=000000  Align=00001  Fill=0000
    ZEROPAGE          Offs=000000  Size=000000  Align=00001  Fill=0000
    NULL              Offs=000000  Size=000000  Align=00001  Fill=0000
../00.LIBRERIE/CC65/lib/apple2.lib(zerobss.o):
    CODE              Offs=0016D8  Size=000023  Align=00001  Fill=0000
    RODATA            Offs=000313  Size=000000  Align=00001  Fill=0000
    BSS               Offs=000EEC  Size=000000  Align=00001  Fill=0000
    DATA              Offs=000642  Size=000000  Align=00001  Fill=0000
    ZEROPAGE          Offs=000000  Size=000000  Align=00001  Fill=0000
    NULL              Offs=000000  Size=000000  Align=00001  Fill=0000
../00.LIBRERIE/CC65/lib/apple2.lib(zeropage.o):
    CODE              Offs=0016FB  Size=000000  Align=00001  Fill=0000
    RODATA            Offs=000313  Size=000000  Align=00001  Fill=0000
    BSS               Offs=000EEC  Size=000000  Align=00001  Fill=0000
    DATA              Offs=000642  Size=000000  Align=00001  Fill=0000
    ZEROPAGE          Offs=000000  Size=00001A  Align=00001  Fill=0000
    NULL              Offs=000000  Size=000000  Align=00001  Fill=0000


Segment list:
-------------
Name                   Start     End    Size  Align
----------------------------------------------------
NULL                  000000  000000  000000  00001
ZEROPAGE              000080  000099  00001A  00001
EXEHDR                0007C9  000802  00003A  00001
STARTUP               000803  00080E  00000C  00001
LOWCODE               00080F  000818  00000A  00001
CODE                  000819  001F13  0016FB  00001
RODATA                001F14  002226  000313  00001
DATA                  002227  002868  000642  00001
INIT                  002869  002885  00001D  00001
BSS                   002886  003771  000EEC  00001
ONCE                  002886  002911  00008C  00001


Exports list by name:
---------------------
COUT                      00080F RLA    __BSS_LOAD__              002886  LA    
__BSS_RUN__               002886 RLA    __BSS_SIZE__              000EEC REA    
__CONSTRUCTOR_COUNT__     000001 REA    __CONSTRUCTOR_TABLE__     002910 RLA    
__DESTRUCTOR_COUNT__      000000 REA    __DESTRUCTOR_TABLE__      002227 RLA    
__EXEHDR__                000001 REA    __FILETYPE__              000006 REA    
__HIMEM__                 009600 REA    __LCADDR__                00D400 REA    
__LCSIZE__                000C00 REA    __LC_FILEOFFS__           000000  EA    
__LC_LAST__               00D400 RLA    __LC_SIZE__               000C00  EA    
__LC_START__              00D400 RLA    __MAIN_FILEOFFS__         00003A  EA    
__MAIN_LAST__             002912 RLA    __MAIN_SIZE__             008DFD  EA    
__MAIN_START__            000803 RLA    __ONCE_LOAD__             002886 RLA    
__ONCE_RUN__              002886 RLA    __ONCE_SIZE__             00008C REA    
__STACKSIZE__             000800 REA    __STARTUP__               000001 REA    
__ZP_FILEOFFS__           000000  EA    __ZP_LAST__               00009A  LA    
__ZP_SIZE__               00001A  EA    __ZP_START__              000080  LA    
___directerrno            0015C9 RLA    ___errno                  00375B RLA    
___mappederrno            0015D3 RLA    ___oserror                00372F RLA    
___osmaperrno             001C91 RLA    ___seterrno               001985 RLA    
__argc                    0027EF  LA    __argv                    0027F1  LA    
__ctype                   00216A RLA    __ctypeidx                002175 RLA    
__dos_type                00281B RLA    __filetab                 0027CE  LA    
__hextab                  002147 RLA    __longminstr              002157 RLA    
__printf                  0016D4 RLA    _cfg_dns                  002239 RLA    
_cfg_gateway              002235 RLA    _cfg_ip                   00222D RLA    
_cfg_mac                  002227  LA    _cfg_netmask              002231 RLA    
_check_uthernet           0009BD RLA    _cs8900a                  00224B RLA    
_cs8900a_name             0020E5 RLA    _dhcp_init                000F1F RLA    
_dhcp_server              00223D RLA    _exit                     0019D1 RLA    
_fwrite                   001A75 RLA    _ip65_error               0034D9  LA    
_ip65_init                001017 RLA    _ip65_process             00101F  LA    
_ip65_random_word         000FB8  LA    _ip65_strerror            000F27  LA    
_lan91c96                 0023C7 RLA    _lan91c96_name            002114 RLA    
_ltoa                     001B69 RLA    _main                     000819 RLA    
_print_ip                 000959 RLA    _printf                   001CB5 RLA    
_stderr                   0027EA  LA    _stdin                    0027E6  LA    
_stdout                   0027E8 RLA    _strlen                   001D86 RLA    
_strlen_ptr4              001D8A  LA    _strlower                 001D9C RLA    
_strlwr                   001D9C  LA    _ultoa                    001BAA RLA    
_vfprintf                 001E57 RLA    _w5100                    002552 RLA    
_w5100_name               00213B RLA    _write                    001E80 RLA    
abort_key                 0027CD  LA    abort_key_default         00009B  EZ    
abort_key_disable         000080  EZ    ac_size                   000008  EZ    
addeq0sp                  00198E  LA    addeqysp                  001990 RLA    
addysp                    0019A0 RLA    addysp1                   00199F  LA    
arp_add                   000BEE  LA    arp_cache                 002891  LA    
arp_calculate_gateway_mask 000A6C RLA    arp_init                  000A62 RLA    
arp_ip                    00288D RLA    arp_lookup                000A91 RLA    
arp_mac                   002887 RLA    arp_process               000B70 RLA    
axlong                    0019AD RLA    axulong                   0019B3 RLA    
booleq                    001BEC RLA    boolge                    001BFD  LA    
boolgt                    001BFB  LA    boolle                    001BF3  LA    
boollt                    001BF5  LA    boolne                    001BE6  LA    
booluge                   001C0D  LA    boolugt                   001C0B  LA    
boolule                   001C03  LA    boolult                   001C05  LA    
callmain                  0019BA RLA    callmli                   00283C RLA    
cfg_dns                   002239 RLA    cfg_gateway               002235 RLA    
cfg_ip                    00222D RLA    cfg_mac                   002227 RLA    
cfg_netmask               002231 RLA    cfg_tftp_server           002241  LA    
check_for_abort_key       0015BA RLA    condes                    0027F3  LA    
copy_dest                 00008A REZ    copy_src                  000088 REZ    
copymem                   000C64 RLA    ctypemask                 001A1A  LA    
ctypemaskdirect           001A1E RLA    decsp2                    001A38 RLA    
decsp4                    001A45 RLA    decsp6                    001A52 RLA    
dhcp_init                 000C8B RLA    dhcp_server               00223D RLA    
dhcp_state                0028ED  LA    done                      002818 RLA    
donelib                   0019FC RLA    eth_data                  00000E REZ    
eth_dest                  000000 REZ    eth_init                  001551 RLA    
eth_inp                   0028FA RLA    eth_inp_len               0028F6 RLA    
eth_name                  003718  LA    eth_outp                  002EE8 RLA    
eth_outp_len              0028F8 RLA    eth_proto_arp             000006 REZ    
eth_proto_ip              000000 REZ    eth_rx                    0027A6 RLA    
eth_set_broadcast_dest    000F98 RLA    eth_set_my_mac_src        000FA3 RLA    
eth_set_proto             000FAF RLA    eth_src                   000006 REZ    
eth_tx                    0027BA RLA    eth_type                  00000C  EZ    
fdtab                     00281C RLA    getfd                     001A5F RLA    
icmp_add_listener         00146C  LA    icmp_callback             00370F  LA    
icmp_cksum                000002  EZ    icmp_code                 000001  EZ    
icmp_data                 000004  EZ    icmp_init                 0013C0 RLA    
icmp_inp                  00291C  EA    icmp_outp                 002F0A  EA    
icmp_process              0013C6 RLA    icmp_remove_listener      001498  LA    
icmp_type                 000000  EZ    incsp2                    001AF6 RLA    
incsp6                    001B04 RLA    initdostype               0028FC  LAI   
initlib                   002886 RLA    ip65_ctr                  0034D6  LA    
ip65_ctr_arp              0034D7  LA    ip65_ctr_ip               0034D8  LA    
ip65_error                0034D9 RLA    ip65_init                 000FDF RLA    
ip65_process              000FF5 RLA    ip65_random_word          000FB8 RLA    
ip65_strerror             000F27 RLA    ip_broadcast              003707 RLA    
ip_calc_cksum             00131C RLA    ip_cksum_ptr              00008A REZ    
ip_create_packet          001288 RLA    ip_data                   000014 REZ    
ip_dest                   000010 REZ    ip_frag                   000006  EZ    
ip_header_cksum           00000A REZ    ip_id                     000004 REZ    
ip_init                   0011B5 RLA    ip_inp                    002908 REA    
ip_len                    000002 REZ    ip_outp                   002EF6 REA    
ip_process                0011CA RLA    ip_proto                  000009 REZ    
ip_proto_icmp             000001  EZ    ip_proto_tcp              000006  EZ    
ip_proto_udp              000011 REZ    ip_send                   0012B5 RLA    
ip_src                    00000C REZ    ip_tos                    000001  EZ    
ip_ttl                    000008  EZ    ip_ver_ihl                000000  EZ    
ldax0sp                   001B09  LA    ldaxysp                   001B0B RLA    
mliparam                  00375F RLA    mul8x16                   001C59 RLA    
mul8x16a                  001C63 RLA    negeax                    001B12 RLA    
output_buffer             0034DC RLA    popax                     001AEE RLA    
popptr1                   001CA7 RLA    ptr1                      000088 RLZ    
ptr2                      00008A RLZ    ptr3                      00008C RLZ    
ptr4                      00008E RLZ    push0                     001CED  LA    
push0ax                   001B33  LA    push1                     001CE8 RLA    
pusha0                    001CEF RLA    pushax                    001CF1 RLA    
pusheax                   001B39 RLA    pushl0                    001B30  LA    
pushw0sp                  001D07  LA    pushwysp                  001D09 RLA    
regbank                   000094 RLZ    regsave                   000084  LZ    
reset                     001A08 RLA    return                    001A13  LA    
rvsave                    002883 RLA    rwcommon                  001D30 RLA    
rwepilog                  001D53 RLA    rwprolog                  001D23 RLA    
sp                        000080 RLZ    sreg                      000082 RLZ    
stax0sp                   001D60 RLA    staxspidx                 001D6B RLA    
staxysp                   001D62 RLA    subysp                    001DC3 RLA    
timer_init                00158C RLA    timer_read                001597 RLA    
timer_seconds             0015B7  LA    timer_timeout             001027 RLA    
tmp1                      000090 RLZ    tmp2                      000091 RLZ    
tmp3                      000092 RLZ    tmp4                      000093 RLZ    
tosmula0                  001C57  LA    tosmulax                  001C12  LA    
tosudiva0                 001DD0  LA    tosudivax                 001DD2 RLA    
tosumula0                 001C57  LA    tosumulax                 001C12 RLA    
udiv16                    001DE1  LA    udp_add_listener          001072 RLA    
udp_callback              0036E4 RLA    udp_cksum                 000006  EZ    
udp_data                  000008 REZ    udp_dest_port             000002  EZ    
udp_init                  00103F RLA    udp_inp                   00291C REA    
udp_len                   000004  EZ    udp_outp                  002F0A  EA    
udp_process               001045 RLA    udp_remove_listener       0010B8 RLA    
udp_send                  001104 RLA    udp_send_dest             0036E6 RLA    
udp_send_dest_port        0036EC RLA    udp_send_internal         001119  LA    
udp_send_len              0036EE RLA    udp_send_src_port         0036EA RLA    
udp_src_port              000000  EZ    uppercasemask             002860 RLA    
zerobss                   001EF1 RLA    zpsave                    002869 RLA    



Exports list by value:
----------------------
ip_ver_ihl                000000  EZ    icmp_type                 000000  EZ    
eth_dest                  000000 REZ    __LC_FILEOFFS__           000000  EA    
eth_proto_ip              000000 REZ    udp_src_port              000000  EZ    
__DESTRUCTOR_COUNT__      000000 REA    __ZP_FILEOFFS__           000000  EA    
__EXEHDR__                000001 REA    __CONSTRUCTOR_COUNT__     000001 REA    
__STARTUP__               000001 REA    icmp_code                 000001  EZ    
ip_proto_icmp             000001  EZ    ip_tos                    000001  EZ    
udp_dest_port             000002  EZ    icmp_cksum                000002  EZ    
ip_len                    000002 REZ    ip_id                     000004 REZ    
udp_len                   000004  EZ    icmp_data                 000004  EZ    
eth_src                   000006 REZ    eth_proto_arp             000006 REZ    
udp_cksum                 000006  EZ    __FILETYPE__              000006 REA    
ip_proto_tcp              000006  EZ    ip_frag                   000006  EZ    
udp_data                  000008 REZ    ip_ttl                    000008  EZ    
ac_size                   000008  EZ    ip_proto                  000009 REZ    
ip_header_cksum           00000A REZ    ip_src                    00000C REZ    
eth_type                  00000C  EZ    eth_data                  00000E REZ    
ip_dest                   000010 REZ    ip_proto_udp              000011 REZ    
ip_data                   000014 REZ    __ZP_SIZE__               00001A  EA    
__MAIN_FILEOFFS__         00003A  EA    __ZP_START__              000080  LA    
sp                        000080 RLZ    abort_key_disable         000080  EZ    
sreg                      000082 RLZ    regsave                   000084  LZ    
copy_src                  000088 REZ    ptr1                      000088 RLZ    
copy_dest                 00008A REZ    ip_cksum_ptr              00008A REZ    
ptr2                      00008A RLZ    __ONCE_SIZE__             00008C REA    
ptr3                      00008C RLZ    ptr4                      00008E RLZ    
tmp1                      000090 RLZ    tmp2                      000091 RLZ    
tmp3                      000092 RLZ    tmp4                      000093 RLZ    
regbank                   000094 RLZ    __ZP_LAST__               00009A  LA    
abort_key_default         00009B  EZ    __STACKSIZE__             000800 REA    
__MAIN_START__            000803 RLA    COUT                      00080F RLA    
_main                     000819 RLA    _print_ip                 000959 RLA    
_check_uthernet           0009BD RLA    arp_init                  000A62 RLA    
arp_calculate_gateway_mask 000A6C RLA    arp_lookup                000A91 RLA    
arp_process               000B70 RLA    arp_add                   000BEE  LA    
__LCSIZE__                000C00 REA    __LC_SIZE__               000C00  EA    
copymem                   000C64 RLA    dhcp_init                 000C8B RLA    
__BSS_SIZE__              000EEC REA    _dhcp_init                000F1F RLA    
_ip65_strerror            000F27  LA    ip65_strerror             000F27 RLA    
eth_set_broadcast_dest    000F98 RLA    eth_set_my_mac_src        000FA3 RLA    
eth_set_proto             000FAF RLA    ip65_random_word          000FB8 RLA    
_ip65_random_word         000FB8  LA    ip65_init                 000FDF RLA    
ip65_process              000FF5 RLA    _ip65_init                001017 RLA    
_ip65_process             00101F  LA    timer_timeout             001027 RLA    
udp_init                  00103F RLA    udp_process               001045 RLA    
udp_add_listener          001072 RLA    udp_remove_listener       0010B8 RLA    
udp_send                  001104 RLA    udp_send_internal         001119  LA    
ip_init                   0011B5 RLA    ip_process                0011CA RLA    
ip_create_packet          001288 RLA    ip_send                   0012B5 RLA    
ip_calc_cksum             00131C RLA    icmp_init                 0013C0 RLA    
icmp_process              0013C6 RLA    icmp_add_listener         00146C  LA    
icmp_remove_listener      001498  LA    eth_init                  001551 RLA    
timer_init                00158C RLA    timer_read                001597 RLA    
timer_seconds             0015B7  LA    check_for_abort_key       0015BA RLA    
___directerrno            0015C9 RLA    ___mappederrno            0015D3 RLA    
__printf                  0016D4 RLA    ___seterrno               001985 RLA    
addeq0sp                  00198E  LA    addeqysp                  001990 RLA    
addysp1                   00199F  LA    addysp                    0019A0 RLA    
axlong                    0019AD RLA    axulong                   0019B3 RLA    
callmain                  0019BA RLA    _exit                     0019D1 RLA    
donelib                   0019FC RLA    reset                     001A08 RLA    
return                    001A13  LA    ctypemask                 001A1A  LA    
ctypemaskdirect           001A1E RLA    decsp2                    001A38 RLA    
decsp4                    001A45 RLA    decsp6                    001A52 RLA    
getfd                     001A5F RLA    _fwrite                   001A75 RLA    
popax                     001AEE RLA    incsp2                    001AF6 RLA    
incsp6                    001B04 RLA    ldax0sp                   001B09  LA    
ldaxysp                   001B0B RLA    negeax                    001B12 RLA    
pushl0                    001B30  LA    push0ax                   001B33  LA    
pusheax                   001B39 RLA    _ltoa                     001B69 RLA    
_ultoa                    001BAA RLA    boolne                    001BE6  LA    
booleq                    001BEC RLA    boolle                    001BF3  LA    
boollt                    001BF5  LA    boolgt                    001BFB  LA    
boolge                    001BFD  LA    boolule                   001C03  LA    
boolult                   001C05  LA    boolugt                   001C0B  LA    
booluge                   001C0D  LA    tosumulax                 001C12 RLA    
tosmulax                  001C12  LA    tosmula0                  001C57  LA    
tosumula0                 001C57  LA    mul8x16                   001C59 RLA    
mul8x16a                  001C63 RLA    ___osmaperrno             001C91 RLA    
popptr1                   001CA7 RLA    _printf                   001CB5 RLA    
push1                     001CE8 RLA    push0                     001CED  LA    
pusha0                    001CEF RLA    pushax                    001CF1 RLA    
pushw0sp                  001D07  LA    pushwysp                  001D09 RLA    
rwprolog                  001D23 RLA    rwcommon                  001D30 RLA    
rwepilog                  001D53 RLA    stax0sp                   001D60 RLA    
staxysp                   001D62 RLA    staxspidx                 001D6B RLA    
_strlen                   001D86 RLA    _strlen_ptr4              001D8A  LA    
_strlwr                   001D9C  LA    _strlower                 001D9C RLA    
subysp                    001DC3 RLA    tosudiva0                 001DD0  LA    
tosudivax                 001DD2 RLA    udiv16                    001DE1  LA    
_vfprintf                 001E57 RLA    _write                    001E80 RLA    
zerobss                   001EF1 RLA    _cs8900a_name             0020E5 RLA    
_lan91c96_name            002114 RLA    _w5100_name               00213B RLA    
__hextab                  002147 RLA    __longminstr              002157 RLA    
__ctype                   00216A RLA    __ctypeidx                002175 RLA    
_cfg_mac                  002227  LA    cfg_mac                   002227 RLA    
__DESTRUCTOR_TABLE__      002227 RLA    _cfg_ip                   00222D RLA    
cfg_ip                    00222D RLA    cfg_netmask               002231 RLA    
_cfg_netmask              002231 RLA    _cfg_gateway              002235 RLA    
cfg_gateway               002235 RLA    cfg_dns                   002239 RLA    
_cfg_dns                  002239 RLA    _dhcp_server              00223D RLA    
dhcp_server               00223D RLA    cfg_tftp_server           002241  LA    
_cs8900a                  00224B RLA    _lan91c96                 0023C7 RLA    
_w5100                    002552 RLA    eth_rx                    0027A6 RLA    
eth_tx                    0027BA RLA    abort_key                 0027CD  LA    
__filetab                 0027CE  LA    _stdin                    0027E6  LA    
_stdout                   0027E8 RLA    _stderr                   0027EA  LA    
__argc                    0027EF  LA    __argv                    0027F1  LA    
condes                    0027F3  LA    done                      002818 RLA    
__dos_type                00281B RLA    fdtab                     00281C RLA    
callmli                   00283C RLA    uppercasemask             002860 RLA    
zpsave                    002869 RLA    rvsave                    002883 RLA    
__BSS_LOAD__              002886  LA    __BSS_RUN__               002886 RLA    
__ONCE_LOAD__             002886 RLA    __ONCE_RUN__              002886 RLA    
initlib                   002886 RLA    arp_mac                   002887 RLA    
arp_ip                    00288D RLA    arp_cache                 002891  LA    
dhcp_state                0028ED  LA    eth_inp_len               0028F6 RLA    
eth_outp_len              0028F8 RLA    eth_inp                   0028FA RLA    
initdostype               0028FC  LAI   ip_inp                    002908 REA    
__CONSTRUCTOR_TABLE__     002910 RLA    __MAIN_LAST__             002912 RLA    
icmp_inp                  00291C  EA    udp_inp                   00291C REA    
eth_outp                  002EE8 RLA    ip_outp                   002EF6 REA    
icmp_outp                 002F0A  EA    udp_outp                  002F0A  EA    
ip65_ctr                  0034D6  LA    ip65_ctr_arp              0034D7  LA    
ip65_ctr_ip               0034D8  LA    _ip65_error               0034D9  LA    
ip65_error                0034D9 RLA    output_buffer             0034DC RLA    
udp_callback              0036E4 RLA    udp_send_dest             0036E6 RLA    
udp_send_src_port         0036EA RLA    udp_send_dest_port        0036EC RLA    
udp_send_len              0036EE RLA    ip_broadcast              003707 RLA    
icmp_callback             00370F  LA    eth_name                  003718  LA    
___oserror                00372F RLA    ___errno                  00375B RLA    
mliparam                  00375F RLA    __MAIN_SIZE__             008DFD  EA    
__HIMEM__                 009600 REA    __LC_START__              00D400 RLA    
__LC_LAST__               00D400 RLA    __LCADDR__                00D400 REA    



Imports list:
-------------
COUT (cout.o):
    write.o                   apple2/write.s:9
__BSS_LOAD__ ([linker generated]):
__BSS_RUN__ ([linker generated]):
    zerobss.o                 common/zerobss.s:8
__BSS_SIZE__ ([linker generated]):
    zerobss.o                 common/zerobss.s:8
__CONSTRUCTOR_COUNT__ ([linker generated]):
    condes.o                  runtime/condes.s:18
__CONSTRUCTOR_TABLE__ ([linker generated]):
    condes.o                  runtime/condes.s:18
__DESTRUCTOR_COUNT__ ([linker generated]):
    condes.o                  runtime/condes.s:19
__DESTRUCTOR_TABLE__ ([linker generated]):
    condes.o                  runtime/condes.s:19
__EXEHDR__ (exehdr.o):
    [linker generated]        C:\UTILITY\cc65\cfg/apple2.cfg:7
__FILETYPE__ ([linker generated]):
    exehdr.o                  apple2/exehdr.s:9
__HIMEM__ ([linker generated]):
    [linker generated]        C:\UTILITY\cc65\cfg/apple2.cfg:18
    [linker generated]        C:\UTILITY\cc65\cfg/apple2.cfg:17
__LCADDR__ ([linker generated]):
    [linker generated]        C:\UTILITY\cc65\cfg/apple2.cfg:19
__LCSIZE__ ([linker generated]):
    [linker generated]        C:\UTILITY\cc65\cfg/apple2.cfg:19
__LC_FILEOFFS__ ([linker generated]):
__LC_LAST__ ([linker generated]):
    crt0.o                    apple2/crt0.s:14
__LC_SIZE__ ([linker generated]):
__LC_START__ ([linker generated]):
    crt0.o                    apple2/crt0.s:14
__MAIN_FILEOFFS__ ([linker generated]):
__MAIN_LAST__ ([linker generated]):
    exehdr.o                  apple2/exehdr.s:10
__MAIN_SIZE__ ([linker generated]):
__MAIN_START__ ([linker generated]):
    exehdr.o                  apple2/exehdr.s:10
__ONCE_LOAD__ ([linker generated]):
    crt0.o                    apple2/crt0.s:13
__ONCE_RUN__ ([linker generated]):
    [linker generated]        C:\UTILITY\cc65\cfg/apple2.cfg:18
    [linker generated]        C:\UTILITY\cc65\cfg/apple2.cfg:18
__ONCE_SIZE__ ([linker generated]):
    crt0.o                    apple2/crt0.s:13
__STACKSIZE__ ([linker generated]):
    [linker generated]        C:\UTILITY\cc65\cfg/apple2.cfg:18
__STARTUP__ (crt0.o):
    pch-UthernetCheck.o       pch-UthernetCheck.s:13
__ZP_FILEOFFS__ ([linker generated]):
__ZP_LAST__ ([linker generated]):
__ZP_SIZE__ ([linker generated]):
__ZP_START__ ([linker generated]):
___directerrno (_directerrno.o):
    write.o                   /home/runner/work/cc65/cc65/asminc/errno.inc:10
___errno (errno.o):
    _seterrno.o               /home/runner/work/cc65/cc65/asminc/errno.inc:7
___mappederrno (_mappederrno.o):
    rwcommon.o                /home/runner/work/cc65/cc65/asminc/errno.inc:10
    write.o                   /home/runner/work/cc65/cc65/asminc/errno.inc:10
___oserror (_oserror.o):
    rwcommon.o                /home/runner/work/cc65/cc65/asminc/errno.inc:7
    _mappederrno.o            /home/runner/work/cc65/cc65/asminc/errno.inc:7
    _directerrno.o            /home/runner/work/cc65/cc65/asminc/errno.inc:7
___osmaperrno (oserror.o):
    _mappederrno.o            /home/runner/work/cc65/cc65/asminc/errno.inc:8
___seterrno (_seterrno.o):
    _mappederrno.o            /home/runner/work/cc65/cc65/asminc/errno.inc:9
    _directerrno.o            /home/runner/work/cc65/cc65/asminc/errno.inc:9
    fwrite.o                  /home/runner/work/cc65/cc65/asminc/errno.inc:9
__argc (callmain.o):
__argv (callmain.o):
__ctype (ctype.o):
    ctypemask.o               common/ctypemask.s:23
__ctypeidx (ctype.o):
    ctypemask.o               common/ctypemask.s:24
__dos_type (dosdetect.o):
    mli.o                     apple2/mli.s:7
__filetab (_file.o):
__hextab (_hextab.o):
    ltoa.o                    common/ltoa.s:10
__longminstr (_longminstr.o):
    ltoa.o                    common/ltoa.s:10
__printf (_printf.o):
    vfprintf.o                common/vfprintf.s:10
_cfg_dns (config_c.o):
    pch-UthernetCheck.o       pch-UthernetCheck.s:19
_cfg_gateway (config_c.o):
    pch-UthernetCheck.o       pch-UthernetCheck.s:18
_cfg_ip (config_c.o):
    pch-UthernetCheck.o       pch-UthernetCheck.s:16
_cfg_mac (config_c.o):
_cfg_netmask (config_c.o):
    pch-UthernetCheck.o       pch-UthernetCheck.s:17
_check_uthernet (pch_network.o):
    pch-UthernetCheck.o       pch-UthernetCheck.s:22
_cs8900a (uthernet.o):
    a2combo.o                 ethernetcombo.s:19
_cs8900a_name (uthernet.o):
    a2combo.o                 ethernetcombo.s:20
_dhcp_init (dhcp_c.o):
    pch-UthernetCheck.o       pch-UthernetCheck.s:15
_dhcp_server (config_c.o):
    pch-UthernetCheck.o       pch-UthernetCheck.s:20
_exit (callmain.o):
    crt0.o                    apple2/crt0.s:11
_fwrite (fwrite.o):
    vfprintf.o                common/vfprintf.s:10
_ip65_error (ip65_c.o):
_ip65_init (ip65_c.o):
    pch_network.o             build\pch_network.s:14
_ip65_process (ip65_c.o):
_ip65_random_word (ip65_c.o):
_ip65_strerror (ip65_c.o):
_lan91c96 (lancegs.o):
    a2combo.o                 ethernetcombo.s:22
_lan91c96_name (lancegs.o):
    a2combo.o                 ethernetcombo.s:23
_ltoa (ltoa.o):
    _printf.o                 common/_printf.s:12
_main (pch-UthernetCheck.o):
    callmain.o                apple2/callmain.s:11
_print_ip (pch_network.o):
    pch-UthernetCheck.o       pch-UthernetCheck.s:21
_printf (printf.o):
    pch_network.o             build\pch_network.s:13
    pch-UthernetCheck.o       pch-UthernetCheck.s:14
_stderr (_file.o):
_stdin (_file.o):
_stdout (_file.o):
    printf.o                  common/printf.s:8
_strlen (strlen.o):
    _printf.o                 common/_printf.s:13
_strlen_ptr4 (strlen.o):
_strlower (strlower.o):
    _printf.o                 common/_printf.s:13
_strlwr (strlower.o):
_ultoa (ltoa.o):
    _printf.o                 common/_printf.s:12
_vfprintf (vfprintf.o):
    printf.o                  common/printf.s:8
_w5100 (uthernet2.o):
    a2combo.o                 ethernetcombo.s:16
_w5100_name (uthernet2.o):
    a2combo.o                 ethernetcombo.s:17
_write (write.o):
    fwrite.o                  common/fwrite.s:10
abort_key (a2_input.o):
abort_key_default (a2_input.o):
abort_key_disable (a2_input.o):
ac_size (arp.o):
addeq0sp (addeqsp.o):
addeqysp (addeqsp.o):
    pch_network.o             build\pch_network.s:188
addysp (addysp.o):
    fwrite.o                  common/fwrite.s:11
    printf.o                  common/printf.s:8
    incsp6.o                  runtime/incsp6.s:8
    pch_network.o             build\pch_network.s:188
addysp1 (addysp.o):
arp_add (arp.o):
arp_cache (arp.o):
arp_calculate_gateway_mask (arp.o):
    dhcp.o                    dhcp.s:26
arp_init (arp.o):
    ip65.o                    ip65.s:17
arp_ip (arp.o):
    ip.o                      ip.s:47
arp_lookup (arp.o):
    ip.o                      ip.s:45
arp_mac (arp.o):
    ip.o                      ip.s:46
arp_process (arp.o):
    ip65.o                    ip65.s:26
axlong (axlong.o):
    _printf.o                 common/_printf.s:11
axulong (axlong.o):
    _printf.o                 common/_printf.s:11
booleq (makebool.o):
    pch-UthernetCheck.o       pch-UthernetCheck.s:200
boolge (makebool.o):
boolgt (makebool.o):
boolle (makebool.o):
boollt (makebool.o):
boolne (makebool.o):
booluge (makebool.o):
boolugt (makebool.o):
boolule (makebool.o):
boolult (makebool.o):
callmain (callmain.o):
    crt0.o                    apple2/crt0.s:12
callmli (mli.o):
    rwcommon.o                apple2/mli.inc:131
    write.o                   apple2/mli.inc:131
cfg_dns (config.o):
    dhcp.o                    dhcp.s:24
    config_c.o                config_c.s:14
cfg_gateway (config.o):
    arp.o                     arp.s:29
    dhcp.o                    dhcp.s:23
    config_c.o                config_c.s:13
cfg_ip (config.o):
    arp.o                     arp.s:27
    ip.o                      ip.s:29
    udp.o                     udp.s:50
    dhcp.o                    dhcp.s:21
    config_c.o                config_c.s:11
cfg_mac (config.o):
    a2combo.o                 ethernetcombo.s:25
    eth.o                     eth.s:21
    arp.o                     arp.s:26
    ip.o                      ip.s:28
    dhcp.o                    dhcp.s:20
    config_c.o                config_c.s:10
cfg_netmask (config.o):
    arp.o                     arp.s:28
    dhcp.o                    dhcp.s:22
    config_c.o                config_c.s:12
cfg_tftp_server (config.o):
check_for_abort_key (a2_input.o):
    dhcp.o                    dhcp.s:46
condes (condes.o):
copy_dest (copymem.o):
    udp.o                     udp.s:48
copy_src (copymem.o):
    udp.o                     udp.s:47
copymem (copymem.o):
    udp.o                     udp.s:46
ctypemask (ctypemask.o):
ctypemaskdirect (ctypemask.o):
    strlower.o                common/strlower.s:14
decsp2 (decsp2.o):
    pch-UthernetCheck.o       pch-UthernetCheck.s:200
decsp4 (decsp4.o):
    lpush.o                   runtime/lpush.s:12
decsp6 (decsp6.o):
    _printf.o                 common/_printf.s:11
dhcp_init (dhcp.o):
    dhcp_c.o                  dhcp_c.s:5
dhcp_server (config.o):
    dhcp.o                    dhcp.s:16
    config_c.o                config_c.s:15
dhcp_state (dhcp.o):
done (crt0.o):
    callmain.o                apple2/callmain.s:11
donelib (condes.o):
    callmain.o                apple2/callmain.s:11
eth_data (eth.o):
    ip.o                      ip.s:41
eth_dest (eth.o):
    ip.o                      ip.s:38
eth_init (a2combo.o):
    ip65.o                    ip65.s:15
eth_inp (eth_buffer.o):
    a2combo.o                 ethernetcombo.s:11
    arp.o                     arp.s:16
    icmp.o                    icmp.s:46
    ip.o                      ip.s:33
    ip65.o                    ip65.s:21
eth_inp_len (eth.o):
    a2combo.o                 ethernetcombo.s:12
    icmp.o                    icmp.s:47
    ip.o                      ip.s:34
eth_name (a2combo.o):
eth_outp (eth_buffer.o):
    a2combo.o                 ethernetcombo.s:13
    eth.o                     eth.s:16
    arp.o                     arp.s:18
    icmp.o                    icmp.s:48
    ip.o                      ip.s:35
    ip65.o                    ip65.s:22
eth_outp_len (eth.o):
    a2combo.o                 ethernetcombo.s:14
    arp.o                     arp.s:19
    icmp.o                    icmp.s:49
    ip.o                      ip.s:36
eth_proto_arp (eth.o):
    arp.o                     arp.s:24
    ip65.o                    ip65.s:28
eth_proto_ip (eth.o):
    ip.o                      ip.s:42
eth_rx (a2combo.o):
    ip65.o                    ip65.s:23
eth_set_broadcast_dest (eth.o):
    arp.o                     arp.s:21
eth_set_my_mac_src (eth.o):
    arp.o                     arp.s:22
eth_set_proto (eth.o):
    arp.o                     arp.s:23
    ip.o                      ip.s:32
eth_src (eth.o):
    ip.o                      ip.s:39
eth_tx (a2combo.o):
    arp.o                     arp.s:20
    icmp.o                    icmp.s:45
    ip.o                      ip.s:31
eth_type (eth.o):
fdtab (filedes.o):
    write.o                   apple2/filedes.inc:13
getfd (filedes.o):
    rwcommon.o                apple2/filedes.inc:14
icmp_add_listener (icmp.o):
icmp_callback (icmp.o):
icmp_cksum (icmp.o):
icmp_code (icmp.o):
icmp_data (icmp.o):
icmp_init (icmp.o):
    ip.o                      ip.s:49
icmp_inp (icmp.o):
icmp_outp (icmp.o):
icmp_process (icmp.o):
    ip.o                      ip.s:50
icmp_remove_listener (icmp.o):
icmp_type (icmp.o):
incsp2 (incsp2.o):
    popptr1.o                 runtime/popptr1.s:8
    staxspi.o                 runtime/staxspi.s:9
incsp6 (incsp6.o):
    fwrite.o                  common/fwrite.s:11
    vfprintf.o                common/vfprintf.s:9
    pch_network.o             build\pch_network.s:188
initdostype (dosdetect.o):
initlib (condes.o):
    crt0.o                    apple2/crt0.s:11
ip65_ctr (ip65.o):
ip65_ctr_arp (ip65.o):
ip65_ctr_ip (ip65.o):
ip65_error (ip65.o):
    udp.o                     udp.s:6
    dhcp.o                    dhcp.s:19
    ip65_c.o                  ip65_c.s:12
ip65_init (ip65.o):
    ip65_c.o                  ip65_c.s:9
ip65_process (ip65.o):
    dhcp.o                    dhcp.s:28
    ip65_c.o                  ip65_c.s:10
ip65_random_word (ip65.o):
    ip65_c.o                  ip65_c.s:11
ip65_strerror (error.o):
    ip65_c.o                  ip65_c.s:13
ip_broadcast (ip.o):
    icmp.o                    icmp.s:32
ip_calc_cksum (ip.o):
    icmp.o                    icmp.s:29
    udp.o                     udp.s:31
ip_cksum_ptr (ip.o):
    icmp.o                    icmp.s:38
    udp.o                     udp.s:36
ip_create_packet (ip.o):
    udp.o                     udp.s:33
ip_data (ip.o):
    icmp.o                    icmp.s:42
    udp.o                     udp.s:40
ip_dest (ip.o):
    icmp.o                    icmp.s:41
    udp.o                     udp.s:39
ip_frag (ip.o):
ip_header_cksum (ip.o):
    icmp.o                    icmp.s:39
ip_id (ip.o):
    udp.o                     udp.s:43
ip_init (ip.o):
    ip65.o                    ip65.s:18
ip_inp (ip.o):
    icmp.o                    icmp.s:30
    udp.o                     udp.s:34
ip_len (ip.o):
    udp.o                     udp.s:44
ip_outp (ip.o):
    icmp.o                    icmp.s:31
    udp.o                     udp.s:35
ip_process (ip.o):
    ip65.o                    ip65.s:25
ip_proto (ip.o):
    udp.o                     udp.s:41
ip_proto_icmp (ip.o):
ip_proto_tcp (ip.o):
ip_proto_udp (ip.o):
    udp.o                     udp.s:42
ip_send (ip.o):
    udp.o                     udp.s:32
ip_src (ip.o):
    icmp.o                    icmp.s:40
ip_tos (ip.o):
ip_ttl (ip.o):
ip_ver_ihl (ip.o):
ldax0sp (ldaxsp.o):
ldaxysp (ldaxsp.o):
    fwrite.o                  common/fwrite.s:11
    pch-UthernetCheck.o       pch-UthernetCheck.s:200
mliparam (mli.o):
    rwcommon.o                apple2/mli.inc:130
    write.o                   apple2/mli.inc:130
mul8x16 (mul8.o):
    mul.o                     runtime/mul.s:8
mul8x16a (mul8.o):
    mul.o                     runtime/mul.s:8
negeax (lneg.o):
    ltoa.o                    common/ltoa.s:9
output_buffer (output_buffer.o):
    dhcp.o                    dhcp.s:40
popax (incsp2.o):
    rwcommon.o                apple2/rwcommon.s:6
    ltoa.o                    common/ltoa.s:9
    _printf.o                 common/_printf.s:11
popptr1 (popptr1.o):
    rwcommon.o                apple2/rwcommon.s:6
    udiv.o                    runtime/udiv.s:9
    mul8.o                    runtime/mul8.s:9
    mul.o                     runtime/mul.s:9
    ltoa.o                    common/ltoa.s:9
ptr1 (zeropage.o):
    rwcommon.o                /home/runner/work/cc65/cc65/asminc/zeropage.inc:12
    write.o                   /home/runner/work/cc65/cc65/asminc/zeropage.inc:12
    udiv.o                    runtime/udiv.s:10
    strlower.o                common/strlower.s:13
    popptr1.o                 runtime/popptr1.s:9
    mul8.o                    runtime/mul8.s:10
    mul.o                     runtime/mul.s:10
    ltoa.o                    common/ltoa.s:11
    fwrite.o                  common/fwrite.s:14
    _printf.o                 /home/runner/work/cc65/cc65/asminc/zeropage.inc:12
    zerobss.o                 common/zerobss.s:9
    vfprintf.o                common/vfprintf.s:11
    staxspi.o                 runtime/staxspi.s:10
    printf.o                  common/printf.s:9
    uthernet2.o               C:\UTILITY\cc65\asminc/zeropage.inc:12
    lancegs.o                 C:\UTILITY\cc65\asminc/zeropage.inc:12
    uthernet.o                C:\UTILITY\cc65\asminc/zeropage.inc:12
    a2combo.o                 C:\UTILITY\cc65\asminc/zeropage.inc:12
    copymem.o                 C:\UTILITY\cc65\asminc/zeropage.inc:12
    arp.o                     C:\UTILITY\cc65\asminc/zeropage.inc:12
    ip.o                      C:\UTILITY\cc65\asminc/zeropage.inc:12
    pch_network.o             build\pch_network.s:11
ptr2 (zeropage.o):
    rwcommon.o                /home/runner/work/cc65/cc65/asminc/zeropage.inc:12
    write.o                   /home/runner/work/cc65/cc65/asminc/zeropage.inc:12
    strlower.o                common/strlower.s:13
    ltoa.o                    common/ltoa.s:11
    _printf.o                 /home/runner/work/cc65/cc65/asminc/zeropage.inc:12
    uthernet2.o               C:\UTILITY\cc65\asminc/zeropage.inc:12
    lancegs.o                 C:\UTILITY\cc65\asminc/zeropage.inc:12
    uthernet.o                C:\UTILITY\cc65\asminc/zeropage.inc:12
    copymem.o                 C:\UTILITY\cc65\asminc/zeropage.inc:12
    ip.o                      C:\UTILITY\cc65\asminc/zeropage.inc:12
ptr3 (zeropage.o):
    ltoa.o                    common/ltoa.s:11
    uthernet2.o               C:\UTILITY\cc65\asminc/zeropage.inc:12
    lancegs.o                 C:\UTILITY\cc65\asminc/zeropage.inc:12
    uthernet.o                C:\UTILITY\cc65\asminc/zeropage.inc:12
ptr4 (zeropage.o):
    udiv.o                    runtime/udiv.s:10
    strlen.o                  common/strlen.s:12
    mul8.o                    runtime/mul8.s:10
    mul.o                     runtime/mul.s:10
    uthernet2.o               C:\UTILITY\cc65\asminc/zeropage.inc:12
    uthernet.o                C:\UTILITY\cc65\asminc/zeropage.inc:12
push0 (pushax.o):
push0ax (lpush.o):
push1 (push1.o):
    _printf.o                 common/_printf.s:11
    vfprintf.o                common/vfprintf.s:9
pusha0 (pushax.o):
    push1.o                   runtime/push1.s:8
    fwrite.o                  common/fwrite.s:11
    pch_network.o             build\pch_network.s:188
pushax (pushax.o):
    fwrite.o                  common/fwrite.s:11
    callmain.o                apple2/callmain.s:11
    _printf.o                 common/_printf.s:11
    printf.o                  common/printf.s:8
    pch_network.o             build\pch_network.s:188
    pch_network.o             build\pch_network.s:188
    pch-UthernetCheck.o       pch-UthernetCheck.s:200
pusheax (lpush.o):
    _printf.o                 common/_printf.s:11
    pch_network.o             build\pch_network.s:188
pushl0 (lpush.o):
pushw0sp (pushwsp.o):
pushwysp (pushwsp.o):
    fwrite.o                  common/fwrite.s:11
    vfprintf.o                common/vfprintf.s:9
regbank (zeropage.o):
    _printf.o                 /home/runner/work/cc65/cc65/asminc/zeropage.inc:14
regsave (zeropage.o):
reset (crt0.o):
    callmain.o                apple2/callmain.s:12
return (crt0.o):
rvsave (crt0.o):
    callmain.o                apple2/callmain.s:12
rwcommon (rwcommon.o):
    write.o                   apple2/write.s:8
rwepilog (rwcommon.o):
    write.o                   apple2/write.s:8
rwprolog (rwcommon.o):
    write.o                   apple2/write.s:8
sp (zeropage.o):
    pushwsp.o                 runtime/pushwsp.s:8
    popptr1.o                 runtime/popptr1.s:9
    incsp2.o                  runtime/incsp2.s:8
    decsp6.o                  runtime/decsp6.s:8
    decsp4.o                  runtime/decsp4.s:8
    callmain.o                /home/runner/work/cc65/cc65/asminc/zeropage.inc:11
    _printf.o                 /home/runner/work/cc65/cc65/asminc/zeropage.inc:11
    vfprintf.o                common/vfprintf.s:11
    subysp.o                  runtime/subysp.s:9
    staxspi.o                 runtime/staxspi.s:10
    staxsp.o                  runtime/staxsp.s:8
    pushax.o                  runtime/pushax.s:8
    printf.o                  common/printf.s:9
    lpush.o                   runtime/lpush.s:13
    ldaxsp.o                  runtime/ldaxsp.s:8
    decsp2.o                  runtime/decsp2.s:8
    crt0.o                    /home/runner/work/cc65/cc65/asminc/zeropage.inc:11
    addysp.o                  runtime/addysp.s:8
    addeqsp.o                 runtime/addeqsp.s:8
    pch_network.o             build\pch_network.s:10
sreg (zeropage.o):
    lneg.o                    runtime/lneg.s:11
    udiv.o                    runtime/udiv.s:10
    ltoa.o                    common/ltoa.s:11
    axlong.o                  runtime/axlong.s:9
    _printf.o                 /home/runner/work/cc65/cc65/asminc/zeropage.inc:11
    lpush.o                   runtime/lpush.s:13
    uthernet2.o               C:\UTILITY\cc65\asminc/zeropage.inc:11
    pch-UthernetCheck.o       pch-UthernetCheck.s:10
stax0sp (staxsp.o):
    pch_network.o             build\pch_network.s:188
staxspidx (staxspi.o):
    pch_network.o             build\pch_network.s:188
staxysp (staxsp.o):
    pch-UthernetCheck.o       pch-UthernetCheck.s:200
subysp (subysp.o):
    pch_network.o             build\pch_network.s:188
timer_init (a2_timer.o):
    ip65.o                    ip65.s:16
timer_read (a2_timer.o):
    timer.o                   timer.s:13
    arp.o                     arp.s:31
    ip65.o                    ip65.s:19
    dhcp.o                    dhcp.s:47
timer_seconds (a2_timer.o):
timer_timeout (timer.o):
    arp.o                     arp.s:32
tmp1 (zeropage.o):
    mul.o                     runtime/mul.s:10
    ltoa.o                    common/ltoa.s:11
    _printf.o                 /home/runner/work/cc65/cc65/asminc/zeropage.inc:13
    staxspi.o                 runtime/staxspi.s:10
    uthernet2.o               C:\UTILITY\cc65\asminc/zeropage.inc:13
    pch_network.o             build\pch_network.s:11
tmp2 (zeropage.o):
    uthernet2.o               C:\UTILITY\cc65\asminc/zeropage.inc:13
tmp3 (zeropage.o):
    uthernet2.o               C:\UTILITY\cc65\asminc/zeropage.inc:13
tmp4 (zeropage.o):
    uthernet2.o               C:\UTILITY\cc65\asminc/zeropage.inc:13
tosmula0 (mul8.o):
tosmulax (mul.o):
tosudiva0 (udiv.o):
tosudivax (udiv.o):
    fwrite.o                  common/fwrite.s:12
tosumula0 (mul8.o):
tosumulax (mul.o):
    fwrite.o                  common/fwrite.s:12
udiv16 (udiv.o):
udp_add_listener (udp.o):
    dhcp.o                    dhcp.s:30
udp_callback (udp.o):
    dhcp.o                    dhcp.s:33
udp_cksum (udp.o):
udp_data (udp.o):
    dhcp.o                    dhcp.s:38
udp_dest_port (udp.o):
udp_init (udp.o):
    ip.o                      ip.s:52
udp_inp (udp.o):
    dhcp.o                    dhcp.s:36
udp_len (udp.o):
udp_outp (udp.o):
udp_process (udp.o):
    ip.o                      ip.s:53
udp_remove_listener (udp.o):
    dhcp.o                    dhcp.s:31
udp_send (udp.o):
    dhcp.o                    dhcp.s:34
udp_send_dest (udp.o):
    dhcp.o                    dhcp.s:42
udp_send_dest_port (udp.o):
    dhcp.o                    dhcp.s:44
udp_send_internal (udp.o):
udp_send_len (udp.o):
    dhcp.o                    dhcp.s:45
udp_send_src_port (udp.o):
    dhcp.o                    dhcp.s:43
udp_src_port (udp.o):
uppercasemask (uppercasemask.o):
    write.o                   apple2/write.s:11
zerobss (zerobss.o):
    crt0.o                    apple2/crt0.s:12
zpsave (crt0.o):
    callmain.o                apple2/callmain.s:12

