Modules list:
-------------
pch-UthernetCheck.o:
    CODE              Offs=000000  Size=000158  Align=00001  Fill=0000
    RODATA            Offs=000000  Size=000124  Align=00001  Fill=0000
    BSS               Offs=000000  Size=000000  Align=00001  Fill=0000
    DATA              Offs=000000  Size=000000  Align=00001  Fill=0000
    ZEROPAGE          Offs=000000  Size=000000  Align=00001  Fill=0000
    NULL              Offs=000000  Size=000000  Align=00001  Fill=0000
../00.LIBRERIE/PCH/pch_network.lib(pch_network.o):
    CODE              Offs=000158  Size=000109  Align=00001  Fill=0000
    RODATA            Offs=000124  Size=00000D  Align=00001  Fill=0000
    BSS               Offs=000000  Size=000000  Align=00001  Fill=0000
    DATA              Offs=000000  Size=000000  Align=00001  Fill=0000
    ZEROPAGE          Offs=000000  Size=000000  Align=00001  Fill=0000
    NULL              Offs=000000  Size=000000  Align=00001  Fill=0000
../00.LIBRERIE/IP65/lib/ip65.lib(arp.o):
    CODE              Offs=000261  Size=000202  Align=00001  Fill=0000
    RODATA            Offs=000131  Size=000000  Align=00001  Fill=0000
    BSS               Offs=000000  Size=000066  Align=00001  Fill=0000
    DATA              Offs=000000  Size=000000  Align=00001  Fill=0000
    ZEROPAGE          Offs=000000  Size=000000  Align=00001  Fill=0000
    NULL              Offs=000000  Size=000000  Align=00001  Fill=0000
../00.LIBRERIE/IP65/lib/ip65.lib(config.o):
    CODE              Offs=000463  Size=000000  Align=00001  Fill=0000
    RODATA            Offs=000131  Size=000000  Align=00001  Fill=0000
    BSS               Offs=000066  Size=000000  Align=00001  Fill=0000
    DATA              Offs=000000  Size=00001E  Align=00001  Fill=0000
    ZEROPAGE          Offs=000000  Size=000000  Align=00001  Fill=0000
    NULL              Offs=000000  Size=000000  Align=00001  Fill=0000
../00.LIBRERIE/IP65/lib/ip65.lib(config_c.o):
    CODE              Offs=000463  Size=000000  Align=00001  Fill=0000
    RODATA            Offs=000131  Size=000000  Align=00001  Fill=0000
    BSS               Offs=000066  Size=000000  Align=00001  Fill=0000
    DATA              Offs=00001E  Size=000000  Align=00001  Fill=0000
    ZEROPAGE          Offs=000000  Size=000000  Align=00001  Fill=0000
    NULL              Offs=000000  Size=000000  Align=00001  Fill=0000
../00.LIBRERIE/IP65/lib/ip65.lib(copymem.o):
    CODE              Offs=000463  Size=000027  Align=00001  Fill=0000
    RODATA            Offs=000131  Size=000000  Align=00001  Fill=0000
    BSS               Offs=000066  Size=000001  Align=00001  Fill=0000
    DATA              Offs=00001E  Size=000000  Align=00001  Fill=0000
    ZEROPAGE          Offs=000000  Size=000000  Align=00001  Fill=0000
    NULL              Offs=000000  Size=000000  Align=00001  Fill=0000
../00.LIBRERIE/IP65/lib/ip65.lib(dhcp.o):
    CODE              Offs=00048A  Size=000294  Align=00001  Fill=0000
    RODATA            Offs=000131  Size=000000  Align=00001  Fill=0000
    BSS               Offs=000067  Size=000009  Align=00001  Fill=0000
    DATA              Offs=00001E  Size=000000  Align=00001  Fill=0000
    ZEROPAGE          Offs=000000  Size=000000  Align=00001  Fill=0000
    NULL              Offs=000000  Size=000000  Align=00001  Fill=0000
../00.LIBRERIE/IP65/lib/ip65.lib(dhcp_c.o):
    CODE              Offs=00071E  Size=000008  Align=00001  Fill=0000
    RODATA            Offs=000131  Size=000000  Align=00001  Fill=0000
    BSS               Offs=000070  Size=000000  Align=00001  Fill=0000
    DATA              Offs=00001E  Size=000000  Align=00001  Fill=0000
    ZEROPAGE          Offs=000000  Size=000000  Align=00001  Fill=0000
    NULL              Offs=000000  Size=000000  Align=00001  Fill=0000
../00.LIBRERIE/IP65/lib/ip65.lib(error.o):
    CODE              Offs=000726  Size=000071  Align=00001  Fill=0000
    RODATA            Offs=000131  Size=0000BD  Align=00001  Fill=0000
    BSS               Offs=000070  Size=000000  Align=00001  Fill=0000
    DATA              Offs=00001E  Size=000000  Align=00001  Fill=0000
    ZEROPAGE          Offs=000000  Size=000000  Align=00001  Fill=0000
    NULL              Offs=000000  Size=000000  Align=00001  Fill=0000
../00.LIBRERIE/IP65/lib/ip65.lib(eth.o):
    CODE              Offs=000797  Size=000020  Align=00001  Fill=0000
    RODATA            Offs=0001EE  Size=000000  Align=00001  Fill=0000
    BSS               Offs=000070  Size=000004  Align=00001  Fill=0000
    DATA              Offs=00001E  Size=000000  Align=00001  Fill=0000
    ZEROPAGE          Offs=000000  Size=000000  Align=00001  Fill=0000
    NULL              Offs=000000  Size=000000  Align=00001  Fill=0000
../00.LIBRERIE/IP65/lib/ip65.lib(eth_buffer.o):
    CODE              Offs=0007B7  Size=000000  Align=00001  Fill=0000
    RODATA            Offs=0001EE  Size=000000  Align=00001  Fill=0000
    BSS               Offs=000074  Size=000BDC  Align=00001  Fill=0000
    DATA              Offs=00001E  Size=000000  Align=00001  Fill=0000
    ZEROPAGE          Offs=000000  Size=000000  Align=00001  Fill=0000
    NULL              Offs=000000  Size=000000  Align=00001  Fill=0000
../00.LIBRERIE/IP65/lib/ip65.lib(ip65.o):
    CODE              Offs=0007B7  Size=00005F  Align=00001  Fill=0000
    RODATA            Offs=0001EE  Size=000000  Align=00001  Fill=0000
    BSS               Offs=000C50  Size=000004  Align=00001  Fill=0000
    DATA              Offs=00001E  Size=000000  Align=00001  Fill=0000
    ZEROPAGE          Offs=000000  Size=000000  Align=00001  Fill=0000
    NULL              Offs=000000  Size=000000  Align=00001  Fill=0000
../00.LIBRERIE/IP65/lib/ip65.lib(ip65_c.o):
    CODE              Offs=000816  Size=000010  Align=00001  Fill=0000
    RODATA            Offs=0001EE  Size=000000  Align=00001  Fill=0000
    BSS               Offs=000C54  Size=000000  Align=00001  Fill=0000
    DATA              Offs=00001E  Size=000000  Align=00001  Fill=0000
    ZEROPAGE          Offs=000000  Size=000000  Align=00001  Fill=0000
    NULL              Offs=000000  Size=000000  Align=00001  Fill=0000
../00.LIBRERIE/IP65/lib/ip65.lib(timer.o):
    CODE              Offs=000826  Size=000018  Align=00001  Fill=0000
    RODATA            Offs=0001EE  Size=000000  Align=00001  Fill=0000
    BSS               Offs=000C54  Size=000002  Align=00001  Fill=0000
    DATA              Offs=00001E  Size=000000  Align=00001  Fill=0000
    ZEROPAGE          Offs=000000  Size=000000  Align=00001  Fill=0000
    NULL              Offs=000000  Size=000000  Align=00001  Fill=0000
../00.LIBRERIE/IP65/lib/ip65.lib(output_buffer.o):
    CODE              Offs=00083E  Size=000000  Align=00001  Fill=0000
    RODATA            Offs=0001EE  Size=000000  Align=00001  Fill=0000
    BSS               Offs=000C56  Size=000208  Align=00001  Fill=0000
    DATA              Offs=00001E  Size=000000  Align=00001  Fill=0000
    ZEROPAGE          Offs=000000  Size=000000  Align=00001  Fill=0000
    NULL              Offs=000000  Size=000000  Align=00001  Fill=0000
../00.LIBRERIE/IP65/lib/ip65.lib(udp.o):
    CODE              Offs=00083E  Size=000176  Align=00001  Fill=0000
    RODATA            Offs=0001EE  Size=000000  Align=00001  Fill=0000
    BSS               Offs=000E5E  Size=00001F  Align=00001  Fill=0000
    DATA              Offs=00001E  Size=000003  Align=00001  Fill=0000
    ZEROPAGE          Offs=000000  Size=000000  Align=00001  Fill=0000
    NULL              Offs=000000  Size=000000  Align=00001  Fill=0000
../00.LIBRERIE/IP65/lib/ip65.lib(ip.o):
    CODE              Offs=0009B4  Size=00020B  Align=00001  Fill=0000
    RODATA            Offs=0001EE  Size=000000  Align=00001  Fill=0000
    BSS               Offs=000E7D  Size=00000C  Align=00001  Fill=0000
    DATA              Offs=000021  Size=000000  Align=00001  Fill=0000
    ZEROPAGE          Offs=000000  Size=000000  Align=00001  Fill=0000
    NULL              Offs=000000  Size=000000  Align=00001  Fill=0000
../00.LIBRERIE/IP65/lib/ip65.lib(icmp.o):
    CODE              Offs=000BBF  Size=00010D  Align=00001  Fill=0000
    RODATA            Offs=0001EE  Size=000000  Align=00001  Fill=0000
    BSS               Offs=000E89  Size=000009  Align=00001  Fill=0000
    DATA              Offs=000021  Size=000003  Align=00001  Fill=0000
    ZEROPAGE          Offs=000000  Size=000000  Align=00001  Fill=0000
    NULL              Offs=000000  Size=000000  Align=00001  Fill=0000
../00.LIBRERIE/IP65/drivers/ip65_apple2.lib(uthernet.o):
    CODE              Offs=000CCC  Size=000000  Align=00001  Fill=0000
    RODATA            Offs=0001EE  Size=000020  Align=00001  Fill=0000
    BSS               Offs=000E92  Size=000000  Align=00001  Fill=0000
    DATA              Offs=000024  Size=00017C  Align=00001  Fill=0000
    ZEROPAGE          Offs=000000  Size=000000  Align=00001  Fill=0000
    NULL              Offs=000000  Size=000000  Align=00001  Fill=0000
../00.LIBRERIE/IP65/drivers/ip65_apple2.lib(lancegs.o):
    CODE              Offs=000CCC  Size=000000  Align=00001  Fill=0000
    RODATA            Offs=00020E  Size=00002E  Align=00001  Fill=0000
    BSS               Offs=000E92  Size=000000  Align=00001  Fill=0000
    DATA              Offs=0001A0  Size=00018B  Align=00001  Fill=0000
    ZEROPAGE          Offs=000000  Size=000000  Align=00001  Fill=0000
    NULL              Offs=000000  Size=000000  Align=00001  Fill=0000
../00.LIBRERIE/IP65/drivers/ip65_apple2.lib(uthernet2.o):
    CODE              Offs=000CCC  Size=000000  Align=00001  Fill=0000
    RODATA            Offs=00023C  Size=00002B  Align=00001  Fill=0000
    BSS               Offs=000E92  Size=000000  Align=00001  Fill=0000
    DATA              Offs=00032B  Size=000238  Align=00001  Fill=0000
    ZEROPAGE          Offs=000000  Size=000000  Align=00001  Fill=0000
    NULL              Offs=000000  Size=000000  Align=00001  Fill=0000
../00.LIBRERIE/IP65/drivers/ip65_apple2.lib(a2combo.o):
    CODE              Offs=000CCC  Size=0000BF  Align=00001  Fill=0000
    RODATA            Offs=000267  Size=000000  Align=00001  Fill=0000
    BSS               Offs=000E92  Size=000015  Align=00001  Fill=0000
    DATA              Offs=000563  Size=000043  Align=00001  Fill=0000
    ZEROPAGE          Offs=000000  Size=000000  Align=00001  Fill=0000
    NULL              Offs=000000  Size=000000  Align=00001  Fill=0000
../00.LIBRERIE/IP65/drivers/ip65_apple2.lib(a2_timer.o):
    CODE              Offs=000D8B  Size=00002E  Align=00001  Fill=0000
    RODATA            Offs=000267  Size=000000  Align=00001  Fill=0000
    BSS               Offs=000EA7  Size=000002  Align=00001  Fill=0000
    DATA              Offs=0005A6  Size=000000  Align=00001  Fill=0000
    ZEROPAGE          Offs=000000  Size=000000  Align=00001  Fill=0000
    NULL              Offs=000000  Size=000000  Align=00001  Fill=0000
../00.LIBRERIE/IP65/drivers/ip65_apple2.lib(a2_input.o):
    CODE              Offs=000DB9  Size=00000F  Align=00001  Fill=0000
    RODATA            Offs=000267  Size=000000  Align=00001  Fill=0000
    BSS               Offs=000EA9  Size=000000  Align=00001  Fill=0000
    DATA              Offs=0005A6  Size=000001  Align=00001  Fill=0000
    ZEROPAGE          Offs=000000  Size=000000  Align=00001  Fill=0000
    NULL              Offs=000000  Size=000000  Align=00001  Fill=0000
../00.LIBRERIE/CC65/lib/apple2.lib(_directerrno.o):
    CODE              Offs=000DC8  Size=00000A  Align=00001  Fill=0000
    RODATA            Offs=000267  Size=000000  Align=00001  Fill=0000
    BSS               Offs=000EA9  Size=000000  Align=00001  Fill=0000
    DATA              Offs=0005A7  Size=000000  Align=00001  Fill=0000
    ZEROPAGE          Offs=000000  Size=000000  Align=00001  Fill=0000
    NULL              Offs=000000  Size=000000  Align=00001  Fill=0000
../00.LIBRERIE/CC65/lib/apple2.lib(_file.o):
    CODE              Offs=000DD2  Size=000000  Align=00001  Fill=0000
    RODATA            Offs=000267  Size=000000  Align=00001  Fill=0000
    BSS               Offs=000EA9  Size=000000  Align=00001  Fill=0000
    DATA              Offs=0005A7  Size=00001E  Align=00001  Fill=0000
    ZEROPAGE          Offs=000000  Size=000000  Align=00001  Fill=0000
    NULL              Offs=000000  Size=000000  Align=00001  Fill=0000
../00.LIBRERIE/CC65/lib/apple2.lib(_hextab.o):
    CODE              Offs=000DD2  Size=000000  Align=00001  Fill=0000
    RODATA            Offs=000267  Size=000010  Align=00001  Fill=0000
    BSS               Offs=000EA9  Size=000000  Align=00001  Fill=0000
    DATA              Offs=0005C5  Size=000000  Align=00001  Fill=0000
    ZEROPAGE          Offs=000000  Size=000000  Align=00001  Fill=0000
    NULL              Offs=000000  Size=000000  Align=00001  Fill=0000
../00.LIBRERIE/CC65/lib/apple2.lib(_longminstr.o):
    CODE              Offs=000DD2  Size=000000  Align=00001  Fill=0000
    RODATA            Offs=000277  Size=00000C  Align=00001  Fill=0000
    BSS               Offs=000EA9  Size=000000  Align=00001  Fill=0000
    DATA              Offs=0005C5  Size=000000  Align=00001  Fill=0000
    ZEROPAGE          Offs=000000  Size=000000  Align=00001  Fill=0000
    NULL              Offs=000000  Size=000000  Align=00001  Fill=0000
../00.LIBRERIE/CC65/lib/apple2.lib(_mappederrno.o):
    CODE              Offs=000DD2  Size=000010  Align=00001  Fill=0000
    RODATA            Offs=000283  Size=000000  Align=00001  Fill=0000
    BSS               Offs=000EA9  Size=000000  Align=00001  Fill=0000
    DATA              Offs=0005C5  Size=000000  Align=00001  Fill=0000
    ZEROPAGE          Offs=000000  Size=000000  Align=00001  Fill=0000
    NULL              Offs=000000  Size=000000  Align=00001  Fill=0000
../00.LIBRERIE/CC65/lib/apple2.lib(_oserror.o):
    CODE              Offs=000DE2  Size=000000  Align=00001  Fill=0000
    RODATA            Offs=000283  Size=000000  Align=00001  Fill=0000
    BSS               Offs=000EA9  Size=000001  Align=00001  Fill=0000
    DATA              Offs=0005C5  Size=000000  Align=00001  Fill=0000
    ZEROPAGE          Offs=000000  Size=000000  Align=00001  Fill=0000
    NULL              Offs=000000  Size=000000  Align=00001  Fill=0000
../00.LIBRERIE/CC65/lib/apple2.lib(_printf.o):
    CODE              Offs=000DE2  Size=0003A2  Align=00001  Fill=0000
    RODATA            Offs=000283  Size=000000  Align=00001  Fill=0000
    BSS               Offs=000EAA  Size=00002B  Align=00001  Fill=0000
    DATA              Offs=0005C5  Size=000003  Align=00001  Fill=0000
    ZEROPAGE          Offs=000000  Size=000000  Align=00001  Fill=0000
    NULL              Offs=000000  Size=000000  Align=00001  Fill=0000
../00.LIBRERIE/CC65/lib/apple2.lib(_seterrno.o):
    CODE              Offs=001184  Size=000009  Align=00001  Fill=0000
    RODATA            Offs=000283  Size=000000  Align=00001  Fill=0000
    BSS               Offs=000ED5  Size=000000  Align=00001  Fill=0000
    DATA              Offs=0005C8  Size=000000  Align=00001  Fill=0000
    ZEROPAGE          Offs=000000  Size=000000  Align=00001  Fill=0000
    NULL              Offs=000000  Size=000000  Align=00001  Fill=0000
../00.LIBRERIE/CC65/lib/apple2.lib(addeqsp.o):
    CODE              Offs=00118D  Size=000011  Align=00001  Fill=0000
    RODATA            Offs=000283  Size=000000  Align=00001  Fill=0000
    BSS               Offs=000ED5  Size=000000  Align=00001  Fill=0000
    DATA              Offs=0005C8  Size=000000  Align=00001  Fill=0000
    ZEROPAGE          Offs=000000  Size=000000  Align=00001  Fill=0000
    NULL              Offs=000000  Size=000000  Align=00001  Fill=0000
../00.LIBRERIE/CC65/lib/apple2.lib(addysp.o):
    CODE              Offs=00119E  Size=00000E  Align=00001  Fill=0000
    RODATA            Offs=000283  Size=000000  Align=00001  Fill=0000
    BSS               Offs=000ED5  Size=000000  Align=00001  Fill=0000
    DATA              Offs=0005C8  Size=000000  Align=00001  Fill=0000
    ZEROPAGE          Offs=000000  Size=000000  Align=00001  Fill=0000
    NULL              Offs=000000  Size=000000  Align=00001  Fill=0000
../00.LIBRERIE/CC65/lib/apple2.lib(axlong.o):
    CODE              Offs=0011AC  Size=00000D  Align=00001  Fill=0000
    RODATA            Offs=000283  Size=000000  Align=00001  Fill=0000
    BSS               Offs=000ED5  Size=000000  Align=00001  Fill=0000
    DATA              Offs=0005C8  Size=000000  Align=00001  Fill=0000
    ZEROPAGE          Offs=000000  Size=000000  Align=00001  Fill=0000
    NULL              Offs=000000  Size=000000  Align=00001  Fill=0000
../00.LIBRERIE/CC65/lib/apple2.lib(callmain.o):
    CODE              Offs=0011B9  Size=000042  Align=00001  Fill=0000
    RODATA            Offs=000283  Size=000000  Align=00001  Fill=0000
    BSS               Offs=000ED5  Size=000000  Align=00001  Fill=0000
    DATA              Offs=0005C8  Size=000004  Align=00001  Fill=0000
    ZEROPAGE          Offs=000000  Size=000000  Align=00001  Fill=0000
    NULL              Offs=000000  Size=000000  Align=00001  Fill=0000
../00.LIBRERIE/CC65/lib/apple2.lib(condes.o):
    CODE              Offs=0011FB  Size=00000C  Align=00001  Fill=0000
    RODATA            Offs=000283  Size=000000  Align=00001  Fill=0000
    BSS               Offs=000ED5  Size=000000  Align=00001  Fill=0000
    DATA              Offs=0005CC  Size=000025  Align=00001  Fill=0000
    ZEROPAGE          Offs=000000  Size=000000  Align=00001  Fill=0000
    NULL              Offs=000000  Size=000000  Align=00001  Fill=0000
    ONCE              Offs=000000  Size=00000C  Align=00001  Fill=0000
../00.LIBRERIE/CC65/lib/apple2.lib(cout.o):
    CODE              Offs=001207  Size=000000  Align=00001  Fill=0000
    RODATA            Offs=000283  Size=000000  Align=00001  Fill=0000
    BSS               Offs=000ED5  Size=000000  Align=00001  Fill=0000
    DATA              Offs=0005F1  Size=000000  Align=00001  Fill=0000
    ZEROPAGE          Offs=000000  Size=000000  Align=00001  Fill=0000
    NULL              Offs=000000  Size=000000  Align=00001  Fill=0000
    LOWCODE           Offs=000000  Size=00000A  Align=00001  Fill=0000
../00.LIBRERIE/CC65/lib/apple2.lib(crt0.o):
    CODE              Offs=001207  Size=000012  Align=00001  Fill=0000
    RODATA            Offs=000283  Size=000007  Align=00001  Fill=0000
    BSS               Offs=000ED5  Size=000000  Align=00001  Fill=0000
    DATA              Offs=0005F1  Size=000003  Align=00001  Fill=0000
    ZEROPAGE          Offs=000000  Size=000000  Align=00001  Fill=0000
    NULL              Offs=000000  Size=000000  Align=00001  Fill=0000
    STARTUP           Offs=000000  Size=00000C  Align=00001  Fill=0000
    ONCE              Offs=00000C  Size=00006A  Align=00001  Fill=0000
    INIT              Offs=000000  Size=00001D  Align=00001  Fill=0000
../00.LIBRERIE/CC65/lib/apple2.lib(ctype.o):
    CODE              Offs=001219  Size=000000  Align=00001  Fill=0000
    RODATA            Offs=00028A  Size=00008B  Align=00001  Fill=0000
    BSS               Offs=000ED5  Size=000000  Align=00001  Fill=0000
    DATA              Offs=0005F4  Size=000000  Align=00001  Fill=0000
    ZEROPAGE          Offs=000000  Size=000000  Align=00001  Fill=0000
    NULL              Offs=000000  Size=000000  Align=00001  Fill=0000
../00.LIBRERIE/CC65/lib/apple2.lib(ctypemask.o):
    CODE              Offs=001219  Size=00001E  Align=00001  Fill=0000
    RODATA            Offs=000315  Size=000000  Align=00001  Fill=0000
    BSS               Offs=000ED5  Size=000000  Align=00001  Fill=0000
    DATA              Offs=0005F4  Size=000000  Align=00001  Fill=0000
    ZEROPAGE          Offs=000000  Size=000000  Align=00001  Fill=0000
    NULL              Offs=000000  Size=000000  Align=00001  Fill=0000
../00.LIBRERIE/CC65/lib/apple2.lib(decsp2.o):
    CODE              Offs=001237  Size=00000D  Align=00001  Fill=0000
    RODATA            Offs=000315  Size=000000  Align=00001  Fill=0000
    BSS               Offs=000ED5  Size=000000  Align=00001  Fill=0000
    DATA              Offs=0005F4  Size=000000  Align=00001  Fill=0000
    ZEROPAGE          Offs=000000  Size=000000  Align=00001  Fill=0000
    NULL              Offs=000000  Size=000000  Align=00001  Fill=0000
../00.LIBRERIE/CC65/lib/apple2.lib(decsp4.o):
    CODE              Offs=001244  Size=00000D  Align=00001  Fill=0000
    RODATA            Offs=000315  Size=000000  Align=00001  Fill=0000
    BSS               Offs=000ED5  Size=000000  Align=00001  Fill=0000
    DATA              Offs=0005F4  Size=000000  Align=00001  Fill=0000
    ZEROPAGE          Offs=000000  Size=000000  Align=00001  Fill=0000
    NULL              Offs=000000  Size=000000  Align=00001  Fill=0000
../00.LIBRERIE/CC65/lib/apple2.lib(decsp6.o):
    CODE              Offs=001251  Size=00000D  Align=00001  Fill=0000
    RODATA            Offs=000315  Size=000000  Align=00001  Fill=0000
    BSS               Offs=000ED5  Size=000000  Align=00001  Fill=0000
    DATA              Offs=0005F4  Size=000000  Align=00001  Fill=0000
    ZEROPAGE          Offs=000000  Size=000000  Align=00001  Fill=0000
    NULL              Offs=000000  Size=000000  Align=00001  Fill=0000
../00.LIBRERIE/CC65/lib/apple2.lib(dosdetect.o):
    CODE              Offs=00125E  Size=000000  Align=00001  Fill=0000
    RODATA            Offs=000315  Size=000000  Align=00001  Fill=0000
    BSS               Offs=000ED5  Size=000000  Align=00001  Fill=0000
    DATA              Offs=0005F4  Size=000001  Align=00001  Fill=0000
    ZEROPAGE          Offs=000000  Size=000000  Align=00001  Fill=0000
    NULL              Offs=000000  Size=000000  Align=00001  Fill=0000
    ONCE              Offs=000076  Size=000014  Align=00001  Fill=0000
../00.LIBRERIE/CC65/lib/apple2.lib(errno.o):
    CODE              Offs=00125E  Size=000000  Align=00001  Fill=0000
    RODATA            Offs=000315  Size=000000  Align=00001  Fill=0000
    BSS               Offs=000ED5  Size=000002  Align=00001  Fill=0000
    DATA              Offs=0005F5  Size=000000  Align=00001  Fill=0000
    ZEROPAGE          Offs=000000  Size=000000  Align=00001  Fill=0000
    NULL              Offs=000000  Size=000000  Align=00001  Fill=0000
../00.LIBRERIE/CC65/lib/apple2.lib(exehdr.o):
    CODE              Offs=00125E  Size=000000  Align=00001  Fill=0000
    RODATA            Offs=000315  Size=000000  Align=00001  Fill=0000
    BSS               Offs=000ED7  Size=000000  Align=00001  Fill=0000
    DATA              Offs=0005F5  Size=000000  Align=00001  Fill=0000
    ZEROPAGE          Offs=000000  Size=000000  Align=00001  Fill=0000
    NULL              Offs=000000  Size=000000  Align=00001  Fill=0000
    EXEHDR            Offs=000000  Size=00003A  Align=00001  Fill=0000
../00.LIBRERIE/CC65/lib/apple2.lib(filedes.o):
    CODE              Offs=00125E  Size=000016  Align=00001  Fill=0000
    RODATA            Offs=000315  Size=000000  Align=00001  Fill=0000
    BSS               Offs=000ED7  Size=000000  Align=00001  Fill=0000
    DATA              Offs=0005F5  Size=000020  Align=00001  Fill=0000
    ZEROPAGE          Offs=000000  Size=000000  Align=00001  Fill=0000
    NULL              Offs=000000  Size=000000  Align=00001  Fill=0000
../00.LIBRERIE/CC65/lib/apple2.lib(fwrite.o):
    CODE              Offs=001274  Size=000079  Align=00001  Fill=0000
    RODATA            Offs=000315  Size=000000  Align=00001  Fill=0000
    BSS               Offs=000ED7  Size=000002  Align=00001  Fill=0000
    DATA              Offs=000615  Size=000000  Align=00001  Fill=0000
    ZEROPAGE          Offs=000000  Size=000000  Align=00001  Fill=0000
    NULL              Offs=000000  Size=000000  Align=00001  Fill=0000
../00.LIBRERIE/CC65/lib/apple2.lib(incsp2.o):
    CODE              Offs=0012ED  Size=000016  Align=00001  Fill=0000
    RODATA            Offs=000315  Size=000000  Align=00001  Fill=0000
    BSS               Offs=000ED9  Size=000000  Align=00001  Fill=0000
    DATA              Offs=000615  Size=000000  Align=00001  Fill=0000
    ZEROPAGE          Offs=000000  Size=000000  Align=00001  Fill=0000
    NULL              Offs=000000  Size=000000  Align=00001  Fill=0000
../00.LIBRERIE/CC65/lib/apple2.lib(incsp6.o):
    CODE              Offs=001303  Size=000005  Align=00001  Fill=0000
    RODATA            Offs=000315  Size=000000  Align=00001  Fill=0000
    BSS               Offs=000ED9  Size=000000  Align=00001  Fill=0000
    DATA              Offs=000615  Size=000000  Align=00001  Fill=0000
    ZEROPAGE          Offs=000000  Size=000000  Align=00001  Fill=0000
    NULL              Offs=000000  Size=000000  Align=00001  Fill=0000
../00.LIBRERIE/CC65/lib/apple2.lib(ldaxsp.o):
    CODE              Offs=001308  Size=000009  Align=00001  Fill=0000
    RODATA            Offs=000315  Size=000000  Align=00001  Fill=0000
    BSS               Offs=000ED9  Size=000000  Align=00001  Fill=0000
    DATA              Offs=000615  Size=000000  Align=00001  Fill=0000
    ZEROPAGE          Offs=000000  Size=000000  Align=00001  Fill=0000
    NULL              Offs=000000  Size=000000  Align=00001  Fill=0000
../00.LIBRERIE/CC65/lib/apple2.lib(lneg.o):
    CODE              Offs=001311  Size=00001E  Align=00001  Fill=0000
    RODATA            Offs=000315  Size=000000  Align=00001  Fill=0000
    BSS               Offs=000ED9  Size=000000  Align=00001  Fill=0000
    DATA              Offs=000615  Size=000000  Align=00001  Fill=0000
    ZEROPAGE          Offs=000000  Size=000000  Align=00001  Fill=0000
    NULL              Offs=000000  Size=000000  Align=00001  Fill=0000
../00.LIBRERIE/CC65/lib/apple2.lib(lpush.o):
    CODE              Offs=00132F  Size=000021  Align=00001  Fill=0000
    RODATA            Offs=000315  Size=000000  Align=00001  Fill=0000
    BSS               Offs=000ED9  Size=000000  Align=00001  Fill=0000
    DATA              Offs=000615  Size=000000  Align=00001  Fill=0000
    ZEROPAGE          Offs=000000  Size=000000  Align=00001  Fill=0000
    NULL              Offs=000000  Size=000000  Align=00001  Fill=0000
../00.LIBRERIE/CC65/lib/apple2.lib(ltoa.o):
    CODE              Offs=001350  Size=000095  Align=00001  Fill=0000
    RODATA            Offs=000315  Size=000000  Align=00001  Fill=0000
    BSS               Offs=000ED9  Size=000000  Align=00001  Fill=0000
    DATA              Offs=000615  Size=000000  Align=00001  Fill=0000
    ZEROPAGE          Offs=000000  Size=000000  Align=00001  Fill=0000
    NULL              Offs=000000  Size=000000  Align=00001  Fill=0000
../00.LIBRERIE/CC65/lib/apple2.lib(makebool.o):
    CODE              Offs=0013E5  Size=00002C  Align=00001  Fill=0000
    RODATA            Offs=000315  Size=000000  Align=00001  Fill=0000
    BSS               Offs=000ED9  Size=000000  Align=00001  Fill=0000
    DATA              Offs=000615  Size=000000  Align=00001  Fill=0000
    ZEROPAGE          Offs=000000  Size=000000  Align=00001  Fill=0000
    NULL              Offs=000000  Size=000000  Align=00001  Fill=0000
../00.LIBRERIE/CC65/lib/apple2.lib(mli.o):
    CODE              Offs=001411  Size=000000  Align=00001  Fill=0000
    RODATA            Offs=000315  Size=000000  Align=00001  Fill=0000
    BSS               Offs=000ED9  Size=000012  Align=00001  Fill=0000
    DATA              Offs=000615  Size=000024  Align=00001  Fill=0000
    ZEROPAGE          Offs=000000  Size=000000  Align=00001  Fill=0000
    NULL              Offs=000000  Size=000000  Align=00001  Fill=0000
../00.LIBRERIE/CC65/lib/apple2.lib(mul.o):
    CODE              Offs=001411  Size=000045  Align=00001  Fill=0000
    RODATA            Offs=000315  Size=000000  Align=00001  Fill=0000
    BSS               Offs=000EEB  Size=000000  Align=00001  Fill=0000
    DATA              Offs=000639  Size=000000  Align=00001  Fill=0000
    ZEROPAGE          Offs=000000  Size=000000  Align=00001  Fill=0000
    NULL              Offs=000000  Size=000000  Align=00001  Fill=0000
../00.LIBRERIE/CC65/lib/apple2.lib(mul8.o):
    CODE              Offs=001456  Size=00003A  Align=00001  Fill=0000
    RODATA            Offs=000315  Size=000000  Align=00001  Fill=0000
    BSS               Offs=000EEB  Size=000000  Align=00001  Fill=0000
    DATA              Offs=000639  Size=000000  Align=00001  Fill=0000
    ZEROPAGE          Offs=000000  Size=000000  Align=00001  Fill=0000
    NULL              Offs=000000  Size=000000  Align=00001  Fill=0000
../00.LIBRERIE/CC65/lib/apple2.lib(oserror.o):
    CODE              Offs=001490  Size=000016  Align=00001  Fill=0000
    RODATA            Offs=000315  Size=000032  Align=00001  Fill=0000
    BSS               Offs=000EEB  Size=000000  Align=00001  Fill=0000
    DATA              Offs=000639  Size=000000  Align=00001  Fill=0000
    ZEROPAGE          Offs=000000  Size=000000  Align=00001  Fill=0000
    NULL              Offs=000000  Size=000000  Align=00001  Fill=0000
../00.LIBRERIE/CC65/lib/apple2.lib(popptr1.o):
    CODE              Offs=0014A6  Size=00000E  Align=00001  Fill=0000
    RODATA            Offs=000347  Size=000000  Align=00001  Fill=0000
    BSS               Offs=000EEB  Size=000000  Align=00001  Fill=0000
    DATA              Offs=000639  Size=000000  Align=00001  Fill=0000
    ZEROPAGE          Offs=000000  Size=000000  Align=00001  Fill=0000
    NULL              Offs=000000  Size=000000  Align=00001  Fill=0000
../00.LIBRERIE/CC65/lib/apple2.lib(printf.o):
    CODE              Offs=0014B4  Size=000033  Align=00001  Fill=0000
    RODATA            Offs=000347  Size=000000  Align=00001  Fill=0000
    BSS               Offs=000EEB  Size=000001  Align=00001  Fill=0000
    DATA              Offs=000639  Size=000000  Align=00001  Fill=0000
    ZEROPAGE          Offs=000000  Size=000000  Align=00001  Fill=0000
    NULL              Offs=000000  Size=000000  Align=00001  Fill=0000
../00.LIBRERIE/CC65/lib/apple2.lib(push1.o):
    CODE              Offs=0014E7  Size=000005  Align=00001  Fill=0000
    RODATA            Offs=000347  Size=000000  Align=00001  Fill=0000
    BSS               Offs=000EEC  Size=000000  Align=00001  Fill=0000
    DATA              Offs=000639  Size=000000  Align=00001  Fill=0000
    ZEROPAGE          Offs=000000  Size=000000  Align=00001  Fill=0000
    NULL              Offs=000000  Size=000000  Align=00001  Fill=0000
../00.LIBRERIE/CC65/lib/apple2.lib(pushax.o):
    CODE              Offs=0014EC  Size=00001A  Align=00001  Fill=0000
    RODATA            Offs=000347  Size=000000  Align=00001  Fill=0000
    BSS               Offs=000EEC  Size=000000  Align=00001  Fill=0000
    DATA              Offs=000639  Size=000000  Align=00001  Fill=0000
    ZEROPAGE          Offs=000000  Size=000000  Align=00001  Fill=0000
    NULL              Offs=000000  Size=000000  Align=00001  Fill=0000
../00.LIBRERIE/CC65/lib/apple2.lib(pushwsp.o):
    CODE              Offs=001506  Size=00001C  Align=00001  Fill=0000
    RODATA            Offs=000347  Size=000000  Align=00001  Fill=0000
    BSS               Offs=000EEC  Size=000000  Align=00001  Fill=0000
    DATA              Offs=000639  Size=000000  Align=00001  Fill=0000
    ZEROPAGE          Offs=000000  Size=000000  Align=00001  Fill=0000
    NULL              Offs=000000  Size=000000  Align=00001  Fill=0000
../00.LIBRERIE/CC65/lib/apple2.lib(rwcommon.o):
    CODE              Offs=001522  Size=00003D  Align=00001  Fill=0000
    RODATA            Offs=000347  Size=000000  Align=00001  Fill=0000
    BSS               Offs=000EEC  Size=000000  Align=00001  Fill=0000
    DATA              Offs=000639  Size=000000  Align=00001  Fill=0000
    ZEROPAGE          Offs=000000  Size=000000  Align=00001  Fill=0000
    NULL              Offs=000000  Size=000000  Align=00001  Fill=0000
../00.LIBRERIE/CC65/lib/apple2.lib(staxsp.o):
    CODE              Offs=00155F  Size=00000B  Align=00001  Fill=0000
    RODATA            Offs=000347  Size=000000  Align=00001  Fill=0000
    BSS               Offs=000EEC  Size=000000  Align=00001  Fill=0000
    DATA              Offs=000639  Size=000000  Align=00001  Fill=0000
    ZEROPAGE          Offs=000000  Size=000000  Align=00001  Fill=0000
    NULL              Offs=000000  Size=000000  Align=00001  Fill=0000
../00.LIBRERIE/CC65/lib/apple2.lib(staxspi.o):
    CODE              Offs=00156A  Size=00001B  Align=00001  Fill=0000
    RODATA            Offs=000347  Size=000000  Align=00001  Fill=0000
    BSS               Offs=000EEC  Size=000000  Align=00001  Fill=0000
    DATA              Offs=000639  Size=000000  Align=00001  Fill=0000
    ZEROPAGE          Offs=000000  Size=000000  Align=00001  Fill=0000
    NULL              Offs=000000  Size=000000  Align=00001  Fill=0000
../00.LIBRERIE/CC65/lib/apple2.lib(strlen.o):
    CODE              Offs=001585  Size=000016  Align=00001  Fill=0000
    RODATA            Offs=000347  Size=000000  Align=00001  Fill=0000
    BSS               Offs=000EEC  Size=000000  Align=00001  Fill=0000
    DATA              Offs=000639  Size=000000  Align=00001  Fill=0000
    ZEROPAGE          Offs=000000  Size=000000  Align=00001  Fill=0000
    NULL              Offs=000000  Size=000000  Align=00001  Fill=0000
../00.LIBRERIE/CC65/lib/apple2.lib(strlower.o):
    CODE              Offs=00159B  Size=000027  Align=00001  Fill=0000
    RODATA            Offs=000347  Size=000000  Align=00001  Fill=0000
    BSS               Offs=000EEC  Size=000000  Align=00001  Fill=0000
    DATA              Offs=000639  Size=000000  Align=00001  Fill=0000
    ZEROPAGE          Offs=000000  Size=000000  Align=00001  Fill=0000
    NULL              Offs=000000  Size=000000  Align=00001  Fill=0000
../00.LIBRERIE/CC65/lib/apple2.lib(subysp.o):
    CODE              Offs=0015C2  Size=00000D  Align=00001  Fill=0000
    RODATA            Offs=000347  Size=000000  Align=00001  Fill=0000
    BSS               Offs=000EEC  Size=000000  Align=00001  Fill=0000
    DATA              Offs=000639  Size=000000  Align=00001  Fill=0000
    ZEROPAGE          Offs=000000  Size=000000  Align=00001  Fill=0000
    NULL              Offs=000000  Size=000000  Align=00001  Fill=0000
../00.LIBRERIE/CC65/lib/apple2.lib(udiv.o):
    CODE              Offs=0015CF  Size=00004F  Align=00001  Fill=0000
    RODATA            Offs=000347  Size=000000  Align=00001  Fill=0000
    BSS               Offs=000EEC  Size=000000  Align=00001  Fill=0000
    DATA              Offs=000639  Size=000000  Align=00001  Fill=0000
    ZEROPAGE          Offs=000000  Size=000000  Align=00001  Fill=0000
    NULL              Offs=000000  Size=000000  Align=00001  Fill=0000
../00.LIBRERIE/CC65/lib/apple2.lib(uppercasemask.o):
    CODE              Offs=00161E  Size=000000  Align=00001  Fill=0000
    RODATA            Offs=000347  Size=000000  Align=00001  Fill=0000
    BSS               Offs=000EEC  Size=000000  Align=00001  Fill=0000
    DATA              Offs=000639  Size=000001  Align=00001  Fill=0000
    ZEROPAGE          Offs=000000  Size=000000  Align=00001  Fill=0000
    NULL              Offs=000000  Size=000000  Align=00001  Fill=0000
../00.LIBRERIE/CC65/lib/apple2.lib(vfprintf.o):
    CODE              Offs=00161E  Size=000061  Align=00001  Fill=0000
    RODATA            Offs=000347  Size=000000  Align=00001  Fill=0000
    BSS               Offs=000EEC  Size=000000  Align=00001  Fill=0000
    DATA              Offs=00063A  Size=000008  Align=00001  Fill=0000
    ZEROPAGE          Offs=000000  Size=000000  Align=00001  Fill=0000
    NULL              Offs=000000  Size=000000  Align=00001  Fill=0000
../00.LIBRERIE/CC65/lib/apple2.lib(write.o):
    CODE              Offs=00167F  Size=000071  Align=00001  Fill=0000
    RODATA            Offs=000347  Size=000000  Align=00001  Fill=0000
    BSS               Offs=000EEC  Size=000000  Align=00001  Fill=0000
    DATA              Offs=000642  Size=000000  Align=00001  Fill=0000
    ZEROPAGE          Offs=000000  Size=000000  Align=00001  Fill=0000
    NULL              Offs=000000  Size=000000  Align=00001  Fill=0000
../00.LIBRERIE/CC65/lib/apple2.lib(zerobss.o):
    CODE              Offs=0016F0  Size=000023  Align=00001  Fill=0000
    RODATA            Offs=000347  Size=000000  Align=00001  Fill=0000
    BSS               Offs=000EEC  Size=000000  Align=00001  Fill=0000
    DATA              Offs=000642  Size=000000  Align=00001  Fill=0000
    ZEROPAGE          Offs=000000  Size=000000  Align=00001  Fill=0000
    NULL              Offs=000000  Size=000000  Align=00001  Fill=0000
../00.LIBRERIE/CC65/lib/apple2.lib(zeropage.o):
    CODE              Offs=001713  Size=000000  Align=00001  Fill=0000
    RODATA            Offs=000347  Size=000000  Align=00001  Fill=0000
    BSS               Offs=000EEC  Size=000000  Align=00001  Fill=0000
    DATA              Offs=000642  Size=000000  Align=00001  Fill=0000
    ZEROPAGE          Offs=000000  Size=00001A  Align=00001  Fill=0000
    NULL              Offs=000000  Size=000000  Align=00001  Fill=0000


Segment list:
-------------
Name                   Start     End    Size  Align
----------------------------------------------------
NULL                  000000  000000  000000  00001
ZEROPAGE              000080  000099  00001A  00001
EXEHDR                0007C9  000802  00003A  00001
STARTUP               000803  00080E  00000C  00001
LOWCODE               00080F  000818  00000A  00001
CODE                  000819  001F2B  001713  00001
RODATA                001F2C  002272  000347  00001
DATA                  002273  0028B4  000642  00001
INIT                  0028B5  0028D1  00001D  00001
BSS                   0028D2  0037BD  000EEC  00001
ONCE                  0028D2  00295D  00008C  00001


Exports list by name:
---------------------
COUT                      00080F RLA    __BSS_LOAD__              0028D2  LA    
__BSS_RUN__               0028D2 RLA    __BSS_SIZE__              000EEC REA    
__CONSTRUCTOR_COUNT__     000001 REA    __CONSTRUCTOR_TABLE__     00295C RLA    
__DESTRUCTOR_COUNT__      000000 REA    __DESTRUCTOR_TABLE__      002273 RLA    
__EXEHDR__                000001 REA    __FILETYPE__              000006 REA    
__HIMEM__                 009600 REA    __LCADDR__                00D400 REA    
__LCSIZE__                000C00 REA    __LC_FILEOFFS__           000000  EA    
__LC_LAST__               00D400 RLA    __LC_SIZE__               000C00  EA    
__LC_START__              00D400 RLA    __MAIN_FILEOFFS__         00003A  EA    
__MAIN_LAST__             00295E RLA    __MAIN_SIZE__             008DFD  EA    
__MAIN_START__            000803 RLA    __ONCE_LOAD__             0028D2 RLA    
__ONCE_RUN__              0028D2 RLA    __ONCE_SIZE__             00008C REA    
__STACKSIZE__             000800 REA    __STARTUP__               000001 REA    
__ZP_FILEOFFS__           000000  EA    __ZP_LAST__               00009A  LA    
__ZP_SIZE__               00001A  EA    __ZP_START__              000080  LA    
___directerrno            0015E1 RLA    ___errno                  0037A7 RLA    
___mappederrno            0015EB RLA    ___oserror                00377B RLA    
___osmaperrno             001CA9 RLA    ___seterrno               00199D RLA    
__argc                    00283B  LA    __argv                    00283D  LA    
__ctype                   0021B6 RLA    __ctypeidx                0021C1 RLA    
__dos_type                002867 RLA    __filetab                 00281A  LA    
__hextab                  002193 RLA    __longminstr              0021A3 RLA    
__printf                  0016EC RLA    _cfg_dns                  002285 RLA    
_cfg_gateway              002281 RLA    _cfg_ip                   002279 RLA    
_cfg_mac                  002273  LA    _cfg_netmask              00227D RLA    
_check_uthernet           0009D5 RLA    _cs8900a                  002297 RLA    
_cs8900a_name             002131 RLA    _dhcp_init                000F37 RLA    
_dhcp_server              002289 RLA    _exit                     0019E9 RLA    
_fwrite                   001A8D RLA    _ip65_error               003525  LA    
_ip65_init                00102F RLA    _ip65_process             001037  LA    
_ip65_random_word         000FD0  LA    _ip65_strerror            000F3F  LA    
_lan91c96                 002413 RLA    _lan91c96_name            002160 RLA    
_ltoa                     001B81 RLA    _main                     000819 RLA    
_print_ip                 000971 RLA    _printf                   001CCD RLA    
_stderr                   002836  LA    _stdin                    002832  LA    
_stdout                   002834 RLA    _strlen                   001D9E RLA    
_strlen_ptr4              001DA2  LA    _strlower                 001DB4 RLA    
_strlwr                   001DB4  LA    _ultoa                    001BC2 RLA    
_vfprintf                 001E6F RLA    _w5100                    00259E RLA    
_w5100_name               002187 RLA    _write                    001E98 RLA    
abort_key                 002819  LA    abort_key_default         00009B  EZ    
abort_key_disable         000080  EZ    ac_size                   000008  EZ    
addeq0sp                  0019A6  LA    addeqysp                  0019A8 RLA    
addysp                    0019B8 RLA    addysp1                   0019B7  LA    
arp_add                   000C06  LA    arp_cache                 0028DD  LA    
arp_calculate_gateway_mask 000A84 RLA    arp_init                  000A7A RLA    
arp_ip                    0028D9 RLA    arp_lookup                000AA9 RLA    
arp_mac                   0028D3 RLA    arp_process               000B88 RLA    
axlong                    0019C5 RLA    axulong                   0019CB RLA    
booleq                    001C04 RLA    boolge                    001C15  LA    
boolgt                    001C13  LA    boolle                    001C0B  LA    
boollt                    001C0D  LA    boolne                    001BFE  LA    
booluge                   001C25  LA    boolugt                   001C23  LA    
boolule                   001C1B  LA    boolult                   001C1D  LA    
callmain                  0019D2 RLA    callmli                   002888 RLA    
cfg_dns                   002285 RLA    cfg_gateway               002281 RLA    
cfg_ip                    002279 RLA    cfg_mac                   002273 RLA    
cfg_netmask               00227D RLA    cfg_tftp_server           00228D  LA    
check_for_abort_key       0015D2 RLA    condes                    00283F  LA    
copy_dest                 00008A REZ    copy_src                  000088 REZ    
copymem                   000C7C RLA    ctypemask                 001A32  LA    
ctypemaskdirect           001A36 RLA    decsp2                    001A50 RLA    
decsp4                    001A5D RLA    decsp6                    001A6A RLA    
dhcp_init                 000CA3 RLA    dhcp_server               002289 RLA    
dhcp_state                002939  LA    done                      002864 RLA    
donelib                   001A14 RLA    eth_data                  00000E REZ    
eth_dest                  000000 REZ    eth_init                  001569 RLA    
eth_inp                   002946 RLA    eth_inp_len               002942 RLA    
eth_name                  003764  LA    eth_outp                  002F34 RLA    
eth_outp_len              002944 RLA    eth_proto_arp             000006 REZ    
eth_proto_ip              000000 REZ    eth_rx                    0027F2 RLA    
eth_set_broadcast_dest    000FB0 RLA    eth_set_my_mac_src        000FBB RLA    
eth_set_proto             000FC7 RLA    eth_src                   000006 REZ    
eth_tx                    002806 RLA    eth_type                  00000C  EZ    
fdtab                     002868 RLA    getfd                     001A77 RLA    
icmp_add_listener         001484  LA    icmp_callback             00375B  LA    
icmp_cksum                000002  EZ    icmp_code                 000001  EZ    
icmp_data                 000004  EZ    icmp_init                 0013D8 RLA    
icmp_inp                  002968  EA    icmp_outp                 002F56  EA    
icmp_process              0013DE RLA    icmp_remove_listener      0014B0  LA    
icmp_type                 000000  EZ    incsp2                    001B0E RLA    
incsp6                    001B1C RLA    initdostype               002948  LAI   
initlib                   0028D2 RLA    ip65_ctr                  003522  LA    
ip65_ctr_arp              003523  LA    ip65_ctr_ip               003524  LA    
ip65_error                003525 RLA    ip65_init                 000FF7 RLA    
ip65_process              00100D RLA    ip65_random_word          000FD0 RLA    
ip65_strerror             000F3F RLA    ip_broadcast              003753 RLA    
ip_calc_cksum             001334 RLA    ip_cksum_ptr              00008A REZ    
ip_create_packet          0012A0 RLA    ip_data                   000014 REZ    
ip_dest                   000010 REZ    ip_frag                   000006  EZ    
ip_header_cksum           00000A REZ    ip_id                     000004 REZ    
ip_init                   0011CD RLA    ip_inp                    002954 REA    
ip_len                    000002 REZ    ip_outp                   002F42 REA    
ip_process                0011E2 RLA    ip_proto                  000009 REZ    
ip_proto_icmp             000001  EZ    ip_proto_tcp              000006  EZ    
ip_proto_udp              000011 REZ    ip_send                   0012CD RLA    
ip_src                    00000C REZ    ip_tos                    000001  EZ    
ip_ttl                    000008  EZ    ip_ver_ihl                000000  EZ    
ldax0sp                   001B21  LA    ldaxysp                   001B23 RLA    
mliparam                  0037AB RLA    mul8x16                   001C71 RLA    
mul8x16a                  001C7B RLA    negeax                    001B2A RLA    
output_buffer             003528 RLA    popax                     001B06 RLA    
popptr1                   001CBF RLA    ptr1                      000088 RLZ    
ptr2                      00008A RLZ    ptr3                      00008C RLZ    
ptr4                      00008E RLZ    push0                     001D05  LA    
push0ax                   001B4B  LA    push1                     001D00 RLA    
pusha0                    001D07 RLA    pushax                    001D09 RLA    
pusheax                   001B51 RLA    pushl0                    001B48  LA    
pushw0sp                  001D1F  LA    pushwysp                  001D21 RLA    
regbank                   000094 RLZ    regsave                   000084  LZ    
reset                     001A20 RLA    return                    001A2B  LA    
rvsave                    0028CF RLA    rwcommon                  001D48 RLA    
rwepilog                  001D6B RLA    rwprolog                  001D3B RLA    
sp                        000080 RLZ    sreg                      000082 RLZ    
stax0sp                   001D78 RLA    staxspidx                 001D83 RLA    
staxysp                   001D7A RLA    subysp                    001DDB RLA    
timer_init                0015A4 RLA    timer_read                0015AF RLA    
timer_seconds             0015CF  LA    timer_timeout             00103F RLA    
tmp1                      000090 RLZ    tmp2                      000091 RLZ    
tmp3                      000092 RLZ    tmp4                      000093 RLZ    
tosmula0                  001C6F  LA    tosmulax                  001C2A  LA    
tosudiva0                 001DE8  LA    tosudivax                 001DEA RLA    
tosumula0                 001C6F  LA    tosumulax                 001C2A RLA    
udiv16                    001DF9  LA    udp_add_listener          00108A RLA    
udp_callback              003730 RLA    udp_cksum                 000006  EZ    
udp_data                  000008 REZ    udp_dest_port             000002  EZ    
udp_init                  001057 RLA    udp_inp                   002968 REA    
udp_len                   000004  EZ    udp_outp                  002F56  EA    
udp_process               00105D RLA    udp_remove_listener       0010D0 RLA    
udp_send                  00111C RLA    udp_send_dest             003732 RLA    
udp_send_dest_port        003738 RLA    udp_send_internal         001131  LA    
udp_send_len              00373A RLA    udp_send_src_port         003736 RLA    
udp_src_port              000000  EZ    uppercasemask             0028AC RLA    
zerobss                   001F09 RLA    zpsave                    0028B5 RLA    



Exports list by value:
----------------------
ip_ver_ihl                000000  EZ    icmp_type                 000000  EZ    
eth_dest                  000000 REZ    __LC_FILEOFFS__           000000  EA    
eth_proto_ip              000000 REZ    udp_src_port              000000  EZ    
__DESTRUCTOR_COUNT__      000000 REA    __ZP_FILEOFFS__           000000  EA    
__EXEHDR__                000001 REA    __CONSTRUCTOR_COUNT__     000001 REA    
__STARTUP__               000001 REA    icmp_code                 000001  EZ    
ip_proto_icmp             000001  EZ    ip_tos                    000001  EZ    
udp_dest_port             000002  EZ    icmp_cksum                000002  EZ    
ip_len                    000002 REZ    ip_id                     000004 REZ    
udp_len                   000004  EZ    icmp_data                 000004  EZ    
eth_src                   000006 REZ    eth_proto_arp             000006 REZ    
udp_cksum                 000006  EZ    __FILETYPE__              000006 REA    
ip_proto_tcp              000006  EZ    ip_frag                   000006  EZ    
udp_data                  000008 REZ    ip_ttl                    000008  EZ    
ac_size                   000008  EZ    ip_proto                  000009 REZ    
ip_header_cksum           00000A REZ    ip_src                    00000C REZ    
eth_type                  00000C  EZ    eth_data                  00000E REZ    
ip_dest                   000010 REZ    ip_proto_udp              000011 REZ    
ip_data                   000014 REZ    __ZP_SIZE__               00001A  EA    
__MAIN_FILEOFFS__         00003A  EA    __ZP_START__              000080  LA    
sp                        000080 RLZ    abort_key_disable         000080  EZ    
sreg                      000082 RLZ    regsave                   000084  LZ    
copy_src                  000088 REZ    ptr1                      000088 RLZ    
copy_dest                 00008A REZ    ip_cksum_ptr              00008A REZ    
ptr2                      00008A RLZ    __ONCE_SIZE__             00008C REA    
ptr3                      00008C RLZ    ptr4                      00008E RLZ    
tmp1                      000090 RLZ    tmp2                      000091 RLZ    
tmp3                      000092 RLZ    tmp4                      000093 RLZ    
regbank                   000094 RLZ    __ZP_LAST__               00009A  LA    
abort_key_default         00009B  EZ    __STACKSIZE__             000800 REA    
__MAIN_START__            000803 RLA    COUT                      00080F RLA    
_main                     000819 RLA    _print_ip                 000971 RLA    
_check_uthernet           0009D5 RLA    arp_init                  000A7A RLA    
arp_calculate_gateway_mask 000A84 RLA    arp_lookup                000AA9 RLA    
arp_process               000B88 RLA    __LCSIZE__                000C00 REA    
__LC_SIZE__               000C00  EA    arp_add                   000C06  LA    
copymem                   000C7C RLA    dhcp_init                 000CA3 RLA    
__BSS_SIZE__              000EEC REA    _dhcp_init                000F37 RLA    
_ip65_strerror            000F3F  LA    ip65_strerror             000F3F RLA    
eth_set_broadcast_dest    000FB0 RLA    eth_set_my_mac_src        000FBB RLA    
eth_set_proto             000FC7 RLA    ip65_random_word          000FD0 RLA    
_ip65_random_word         000FD0  LA    ip65_init                 000FF7 RLA    
ip65_process              00100D RLA    _ip65_init                00102F RLA    
_ip65_process             001037  LA    timer_timeout             00103F RLA    
udp_init                  001057 RLA    udp_process               00105D RLA    
udp_add_listener          00108A RLA    udp_remove_listener       0010D0 RLA    
udp_send                  00111C RLA    udp_send_internal         001131  LA    
ip_init                   0011CD RLA    ip_process                0011E2 RLA    
ip_create_packet          0012A0 RLA    ip_send                   0012CD RLA    
ip_calc_cksum             001334 RLA    icmp_init                 0013D8 RLA    
icmp_process              0013DE RLA    icmp_add_listener         001484  LA    
icmp_remove_listener      0014B0  LA    eth_init                  001569 RLA    
timer_init                0015A4 RLA    timer_read                0015AF RLA    
timer_seconds             0015CF  LA    check_for_abort_key       0015D2 RLA    
___directerrno            0015E1 RLA    ___mappederrno            0015EB RLA    
__printf                  0016EC RLA    ___seterrno               00199D RLA    
addeq0sp                  0019A6  LA    addeqysp                  0019A8 RLA    
addysp1                   0019B7  LA    addysp                    0019B8 RLA    
axlong                    0019C5 RLA    axulong                   0019CB RLA    
callmain                  0019D2 RLA    _exit                     0019E9 RLA    
donelib                   001A14 RLA    reset                     001A20 RLA    
return                    001A2B  LA    ctypemask                 001A32  LA    
ctypemaskdirect           001A36 RLA    decsp2                    001A50 RLA    
decsp4                    001A5D RLA    decsp6                    001A6A RLA    
getfd                     001A77 RLA    _fwrite                   001A8D RLA    
popax                     001B06 RLA    incsp2                    001B0E RLA    
incsp6                    001B1C RLA    ldax0sp                   001B21  LA    
ldaxysp                   001B23 RLA    negeax                    001B2A RLA    
pushl0                    001B48  LA    push0ax                   001B4B  LA    
pusheax                   001B51 RLA    _ltoa                     001B81 RLA    
_ultoa                    001BC2 RLA    boolne                    001BFE  LA    
booleq                    001C04 RLA    boolle                    001C0B  LA    
boollt                    001C0D  LA    boolgt                    001C13  LA    
boolge                    001C15  LA    boolule                   001C1B  LA    
boolult                   001C1D  LA    boolugt                   001C23  LA    
booluge                   001C25  LA    tosumulax                 001C2A RLA    
tosmulax                  001C2A  LA    tosmula0                  001C6F  LA    
tosumula0                 001C6F  LA    mul8x16                   001C71 RLA    
mul8x16a                  001C7B RLA    ___osmaperrno             001CA9 RLA    
popptr1                   001CBF RLA    _printf                   001CCD RLA    
push1                     001D00 RLA    push0                     001D05  LA    
pusha0                    001D07 RLA    pushax                    001D09 RLA    
pushw0sp                  001D1F  LA    pushwysp                  001D21 RLA    
rwprolog                  001D3B RLA    rwcommon                  001D48 RLA    
rwepilog                  001D6B RLA    stax0sp                   001D78 RLA    
staxysp                   001D7A RLA    staxspidx                 001D83 RLA    
_strlen                   001D9E RLA    _strlen_ptr4              001DA2  LA    
_strlwr                   001DB4  LA    _strlower                 001DB4 RLA    
subysp                    001DDB RLA    tosudiva0                 001DE8  LA    
tosudivax                 001DEA RLA    udiv16                    001DF9  LA    
_vfprintf                 001E6F RLA    _write                    001E98 RLA    
zerobss                   001F09 RLA    _cs8900a_name             002131 RLA    
_lan91c96_name            002160 RLA    _w5100_name               002187 RLA    
__hextab                  002193 RLA    __longminstr              0021A3 RLA    
__ctype                   0021B6 RLA    __ctypeidx                0021C1 RLA    
_cfg_mac                  002273  LA    cfg_mac                   002273 RLA    
__DESTRUCTOR_TABLE__      002273 RLA    _cfg_ip                   002279 RLA    
cfg_ip                    002279 RLA    cfg_netmask               00227D RLA    
_cfg_netmask              00227D RLA    _cfg_gateway              002281 RLA    
cfg_gateway               002281 RLA    cfg_dns                   002285 RLA    
_cfg_dns                  002285 RLA    _dhcp_server              002289 RLA    
dhcp_server               002289 RLA    cfg_tftp_server           00228D  LA    
_cs8900a                  002297 RLA    _lan91c96                 002413 RLA    
_w5100                    00259E RLA    eth_rx                    0027F2 RLA    
eth_tx                    002806 RLA    abort_key                 002819  LA    
__filetab                 00281A  LA    _stdin                    002832  LA    
_stdout                   002834 RLA    _stderr                   002836  LA    
__argc                    00283B  LA    __argv                    00283D  LA    
condes                    00283F  LA    done                      002864 RLA    
__dos_type                002867 RLA    fdtab                     002868 RLA    
callmli                   002888 RLA    uppercasemask             0028AC RLA    
zpsave                    0028B5 RLA    rvsave                    0028CF RLA    
__BSS_LOAD__              0028D2  LA    __BSS_RUN__               0028D2 RLA    
__ONCE_LOAD__             0028D2 RLA    __ONCE_RUN__              0028D2 RLA    
initlib                   0028D2 RLA    arp_mac                   0028D3 RLA    
arp_ip                    0028D9 RLA    arp_cache                 0028DD  LA    
dhcp_state                002939  LA    eth_inp_len               002942 RLA    
eth_outp_len              002944 RLA    eth_inp                   002946 RLA    
initdostype               002948  LAI   ip_inp                    002954 REA    
__CONSTRUCTOR_TABLE__     00295C RLA    __MAIN_LAST__             00295E RLA    
icmp_inp                  002968  EA    udp_inp                   002968 REA    
eth_outp                  002F34 RLA    ip_outp                   002F42 REA    
icmp_outp                 002F56  EA    udp_outp                  002F56  EA    
ip65_ctr                  003522  LA    ip65_ctr_arp              003523  LA    
ip65_ctr_ip               003524  LA    _ip65_error               003525  LA    
ip65_error                003525 RLA    output_buffer             003528 RLA    
udp_callback              003730 RLA    udp_send_dest             003732 RLA    
udp_send_src_port         003736 RLA    udp_send_dest_port        003738 RLA    
udp_send_len              00373A RLA    ip_broadcast              003753 RLA    
icmp_callback             00375B  LA    eth_name                  003764  LA    
___oserror                00377B RLA    ___errno                  0037A7 RLA    
mliparam                  0037AB RLA    __MAIN_SIZE__             008DFD  EA    
__HIMEM__                 009600 REA    __LC_START__              00D400 RLA    
__LC_LAST__               00D400 RLA    __LCADDR__                00D400 REA    



Imports list:
-------------
COUT (cout.o):
    write.o                   apple2/write.s:9
__BSS_LOAD__ ([linker generated]):
__BSS_RUN__ ([linker generated]):
    zerobss.o                 common/zerobss.s:8
__BSS_SIZE__ ([linker generated]):
    zerobss.o                 common/zerobss.s:8
__CONSTRUCTOR_COUNT__ ([linker generated]):
    condes.o                  runtime/condes.s:18
__CONSTRUCTOR_TABLE__ ([linker generated]):
    condes.o                  runtime/condes.s:18
__DESTRUCTOR_COUNT__ ([linker generated]):
    condes.o                  runtime/condes.s:19
__DESTRUCTOR_TABLE__ ([linker generated]):
    condes.o                  runtime/condes.s:19
__EXEHDR__ (exehdr.o):
    [linker generated]        C:\UTILITY\cc65\cfg/apple2.cfg:7
__FILETYPE__ ([linker generated]):
    exehdr.o                  apple2/exehdr.s:9
__HIMEM__ ([linker generated]):
    [linker generated]        C:\UTILITY\cc65\cfg/apple2.cfg:18
    [linker generated]        C:\UTILITY\cc65\cfg/apple2.cfg:17
__LCADDR__ ([linker generated]):
    [linker generated]        C:\UTILITY\cc65\cfg/apple2.cfg:19
__LCSIZE__ ([linker generated]):
    [linker generated]        C:\UTILITY\cc65\cfg/apple2.cfg:19
__LC_FILEOFFS__ ([linker generated]):
__LC_LAST__ ([linker generated]):
    crt0.o                    apple2/crt0.s:14
__LC_SIZE__ ([linker generated]):
__LC_START__ ([linker generated]):
    crt0.o                    apple2/crt0.s:14
__MAIN_FILEOFFS__ ([linker generated]):
__MAIN_LAST__ ([linker generated]):
    exehdr.o                  apple2/exehdr.s:10
__MAIN_SIZE__ ([linker generated]):
__MAIN_START__ ([linker generated]):
    exehdr.o                  apple2/exehdr.s:10
__ONCE_LOAD__ ([linker generated]):
    crt0.o                    apple2/crt0.s:13
__ONCE_RUN__ ([linker generated]):
    [linker generated]        C:\UTILITY\cc65\cfg/apple2.cfg:18
    [linker generated]        C:\UTILITY\cc65\cfg/apple2.cfg:18
__ONCE_SIZE__ ([linker generated]):
    crt0.o                    apple2/crt0.s:13
__STACKSIZE__ ([linker generated]):
    [linker generated]        C:\UTILITY\cc65\cfg/apple2.cfg:18
__STARTUP__ (crt0.o):
    pch-UthernetCheck.o       pch-UthernetCheck.s:13
__ZP_FILEOFFS__ ([linker generated]):
__ZP_LAST__ ([linker generated]):
__ZP_SIZE__ ([linker generated]):
__ZP_START__ ([linker generated]):
___directerrno (_directerrno.o):
    write.o                   /home/runner/work/cc65/cc65/asminc/errno.inc:10
___errno (errno.o):
    _seterrno.o               /home/runner/work/cc65/cc65/asminc/errno.inc:7
___mappederrno (_mappederrno.o):
    rwcommon.o                /home/runner/work/cc65/cc65/asminc/errno.inc:10
    write.o                   /home/runner/work/cc65/cc65/asminc/errno.inc:10
___oserror (_oserror.o):
    rwcommon.o                /home/runner/work/cc65/cc65/asminc/errno.inc:7
    _mappederrno.o            /home/runner/work/cc65/cc65/asminc/errno.inc:7
    _directerrno.o            /home/runner/work/cc65/cc65/asminc/errno.inc:7
___osmaperrno (oserror.o):
    _mappederrno.o            /home/runner/work/cc65/cc65/asminc/errno.inc:8
___seterrno (_seterrno.o):
    _mappederrno.o            /home/runner/work/cc65/cc65/asminc/errno.inc:9
    _directerrno.o            /home/runner/work/cc65/cc65/asminc/errno.inc:9
    fwrite.o                  /home/runner/work/cc65/cc65/asminc/errno.inc:9
__argc (callmain.o):
__argv (callmain.o):
__ctype (ctype.o):
    ctypemask.o               common/ctypemask.s:23
__ctypeidx (ctype.o):
    ctypemask.o               common/ctypemask.s:24
__dos_type (dosdetect.o):
    mli.o                     apple2/mli.s:7
__filetab (_file.o):
__hextab (_hextab.o):
    ltoa.o                    common/ltoa.s:10
__longminstr (_longminstr.o):
    ltoa.o                    common/ltoa.s:10
__printf (_printf.o):
    vfprintf.o                common/vfprintf.s:10
_cfg_dns (config_c.o):
    pch-UthernetCheck.o       pch-UthernetCheck.s:19
_cfg_gateway (config_c.o):
    pch-UthernetCheck.o       pch-UthernetCheck.s:18
_cfg_ip (config_c.o):
    pch-UthernetCheck.o       pch-UthernetCheck.s:16
_cfg_mac (config_c.o):
_cfg_netmask (config_c.o):
    pch-UthernetCheck.o       pch-UthernetCheck.s:17
_check_uthernet (pch_network.o):
    pch-UthernetCheck.o       pch-UthernetCheck.s:22
_cs8900a (uthernet.o):
    a2combo.o                 ethernetcombo.s:19
_cs8900a_name (uthernet.o):
    a2combo.o                 ethernetcombo.s:20
_dhcp_init (dhcp_c.o):
    pch-UthernetCheck.o       pch-UthernetCheck.s:15
_dhcp_server (config_c.o):
    pch-UthernetCheck.o       pch-UthernetCheck.s:20
_exit (callmain.o):
    crt0.o                    apple2/crt0.s:11
_fwrite (fwrite.o):
    vfprintf.o                common/vfprintf.s:10
_ip65_error (ip65_c.o):
_ip65_init (ip65_c.o):
    pch_network.o             build\pch_network.s:14
_ip65_process (ip65_c.o):
_ip65_random_word (ip65_c.o):
_ip65_strerror (ip65_c.o):
_lan91c96 (lancegs.o):
    a2combo.o                 ethernetcombo.s:22
_lan91c96_name (lancegs.o):
    a2combo.o                 ethernetcombo.s:23
_ltoa (ltoa.o):
    _printf.o                 common/_printf.s:12
_main (pch-UthernetCheck.o):
    callmain.o                apple2/callmain.s:11
_print_ip (pch_network.o):
    pch-UthernetCheck.o       pch-UthernetCheck.s:21
_printf (printf.o):
    pch_network.o             build\pch_network.s:13
    pch-UthernetCheck.o       pch-UthernetCheck.s:14
_stderr (_file.o):
_stdin (_file.o):
_stdout (_file.o):
    printf.o                  common/printf.s:8
_strlen (strlen.o):
    _printf.o                 common/_printf.s:13
_strlen_ptr4 (strlen.o):
_strlower (strlower.o):
    _printf.o                 common/_printf.s:13
_strlwr (strlower.o):
_ultoa (ltoa.o):
    _printf.o                 common/_printf.s:12
_vfprintf (vfprintf.o):
    printf.o                  common/printf.s:8
_w5100 (uthernet2.o):
    a2combo.o                 ethernetcombo.s:16
_w5100_name (uthernet2.o):
    a2combo.o                 ethernetcombo.s:17
_write (write.o):
    fwrite.o                  common/fwrite.s:10
abort_key (a2_input.o):
abort_key_default (a2_input.o):
abort_key_disable (a2_input.o):
ac_size (arp.o):
addeq0sp (addeqsp.o):
addeqysp (addeqsp.o):
    pch_network.o             build\pch_network.s:188
addysp (addysp.o):
    fwrite.o                  common/fwrite.s:11
    printf.o                  common/printf.s:8
    incsp6.o                  runtime/incsp6.s:8
    pch_network.o             build\pch_network.s:188
addysp1 (addysp.o):
arp_add (arp.o):
arp_cache (arp.o):
arp_calculate_gateway_mask (arp.o):
    dhcp.o                    dhcp.s:26
arp_init (arp.o):
    ip65.o                    ip65.s:17
arp_ip (arp.o):
    ip.o                      ip.s:47
arp_lookup (arp.o):
    ip.o                      ip.s:45
arp_mac (arp.o):
    ip.o                      ip.s:46
arp_process (arp.o):
    ip65.o                    ip65.s:26
axlong (axlong.o):
    _printf.o                 common/_printf.s:11
axulong (axlong.o):
    _printf.o                 common/_printf.s:11
booleq (makebool.o):
    pch-UthernetCheck.o       pch-UthernetCheck.s:214
boolge (makebool.o):
boolgt (makebool.o):
boolle (makebool.o):
boollt (makebool.o):
boolne (makebool.o):
booluge (makebool.o):
boolugt (makebool.o):
boolule (makebool.o):
boolult (makebool.o):
callmain (callmain.o):
    crt0.o                    apple2/crt0.s:12
callmli (mli.o):
    rwcommon.o                apple2/mli.inc:131
    write.o                   apple2/mli.inc:131
cfg_dns (config.o):
    dhcp.o                    dhcp.s:24
    config_c.o                config_c.s:14
cfg_gateway (config.o):
    arp.o                     arp.s:29
    dhcp.o                    dhcp.s:23
    config_c.o                config_c.s:13
cfg_ip (config.o):
    arp.o                     arp.s:27
    ip.o                      ip.s:29
    udp.o                     udp.s:50
    dhcp.o                    dhcp.s:21
    config_c.o                config_c.s:11
cfg_mac (config.o):
    a2combo.o                 ethernetcombo.s:25
    eth.o                     eth.s:21
    arp.o                     arp.s:26
    ip.o                      ip.s:28
    dhcp.o                    dhcp.s:20
    config_c.o                config_c.s:10
cfg_netmask (config.o):
    arp.o                     arp.s:28
    dhcp.o                    dhcp.s:22
    config_c.o                config_c.s:12
cfg_tftp_server (config.o):
check_for_abort_key (a2_input.o):
    dhcp.o                    dhcp.s:46
condes (condes.o):
copy_dest (copymem.o):
    udp.o                     udp.s:48
copy_src (copymem.o):
    udp.o                     udp.s:47
copymem (copymem.o):
    udp.o                     udp.s:46
ctypemask (ctypemask.o):
ctypemaskdirect (ctypemask.o):
    strlower.o                common/strlower.s:14
decsp2 (decsp2.o):
    pch-UthernetCheck.o       pch-UthernetCheck.s:214
decsp4 (decsp4.o):
    lpush.o                   runtime/lpush.s:12
decsp6 (decsp6.o):
    _printf.o                 common/_printf.s:11
dhcp_init (dhcp.o):
    dhcp_c.o                  dhcp_c.s:5
dhcp_server (config.o):
    dhcp.o                    dhcp.s:16
    config_c.o                config_c.s:15
dhcp_state (dhcp.o):
done (crt0.o):
    callmain.o                apple2/callmain.s:11
donelib (condes.o):
    callmain.o                apple2/callmain.s:11
eth_data (eth.o):
    ip.o                      ip.s:41
eth_dest (eth.o):
    ip.o                      ip.s:38
eth_init (a2combo.o):
    ip65.o                    ip65.s:15
eth_inp (eth_buffer.o):
    a2combo.o                 ethernetcombo.s:11
    arp.o                     arp.s:16
    icmp.o                    icmp.s:46
    ip.o                      ip.s:33
    ip65.o                    ip65.s:21
eth_inp_len (eth.o):
    a2combo.o                 ethernetcombo.s:12
    icmp.o                    icmp.s:47
    ip.o                      ip.s:34
eth_name (a2combo.o):
eth_outp (eth_buffer.o):
    a2combo.o                 ethernetcombo.s:13
    eth.o                     eth.s:16
    arp.o                     arp.s:18
    icmp.o                    icmp.s:48
    ip.o                      ip.s:35
    ip65.o                    ip65.s:22
eth_outp_len (eth.o):
    a2combo.o                 ethernetcombo.s:14
    arp.o                     arp.s:19
    icmp.o                    icmp.s:49
    ip.o                      ip.s:36
eth_proto_arp (eth.o):
    arp.o                     arp.s:24
    ip65.o                    ip65.s:28
eth_proto_ip (eth.o):
    ip.o                      ip.s:42
eth_rx (a2combo.o):
    ip65.o                    ip65.s:23
eth_set_broadcast_dest (eth.o):
    arp.o                     arp.s:21
eth_set_my_mac_src (eth.o):
    arp.o                     arp.s:22
eth_set_proto (eth.o):
    arp.o                     arp.s:23
    ip.o                      ip.s:32
eth_src (eth.o):
    ip.o                      ip.s:39
eth_tx (a2combo.o):
    arp.o                     arp.s:20
    icmp.o                    icmp.s:45
    ip.o                      ip.s:31
eth_type (eth.o):
fdtab (filedes.o):
    write.o                   apple2/filedes.inc:13
getfd (filedes.o):
    rwcommon.o                apple2/filedes.inc:14
icmp_add_listener (icmp.o):
icmp_callback (icmp.o):
icmp_cksum (icmp.o):
icmp_code (icmp.o):
icmp_data (icmp.o):
icmp_init (icmp.o):
    ip.o                      ip.s:49
icmp_inp (icmp.o):
icmp_outp (icmp.o):
icmp_process (icmp.o):
    ip.o                      ip.s:50
icmp_remove_listener (icmp.o):
icmp_type (icmp.o):
incsp2 (incsp2.o):
    popptr1.o                 runtime/popptr1.s:8
    staxspi.o                 runtime/staxspi.s:9
incsp6 (incsp6.o):
    fwrite.o                  common/fwrite.s:11
    vfprintf.o                common/vfprintf.s:9
    pch_network.o             build\pch_network.s:188
initdostype (dosdetect.o):
initlib (condes.o):
    crt0.o                    apple2/crt0.s:11
ip65_ctr (ip65.o):
ip65_ctr_arp (ip65.o):
ip65_ctr_ip (ip65.o):
ip65_error (ip65.o):
    udp.o                     udp.s:6
    dhcp.o                    dhcp.s:19
    ip65_c.o                  ip65_c.s:12
ip65_init (ip65.o):
    ip65_c.o                  ip65_c.s:9
ip65_process (ip65.o):
    dhcp.o                    dhcp.s:28
    ip65_c.o                  ip65_c.s:10
ip65_random_word (ip65.o):
    ip65_c.o                  ip65_c.s:11
ip65_strerror (error.o):
    ip65_c.o                  ip65_c.s:13
ip_broadcast (ip.o):
    icmp.o                    icmp.s:32
ip_calc_cksum (ip.o):
    icmp.o                    icmp.s:29
    udp.o                     udp.s:31
ip_cksum_ptr (ip.o):
    icmp.o                    icmp.s:38
    udp.o                     udp.s:36
ip_create_packet (ip.o):
    udp.o                     udp.s:33
ip_data (ip.o):
    icmp.o                    icmp.s:42
    udp.o                     udp.s:40
ip_dest (ip.o):
    icmp.o                    icmp.s:41
    udp.o                     udp.s:39
ip_frag (ip.o):
ip_header_cksum (ip.o):
    icmp.o                    icmp.s:39
ip_id (ip.o):
    udp.o                     udp.s:43
ip_init (ip.o):
    ip65.o                    ip65.s:18
ip_inp (ip.o):
    icmp.o                    icmp.s:30
    udp.o                     udp.s:34
ip_len (ip.o):
    udp.o                     udp.s:44
ip_outp (ip.o):
    icmp.o                    icmp.s:31
    udp.o                     udp.s:35
ip_process (ip.o):
    ip65.o                    ip65.s:25
ip_proto (ip.o):
    udp.o                     udp.s:41
ip_proto_icmp (ip.o):
ip_proto_tcp (ip.o):
ip_proto_udp (ip.o):
    udp.o                     udp.s:42
ip_send (ip.o):
    udp.o                     udp.s:32
ip_src (ip.o):
    icmp.o                    icmp.s:40
ip_tos (ip.o):
ip_ttl (ip.o):
ip_ver_ihl (ip.o):
ldax0sp (ldaxsp.o):
ldaxysp (ldaxsp.o):
    fwrite.o                  common/fwrite.s:11
    pch-UthernetCheck.o       pch-UthernetCheck.s:214
mliparam (mli.o):
    rwcommon.o                apple2/mli.inc:130
    write.o                   apple2/mli.inc:130
mul8x16 (mul8.o):
    mul.o                     runtime/mul.s:8
mul8x16a (mul8.o):
    mul.o                     runtime/mul.s:8
negeax (lneg.o):
    ltoa.o                    common/ltoa.s:9
output_buffer (output_buffer.o):
    dhcp.o                    dhcp.s:40
popax (incsp2.o):
    rwcommon.o                apple2/rwcommon.s:6
    ltoa.o                    common/ltoa.s:9
    _printf.o                 common/_printf.s:11
popptr1 (popptr1.o):
    rwcommon.o                apple2/rwcommon.s:6
    udiv.o                    runtime/udiv.s:9
    mul8.o                    runtime/mul8.s:9
    mul.o                     runtime/mul.s:9
    ltoa.o                    common/ltoa.s:9
ptr1 (zeropage.o):
    rwcommon.o                /home/runner/work/cc65/cc65/asminc/zeropage.inc:12
    write.o                   /home/runner/work/cc65/cc65/asminc/zeropage.inc:12
    udiv.o                    runtime/udiv.s:10
    strlower.o                common/strlower.s:13
    popptr1.o                 runtime/popptr1.s:9
    mul8.o                    runtime/mul8.s:10
    mul.o                     runtime/mul.s:10
    ltoa.o                    common/ltoa.s:11
    fwrite.o                  common/fwrite.s:14
    _printf.o                 /home/runner/work/cc65/cc65/asminc/zeropage.inc:12
    zerobss.o                 common/zerobss.s:9
    vfprintf.o                common/vfprintf.s:11
    staxspi.o                 runtime/staxspi.s:10
    printf.o                  common/printf.s:9
    uthernet2.o               C:\UTILITY\cc65\asminc/zeropage.inc:12
    lancegs.o                 C:\UTILITY\cc65\asminc/zeropage.inc:12
    uthernet.o                C:\UTILITY\cc65\asminc/zeropage.inc:12
    a2combo.o                 C:\UTILITY\cc65\asminc/zeropage.inc:12
    copymem.o                 C:\UTILITY\cc65\asminc/zeropage.inc:12
    arp.o                     C:\UTILITY\cc65\asminc/zeropage.inc:12
    ip.o                      C:\UTILITY\cc65\asminc/zeropage.inc:12
    pch_network.o             build\pch_network.s:11
ptr2 (zeropage.o):
    rwcommon.o                /home/runner/work/cc65/cc65/asminc/zeropage.inc:12
    write.o                   /home/runner/work/cc65/cc65/asminc/zeropage.inc:12
    strlower.o                common/strlower.s:13
    ltoa.o                    common/ltoa.s:11
    _printf.o                 /home/runner/work/cc65/cc65/asminc/zeropage.inc:12
    uthernet2.o               C:\UTILITY\cc65\asminc/zeropage.inc:12
    lancegs.o                 C:\UTILITY\cc65\asminc/zeropage.inc:12
    uthernet.o                C:\UTILITY\cc65\asminc/zeropage.inc:12
    copymem.o                 C:\UTILITY\cc65\asminc/zeropage.inc:12
    ip.o                      C:\UTILITY\cc65\asminc/zeropage.inc:12
ptr3 (zeropage.o):
    ltoa.o                    common/ltoa.s:11
    uthernet2.o               C:\UTILITY\cc65\asminc/zeropage.inc:12
    lancegs.o                 C:\UTILITY\cc65\asminc/zeropage.inc:12
    uthernet.o                C:\UTILITY\cc65\asminc/zeropage.inc:12
ptr4 (zeropage.o):
    udiv.o                    runtime/udiv.s:10
    strlen.o                  common/strlen.s:12
    mul8.o                    runtime/mul8.s:10
    mul.o                     runtime/mul.s:10
    uthernet2.o               C:\UTILITY\cc65\asminc/zeropage.inc:12
    uthernet.o                C:\UTILITY\cc65\asminc/zeropage.inc:12
push0 (pushax.o):
push0ax (lpush.o):
push1 (push1.o):
    _printf.o                 common/_printf.s:11
    vfprintf.o                common/vfprintf.s:9
pusha0 (pushax.o):
    push1.o                   runtime/push1.s:8
    fwrite.o                  common/fwrite.s:11
    pch_network.o             build\pch_network.s:188
pushax (pushax.o):
    fwrite.o                  common/fwrite.s:11
    callmain.o                apple2/callmain.s:11
    _printf.o                 common/_printf.s:11
    printf.o                  common/printf.s:8
    pch_network.o             build\pch_network.s:188
    pch_network.o             build\pch_network.s:188
    pch-UthernetCheck.o       pch-UthernetCheck.s:214
pusheax (lpush.o):
    _printf.o                 common/_printf.s:11
    pch_network.o             build\pch_network.s:188
pushl0 (lpush.o):
pushw0sp (pushwsp.o):
pushwysp (pushwsp.o):
    fwrite.o                  common/fwrite.s:11
    vfprintf.o                common/vfprintf.s:9
regbank (zeropage.o):
    _printf.o                 /home/runner/work/cc65/cc65/asminc/zeropage.inc:14
regsave (zeropage.o):
reset (crt0.o):
    callmain.o                apple2/callmain.s:12
return (crt0.o):
rvsave (crt0.o):
    callmain.o                apple2/callmain.s:12
rwcommon (rwcommon.o):
    write.o                   apple2/write.s:8
rwepilog (rwcommon.o):
    write.o                   apple2/write.s:8
rwprolog (rwcommon.o):
    write.o                   apple2/write.s:8
sp (zeropage.o):
    pushwsp.o                 runtime/pushwsp.s:8
    popptr1.o                 runtime/popptr1.s:9
    incsp2.o                  runtime/incsp2.s:8
    decsp6.o                  runtime/decsp6.s:8
    decsp4.o                  runtime/decsp4.s:8
    callmain.o                /home/runner/work/cc65/cc65/asminc/zeropage.inc:11
    _printf.o                 /home/runner/work/cc65/cc65/asminc/zeropage.inc:11
    vfprintf.o                common/vfprintf.s:11
    subysp.o                  runtime/subysp.s:9
    staxspi.o                 runtime/staxspi.s:10
    staxsp.o                  runtime/staxsp.s:8
    pushax.o                  runtime/pushax.s:8
    printf.o                  common/printf.s:9
    lpush.o                   runtime/lpush.s:13
    ldaxsp.o                  runtime/ldaxsp.s:8
    decsp2.o                  runtime/decsp2.s:8
    crt0.o                    /home/runner/work/cc65/cc65/asminc/zeropage.inc:11
    addysp.o                  runtime/addysp.s:8
    addeqsp.o                 runtime/addeqsp.s:8
    pch_network.o             build\pch_network.s:10
sreg (zeropage.o):
    lneg.o                    runtime/lneg.s:11
    udiv.o                    runtime/udiv.s:10
    ltoa.o                    common/ltoa.s:11
    axlong.o                  runtime/axlong.s:9
    _printf.o                 /home/runner/work/cc65/cc65/asminc/zeropage.inc:11
    lpush.o                   runtime/lpush.s:13
    uthernet2.o               C:\UTILITY\cc65\asminc/zeropage.inc:11
    pch-UthernetCheck.o       pch-UthernetCheck.s:10
stax0sp (staxsp.o):
    pch_network.o             build\pch_network.s:188
staxspidx (staxspi.o):
    pch_network.o             build\pch_network.s:188
staxysp (staxsp.o):
    pch-UthernetCheck.o       pch-UthernetCheck.s:214
subysp (subysp.o):
    pch_network.o             build\pch_network.s:188
timer_init (a2_timer.o):
    ip65.o                    ip65.s:16
timer_read (a2_timer.o):
    timer.o                   timer.s:13
    arp.o                     arp.s:31
    ip65.o                    ip65.s:19
    dhcp.o                    dhcp.s:47
timer_seconds (a2_timer.o):
timer_timeout (timer.o):
    arp.o                     arp.s:32
tmp1 (zeropage.o):
    mul.o                     runtime/mul.s:10
    ltoa.o                    common/ltoa.s:11
    _printf.o                 /home/runner/work/cc65/cc65/asminc/zeropage.inc:13
    staxspi.o                 runtime/staxspi.s:10
    uthernet2.o               C:\UTILITY\cc65\asminc/zeropage.inc:13
    pch_network.o             build\pch_network.s:11
tmp2 (zeropage.o):
    uthernet2.o               C:\UTILITY\cc65\asminc/zeropage.inc:13
tmp3 (zeropage.o):
    uthernet2.o               C:\UTILITY\cc65\asminc/zeropage.inc:13
tmp4 (zeropage.o):
    uthernet2.o               C:\UTILITY\cc65\asminc/zeropage.inc:13
tosmula0 (mul8.o):
tosmulax (mul.o):
tosudiva0 (udiv.o):
tosudivax (udiv.o):
    fwrite.o                  common/fwrite.s:12
tosumula0 (mul8.o):
tosumulax (mul.o):
    fwrite.o                  common/fwrite.s:12
udiv16 (udiv.o):
udp_add_listener (udp.o):
    dhcp.o                    dhcp.s:30
udp_callback (udp.o):
    dhcp.o                    dhcp.s:33
udp_cksum (udp.o):
udp_data (udp.o):
    dhcp.o                    dhcp.s:38
udp_dest_port (udp.o):
udp_init (udp.o):
    ip.o                      ip.s:52
udp_inp (udp.o):
    dhcp.o                    dhcp.s:36
udp_len (udp.o):
udp_outp (udp.o):
udp_process (udp.o):
    ip.o                      ip.s:53
udp_remove_listener (udp.o):
    dhcp.o                    dhcp.s:31
udp_send (udp.o):
    dhcp.o                    dhcp.s:34
udp_send_dest (udp.o):
    dhcp.o                    dhcp.s:42
udp_send_dest_port (udp.o):
    dhcp.o                    dhcp.s:44
udp_send_internal (udp.o):
udp_send_len (udp.o):
    dhcp.o                    dhcp.s:45
udp_send_src_port (udp.o):
    dhcp.o                    dhcp.s:43
udp_src_port (udp.o):
uppercasemask (uppercasemask.o):
    write.o                   apple2/write.s:11
zerobss (zerobss.o):
    crt0.o                    apple2/crt0.s:12
zpsave (crt0.o):
    callmain.o                apple2/callmain.s:12

