Modules list:
-------------
pch-tcp.o:
    CODE              Offs=000000  Size=0003D8  Align=00001  Fill=0000
    RODATA            Offs=000000  Size=000101  Align=00001  Fill=0000
    BSS               Offs=000000  Size=0005DE  Align=00001  Fill=0000
    DATA              Offs=000000  Size=000000  Align=00001  Fill=0000
    ZEROPAGE          Offs=000000  Size=000000  Align=00001  Fill=0000
    NULL              Offs=000000  Size=000000  Align=00001  Fill=0000
../00.LIBRERIE/IP65/lib/ip65.lib(arp.o):
    CODE              Offs=0003D8  Size=000202  Align=00001  Fill=0000
    RODATA            Offs=000101  Size=000000  Align=00001  Fill=0000
    BSS               Offs=0005DE  Size=000066  Align=00001  Fill=0000
    DATA              Offs=000000  Size=000000  Align=00001  Fill=0000
    ZEROPAGE          Offs=000000  Size=000000  Align=00001  Fill=0000
    NULL              Offs=000000  Size=000000  Align=00001  Fill=0000
../00.LIBRERIE/IP65/lib/ip65.lib(config.o):
    CODE              Offs=0005DA  Size=000000  Align=00001  Fill=0000
    RODATA            Offs=000101  Size=000000  Align=00001  Fill=0000
    BSS               Offs=000644  Size=000000  Align=00001  Fill=0000
    DATA              Offs=000000  Size=00001E  Align=00001  Fill=0000
    ZEROPAGE          Offs=000000  Size=000000  Align=00001  Fill=0000
    NULL              Offs=000000  Size=000000  Align=00001  Fill=0000
../00.LIBRERIE/IP65/lib/ip65.lib(config_c.o):
    CODE              Offs=0005DA  Size=000000  Align=00001  Fill=0000
    RODATA            Offs=000101  Size=000000  Align=00001  Fill=0000
    BSS               Offs=000644  Size=000000  Align=00001  Fill=0000
    DATA              Offs=00001E  Size=000000  Align=00001  Fill=0000
    ZEROPAGE          Offs=000000  Size=000000  Align=00001  Fill=0000
    NULL              Offs=000000  Size=000000  Align=00001  Fill=0000
../00.LIBRERIE/IP65/lib/ip65.lib(copymem.o):
    CODE              Offs=0005DA  Size=000027  Align=00001  Fill=0000
    RODATA            Offs=000101  Size=000000  Align=00001  Fill=0000
    BSS               Offs=000644  Size=000001  Align=00001  Fill=0000
    DATA              Offs=00001E  Size=000000  Align=00001  Fill=0000
    ZEROPAGE          Offs=000000  Size=000000  Align=00001  Fill=0000
    NULL              Offs=000000  Size=000000  Align=00001  Fill=0000
../00.LIBRERIE/IP65/lib/ip65.lib(dhcp.o):
    CODE              Offs=000601  Size=000294  Align=00001  Fill=0000
    RODATA            Offs=000101  Size=000000  Align=00001  Fill=0000
    BSS               Offs=000645  Size=000009  Align=00001  Fill=0000
    DATA              Offs=00001E  Size=000000  Align=00001  Fill=0000
    ZEROPAGE          Offs=000000  Size=000000  Align=00001  Fill=0000
    NULL              Offs=000000  Size=000000  Align=00001  Fill=0000
../00.LIBRERIE/IP65/lib/ip65.lib(dhcp_c.o):
    CODE              Offs=000895  Size=000008  Align=00001  Fill=0000
    RODATA            Offs=000101  Size=000000  Align=00001  Fill=0000
    BSS               Offs=00064E  Size=000000  Align=00001  Fill=0000
    DATA              Offs=00001E  Size=000000  Align=00001  Fill=0000
    ZEROPAGE          Offs=000000  Size=000000  Align=00001  Fill=0000
    NULL              Offs=000000  Size=000000  Align=00001  Fill=0000
../00.LIBRERIE/IP65/lib/ip65.lib(dottedquad.o):
    CODE              Offs=00089D  Size=00005C  Align=00001  Fill=0000
    RODATA            Offs=000101  Size=000000  Align=00001  Fill=0000
    BSS               Offs=00064E  Size=000004  Align=00001  Fill=0000
    DATA              Offs=00001E  Size=000004  Align=00001  Fill=0000
    ZEROPAGE          Offs=000000  Size=000000  Align=00001  Fill=0000
    NULL              Offs=000000  Size=000000  Align=00001  Fill=0000
../00.LIBRERIE/IP65/lib/ip65.lib(dottedquad_c.o):
    CODE              Offs=0008F9  Size=000092  Align=00001  Fill=0000
    RODATA            Offs=000101  Size=000000  Align=00001  Fill=0000
    BSS               Offs=000652  Size=000010  Align=00001  Fill=0000
    DATA              Offs=000022  Size=000000  Align=00001  Fill=0000
    ZEROPAGE          Offs=000000  Size=000000  Align=00001  Fill=0000
    NULL              Offs=000000  Size=000000  Align=00001  Fill=0000
../00.LIBRERIE/IP65/lib/ip65.lib(error.o):
    CODE              Offs=00098B  Size=000071  Align=00001  Fill=0000
    RODATA            Offs=000101  Size=0000BD  Align=00001  Fill=0000
    BSS               Offs=000662  Size=000000  Align=00001  Fill=0000
    DATA              Offs=000022  Size=000000  Align=00001  Fill=0000
    ZEROPAGE          Offs=000000  Size=000000  Align=00001  Fill=0000
    NULL              Offs=000000  Size=000000  Align=00001  Fill=0000
../00.LIBRERIE/IP65/lib/ip65.lib(eth.o):
    CODE              Offs=0009FC  Size=000020  Align=00001  Fill=0000
    RODATA            Offs=0001BE  Size=000000  Align=00001  Fill=0000
    BSS               Offs=000662  Size=000004  Align=00001  Fill=0000
    DATA              Offs=000022  Size=000000  Align=00001  Fill=0000
    ZEROPAGE          Offs=000000  Size=000000  Align=00001  Fill=0000
    NULL              Offs=000000  Size=000000  Align=00001  Fill=0000
../00.LIBRERIE/IP65/lib/ip65.lib(eth_buffer.o):
    CODE              Offs=000A1C  Size=000000  Align=00001  Fill=0000
    RODATA            Offs=0001BE  Size=000000  Align=00001  Fill=0000
    BSS               Offs=000666  Size=000BDC  Align=00001  Fill=0000
    DATA              Offs=000022  Size=000000  Align=00001  Fill=0000
    ZEROPAGE          Offs=000000  Size=000000  Align=00001  Fill=0000
    NULL              Offs=000000  Size=000000  Align=00001  Fill=0000
../00.LIBRERIE/IP65/lib/ip65.lib(ip65.o):
    CODE              Offs=000A1C  Size=00005F  Align=00001  Fill=0000
    RODATA            Offs=0001BE  Size=000000  Align=00001  Fill=0000
    BSS               Offs=001242  Size=000004  Align=00001  Fill=0000
    DATA              Offs=000022  Size=000000  Align=00001  Fill=0000
    ZEROPAGE          Offs=000000  Size=000000  Align=00001  Fill=0000
    NULL              Offs=000000  Size=000000  Align=00001  Fill=0000
../00.LIBRERIE/IP65/lib/ip65.lib(ip65_c.o):
    CODE              Offs=000A7B  Size=000010  Align=00001  Fill=0000
    RODATA            Offs=0001BE  Size=000000  Align=00001  Fill=0000
    BSS               Offs=001246  Size=000000  Align=00001  Fill=0000
    DATA              Offs=000022  Size=000000  Align=00001  Fill=0000
    ZEROPAGE          Offs=000000  Size=000000  Align=00001  Fill=0000
    NULL              Offs=000000  Size=000000  Align=00001  Fill=0000
../00.LIBRERIE/IP65/lib/ip65.lib(tcp_c.o):
    CODE              Offs=000A8B  Size=000084  Align=00001  Fill=0000
    RODATA            Offs=0001BE  Size=000000  Align=00001  Fill=0000
    BSS               Offs=001246  Size=000000  Align=00001  Fill=0000
    DATA              Offs=000022  Size=000012  Align=00001  Fill=0000
    ZEROPAGE          Offs=000000  Size=000000  Align=00001  Fill=0000
    NULL              Offs=000000  Size=000000  Align=00001  Fill=0000
../00.LIBRERIE/IP65/lib/ip65.lib(timer.o):
    CODE              Offs=000B0F  Size=000018  Align=00001  Fill=0000
    RODATA            Offs=0001BE  Size=000000  Align=00001  Fill=0000
    BSS               Offs=001246  Size=000002  Align=00001  Fill=0000
    DATA              Offs=000034  Size=000000  Align=00001  Fill=0000
    ZEROPAGE          Offs=000000  Size=000000  Align=00001  Fill=0000
    NULL              Offs=000000  Size=000000  Align=00001  Fill=0000
../00.LIBRERIE/IP65/lib/ip65.lib(output_buffer.o):
    CODE              Offs=000B27  Size=000000  Align=00001  Fill=0000
    RODATA            Offs=0001BE  Size=000000  Align=00001  Fill=0000
    BSS               Offs=001248  Size=000208  Align=00001  Fill=0000
    DATA              Offs=000034  Size=000000  Align=00001  Fill=0000
    ZEROPAGE          Offs=000000  Size=000000  Align=00001  Fill=0000
    NULL              Offs=000000  Size=000000  Align=00001  Fill=0000
../00.LIBRERIE/IP65/lib/ip65.lib(udp.o):
    CODE              Offs=000B27  Size=000176  Align=00001  Fill=0000
    RODATA            Offs=0001BE  Size=000000  Align=00001  Fill=0000
    BSS               Offs=001450  Size=00001F  Align=00001  Fill=0000
    DATA              Offs=000034  Size=000003  Align=00001  Fill=0000
    ZEROPAGE          Offs=000000  Size=000000  Align=00001  Fill=0000
    NULL              Offs=000000  Size=000000  Align=00001  Fill=0000
../00.LIBRERIE/IP65/lib/ip65.lib(ip.o):
    CODE              Offs=000C9D  Size=00020B  Align=00001  Fill=0000
    RODATA            Offs=0001BE  Size=000000  Align=00001  Fill=0000
    BSS               Offs=00146F  Size=00000C  Align=00001  Fill=0000
    DATA              Offs=000037  Size=000000  Align=00001  Fill=0000
    ZEROPAGE          Offs=000000  Size=000000  Align=00001  Fill=0000
    NULL              Offs=000000  Size=000000  Align=00001  Fill=0000
../00.LIBRERIE/IP65/lib/ip65.lib(icmp.o):
    CODE              Offs=000EA8  Size=00010D  Align=00001  Fill=0000
    RODATA            Offs=0001BE  Size=000000  Align=00001  Fill=0000
    BSS               Offs=00147B  Size=000009  Align=00001  Fill=0000
    DATA              Offs=000037  Size=000003  Align=00001  Fill=0000
    ZEROPAGE          Offs=000000  Size=000000  Align=00001  Fill=0000
    NULL              Offs=000000  Size=000000  Align=00001  Fill=0000
../00.LIBRERIE/IP65/lib/ip65_tcp.lib(arithmetic.o):
    CODE              Offs=000FB5  Size=00009D  Align=00001  Fill=0000
    RODATA            Offs=0001BE  Size=000000  Align=00001  Fill=0000
    BSS               Offs=001484  Size=000002  Align=00001  Fill=0000
    DATA              Offs=00003A  Size=000000  Align=00001  Fill=0000
    ZEROPAGE          Offs=000000  Size=000000  Align=00001  Fill=0000
    NULL              Offs=000000  Size=000000  Align=00001  Fill=0000
../00.LIBRERIE/IP65/lib/ip65_tcp.lib(tcp.o):
    CODE              Offs=001052  Size=00066B  Align=00001  Fill=0000
    RODATA            Offs=0001BE  Size=000000  Align=00001  Fill=0000
    BSS               Offs=001486  Size=000042  Align=00001  Fill=0000
    DATA              Offs=00003A  Size=000000  Align=00001  Fill=0000
    ZEROPAGE          Offs=000000  Size=000000  Align=00001  Fill=0000
    NULL              Offs=000000  Size=000000  Align=00001  Fill=0000
../00.LIBRERIE/IP65/drivers/ip65_apple2.lib(uthernet.o):
    CODE              Offs=0016BD  Size=000000  Align=00001  Fill=0000
    RODATA            Offs=0001BE  Size=000020  Align=00001  Fill=0000
    BSS               Offs=0014C8  Size=000000  Align=00001  Fill=0000
    DATA              Offs=00003A  Size=00017C  Align=00001  Fill=0000
    ZEROPAGE          Offs=000000  Size=000000  Align=00001  Fill=0000
    NULL              Offs=000000  Size=000000  Align=00001  Fill=0000
../00.LIBRERIE/IP65/drivers/ip65_apple2.lib(lancegs.o):
    CODE              Offs=0016BD  Size=000000  Align=00001  Fill=0000
    RODATA            Offs=0001DE  Size=00002E  Align=00001  Fill=0000
    BSS               Offs=0014C8  Size=000000  Align=00001  Fill=0000
    DATA              Offs=0001B6  Size=00018B  Align=00001  Fill=0000
    ZEROPAGE          Offs=000000  Size=000000  Align=00001  Fill=0000
    NULL              Offs=000000  Size=000000  Align=00001  Fill=0000
../00.LIBRERIE/IP65/drivers/ip65_apple2.lib(uthernet2.o):
    CODE              Offs=0016BD  Size=000000  Align=00001  Fill=0000
    RODATA            Offs=00020C  Size=00002B  Align=00001  Fill=0000
    BSS               Offs=0014C8  Size=000000  Align=00001  Fill=0000
    DATA              Offs=000341  Size=000238  Align=00001  Fill=0000
    ZEROPAGE          Offs=000000  Size=000000  Align=00001  Fill=0000
    NULL              Offs=000000  Size=000000  Align=00001  Fill=0000
../00.LIBRERIE/IP65/drivers/ip65_apple2.lib(a2combo.o):
    CODE              Offs=0016BD  Size=0000BF  Align=00001  Fill=0000
    RODATA            Offs=000237  Size=000000  Align=00001  Fill=0000
    BSS               Offs=0014C8  Size=000015  Align=00001  Fill=0000
    DATA              Offs=000579  Size=000043  Align=00001  Fill=0000
    ZEROPAGE          Offs=000000  Size=000000  Align=00001  Fill=0000
    NULL              Offs=000000  Size=000000  Align=00001  Fill=0000
../00.LIBRERIE/IP65/drivers/ip65_apple2.lib(a2_timer.o):
    CODE              Offs=00177C  Size=00002E  Align=00001  Fill=0000
    RODATA            Offs=000237  Size=000000  Align=00001  Fill=0000
    BSS               Offs=0014DD  Size=000002  Align=00001  Fill=0000
    DATA              Offs=0005BC  Size=000000  Align=00001  Fill=0000
    ZEROPAGE          Offs=000000  Size=000000  Align=00001  Fill=0000
    NULL              Offs=000000  Size=000000  Align=00001  Fill=0000
../00.LIBRERIE/IP65/drivers/ip65_apple2.lib(a2_input.o):
    CODE              Offs=0017AA  Size=00000F  Align=00001  Fill=0000
    RODATA            Offs=000237  Size=000000  Align=00001  Fill=0000
    BSS               Offs=0014DF  Size=000000  Align=00001  Fill=0000
    DATA              Offs=0005BC  Size=000001  Align=00001  Fill=0000
    ZEROPAGE          Offs=000000  Size=000000  Align=00001  Fill=0000
    NULL              Offs=000000  Size=000000  Align=00001  Fill=0000
../00.LIBRERIE/CC65/lib/apple2.lib(_cursor.o):
    CODE              Offs=0017B9  Size=000000  Align=00001  Fill=0000
    RODATA            Offs=000237  Size=000000  Align=00001  Fill=0000
    BSS               Offs=0014DF  Size=000001  Align=00001  Fill=0000
    DATA              Offs=0005BD  Size=000000  Align=00001  Fill=0000
    ZEROPAGE          Offs=000000  Size=000000  Align=00001  Fill=0000
    NULL              Offs=000000  Size=000000  Align=00001  Fill=0000
../00.LIBRERIE/CC65/lib/apple2.lib(_directerrno.o):
    CODE              Offs=0017B9  Size=00000A  Align=00001  Fill=0000
    RODATA            Offs=000237  Size=000000  Align=00001  Fill=0000
    BSS               Offs=0014E0  Size=000000  Align=00001  Fill=0000
    DATA              Offs=0005BD  Size=000000  Align=00001  Fill=0000
    ZEROPAGE          Offs=000000  Size=000000  Align=00001  Fill=0000
    NULL              Offs=000000  Size=000000  Align=00001  Fill=0000
../00.LIBRERIE/CC65/lib/apple2.lib(_file.o):
    CODE              Offs=0017C3  Size=000000  Align=00001  Fill=0000
    RODATA            Offs=000237  Size=000000  Align=00001  Fill=0000
    BSS               Offs=0014E0  Size=000000  Align=00001  Fill=0000
    DATA              Offs=0005BD  Size=00001E  Align=00001  Fill=0000
    ZEROPAGE          Offs=000000  Size=000000  Align=00001  Fill=0000
    NULL              Offs=000000  Size=000000  Align=00001  Fill=0000
../00.LIBRERIE/CC65/lib/apple2.lib(_hextab.o):
    CODE              Offs=0017C3  Size=000000  Align=00001  Fill=0000
    RODATA            Offs=000237  Size=000010  Align=00001  Fill=0000
    BSS               Offs=0014E0  Size=000000  Align=00001  Fill=0000
    DATA              Offs=0005DB  Size=000000  Align=00001  Fill=0000
    ZEROPAGE          Offs=000000  Size=000000  Align=00001  Fill=0000
    NULL              Offs=000000  Size=000000  Align=00001  Fill=0000
../00.LIBRERIE/CC65/lib/apple2.lib(_longminstr.o):
    CODE              Offs=0017C3  Size=000000  Align=00001  Fill=0000
    RODATA            Offs=000247  Size=00000C  Align=00001  Fill=0000
    BSS               Offs=0014E0  Size=000000  Align=00001  Fill=0000
    DATA              Offs=0005DB  Size=000000  Align=00001  Fill=0000
    ZEROPAGE          Offs=000000  Size=000000  Align=00001  Fill=0000
    NULL              Offs=000000  Size=000000  Align=00001  Fill=0000
../00.LIBRERIE/CC65/lib/apple2.lib(_mappederrno.o):
    CODE              Offs=0017C3  Size=000010  Align=00001  Fill=0000
    RODATA            Offs=000253  Size=000000  Align=00001  Fill=0000
    BSS               Offs=0014E0  Size=000000  Align=00001  Fill=0000
    DATA              Offs=0005DB  Size=000000  Align=00001  Fill=0000
    ZEROPAGE          Offs=000000  Size=000000  Align=00001  Fill=0000
    NULL              Offs=000000  Size=000000  Align=00001  Fill=0000
../00.LIBRERIE/CC65/lib/apple2.lib(_oserror.o):
    CODE              Offs=0017D3  Size=000000  Align=00001  Fill=0000
    RODATA            Offs=000253  Size=000000  Align=00001  Fill=0000
    BSS               Offs=0014E0  Size=000001  Align=00001  Fill=0000
    DATA              Offs=0005DB  Size=000000  Align=00001  Fill=0000
    ZEROPAGE          Offs=000000  Size=000000  Align=00001  Fill=0000
    NULL              Offs=000000  Size=000000  Align=00001  Fill=0000
../00.LIBRERIE/CC65/lib/apple2.lib(_printf.o):
    CODE              Offs=0017D3  Size=0003A2  Align=00001  Fill=0000
    RODATA            Offs=000253  Size=000000  Align=00001  Fill=0000
    BSS               Offs=0014E1  Size=00002B  Align=00001  Fill=0000
    DATA              Offs=0005DB  Size=000003  Align=00001  Fill=0000
    ZEROPAGE          Offs=000000  Size=000000  Align=00001  Fill=0000
    NULL              Offs=000000  Size=000000  Align=00001  Fill=0000
../00.LIBRERIE/CC65/lib/apple2.lib(_seterrno.o):
    CODE              Offs=001B75  Size=000009  Align=00001  Fill=0000
    RODATA            Offs=000253  Size=000000  Align=00001  Fill=0000
    BSS               Offs=00150C  Size=000000  Align=00001  Fill=0000
    DATA              Offs=0005DE  Size=000000  Align=00001  Fill=0000
    ZEROPAGE          Offs=000000  Size=000000  Align=00001  Fill=0000
    NULL              Offs=000000  Size=000000  Align=00001  Fill=0000
../00.LIBRERIE/CC65/lib/apple2.lib(addeqsp.o):
    CODE              Offs=001B7E  Size=000011  Align=00001  Fill=0000
    RODATA            Offs=000253  Size=000000  Align=00001  Fill=0000
    BSS               Offs=00150C  Size=000000  Align=00001  Fill=0000
    DATA              Offs=0005DE  Size=000000  Align=00001  Fill=0000
    ZEROPAGE          Offs=000000  Size=000000  Align=00001  Fill=0000
    NULL              Offs=000000  Size=000000  Align=00001  Fill=0000
../00.LIBRERIE/CC65/lib/apple2.lib(addysp.o):
    CODE              Offs=001B8F  Size=00000E  Align=00001  Fill=0000
    RODATA            Offs=000253  Size=000000  Align=00001  Fill=0000
    BSS               Offs=00150C  Size=000000  Align=00001  Fill=0000
    DATA              Offs=0005DE  Size=000000  Align=00001  Fill=0000
    ZEROPAGE          Offs=000000  Size=000000  Align=00001  Fill=0000
    NULL              Offs=000000  Size=000000  Align=00001  Fill=0000
../00.LIBRERIE/CC65/lib/apple2.lib(axlong.o):
    CODE              Offs=001B9D  Size=00000D  Align=00001  Fill=0000
    RODATA            Offs=000253  Size=000000  Align=00001  Fill=0000
    BSS               Offs=00150C  Size=000000  Align=00001  Fill=0000
    DATA              Offs=0005DE  Size=000000  Align=00001  Fill=0000
    ZEROPAGE          Offs=000000  Size=000000  Align=00001  Fill=0000
    NULL              Offs=000000  Size=000000  Align=00001  Fill=0000
../00.LIBRERIE/CC65/lib/apple2.lib(callmain.o):
    CODE              Offs=001BAA  Size=000042  Align=00001  Fill=0000
    RODATA            Offs=000253  Size=000000  Align=00001  Fill=0000
    BSS               Offs=00150C  Size=000000  Align=00001  Fill=0000
    DATA              Offs=0005DE  Size=000004  Align=00001  Fill=0000
    ZEROPAGE          Offs=000000  Size=000000  Align=00001  Fill=0000
    NULL              Offs=000000  Size=000000  Align=00001  Fill=0000
../00.LIBRERIE/CC65/lib/apple2.lib(cgetc.o):
    CODE              Offs=001BEC  Size=000028  Align=00001  Fill=0000
    RODATA            Offs=000253  Size=000000  Align=00001  Fill=0000
    BSS               Offs=00150C  Size=000000  Align=00001  Fill=0000
    DATA              Offs=0005E2  Size=000000  Align=00001  Fill=0000
    ZEROPAGE          Offs=000000  Size=000000  Align=00001  Fill=0000
    NULL              Offs=000000  Size=000000  Align=00001  Fill=0000
../00.LIBRERIE/CC65/lib/apple2.lib(condes.o):
    CODE              Offs=001C14  Size=00000C  Align=00001  Fill=0000
    RODATA            Offs=000253  Size=000000  Align=00001  Fill=0000
    BSS               Offs=00150C  Size=000000  Align=00001  Fill=0000
    DATA              Offs=0005E2  Size=000025  Align=00001  Fill=0000
    ZEROPAGE          Offs=000000  Size=000000  Align=00001  Fill=0000
    NULL              Offs=000000  Size=000000  Align=00001  Fill=0000
    ONCE              Offs=000000  Size=00000C  Align=00001  Fill=0000
../00.LIBRERIE/CC65/lib/apple2.lib(cout.o):
    CODE              Offs=001C20  Size=000000  Align=00001  Fill=0000
    RODATA            Offs=000253  Size=000000  Align=00001  Fill=0000
    BSS               Offs=00150C  Size=000000  Align=00001  Fill=0000
    DATA              Offs=000607  Size=000000  Align=00001  Fill=0000
    ZEROPAGE          Offs=000000  Size=000000  Align=00001  Fill=0000
    NULL              Offs=000000  Size=000000  Align=00001  Fill=0000
    LOWCODE           Offs=000000  Size=00000A  Align=00001  Fill=0000
../00.LIBRERIE/CC65/lib/apple2.lib(cputc.o):
    CODE              Offs=001C20  Size=000044  Align=00001  Fill=0000
    RODATA            Offs=000253  Size=000000  Align=00001  Fill=0000
    BSS               Offs=00150C  Size=000000  Align=00001  Fill=0000
    DATA              Offs=000607  Size=000000  Align=00001  Fill=0000
    ZEROPAGE          Offs=000000  Size=000000  Align=00001  Fill=0000
    NULL              Offs=000000  Size=000000  Align=00001  Fill=0000
    ONCE              Offs=00000C  Size=000000  Align=00001  Fill=0000
../00.LIBRERIE/CC65/lib/apple2.lib(crt0.o):
    CODE              Offs=001C64  Size=000012  Align=00001  Fill=0000
    RODATA            Offs=000253  Size=000007  Align=00001  Fill=0000
    BSS               Offs=00150C  Size=000000  Align=00001  Fill=0000
    DATA              Offs=000607  Size=000003  Align=00001  Fill=0000
    ZEROPAGE          Offs=000000  Size=000000  Align=00001  Fill=0000
    NULL              Offs=000000  Size=000000  Align=00001  Fill=0000
    STARTUP           Offs=000000  Size=00000C  Align=00001  Fill=0000
    ONCE              Offs=00000C  Size=00006A  Align=00001  Fill=0000
    INIT              Offs=000000  Size=00001D  Align=00001  Fill=0000
../00.LIBRERIE/CC65/lib/apple2.lib(ctype.o):
    CODE              Offs=001C76  Size=000000  Align=00001  Fill=0000
    RODATA            Offs=00025A  Size=00008B  Align=00001  Fill=0000
    BSS               Offs=00150C  Size=000000  Align=00001  Fill=0000
    DATA              Offs=00060A  Size=000000  Align=00001  Fill=0000
    ZEROPAGE          Offs=000000  Size=000000  Align=00001  Fill=0000
    NULL              Offs=000000  Size=000000  Align=00001  Fill=0000
../00.LIBRERIE/CC65/lib/apple2.lib(ctypemask.o):
    CODE              Offs=001C76  Size=00001E  Align=00001  Fill=0000
    RODATA            Offs=0002E5  Size=000000  Align=00001  Fill=0000
    BSS               Offs=00150C  Size=000000  Align=00001  Fill=0000
    DATA              Offs=00060A  Size=000000  Align=00001  Fill=0000
    ZEROPAGE          Offs=000000  Size=000000  Align=00001  Fill=0000
    NULL              Offs=000000  Size=000000  Align=00001  Fill=0000
../00.LIBRERIE/CC65/lib/apple2.lib(decsp4.o):
    CODE              Offs=001C94  Size=00000D  Align=00001  Fill=0000
    RODATA            Offs=0002E5  Size=000000  Align=00001  Fill=0000
    BSS               Offs=00150C  Size=000000  Align=00001  Fill=0000
    DATA              Offs=00060A  Size=000000  Align=00001  Fill=0000
    ZEROPAGE          Offs=000000  Size=000000  Align=00001  Fill=0000
    NULL              Offs=000000  Size=000000  Align=00001  Fill=0000
../00.LIBRERIE/CC65/lib/apple2.lib(decsp6.o):
    CODE              Offs=001CA1  Size=00000D  Align=00001  Fill=0000
    RODATA            Offs=0002E5  Size=000000  Align=00001  Fill=0000
    BSS               Offs=00150C  Size=000000  Align=00001  Fill=0000
    DATA              Offs=00060A  Size=000000  Align=00001  Fill=0000
    ZEROPAGE          Offs=000000  Size=000000  Align=00001  Fill=0000
    NULL              Offs=000000  Size=000000  Align=00001  Fill=0000
../00.LIBRERIE/CC65/lib/apple2.lib(doesclrscr.o):
    CODE              Offs=001CAE  Size=000009  Align=00001  Fill=0000
    RODATA            Offs=0002E5  Size=000000  Align=00001  Fill=0000
    BSS               Offs=00150C  Size=000000  Align=00001  Fill=0000
    DATA              Offs=00060A  Size=000000  Align=00001  Fill=0000
    ZEROPAGE          Offs=000000  Size=000000  Align=00001  Fill=0000
    NULL              Offs=000000  Size=000000  Align=00001  Fill=0000
../00.LIBRERIE/CC65/lib/apple2.lib(dosdetect.o):
    CODE              Offs=001CB7  Size=000000  Align=00001  Fill=0000
    RODATA            Offs=0002E5  Size=000000  Align=00001  Fill=0000
    BSS               Offs=00150C  Size=000000  Align=00001  Fill=0000
    DATA              Offs=00060A  Size=000001  Align=00001  Fill=0000
    ZEROPAGE          Offs=000000  Size=000000  Align=00001  Fill=0000
    NULL              Offs=000000  Size=000000  Align=00001  Fill=0000
    ONCE              Offs=000076  Size=000014  Align=00001  Fill=0000
../00.LIBRERIE/CC65/lib/apple2.lib(errno.o):
    CODE              Offs=001CB7  Size=000000  Align=00001  Fill=0000
    RODATA            Offs=0002E5  Size=000000  Align=00001  Fill=0000
    BSS               Offs=00150C  Size=000002  Align=00001  Fill=0000
    DATA              Offs=00060B  Size=000000  Align=00001  Fill=0000
    ZEROPAGE          Offs=000000  Size=000000  Align=00001  Fill=0000
    NULL              Offs=000000  Size=000000  Align=00001  Fill=0000
../00.LIBRERIE/CC65/lib/apple2.lib(exehdr.o):
    CODE              Offs=001CB7  Size=000000  Align=00001  Fill=0000
    RODATA            Offs=0002E5  Size=000000  Align=00001  Fill=0000
    BSS               Offs=00150E  Size=000000  Align=00001  Fill=0000
    DATA              Offs=00060B  Size=000000  Align=00001  Fill=0000
    ZEROPAGE          Offs=000000  Size=000000  Align=00001  Fill=0000
    NULL              Offs=000000  Size=000000  Align=00001  Fill=0000
    EXEHDR            Offs=000000  Size=00003A  Align=00001  Fill=0000
../00.LIBRERIE/CC65/lib/apple2.lib(filedes.o):
    CODE              Offs=001CB7  Size=000016  Align=00001  Fill=0000
    RODATA            Offs=0002E5  Size=000000  Align=00001  Fill=0000
    BSS               Offs=00150E  Size=000000  Align=00001  Fill=0000
    DATA              Offs=00060B  Size=000020  Align=00001  Fill=0000
    ZEROPAGE          Offs=000000  Size=000000  Align=00001  Fill=0000
    NULL              Offs=000000  Size=000000  Align=00001  Fill=0000
../00.LIBRERIE/CC65/lib/apple2.lib(fwrite.o):
    CODE              Offs=001CCD  Size=000079  Align=00001  Fill=0000
    RODATA            Offs=0002E5  Size=000000  Align=00001  Fill=0000
    BSS               Offs=00150E  Size=000002  Align=00001  Fill=0000
    DATA              Offs=00062B  Size=000000  Align=00001  Fill=0000
    ZEROPAGE          Offs=000000  Size=000000  Align=00001  Fill=0000
    NULL              Offs=000000  Size=000000  Align=00001  Fill=0000
../00.LIBRERIE/CC65/lib/apple2.lib(gotoxy.o):
    CODE              Offs=001D46  Size=000011  Align=00001  Fill=0000
    RODATA            Offs=0002E5  Size=000000  Align=00001  Fill=0000
    BSS               Offs=001510  Size=000000  Align=00001  Fill=0000
    DATA              Offs=00062B  Size=000000  Align=00001  Fill=0000
    ZEROPAGE          Offs=000000  Size=000000  Align=00001  Fill=0000
    NULL              Offs=000000  Size=000000  Align=00001  Fill=0000
../00.LIBRERIE/CC65/lib/apple2.lib(icmp.o):
    CODE              Offs=001D57  Size=00002E  Align=00001  Fill=0000
    RODATA            Offs=0002E5  Size=000000  Align=00001  Fill=0000
    BSS               Offs=001510  Size=000000  Align=00001  Fill=0000
    DATA              Offs=00062B  Size=000000  Align=00001  Fill=0000
    ZEROPAGE          Offs=000000  Size=000000  Align=00001  Fill=0000
    NULL              Offs=000000  Size=000000  Align=00001  Fill=0000
../00.LIBRERIE/CC65/lib/apple2.lib(incsp2.o):
    CODE              Offs=001D85  Size=000016  Align=00001  Fill=0000
    RODATA            Offs=0002E5  Size=000000  Align=00001  Fill=0000
    BSS               Offs=001510  Size=000000  Align=00001  Fill=0000
    DATA              Offs=00062B  Size=000000  Align=00001  Fill=0000
    ZEROPAGE          Offs=000000  Size=000000  Align=00001  Fill=0000
    NULL              Offs=000000  Size=000000  Align=00001  Fill=0000
../00.LIBRERIE/CC65/lib/apple2.lib(incsp4.o):
    CODE              Offs=001D9B  Size=000005  Align=00001  Fill=0000
    RODATA            Offs=0002E5  Size=000000  Align=00001  Fill=0000
    BSS               Offs=001510  Size=000000  Align=00001  Fill=0000
    DATA              Offs=00062B  Size=000000  Align=00001  Fill=0000
    ZEROPAGE          Offs=000000  Size=000000  Align=00001  Fill=0000
    NULL              Offs=000000  Size=000000  Align=00001  Fill=0000
../00.LIBRERIE/CC65/lib/apple2.lib(incsp6.o):
    CODE              Offs=001DA0  Size=000005  Align=00001  Fill=0000
    RODATA            Offs=0002E5  Size=000000  Align=00001  Fill=0000
    BSS               Offs=001510  Size=000000  Align=00001  Fill=0000
    DATA              Offs=00062B  Size=000000  Align=00001  Fill=0000
    ZEROPAGE          Offs=000000  Size=000000  Align=00001  Fill=0000
    NULL              Offs=000000  Size=000000  Align=00001  Fill=0000
../00.LIBRERIE/CC65/lib/apple2.lib(kbhit.o):
    CODE              Offs=001DA5  Size=000009  Align=00001  Fill=0000
    RODATA            Offs=0002E5  Size=000000  Align=00001  Fill=0000
    BSS               Offs=001510  Size=000000  Align=00001  Fill=0000
    DATA              Offs=00062B  Size=000000  Align=00001  Fill=0000
    ZEROPAGE          Offs=000000  Size=000000  Align=00001  Fill=0000
    NULL              Offs=000000  Size=000000  Align=00001  Fill=0000
../00.LIBRERIE/CC65/lib/apple2.lib(lbneg.o):
    CODE              Offs=001DAE  Size=000011  Align=00001  Fill=0000
    RODATA            Offs=0002E5  Size=000000  Align=00001  Fill=0000
    BSS               Offs=001510  Size=000000  Align=00001  Fill=0000
    DATA              Offs=00062B  Size=000000  Align=00001  Fill=0000
    ZEROPAGE          Offs=000000  Size=000000  Align=00001  Fill=0000
    NULL              Offs=000000  Size=000000  Align=00001  Fill=0000
../00.LIBRERIE/CC65/lib/apple2.lib(ldaui.o):
    CODE              Offs=001DBF  Size=000009  Align=00001  Fill=0000
    RODATA            Offs=0002E5  Size=000000  Align=00001  Fill=0000
    BSS               Offs=001510  Size=000000  Align=00001  Fill=0000
    DATA              Offs=00062B  Size=000000  Align=00001  Fill=0000
    ZEROPAGE          Offs=000000  Size=000000  Align=00001  Fill=0000
    NULL              Offs=000000  Size=000000  Align=00001  Fill=0000
../00.LIBRERIE/CC65/lib/apple2.lib(ldaxsp.o):
    CODE              Offs=001DC8  Size=000009  Align=00001  Fill=0000
    RODATA            Offs=0002E5  Size=000000  Align=00001  Fill=0000
    BSS               Offs=001510  Size=000000  Align=00001  Fill=0000
    DATA              Offs=00062B  Size=000000  Align=00001  Fill=0000
    ZEROPAGE          Offs=000000  Size=000000  Align=00001  Fill=0000
    NULL              Offs=000000  Size=000000  Align=00001  Fill=0000
../00.LIBRERIE/CC65/lib/apple2.lib(ldeaxysp.o):
    CODE              Offs=001DD1  Size=000013  Align=00001  Fill=0000
    RODATA            Offs=0002E5  Size=000000  Align=00001  Fill=0000
    BSS               Offs=001510  Size=000000  Align=00001  Fill=0000
    DATA              Offs=00062B  Size=000000  Align=00001  Fill=0000
    ZEROPAGE          Offs=000000  Size=000000  Align=00001  Fill=0000
    NULL              Offs=000000  Size=000000  Align=00001  Fill=0000
../00.LIBRERIE/CC65/lib/apple2.lib(lneg.o):
    CODE              Offs=001DE4  Size=00001E  Align=00001  Fill=0000
    RODATA            Offs=0002E5  Size=000000  Align=00001  Fill=0000
    BSS               Offs=001510  Size=000000  Align=00001  Fill=0000
    DATA              Offs=00062B  Size=000000  Align=00001  Fill=0000
    ZEROPAGE          Offs=000000  Size=000000  Align=00001  Fill=0000
    NULL              Offs=000000  Size=000000  Align=00001  Fill=0000
../00.LIBRERIE/CC65/lib/apple2.lib(lpop.o):
    CODE              Offs=001E02  Size=000015  Align=00001  Fill=0000
    RODATA            Offs=0002E5  Size=000000  Align=00001  Fill=0000
    BSS               Offs=001510  Size=000000  Align=00001  Fill=0000
    DATA              Offs=00062B  Size=000000  Align=00001  Fill=0000
    ZEROPAGE          Offs=000000  Size=000000  Align=00001  Fill=0000
    NULL              Offs=000000  Size=000000  Align=00001  Fill=0000
../00.LIBRERIE/CC65/lib/apple2.lib(lpush.o):
    CODE              Offs=001E17  Size=000021  Align=00001  Fill=0000
    RODATA            Offs=0002E5  Size=000000  Align=00001  Fill=0000
    BSS               Offs=001510  Size=000000  Align=00001  Fill=0000
    DATA              Offs=00062B  Size=000000  Align=00001  Fill=0000
    ZEROPAGE          Offs=000000  Size=000000  Align=00001  Fill=0000
    NULL              Offs=000000  Size=000000  Align=00001  Fill=0000
../00.LIBRERIE/CC65/lib/apple2.lib(ltoa.o):
    CODE              Offs=001E38  Size=000095  Align=00001  Fill=0000
    RODATA            Offs=0002E5  Size=000000  Align=00001  Fill=0000
    BSS               Offs=001510  Size=000000  Align=00001  Fill=0000
    DATA              Offs=00062B  Size=000000  Align=00001  Fill=0000
    ZEROPAGE          Offs=000000  Size=000000  Align=00001  Fill=0000
    NULL              Offs=000000  Size=000000  Align=00001  Fill=0000
../00.LIBRERIE/CC65/lib/apple2.lib(makebool.o):
    CODE              Offs=001ECD  Size=00002C  Align=00001  Fill=0000
    RODATA            Offs=0002E5  Size=000000  Align=00001  Fill=0000
    BSS               Offs=001510  Size=000000  Align=00001  Fill=0000
    DATA              Offs=00062B  Size=000000  Align=00001  Fill=0000
    ZEROPAGE          Offs=000000  Size=000000  Align=00001  Fill=0000
    NULL              Offs=000000  Size=000000  Align=00001  Fill=0000
../00.LIBRERIE/CC65/lib/apple2.lib(memcpy.o):
    CODE              Offs=001EF9  Size=00003C  Align=00001  Fill=0000
    RODATA            Offs=0002E5  Size=000000  Align=00001  Fill=0000
    BSS               Offs=001510  Size=000000  Align=00001  Fill=0000
    DATA              Offs=00062B  Size=000000  Align=00001  Fill=0000
    ZEROPAGE          Offs=000000  Size=000000  Align=00001  Fill=0000
    NULL              Offs=000000  Size=000000  Align=00001  Fill=0000
../00.LIBRERIE/CC65/lib/apple2.lib(mli.o):
    CODE              Offs=001F35  Size=000000  Align=00001  Fill=0000
    RODATA            Offs=0002E5  Size=000000  Align=00001  Fill=0000
    BSS               Offs=001510  Size=000012  Align=00001  Fill=0000
    DATA              Offs=00062B  Size=000024  Align=00001  Fill=0000
    ZEROPAGE          Offs=000000  Size=000000  Align=00001  Fill=0000
    NULL              Offs=000000  Size=000000  Align=00001  Fill=0000
../00.LIBRERIE/CC65/lib/apple2.lib(mul.o):
    CODE              Offs=001F35  Size=000045  Align=00001  Fill=0000
    RODATA            Offs=0002E5  Size=000000  Align=00001  Fill=0000
    BSS               Offs=001522  Size=000000  Align=00001  Fill=0000
    DATA              Offs=00064F  Size=000000  Align=00001  Fill=0000
    ZEROPAGE          Offs=000000  Size=000000  Align=00001  Fill=0000
    NULL              Offs=000000  Size=000000  Align=00001  Fill=0000
../00.LIBRERIE/CC65/lib/apple2.lib(mul8.o):
    CODE              Offs=001F7A  Size=00003A  Align=00001  Fill=0000
    RODATA            Offs=0002E5  Size=000000  Align=00001  Fill=0000
    BSS               Offs=001522  Size=000000  Align=00001  Fill=0000
    DATA              Offs=00064F  Size=000000  Align=00001  Fill=0000
    ZEROPAGE          Offs=000000  Size=000000  Align=00001  Fill=0000
    NULL              Offs=000000  Size=000000  Align=00001  Fill=0000
../00.LIBRERIE/CC65/lib/apple2.lib(oserror.o):
    CODE              Offs=001FB4  Size=000016  Align=00001  Fill=0000
    RODATA            Offs=0002E5  Size=000032  Align=00001  Fill=0000
    BSS               Offs=001522  Size=000000  Align=00001  Fill=0000
    DATA              Offs=00064F  Size=000000  Align=00001  Fill=0000
    ZEROPAGE          Offs=000000  Size=000000  Align=00001  Fill=0000
    NULL              Offs=000000  Size=000000  Align=00001  Fill=0000
../00.LIBRERIE/CC65/lib/apple2.lib(popa.o):
    CODE              Offs=001FCA  Size=00000C  Align=00001  Fill=0000
    RODATA            Offs=000317  Size=000000  Align=00001  Fill=0000
    BSS               Offs=001522  Size=000000  Align=00001  Fill=0000
    DATA              Offs=00064F  Size=000000  Align=00001  Fill=0000
    ZEROPAGE          Offs=000000  Size=000000  Align=00001  Fill=0000
    NULL              Offs=000000  Size=000000  Align=00001  Fill=0000
../00.LIBRERIE/CC65/lib/apple2.lib(popptr1.o):
    CODE              Offs=001FD6  Size=00000E  Align=00001  Fill=0000
    RODATA            Offs=000317  Size=000000  Align=00001  Fill=0000
    BSS               Offs=001522  Size=000000  Align=00001  Fill=0000
    DATA              Offs=00064F  Size=000000  Align=00001  Fill=0000
    ZEROPAGE          Offs=000000  Size=000000  Align=00001  Fill=0000
    NULL              Offs=000000  Size=000000  Align=00001  Fill=0000
../00.LIBRERIE/CC65/lib/apple2.lib(printf.o):
    CODE              Offs=001FE4  Size=000033  Align=00001  Fill=0000
    RODATA            Offs=000317  Size=000000  Align=00001  Fill=0000
    BSS               Offs=001522  Size=000001  Align=00001  Fill=0000
    DATA              Offs=00064F  Size=000000  Align=00001  Fill=0000
    ZEROPAGE          Offs=000000  Size=000000  Align=00001  Fill=0000
    NULL              Offs=000000  Size=000000  Align=00001  Fill=0000
../00.LIBRERIE/CC65/lib/apple2.lib(push1.o):
    CODE              Offs=002017  Size=000005  Align=00001  Fill=0000
    RODATA            Offs=000317  Size=000000  Align=00001  Fill=0000
    BSS               Offs=001523  Size=000000  Align=00001  Fill=0000
    DATA              Offs=00064F  Size=000000  Align=00001  Fill=0000
    ZEROPAGE          Offs=000000  Size=000000  Align=00001  Fill=0000
    NULL              Offs=000000  Size=000000  Align=00001  Fill=0000
../00.LIBRERIE/CC65/lib/apple2.lib(pushax.o):
    CODE              Offs=00201C  Size=00001A  Align=00001  Fill=0000
    RODATA            Offs=000317  Size=000000  Align=00001  Fill=0000
    BSS               Offs=001523  Size=000000  Align=00001  Fill=0000
    DATA              Offs=00064F  Size=000000  Align=00001  Fill=0000
    ZEROPAGE          Offs=000000  Size=000000  Align=00001  Fill=0000
    NULL              Offs=000000  Size=000000  Align=00001  Fill=0000
../00.LIBRERIE/CC65/lib/apple2.lib(pushwsp.o):
    CODE              Offs=002036  Size=00001C  Align=00001  Fill=0000
    RODATA            Offs=000317  Size=000000  Align=00001  Fill=0000
    BSS               Offs=001523  Size=000000  Align=00001  Fill=0000
    DATA              Offs=00064F  Size=000000  Align=00001  Fill=0000
    ZEROPAGE          Offs=000000  Size=000000  Align=00001  Fill=0000
    NULL              Offs=000000  Size=000000  Align=00001  Fill=0000
../00.LIBRERIE/CC65/lib/apple2.lib(return0.o):
    CODE              Offs=002052  Size=000004  Align=00001  Fill=0000
    RODATA            Offs=000317  Size=000000  Align=00001  Fill=0000
    BSS               Offs=001523  Size=000000  Align=00001  Fill=0000
    DATA              Offs=00064F  Size=000000  Align=00001  Fill=0000
    ZEROPAGE          Offs=000000  Size=000000  Align=00001  Fill=0000
    NULL              Offs=000000  Size=000000  Align=00001  Fill=0000
../00.LIBRERIE/CC65/lib/apple2.lib(rwcommon.o):
    CODE              Offs=002056  Size=00003D  Align=00001  Fill=0000
    RODATA            Offs=000317  Size=000000  Align=00001  Fill=0000
    BSS               Offs=001523  Size=000000  Align=00001  Fill=0000
    DATA              Offs=00064F  Size=000000  Align=00001  Fill=0000
    ZEROPAGE          Offs=000000  Size=000000  Align=00001  Fill=0000
    NULL              Offs=000000  Size=000000  Align=00001  Fill=0000
../00.LIBRERIE/CC65/lib/apple2.lib(staspidx.o):
    CODE              Offs=002093  Size=000016  Align=00001  Fill=0000
    RODATA            Offs=000317  Size=000000  Align=00001  Fill=0000
    BSS               Offs=001523  Size=000000  Align=00001  Fill=0000
    DATA              Offs=00064F  Size=000000  Align=00001  Fill=0000
    ZEROPAGE          Offs=000000  Size=000000  Align=00001  Fill=0000
    NULL              Offs=000000  Size=000000  Align=00001  Fill=0000
../00.LIBRERIE/CC65/lib/apple2.lib(staxsp.o):
    CODE              Offs=0020A9  Size=00000B  Align=00001  Fill=0000
    RODATA            Offs=000317  Size=000000  Align=00001  Fill=0000
    BSS               Offs=001523  Size=000000  Align=00001  Fill=0000
    DATA              Offs=00064F  Size=000000  Align=00001  Fill=0000
    ZEROPAGE          Offs=000000  Size=000000  Align=00001  Fill=0000
    NULL              Offs=000000  Size=000000  Align=00001  Fill=0000
../00.LIBRERIE/CC65/lib/apple2.lib(steaxsp.o):
    CODE              Offs=0020B4  Size=000015  Align=00001  Fill=0000
    RODATA            Offs=000317  Size=000000  Align=00001  Fill=0000
    BSS               Offs=001523  Size=000000  Align=00001  Fill=0000
    DATA              Offs=00064F  Size=000000  Align=00001  Fill=0000
    ZEROPAGE          Offs=000000  Size=000000  Align=00001  Fill=0000
    NULL              Offs=000000  Size=000000  Align=00001  Fill=0000
../00.LIBRERIE/CC65/lib/apple2.lib(strlen.o):
    CODE              Offs=0020C9  Size=000016  Align=00001  Fill=0000
    RODATA            Offs=000317  Size=000000  Align=00001  Fill=0000
    BSS               Offs=001523  Size=000000  Align=00001  Fill=0000
    DATA              Offs=00064F  Size=000000  Align=00001  Fill=0000
    ZEROPAGE          Offs=000000  Size=000000  Align=00001  Fill=0000
    NULL              Offs=000000  Size=000000  Align=00001  Fill=0000
../00.LIBRERIE/CC65/lib/apple2.lib(strlower.o):
    CODE              Offs=0020DF  Size=000027  Align=00001  Fill=0000
    RODATA            Offs=000317  Size=000000  Align=00001  Fill=0000
    BSS               Offs=001523  Size=000000  Align=00001  Fill=0000
    DATA              Offs=00064F  Size=000000  Align=00001  Fill=0000
    ZEROPAGE          Offs=000000  Size=000000  Align=00001  Fill=0000
    NULL              Offs=000000  Size=000000  Align=00001  Fill=0000
../00.LIBRERIE/CC65/lib/apple2.lib(subysp.o):
    CODE              Offs=002106  Size=00000D  Align=00001  Fill=0000
    RODATA            Offs=000317  Size=000000  Align=00001  Fill=0000
    BSS               Offs=001523  Size=000000  Align=00001  Fill=0000
    DATA              Offs=00064F  Size=000000  Align=00001  Fill=0000
    ZEROPAGE          Offs=000000  Size=000000  Align=00001  Fill=0000
    NULL              Offs=000000  Size=000000  Align=00001  Fill=0000
../00.LIBRERIE/CC65/lib/apple2.lib(udiv.o):
    CODE              Offs=002113  Size=00004F  Align=00001  Fill=0000
    RODATA            Offs=000317  Size=000000  Align=00001  Fill=0000
    BSS               Offs=001523  Size=000000  Align=00001  Fill=0000
    DATA              Offs=00064F  Size=000000  Align=00001  Fill=0000
    ZEROPAGE          Offs=000000  Size=000000  Align=00001  Fill=0000
    NULL              Offs=000000  Size=000000  Align=00001  Fill=0000
../00.LIBRERIE/CC65/lib/apple2.lib(ult.o):
    CODE              Offs=002162  Size=000008  Align=00001  Fill=0000
    RODATA            Offs=000317  Size=000000  Align=00001  Fill=0000
    BSS               Offs=001523  Size=000000  Align=00001  Fill=0000
    DATA              Offs=00064F  Size=000000  Align=00001  Fill=0000
    ZEROPAGE          Offs=000000  Size=000000  Align=00001  Fill=0000
    NULL              Offs=000000  Size=000000  Align=00001  Fill=0000
../00.LIBRERIE/CC65/lib/apple2.lib(umod.o):
    CODE              Offs=00216A  Size=000011  Align=00001  Fill=0000
    RODATA            Offs=000317  Size=000000  Align=00001  Fill=0000
    BSS               Offs=001523  Size=000000  Align=00001  Fill=0000
    DATA              Offs=00064F  Size=000000  Align=00001  Fill=0000
    ZEROPAGE          Offs=000000  Size=000000  Align=00001  Fill=0000
    NULL              Offs=000000  Size=000000  Align=00001  Fill=0000
../00.LIBRERIE/CC65/lib/apple2.lib(uppercasemask.o):
    CODE              Offs=00217B  Size=000000  Align=00001  Fill=0000
    RODATA            Offs=000317  Size=000000  Align=00001  Fill=0000
    BSS               Offs=001523  Size=000000  Align=00001  Fill=0000
    DATA              Offs=00064F  Size=000001  Align=00001  Fill=0000
    ZEROPAGE          Offs=000000  Size=000000  Align=00001  Fill=0000
    NULL              Offs=000000  Size=000000  Align=00001  Fill=0000
../00.LIBRERIE/CC65/lib/apple2.lib(vfprintf.o):
    CODE              Offs=00217B  Size=000061  Align=00001  Fill=0000
    RODATA            Offs=000317  Size=000000  Align=00001  Fill=0000
    BSS               Offs=001523  Size=000000  Align=00001  Fill=0000
    DATA              Offs=000650  Size=000008  Align=00001  Fill=0000
    ZEROPAGE          Offs=000000  Size=000000  Align=00001  Fill=0000
    NULL              Offs=000000  Size=000000  Align=00001  Fill=0000
../00.LIBRERIE/CC65/lib/apple2.lib(vtabz.o):
    CODE              Offs=0021DC  Size=000000  Align=00001  Fill=0000
    RODATA            Offs=000317  Size=000000  Align=00001  Fill=0000
    BSS               Offs=001523  Size=000000  Align=00001  Fill=0000
    DATA              Offs=000658  Size=000000  Align=00001  Fill=0000
    ZEROPAGE          Offs=000000  Size=000000  Align=00001  Fill=0000
    NULL              Offs=000000  Size=000000  Align=00001  Fill=0000
    LOWCODE           Offs=00000A  Size=00000A  Align=00001  Fill=0000
../00.LIBRERIE/CC65/lib/apple2.lib(write.o):
    CODE              Offs=0021DC  Size=000071  Align=00001  Fill=0000
    RODATA            Offs=000317  Size=000000  Align=00001  Fill=0000
    BSS               Offs=001523  Size=000000  Align=00001  Fill=0000
    DATA              Offs=000658  Size=000000  Align=00001  Fill=0000
    ZEROPAGE          Offs=000000  Size=000000  Align=00001  Fill=0000
    NULL              Offs=000000  Size=000000  Align=00001  Fill=0000
../00.LIBRERIE/CC65/lib/apple2.lib(zerobss.o):
    CODE              Offs=00224D  Size=000023  Align=00001  Fill=0000
    RODATA            Offs=000317  Size=000000  Align=00001  Fill=0000
    BSS               Offs=001523  Size=000000  Align=00001  Fill=0000
    DATA              Offs=000658  Size=000000  Align=00001  Fill=0000
    ZEROPAGE          Offs=000000  Size=000000  Align=00001  Fill=0000
    NULL              Offs=000000  Size=000000  Align=00001  Fill=0000
../00.LIBRERIE/CC65/lib/apple2.lib(zeropage.o):
    CODE              Offs=002270  Size=000000  Align=00001  Fill=0000
    RODATA            Offs=000317  Size=000000  Align=00001  Fill=0000
    BSS               Offs=001523  Size=000000  Align=00001  Fill=0000
    DATA              Offs=000658  Size=000000  Align=00001  Fill=0000
    ZEROPAGE          Offs=000000  Size=00001A  Align=00001  Fill=0000
    NULL              Offs=000000  Size=000000  Align=00001  Fill=0000


Segment list:
-------------
Name                   Start     End    Size  Align
----------------------------------------------------
NULL                  000000  000000  000000  00001
ZEROPAGE              000080  000099  00001A  00001
EXEHDR                0007C9  000802  00003A  00001
STARTUP               000803  00080E  00000C  00001
LOWCODE               00080F  000822  000014  00001
CODE                  000823  002A92  002270  00001
RODATA                002A93  002DA9  000317  00001
DATA                  002DAA  003401  000658  00001
INIT                  003402  00341E  00001D  00001
BSS                   00341F  004941  001523  00001
ONCE                  00341F  0034AA  00008C  00001


Exports list by name:
---------------------
COUT                      00080F RLA    VTABZ                     000819 RLA    
__BSS_LOAD__              00341F  LA    __BSS_RUN__               00341F RLA    
__BSS_SIZE__              001523 REA    __CONSTRUCTOR_COUNT__     000001 REA    
__CONSTRUCTOR_TABLE__     0034A9 RLA    __DESTRUCTOR_COUNT__      000000 REA    
__DESTRUCTOR_TABLE__      002DAA RLA    __EXEHDR__                000001 REA    
__FILETYPE__              000006 REA    __HIMEM__                 009600 REA    
__LCADDR__                00D400 REA    __LCSIZE__                000C00 REA    
__LC_FILEOFFS__           000000  EA    __LC_LAST__               00D400 RLA    
__LC_SIZE__               000C00  EA    __LC_START__              00D400 RLA    
__MAIN_FILEOFFS__         00003A  EA    __MAIN_LAST__             0034AB RLA    
__MAIN_SIZE__             008DFD  EA    __MAIN_START__            000803 RLA    
__ONCE_LOAD__             00341F RLA    __ONCE_RUN__              00341F RLA    
__ONCE_SIZE__             00008C REA    __STACKSIZE__             000800 REA    
__STARTUP__               000001 REA    __ZP_FILEOFFS__           000000  EA    
__ZP_LAST__               00009A  LA    __ZP_SIZE__               00001A  EA    
__ZP_START__              000080  LA    ___directerrno            001FDC RLA    
___errno                  00492B RLA    ___mappederrno            001FE6 RLA    
___oserror                0048FF RLA    ___osmaperrno             0027D7 RLA    
___seterrno               002398 RLA    __argc                    003388  LA    
__argv                    00338A  LA    __ctype                   002CED RLA    
__ctypeidx                002CF8 RLA    __dos_type                0033B4 RLA    
__filetab                 003367  LA    __hextab                  002CCA RLA    
__longminstr              002CDA RLA    __printf                  0020E7 RLA    
_buf                      00341F  LA    _cfg_dns                  002DBC RLA    
_cfg_gateway              002DB8 RLA    _cfg_ip                   002DB0 RLA    
_cfg_mac                  002DAA  LA    _cfg_netmask              002DB4 RLA    
_cgetc                    00240F RLA    _cputc                    002448  LA    
_cputcxy                  002443  LA    _cs8900a                  002DE4 RLA    
_cs8900a_name             002C68 RLA    _dhcp_init                0010B8 RLA    
_dhcp_server              002DC0  LA    _doesclrscrafterexit      0024D1 RLA    
_dotted_quad              00111C RLA    _error_exit               000823  LA    
_exit                     0023E4 RLA    _fwrite                   0024F0 RLA    
_gotox                    002577  LA    _gotoxy                   00256C  LA    
_ip65_error               004664 RLA    _ip65_init                00129E RLA    
_ip65_process             0012A6 RLA    _ip65_random_word         00123F  LA    
_ip65_strerror            0011AE  LA    _kbhit                    0025C8 RLA    
_lan91c96                 002F60 RLA    _lan91c96_name            002C97 RLA    
_len                      0039FB  LA    _ltoa                     002673 RLA    
_main                     0008A3 RLA    _memcpy                   00271C RLA    
_parse_dotted_quad        001190 RLA    _printf                   002807 RLA    
_stderr                   003383  LA    _stdin                    00337F  LA    
_stdout                   003381 RLA    _strlen                   0028EC RLA    
_strlen_ptr4              0028F0  LA    _strlower                 002902 RLA    
_strlwr                   002902  LA    _tcp_close                001311 RLA    
_tcp_connect              0012DF RLA    _tcp_listen               0012AE  LA    
_tcp_recv                 000857  LA    _tcp_send                 001319 RLA    
_tcp_send_keep_alive      00132A  LA    _ultoa                    0026B4 RLA    
_vfprintf                 0029D6 RLA    _w5100                    0030EB RLA    
_w5100_name               002CBE RLA    _write                    0029FF RLA    
abort_key                 003366  LA    abort_key_default         00009B  EZ    
abort_key_disable         000080  EZ    ac_size                   000008  EZ    
acc16                     000088 REZ    acc32                     000088 REZ    
add_16_32                 001831 RLA    add_32_32                 001812  LA    
addeq0sp                  0023A1  LA    addeqysp                  0023A3 RLA    
addysp                    0023B3 RLA    addysp1                   0023B2  LA    
arp_add                   000D87  LA    arp_cache                 003A08  LA    
arp_calculate_gateway_mask 000C05 RLA    arp_init                  000BFB RLA    
arp_ip                    003A04 RLA    arp_lookup                000C2A RLA    
arp_mac                   0039FE RLA    arp_process               000D09 RLA    
axlong                    0023C0 RLA    axulong                   0023C6 RLA    
bnegeax                   0025D1 RLA    booleq                    0026F6 RLA    
boolge                    002707  LA    boolgt                    002705  LA    
boolle                    0026FD  LA    boollt                    0026FF  LA    
boolne                    0026F0 RLA    booluge                   002717  LA    
boolugt                   002715  LA    boolule                   00270D  LA    
boolult                   00270F RLA    callmain                  0023CD RLA    
callmli                   0033D5 RLA    cfg_dns                   002DBC RLA    
cfg_gateway               002DB8 RLA    cfg_ip                    002DB0 RLA    
cfg_mac                   002DAA RLA    cfg_netmask               002DB4 RLA    
cfg_tftp_server           002DC4  LA    check_for_abort_key       001FCD RLA    
cmp_16_16                 0017F4 RLA    cmp_32_32                 0017D8 RLA    
condes                    00338C  LA    copy_dest                 00008A REZ    
copy_src                  000088 REZ    copymem                   000DFD RLA    
cputdirect                002459  LA    ctypemask                 002499  LA    
ctypemaskdirect           00249D RLA    cursor                    0048FE RLA    
decsp4                    0024B7 RLA    decsp6                    0024C4 RLA    
dhcp_init                 000E24 RLA    dhcp_server               002DC0 RLA    
dhcp_state                003A64  LA    done                      0033B1 RLA    
donelib                   002437 RLA    dotted_quad_value         003A6D RLA    
eth_data                  00000E REZ    eth_dest                  000000 REZ    
eth_init                  001F64 RLA    eth_inp                   003A85 RLA    
eth_inp_len               003A81 RLA    eth_name                  0048E7  LA    
eth_outp                  004073 RLA    eth_outp_len              003A83 RLA    
eth_proto_arp             000006 REZ    eth_proto_ip              000000 REZ    
eth_rx                    00333F RLA    eth_set_broadcast_dest    00121F RLA    
eth_set_my_mac_src        00122A RLA    eth_set_proto             001236 RLA    
eth_src                   000006 REZ    eth_tx                    003353 RLA    
eth_type                  00000C  EZ    fdtab                     0033B5 RLA    
getfd                     0024DA RLA    gotoxy                    002569 RLA    
icmp_add_listener         001777  LA    icmp_callback             00489A  LA    
icmp_cksum                000002  EZ    icmp_code                 000001  EZ    
icmp_data                 000004  EZ    icmp_init                 0016CB RLA    
icmp_inp                  003AA7  EA    icmp_outp                 004095  EA    
icmp_process              0016D1 RLA    icmp_remove_listener      0017A3  LA    
icmp_type                 000000  EZ    incsp2                    0025B0 RLA    
incsp4                    0025BE RLA    incsp6                    0025C3 RLA    
initdostype               003495  LAI   initlib                   00341F RLA    
ip65_ctr                  004661  LA    ip65_ctr_arp              004662  LA    
ip65_ctr_ip               004663  LA    ip65_error                004664 RLA    
ip65_init                 001266 RLA    ip65_process              00127C RLA    
ip65_random_word          00123F RLA    ip65_strerror             0011AE RLA    
ip_broadcast              004892 RLA    ip_calc_cksum             001627 RLA    
ip_cksum_ptr              00008A REZ    ip_create_packet          001593 RLA    
ip_data                   000014 REZ    ip_dest                   000010 REZ    
ip_frag                   000006  EZ    ip_header_cksum           00000A REZ    
ip_id                     000004 REZ    ip_init                   0014C0 RLA    
ip_inp                    003A93 REA    ip_len                    000002 REZ    
ip_outp                   004081 REA    ip_process                0014D5 RLA    
ip_proto                  000009 REZ    ip_proto_icmp             000001  EZ    
ip_proto_tcp              000006 REZ    ip_proto_udp              000011 REZ    
ip_send                   0015C0 RLA    ip_src                    00000C REZ    
ip_tos                    000001  EZ    ip_ttl                    000008  EZ    
ip_ver_ihl                000000  EZ    ldauidx                   0025E2 RLA    
ldax0sp                   0025EB  LA    ldaxysp                   0025ED RLA    
ldeax0sp                  0025F4  LA    ldeaxysp                  0025F6 RLA    
memcpy_getparams          002745  LA    memcpy_upwards            00271F  LA    
mliparam                  00492F RLA    mul8x16                   00279F RLA    
mul8x16a                  0027A9 RLA    mul_8_16                  00184D  LA    
negeax                    002607 RLA    newline                   00246C  LA    
op32                      00008A REZ    output_buffer             004667 RLA    
parse_dotted_quad         0010C0 RLA    popa                      0027ED RLA    
popax                     0025A8 RLA    popeax                    002625 RLA    
popptr1                   0027F9 RLA    ptr1                      000088 RLZ    
ptr2                      00008A RLZ    ptr3                      00008C RLZ    
ptr4                      00008E RLZ    push0                     00283F  LA    
push0ax                   00263D  LA    push1                     00283A RLA    
pusha0                    002841 RLA    pushax                    002843 RLA    
pusheax                   002643 RLA    pushl0                    00263A  LA    
pushw0sp                  002859  LA    pushwysp                  00285B RLA    
putchar                   00247B  LA    putchardirect             00247D RLA    
regbank                   000094 RLZ    regsave                   000084  LZ    
reset                     002487 RLA    return                    002492  LA    
return0                   002875 RLA    rvsave                    00341C RLA    
rwcommon                  002886 RLA    rwepilog                  0028A9 RLA    
rwprolog                  002879 RLA    sp                        000080 RLZ    
sreg                      000082 RLZ    staspidx                  0028B6 RLA    
stax0sp                   0028CC  LA    staxysp                   0028CE RLA    
steax0sp                  0028D7  LA    steaxysp                  0028D9 RLA    
sub_16_16                 0017FC RLA    subysp                    002929 RLA    
tcp_callback              0048BE RLA    tcp_close                 001986 RLA    
tcp_connect               0018CE RLA    tcp_connect_ip            0048E0 RLA    
tcp_connect_remote_port   0048DE  LA    tcp_inbound_data_length   0048C6 RLA    
tcp_inbound_data_ptr      0048C4 RLA    tcp_init                  001875  LA    
tcp_listen                001879 RLA    tcp_process               001C6C  LA    
tcp_remote_ip             0048AA RLA    tcp_send                  001A55 RLA    
tcp_send_data_len         0048BC RLA    tcp_send_keep_alive       001E9F REA    
tcp_send_string           001A25  LA    tcp_state                 0048A5  LA    
timer_init                001F9F RLA    timer_read                001FAA RLA    
timer_seconds             001FCA  LA    timer_timeout             001332 RLA    
tmp1                      000090 RLZ    tmp2                      000091 RLZ    
tmp3                      000092 RLZ    tmp4                      000093 RLZ    
tosicmp                   00257C RLA    tosicmp0                  00257A  LA    
tosmula0                  00279D  LA    tosmulax                  002758  LA    
tosudiva0                 002936  LA    tosudivax                 002938 RLA    
tosult00                  002875  EA    tosulta0                  002985  LA    
tosultax                  002987 RLA    tosumoda0                 00298D  LA    
tosumodax                 00298F RLA    tosumula0                 00279D  LA    
tosumulax                 002758 RLA    udiv16                    002947 RLA    
udp_add_listener          00137D RLA    udp_callback              00486F RLA    
udp_cksum                 000006  EZ    udp_data                  000008 REZ    
udp_dest_port             000002  EZ    udp_init                  00134A RLA    
udp_inp                   003AA7 REA    udp_len                   000004  EZ    
udp_outp                  004095  EA    udp_process               001350 RLA    
udp_remove_listener       0013C3 RLA    udp_send                  00140F RLA    
udp_send_dest             004871 RLA    udp_send_dest_port        004877 RLA    
udp_send_internal         001424  LA    udp_send_len              004879 RLA    
udp_send_src_port         004875 RLA    udp_src_port              000000  EZ    
uppercasemask             0033F9 RLA    zerobss                   002A70 RLA    
zpsave                    003402 RLA    


Exports list by value:
----------------------
ip_ver_ihl                000000  EZ    __ZP_FILEOFFS__           000000  EA    
eth_dest                  000000 REZ    udp_src_port              000000  EZ    
__LC_FILEOFFS__           000000  EA    icmp_type                 000000  EZ    
eth_proto_ip              000000 REZ    __DESTRUCTOR_COUNT__      000000 REA    
__STARTUP__               000001 REA    __EXEHDR__                000001 REA    
icmp_code                 000001  EZ    ip_proto_icmp             000001  EZ    
ip_tos                    000001  EZ    __CONSTRUCTOR_COUNT__     000001 REA    
ip_len                    000002 REZ    icmp_cksum                000002  EZ    
udp_dest_port             000002  EZ    icmp_data                 000004  EZ    
udp_len                   000004  EZ    ip_id                     000004 REZ    
ip_frag                   000006  EZ    eth_proto_arp             000006 REZ    
udp_cksum                 000006  EZ    __FILETYPE__              000006 REA    
eth_src                   000006 REZ    ip_proto_tcp              000006 REZ    
udp_data                  000008 REZ    ac_size                   000008  EZ    
ip_ttl                    000008  EZ    ip_proto                  000009 REZ    
ip_header_cksum           00000A REZ    eth_type                  00000C  EZ    
ip_src                    00000C REZ    eth_data                  00000E REZ    
ip_dest                   000010 REZ    ip_proto_udp              000011 REZ    
ip_data                   000014 REZ    __ZP_SIZE__               00001A  EA    
__MAIN_FILEOFFS__         00003A  EA    abort_key_disable         000080  EZ    
__ZP_START__              000080  LA    sp                        000080 RLZ    
sreg                      000082 RLZ    regsave                   000084  LZ    
copy_src                  000088 REZ    acc16                     000088 REZ    
acc32                     000088 REZ    ptr1                      000088 RLZ    
op32                      00008A REZ    ptr2                      00008A RLZ    
copy_dest                 00008A REZ    ip_cksum_ptr              00008A REZ    
ptr3                      00008C RLZ    __ONCE_SIZE__             00008C REA    
ptr4                      00008E RLZ    tmp1                      000090 RLZ    
tmp2                      000091 RLZ    tmp3                      000092 RLZ    
tmp4                      000093 RLZ    regbank                   000094 RLZ    
__ZP_LAST__               00009A  LA    abort_key_default         00009B  EZ    
__STACKSIZE__             000800 REA    __MAIN_START__            000803 RLA    
COUT                      00080F RLA    VTABZ                     000819 RLA    
_error_exit               000823  LA    _tcp_recv                 000857  LA    
_main                     0008A3 RLA    arp_init                  000BFB RLA    
__LC_SIZE__               000C00  EA    __LCSIZE__                000C00 REA    
arp_calculate_gateway_mask 000C05 RLA    arp_lookup                000C2A RLA    
arp_process               000D09 RLA    arp_add                   000D87  LA    
copymem                   000DFD RLA    dhcp_init                 000E24 RLA    
_dhcp_init                0010B8 RLA    parse_dotted_quad         0010C0 RLA    
_dotted_quad              00111C RLA    _parse_dotted_quad        001190 RLA    
_ip65_strerror            0011AE  LA    ip65_strerror             0011AE RLA    
eth_set_broadcast_dest    00121F RLA    eth_set_my_mac_src        00122A RLA    
eth_set_proto             001236 RLA    _ip65_random_word         00123F  LA    
ip65_random_word          00123F RLA    ip65_init                 001266 RLA    
ip65_process              00127C RLA    _ip65_init                00129E RLA    
_ip65_process             0012A6 RLA    _tcp_listen               0012AE  LA    
_tcp_connect              0012DF RLA    _tcp_close                001311 RLA    
_tcp_send                 001319 RLA    _tcp_send_keep_alive      00132A  LA    
timer_timeout             001332 RLA    udp_init                  00134A RLA    
udp_process               001350 RLA    udp_add_listener          00137D RLA    
udp_remove_listener       0013C3 RLA    udp_send                  00140F RLA    
udp_send_internal         001424  LA    ip_init                   0014C0 RLA    
ip_process                0014D5 RLA    __BSS_SIZE__              001523 REA    
ip_create_packet          001593 RLA    ip_send                   0015C0 RLA    
ip_calc_cksum             001627 RLA    icmp_init                 0016CB RLA    
icmp_process              0016D1 RLA    icmp_add_listener         001777  LA    
icmp_remove_listener      0017A3  LA    cmp_32_32                 0017D8 RLA    
cmp_16_16                 0017F4 RLA    sub_16_16                 0017FC RLA    
add_32_32                 001812  LA    add_16_32                 001831 RLA    
mul_8_16                  00184D  LA    tcp_init                  001875  LA    
tcp_listen                001879 RLA    tcp_connect               0018CE RLA    
tcp_close                 001986 RLA    tcp_send_string           001A25  LA    
tcp_send                  001A55 RLA    tcp_process               001C6C  LA    
tcp_send_keep_alive       001E9F REA    eth_init                  001F64 RLA    
timer_init                001F9F RLA    timer_read                001FAA RLA    
timer_seconds             001FCA  LA    check_for_abort_key       001FCD RLA    
___directerrno            001FDC RLA    ___mappederrno            001FE6 RLA    
__printf                  0020E7 RLA    ___seterrno               002398 RLA    
addeq0sp                  0023A1  LA    addeqysp                  0023A3 RLA    
addysp1                   0023B2  LA    addysp                    0023B3 RLA    
axlong                    0023C0 RLA    axulong                   0023C6 RLA    
callmain                  0023CD RLA    _exit                     0023E4 RLA    
_cgetc                    00240F RLA    donelib                   002437 RLA    
_cputcxy                  002443  LA    _cputc                    002448  LA    
cputdirect                002459  LA    newline                   00246C  LA    
putchar                   00247B  LA    putchardirect             00247D RLA    
reset                     002487 RLA    return                    002492  LA    
ctypemask                 002499  LA    ctypemaskdirect           00249D RLA    
decsp4                    0024B7 RLA    decsp6                    0024C4 RLA    
_doesclrscrafterexit      0024D1 RLA    getfd                     0024DA RLA    
_fwrite                   0024F0 RLA    gotoxy                    002569 RLA    
_gotoxy                   00256C  LA    _gotox                    002577  LA    
tosicmp0                  00257A  LA    tosicmp                   00257C RLA    
popax                     0025A8 RLA    incsp2                    0025B0 RLA    
incsp4                    0025BE RLA    incsp6                    0025C3 RLA    
_kbhit                    0025C8 RLA    bnegeax                   0025D1 RLA    
ldauidx                   0025E2 RLA    ldax0sp                   0025EB  LA    
ldaxysp                   0025ED RLA    ldeax0sp                  0025F4  LA    
ldeaxysp                  0025F6 RLA    negeax                    002607 RLA    
popeax                    002625 RLA    pushl0                    00263A  LA    
push0ax                   00263D  LA    pusheax                   002643 RLA    
_ltoa                     002673 RLA    _ultoa                    0026B4 RLA    
boolne                    0026F0 RLA    booleq                    0026F6 RLA    
boolle                    0026FD  LA    boollt                    0026FF  LA    
boolgt                    002705  LA    boolge                    002707  LA    
boolule                   00270D  LA    boolult                   00270F RLA    
boolugt                   002715  LA    booluge                   002717  LA    
_memcpy                   00271C RLA    memcpy_upwards            00271F  LA    
memcpy_getparams          002745  LA    tosmulax                  002758  LA    
tosumulax                 002758 RLA    tosumula0                 00279D  LA    
tosmula0                  00279D  LA    mul8x16                   00279F RLA    
mul8x16a                  0027A9 RLA    ___osmaperrno             0027D7 RLA    
popa                      0027ED RLA    popptr1                   0027F9 RLA    
_printf                   002807 RLA    push1                     00283A RLA    
push0                     00283F  LA    pusha0                    002841 RLA    
pushax                    002843 RLA    pushw0sp                  002859  LA    
pushwysp                  00285B RLA    return0                   002875 RLA    
tosult00                  002875  EA    rwprolog                  002879 RLA    
rwcommon                  002886 RLA    rwepilog                  0028A9 RLA    
staspidx                  0028B6 RLA    stax0sp                   0028CC  LA    
staxysp                   0028CE RLA    steax0sp                  0028D7  LA    
steaxysp                  0028D9 RLA    _strlen                   0028EC RLA    
_strlen_ptr4              0028F0  LA    _strlwr                   002902  LA    
_strlower                 002902 RLA    subysp                    002929 RLA    
tosudiva0                 002936  LA    tosudivax                 002938 RLA    
udiv16                    002947 RLA    tosulta0                  002985  LA    
tosultax                  002987 RLA    tosumoda0                 00298D  LA    
tosumodax                 00298F RLA    _vfprintf                 0029D6 RLA    
_write                    0029FF RLA    zerobss                   002A70 RLA    
_cs8900a_name             002C68 RLA    _lan91c96_name            002C97 RLA    
_w5100_name               002CBE RLA    __hextab                  002CCA RLA    
__longminstr              002CDA RLA    __ctype                   002CED RLA    
__ctypeidx                002CF8 RLA    __DESTRUCTOR_TABLE__      002DAA RLA    
cfg_mac                   002DAA RLA    _cfg_mac                  002DAA  LA    
cfg_ip                    002DB0 RLA    _cfg_ip                   002DB0 RLA    
cfg_netmask               002DB4 RLA    _cfg_netmask              002DB4 RLA    
cfg_gateway               002DB8 RLA    _cfg_gateway              002DB8 RLA    
cfg_dns                   002DBC RLA    _cfg_dns                  002DBC RLA    
_dhcp_server              002DC0  LA    dhcp_server               002DC0 RLA    
cfg_tftp_server           002DC4  LA    _cs8900a                  002DE4 RLA    
_lan91c96                 002F60 RLA    _w5100                    0030EB RLA    
eth_rx                    00333F RLA    eth_tx                    003353 RLA    
abort_key                 003366  LA    __filetab                 003367  LA    
_stdin                    00337F  LA    _stdout                   003381 RLA    
_stderr                   003383  LA    __argc                    003388  LA    
__argv                    00338A  LA    condes                    00338C  LA    
done                      0033B1 RLA    __dos_type                0033B4 RLA    
fdtab                     0033B5 RLA    callmli                   0033D5 RLA    
uppercasemask             0033F9 RLA    zpsave                    003402 RLA    
rvsave                    00341C RLA    _buf                      00341F  LA    
__BSS_LOAD__              00341F  LA    __BSS_RUN__               00341F RLA    
__ONCE_RUN__              00341F RLA    initlib                   00341F RLA    
__ONCE_LOAD__             00341F RLA    initdostype               003495  LAI   
__CONSTRUCTOR_TABLE__     0034A9 RLA    __MAIN_LAST__             0034AB RLA    
_len                      0039FB  LA    arp_mac                   0039FE RLA    
arp_ip                    003A04 RLA    arp_cache                 003A08  LA    
dhcp_state                003A64  LA    dotted_quad_value         003A6D RLA    
eth_inp_len               003A81 RLA    eth_outp_len              003A83 RLA    
eth_inp                   003A85 RLA    ip_inp                    003A93 REA    
udp_inp                   003AA7 REA    icmp_inp                  003AA7  EA    
eth_outp                  004073 RLA    ip_outp                   004081 REA    
udp_outp                  004095  EA    icmp_outp                 004095  EA    
ip65_ctr                  004661  LA    ip65_ctr_arp              004662  LA    
ip65_ctr_ip               004663  LA    _ip65_error               004664 RLA    
ip65_error                004664 RLA    output_buffer             004667 RLA    
udp_callback              00486F RLA    udp_send_dest             004871 RLA    
udp_send_src_port         004875 RLA    udp_send_dest_port        004877 RLA    
udp_send_len              004879 RLA    ip_broadcast              004892 RLA    
icmp_callback             00489A  LA    tcp_state                 0048A5  LA    
tcp_remote_ip             0048AA RLA    tcp_send_data_len         0048BC RLA    
tcp_callback              0048BE RLA    tcp_inbound_data_ptr      0048C4 RLA    
tcp_inbound_data_length   0048C6 RLA    tcp_connect_remote_port   0048DE  LA    
tcp_connect_ip            0048E0 RLA    eth_name                  0048E7  LA    
cursor                    0048FE RLA    ___oserror                0048FF RLA    
___errno                  00492B RLA    mliparam                  00492F RLA    
__MAIN_SIZE__             008DFD  EA    __HIMEM__                 009600 REA    
__LCADDR__                00D400 REA    __LC_LAST__               00D400 RLA    
__LC_START__              00D400 RLA    


Imports list:
-------------
COUT (cout.o):
    write.o                   apple2/write.s:9
VTABZ (vtabz.o):
    gotoxy.o                  apple2/gotoxy.s:9
    cputc.o                   apple2/cputc.s:13
__BSS_LOAD__ ([linker generated]):
__BSS_RUN__ ([linker generated]):
    zerobss.o                 common/zerobss.s:8
__BSS_SIZE__ ([linker generated]):
    zerobss.o                 common/zerobss.s:8
__CONSTRUCTOR_COUNT__ ([linker generated]):
    condes.o                  runtime/condes.s:18
__CONSTRUCTOR_TABLE__ ([linker generated]):
    condes.o                  runtime/condes.s:18
__DESTRUCTOR_COUNT__ ([linker generated]):
    condes.o                  runtime/condes.s:19
__DESTRUCTOR_TABLE__ ([linker generated]):
    condes.o                  runtime/condes.s:19
__EXEHDR__ (exehdr.o):
    [linker generated]        C:\UTILITY\cc65\cfg/apple2.cfg:7
__FILETYPE__ ([linker generated]):
    exehdr.o                  apple2/exehdr.s:9
__HIMEM__ ([linker generated]):
    [linker generated]        C:\UTILITY\cc65\cfg/apple2.cfg:18
    [linker generated]        C:\UTILITY\cc65\cfg/apple2.cfg:17
__LCADDR__ ([linker generated]):
    [linker generated]        C:\UTILITY\cc65\cfg/apple2.cfg:19
__LCSIZE__ ([linker generated]):
    [linker generated]        C:\UTILITY\cc65\cfg/apple2.cfg:19
__LC_FILEOFFS__ ([linker generated]):
__LC_LAST__ ([linker generated]):
    crt0.o                    apple2/crt0.s:14
__LC_SIZE__ ([linker generated]):
__LC_START__ ([linker generated]):
    crt0.o                    apple2/crt0.s:14
__MAIN_FILEOFFS__ ([linker generated]):
__MAIN_LAST__ ([linker generated]):
    exehdr.o                  apple2/exehdr.s:10
__MAIN_SIZE__ ([linker generated]):
__MAIN_START__ ([linker generated]):
    exehdr.o                  apple2/exehdr.s:10
__ONCE_LOAD__ ([linker generated]):
    crt0.o                    apple2/crt0.s:13
__ONCE_RUN__ ([linker generated]):
    [linker generated]        C:\UTILITY\cc65\cfg/apple2.cfg:18
    [linker generated]        C:\UTILITY\cc65\cfg/apple2.cfg:18
__ONCE_SIZE__ ([linker generated]):
    crt0.o                    apple2/crt0.s:13
__STACKSIZE__ ([linker generated]):
    [linker generated]        C:\UTILITY\cc65\cfg/apple2.cfg:18
__STARTUP__ (crt0.o):
    pch-tcp.o                 pch-tcp.s:13
__ZP_FILEOFFS__ ([linker generated]):
__ZP_LAST__ ([linker generated]):
__ZP_SIZE__ ([linker generated]):
__ZP_START__ ([linker generated]):
___directerrno (_directerrno.o):
    write.o                   /home/runner/work/cc65/cc65/asminc/errno.inc:10
___errno (errno.o):
    _seterrno.o               /home/runner/work/cc65/cc65/asminc/errno.inc:7
___mappederrno (_mappederrno.o):
    rwcommon.o                /home/runner/work/cc65/cc65/asminc/errno.inc:10
    write.o                   /home/runner/work/cc65/cc65/asminc/errno.inc:10
___oserror (_oserror.o):
    rwcommon.o                /home/runner/work/cc65/cc65/asminc/errno.inc:7
    _mappederrno.o            /home/runner/work/cc65/cc65/asminc/errno.inc:7
    _directerrno.o            /home/runner/work/cc65/cc65/asminc/errno.inc:7
___osmaperrno (oserror.o):
    _mappederrno.o            /home/runner/work/cc65/cc65/asminc/errno.inc:8
___seterrno (_seterrno.o):
    _mappederrno.o            /home/runner/work/cc65/cc65/asminc/errno.inc:9
    _directerrno.o            /home/runner/work/cc65/cc65/asminc/errno.inc:9
    fwrite.o                  /home/runner/work/cc65/cc65/asminc/errno.inc:9
__argc (callmain.o):
__argv (callmain.o):
__ctype (ctype.o):
    ctypemask.o               common/ctypemask.s:23
__ctypeidx (ctype.o):
    ctypemask.o               common/ctypemask.s:24
__dos_type (dosdetect.o):
    mli.o                     apple2/mli.s:7
__filetab (_file.o):
__hextab (_hextab.o):
    ltoa.o                    common/ltoa.s:10
__longminstr (_longminstr.o):
    ltoa.o                    common/ltoa.s:10
__printf (_printf.o):
    vfprintf.o                common/vfprintf.s:10
_buf (pch-tcp.o):
_cfg_dns (config_c.o):
    pch-tcp.o                 pch-tcp.s:29
_cfg_gateway (config_c.o):
    pch-tcp.o                 pch-tcp.s:28
_cfg_ip (config_c.o):
    pch-tcp.o                 pch-tcp.s:26
_cfg_mac (config_c.o):
_cfg_netmask (config_c.o):
    pch-tcp.o                 pch-tcp.s:27
_cgetc (cgetc.o):
    pch-tcp.o                 pch-tcp.s:16
_cputc (cputc.o):
_cputcxy (cputc.o):
_cs8900a (uthernet.o):
    a2combo.o                 ethernetcombo.s:19
_cs8900a_name (uthernet.o):
[...]
    config_c.o                config_c.s:14
cfg_gateway (config.o):
    arp.o                     arp.s:29
    dhcp.o                    dhcp.s:23
    config_c.o                config_c.s:13
cfg_ip (config.o):
    tcp.o                     tcp.s:68
    arp.o                     arp.s:27
    ip.o                      ip.s:29
    udp.o                     udp.s:50
    dhcp.o                    dhcp.s:21
    config_c.o                config_c.s:11
cfg_mac (config.o):
    a2combo.o                 ethernetcombo.s:25
    eth.o                     eth.s:21
    arp.o                     arp.s:26
    ip.o                      ip.s:28
    dhcp.o                    dhcp.s:20
    config_c.o                config_c.s:10
cfg_netmask (config.o):
    arp.o                     arp.s:28
    dhcp.o                    dhcp.s:22
    config_c.o                config_c.s:12
cfg_tftp_server (config.o):
check_for_abort_key (a2_input.o):
    tcp.o                     tcp.s:40
    dhcp.o                    dhcp.s:46
cmp_16_16 (arithmetic.o):
    tcp.o                     tcp.s:51
cmp_32_32 (arithmetic.o):
    tcp.o                     tcp.s:50
condes (condes.o):
copy_dest (copymem.o):
    tcp.o                     tcp.s:66
    udp.o                     udp.s:48
copy_src (copymem.o):
    tcp.o                     tcp.s:65
    udp.o                     udp.s:47
copymem (copymem.o):
    tcp.o                     tcp.s:64
    udp.o                     udp.s:46
cputdirect (cputc.o):
ctypemask (ctypemask.o):
ctypemaskdirect (ctypemask.o):
    strlower.o                common/strlower.s:14
cursor (_cursor.o):
    cgetc.o                   apple2/cgetc.s:10
decsp4 (decsp4.o):
    lpush.o                   runtime/lpush.s:12
decsp6 (decsp6.o):
    _printf.o                 common/_printf.s:11
dhcp_init (dhcp.o):
    dhcp_c.o                  dhcp_c.s:5
dhcp_server (config.o):
    dhcp.o                    dhcp.s:16
    config_c.o                config_c.s:15
dhcp_state (dhcp.o):
done (crt0.o):
    doesclrscr.o              apple2/doesclrscr.s:8
    callmain.o                apple2/callmain.s:11
donelib (condes.o):
    callmain.o                apple2/callmain.s:11
dotted_quad_value (dottedquad.o):
    dottedquad_c.o            dottedquad_c.s:7
eth_data (eth.o):
    ip.o                      ip.s:41
eth_dest (eth.o):
    ip.o                      ip.s:38
eth_init (a2combo.o):
    ip65.o                    ip65.s:15
eth_inp (eth_buffer.o):
    a2combo.o                 ethernetcombo.s:11
    arp.o                     arp.s:16
    icmp.o                    icmp.s:46
    ip.o                      ip.s:33
    ip65.o                    ip65.s:21
eth_inp_len (eth.o):
    a2combo.o                 ethernetcombo.s:12
    icmp.o                    icmp.s:47
    ip.o                      ip.s:34
eth_name (a2combo.o):
eth_outp (eth_buffer.o):
    a2combo.o                 ethernetcombo.s:13
    eth.o                     eth.s:16
    arp.o                     arp.s:18
    icmp.o                    icmp.s:48
    ip.o                      ip.s:35
    ip65.o                    ip65.s:22
eth_outp_len (eth.o):
    a2combo.o                 ethernetcombo.s:14
    arp.o                     arp.s:19
    icmp.o                    icmp.s:49
    ip.o                      ip.s:36
eth_proto_arp (eth.o):
    arp.o                     arp.s:24
    ip65.o                    ip65.s:28
eth_proto_ip (eth.o):
    ip.o                      ip.s:42
eth_rx (a2combo.o):
    ip65.o                    ip65.s:23
eth_set_broadcast_dest (eth.o):
    arp.o                     arp.s:21
eth_set_my_mac_src (eth.o):
    arp.o                     arp.s:22
eth_set_proto (eth.o):
    arp.o                     arp.s:23
    ip.o                      ip.s:32
eth_src (eth.o):
    ip.o                      ip.s:39
eth_tx (a2combo.o):
    arp.o                     arp.s:20
    icmp.o                    icmp.s:45
    ip.o                      ip.s:31
eth_type (eth.o):
fdtab (filedes.o):
    write.o                   apple2/filedes.inc:13
getfd (filedes.o):
    rwcommon.o                apple2/filedes.inc:14
gotoxy (gotoxy.o):
    cputc.o                   apple2/cputc.s:13
icmp_add_listener (icmp.o):
icmp_callback (icmp.o):
icmp_cksum (icmp.o):
icmp_code (icmp.o):
icmp_data (icmp.o):
icmp_init (icmp.o):
    ip.o                      ip.s:49
icmp_inp (icmp.o):
icmp_outp (icmp.o):
icmp_process (icmp.o):
    ip.o                      ip.s:50
icmp_remove_listener (icmp.o):
icmp_type (icmp.o):
incsp2 (incsp2.o):
    staspidx.o                runtime/staspidx.s:8
    popptr1.o                 runtime/popptr1.s:8
incsp4 (incsp4.o):
    lpop.o                    runtime/lpop.s:9
    pch-tcp.o                 pch-tcp.s:524
incsp6 (incsp6.o):
    fwrite.o                  common/fwrite.s:11
    vfprintf.o                common/vfprintf.s:9
initdostype (dosdetect.o):
initlib (condes.o):
    crt0.o                    apple2/crt0.s:11
ip65_ctr (ip65.o):
ip65_ctr_arp (ip65.o):
ip65_ctr_ip (ip65.o):
ip65_error (ip65.o):
    tcp.o                     tcp.s:14
    udp.o                     udp.s:6
    dhcp.o                    dhcp.s:19
    ip65_c.o                  ip65_c.s:12
ip65_init (ip65.o):
    ip65_c.o                  ip65_c.s:9
ip65_process (ip65.o):
    tcp.o                     tcp.s:38
    dhcp.o                    dhcp.s:28
    ip65_c.o                  ip65_c.s:10
ip65_random_word (ip65.o):
    tcp.o                     tcp.s:42
    ip65_c.o                  ip65_c.s:11
ip65_strerror (error.o):
    ip65_c.o                  ip65_c.s:13
ip_broadcast (ip.o):
    icmp.o                    icmp.s:32
ip_calc_cksum (ip.o):
    tcp.o                     tcp.s:33
    icmp.o                    icmp.s:29
    udp.o                     udp.s:31
ip_cksum_ptr (ip.o):
    tcp.o                     tcp.s:54
    icmp.o                    icmp.s:38
    udp.o                     udp.s:36
ip_create_packet (ip.o):
    tcp.o                     tcp.s:35
    udp.o                     udp.s:33
ip_data (ip.o):
    tcp.o                     tcp.s:58
    icmp.o                    icmp.s:42
    udp.o                     udp.s:40
ip_dest (ip.o):
    tcp.o                     tcp.s:57
    icmp.o                    icmp.s:41
    udp.o                     udp.s:39
ip_frag (ip.o):
ip_header_cksum (ip.o):
    icmp.o                    icmp.s:39
ip_id (ip.o):
    tcp.o                     tcp.s:61
    udp.o                     udp.s:43
ip_init (ip.o):
    ip65.o                    ip65.s:18
ip_inp (ip.o):
    tcp.o                     tcp.s:36
    icmp.o                    icmp.s:30
    udp.o                     udp.s:34
ip_len (ip.o):
    tcp.o                     tcp.s:62
    udp.o                     udp.s:44
ip_outp (ip.o):
    tcp.o                     tcp.s:37
    icmp.o                    icmp.s:31
    udp.o                     udp.s:35
ip_process (ip.o):
    ip65.o                    ip65.s:25
ip_proto (ip.o):
    tcp.o                     tcp.s:59
    udp.o                     udp.s:41
ip_proto_icmp (ip.o):
ip_proto_tcp (ip.o):
    tcp.o                     tcp.s:60
ip_proto_udp (ip.o):
    udp.o                     udp.s:42
ip_send (ip.o):
    tcp.o                     tcp.s:34
    udp.o                     udp.s:32
ip_src (ip.o):
    tcp.o                     tcp.s:56
    icmp.o                    icmp.s:40
ip_tos (ip.o):
ip_ttl (ip.o):
ip_ver_ihl (ip.o):
ldauidx (ldaui.o):
    pch-tcp.o                 pch-tcp.s:524
ldax0sp (ldaxsp.o):
ldaxysp (ldaxsp.o):
    fwrite.o                  common/fwrite.s:11
    pch-tcp.o                 pch-tcp.s:524
    pch-tcp.o                 pch-tcp.s:524
ldeax0sp (ldeaxysp.o):
ldeaxysp (ldeaxysp.o):
    pch-tcp.o                 pch-tcp.s:524
memcpy_getparams (memcpy.o):
memcpy_upwards (memcpy.o):
mliparam (mli.o):
    rwcommon.o                apple2/mli.inc:130
    write.o                   apple2/mli.inc:130
mul8x16 (mul8.o):
    mul.o                     runtime/mul.s:8
mul8x16a (mul8.o):
    mul.o                     runtime/mul.s:8
mul_8_16 (arithmetic.o):
negeax (lneg.o):
    ltoa.o                    common/ltoa.s:9
newline (cputc.o):
op32 (arithmetic.o):
    tcp.o                     tcp.s:45
output_buffer (output_buffer.o):
    dhcp.o                    dhcp.s:40
parse_dotted_quad (dottedquad.o):
    dottedquad_c.o            dottedquad_c.s:6
popa (popa.o):
    gotoxy.o                  apple2/gotoxy.s:9
popax (incsp2.o):
    rwcommon.o                apple2/rwcommon.s:6
    ltoa.o                    common/ltoa.s:9
    _printf.o                 common/_printf.s:11
    memcpy.o                  common/memcpy.s:14
    tcp_c.o                   tcp_c.s:22
popeax (lpop.o):
    tcp_c.o                   tcp_c.s:22
popptr1 (popptr1.o):
    rwcommon.o                apple2/rwcommon.s:6
    udiv.o                    runtime/udiv.s:9
    mul8.o                    runtime/mul8.s:9
    mul.o                     runtime/mul.s:9
    ltoa.o                    common/ltoa.s:9
    umod.o                    runtime/umod.s:8
    memcpy.o                  common/memcpy.s:14
    tcp_c.o                   tcp_c.s:22
ptr1 (zeropage.o):
    rwcommon.o                /home/runner/work/cc65/cc65/asminc/zeropage.inc:12
    write.o                   /home/runner/work/cc65/cc65/asminc/zeropage.inc:12
    udiv.o                    runtime/udiv.s:10
    strlower.o                common/strlower.s:13
    mul8.o                    runtime/mul8.s:10
    mul.o                     runtime/mul.s:10
    ltoa.o                    common/ltoa.s:11
    fwrite.o                  common/fwrite.s:14
    _printf.o                 /home/runner/work/cc65/cc65/asminc/zeropage.inc:12
    zerobss.o                 common/zerobss.s:9
    vfprintf.o                common/vfprintf.s:11
    staspidx.o                runtime/staspidx.s:9
    printf.o                  common/printf.s:9
    popptr1.o                 runtime/popptr1.s:9
    memcpy.o                  common/memcpy.s:15
    ldaui.o                   runtime/ldaui.s:8
    uthernet2.o               C:\UTILITY\cc65\asminc/zeropage.inc:12
    lancegs.o                 C:\UTILITY\cc65\asminc/zeropage.inc:12
    uthernet.o                C:\UTILITY\cc65\asminc/zeropage.inc:12
    a2combo.o                 C:\UTILITY\cc65\asminc/zeropage.inc:12
    arithmetic.o              C:\UTILITY\cc65\asminc/zeropage.inc:12
    tcp.o                     C:\UTILITY\cc65\asminc/zeropage.inc:12
    copymem.o                 C:\UTILITY\cc65\asminc/zeropage.inc:12
    arp.o                     C:\UTILITY\cc65\asminc/zeropage.inc:12
    ip.o                      C:\UTILITY\cc65\asminc/zeropage.inc:12
    tcp_c.o                   tcp_c.s:23
ptr2 (zeropage.o):
    rwcommon.o                /home/runner/work/cc65/cc65/asminc/zeropage.inc:12
    write.o                   /home/runner/work/cc65/cc65/asminc/zeropage.inc:12
    strlower.o                common/strlower.s:13
    ltoa.o                    common/ltoa.s:11
    _printf.o                 /home/runner/work/cc65/cc65/asminc/zeropage.inc:12
    memcpy.o                  common/memcpy.s:15
    uthernet2.o               C:\UTILITY\cc65\asminc/zeropage.inc:12
    lancegs.o                 C:\UTILITY\cc65\asminc/zeropage.inc:12
    uthernet.o                C:\UTILITY\cc65\asminc/zeropage.inc:12
    arithmetic.o              C:\UTILITY\cc65\asminc/zeropage.inc:12
    copymem.o                 C:\UTILITY\cc65\asminc/zeropage.inc:12
    ip.o                      C:\UTILITY\cc65\asminc/zeropage.inc:12
ptr3 (zeropage.o):
    ltoa.o                    common/ltoa.s:11
    memcpy.o                  common/memcpy.s:15
    uthernet2.o               C:\UTILITY\cc65\asminc/zeropage.inc:12
    lancegs.o                 C:\UTILITY\cc65\asminc/zeropage.inc:12
    uthernet.o                C:\UTILITY\cc65\asminc/zeropage.inc:12
ptr4 (zeropage.o):
    udiv.o                    runtime/udiv.s:10
    strlen.o                  common/strlen.s:12
    mul8.o                    runtime/mul8.s:10
    mul.o                     runtime/mul.s:10
    umod.o                    runtime/umod.s:9
    uthernet2.o               C:\UTILITY\cc65\asminc/zeropage.inc:12
    uthernet.o                C:\UTILITY\cc65\asminc/zeropage.inc:12
push0 (pushax.o):
push0ax (lpush.o):
push1 (push1.o):
    _printf.o                 common/_printf.s:11
    vfprintf.o                common/vfprintf.s:9
pusha0 (pushax.o):
    push1.o                   runtime/push1.s:8
    fwrite.o                  common/fwrite.s:11
pushax (pushax.o):
    fwrite.o                  common/fwrite.s:11
    _printf.o                 common/_printf.s:11
    printf.o                  common/printf.s:8
    callmain.o                apple2/callmain.s:11
    tcp_c.o                   tcp_c.s:22
    pch-tcp.o                 pch-tcp.s:524
    pch-tcp.o                 pch-tcp.s:524
    pch-tcp.o                 pch-tcp.s:524
pusheax (lpush.o):
    _printf.o                 common/_printf.s:11
    pch-tcp.o                 pch-tcp.s:524
pushl0 (lpush.o):
pushw0sp (pushwsp.o):
pushwysp (pushwsp.o):
    fwrite.o                  common/fwrite.s:11
    vfprintf.o                common/vfprintf.s:9
putchar (cputc.o):
putchardirect (cputc.o):
    cgetc.o                   apple2/cgetc.s:10
regbank (zeropage.o):
    _printf.o                 /home/runner/work/cc65/cc65/asminc/zeropage.inc:14
regsave (zeropage.o):
reset (crt0.o):
    callmain.o                apple2/callmain.s:12
return (crt0.o):
return0 (return0.o):
    ult.o                     runtime/ult.s:8
rvsave (crt0.o):
    callmain.o                apple2/callmain.s:12
rwcommon (rwcommon.o):
    write.o                   apple2/write.s:8
rwepilog (rwcommon.o):
    write.o                   apple2/write.s:8
rwprolog (rwcommon.o):
    write.o                   apple2/write.s:8
sp (zeropage.o):
    pushwsp.o                 runtime/pushwsp.s:8
    icmp.o                    runtime/icmp.s:9
    decsp6.o                  runtime/decsp6.s:8
    decsp4.o                  runtime/decsp4.s:8
    addysp.o                  runtime/addysp.s:8
    _printf.o                 /home/runner/work/cc65/cc65/asminc/zeropage.inc:11
    vfprintf.o                common/vfprintf.s:11
    subysp.o                  runtime/subysp.s:9
    steaxsp.o                 runtime/steaxsp.s:8
    staxsp.o                  runtime/staxsp.s:8
    staspidx.o                runtime/staspidx.s:9
    pushax.o                  runtime/pushax.s:8
    printf.o                  common/printf.s:9
    popptr1.o                 runtime/popptr1.s:9
    popa.o                    runtime/popa.s:8
    memcpy.o                  common/memcpy.s:15
    lpush.o                   runtime/lpush.s:13
    lpop.o                    runtime/lpop.s:10
    ldeaxysp.o                runtime/ldeaxysp.s:12
    ldaxsp.o                  runtime/ldaxsp.s:8
    incsp2.o                  runtime/incsp2.s:8
    crt0.o                    /home/runner/work/cc65/cc65/asminc/zeropage.inc:11
    callmain.o                /home/runner/work/cc65/cc65/asminc/zeropage.inc:11
    addeqsp.o                 runtime/addeqsp.s:8
    pch-tcp.o                 pch-tcp.s:10
sreg (zeropage.o):
    lneg.o                    runtime/lneg.s:11
    udiv.o                    runtime/udiv.s:10
    ltoa.o                    common/ltoa.s:11
    icmp.o                    runtime/icmp.s:9
    axlong.o                  runtime/axlong.s:9
    _printf.o                 /home/runner/work/cc65/cc65/asminc/zeropage.inc:11
    umod.o                    runtime/umod.s:9
    steaxsp.o                 runtime/steaxsp.s:8
    lpush.o                   runtime/lpush.s:13
    lpop.o                    runtime/lpop.s:10
    ldeaxysp.o                runtime/ldeaxysp.s:12
    lbneg.o                   runtime/lbneg.s:8
    uthernet2.o               C:\UTILITY\cc65\asminc/zeropage.inc:11
    tcp_c.o                   tcp_c.s:23
    dottedquad_c.o            dottedquad_c.s:9
    pch-tcp.o                 pch-tcp.s:10
staspidx (staspidx.o):
    pch-tcp.o                 pch-tcp.s:524
stax0sp (staxsp.o):
staxysp (staxsp.o):
    pch-tcp.o                 pch-tcp.s:524
steax0sp (steaxsp.o):
steaxysp (steaxsp.o):
    pch-tcp.o                 pch-tcp.s:524
sub_16_16 (arithmetic.o):
    tcp.o                     tcp.s:52
subysp (subysp.o):
    pch-tcp.o                 pch-tcp.s:524
tcp_callback (tcp.o):
    tcp_c.o                   tcp_c.s:17
tcp_close (tcp.o):
    tcp_c.o                   tcp_c.s:11
tcp_connect (tcp.o):
    tcp_c.o                   tcp_c.s:10
tcp_connect_ip (tcp.o):
    tcp_c.o                   tcp_c.s:19
tcp_connect_remote_port (tcp.o):
tcp_inbound_data_length (tcp.o):
    tcp_c.o                   tcp_c.s:13
tcp_inbound_data_ptr (tcp.o):
    tcp_c.o                   tcp_c.s:12
tcp_init (tcp.o):
tcp_listen (tcp.o):
    tcp_c.o                   tcp_c.s:9
tcp_process (tcp.o):
tcp_remote_ip (tcp.o):
    tcp_c.o                   tcp_c.s:18
tcp_send (tcp.o):
    tcp_c.o                   tcp_c.s:14
tcp_send_data_len (tcp.o):
    tcp_c.o                   tcp_c.s:20
tcp_send_keep_alive (tcp.o):
    tcp_c.o                   tcp_c.s:15
tcp_send_string (tcp.o):
tcp_state (tcp.o):
timer_init (a2_timer.o):
    ip65.o                    ip65.s:16
timer_read (a2_timer.o):
    tcp.o                     tcp.s:41
    timer.o                   timer.s:13
    arp.o                     arp.s:31
    ip65.o                    ip65.s:19
    dhcp.o                    dhcp.s:47
timer_seconds (a2_timer.o):
timer_timeout (timer.o):
    arp.o                     arp.s:32
tmp1 (zeropage.o):
    mul.o                     runtime/mul.s:10
    ltoa.o                    common/ltoa.s:11
    _printf.o                 /home/runner/work/cc65/cc65/asminc/zeropage.inc:13
    staspidx.o                runtime/staspidx.s:9
    lbneg.o                   runtime/lbneg.s:8
    uthernet2.o               C:\UTILITY\cc65\asminc/zeropage.inc:13
    dottedquad_c.o            dottedquad_c.s:9
tmp2 (zeropage.o):
    uthernet2.o               C:\UTILITY\cc65\asminc/zeropage.inc:13
    dottedquad_c.o            dottedquad_c.s:9
tmp3 (zeropage.o):
    uthernet2.o               C:\UTILITY\cc65\asminc/zeropage.inc:13
    dottedquad_c.o            dottedquad_c.s:9
tmp4 (zeropage.o):
    uthernet2.o               C:\UTILITY\cc65\asminc/zeropage.inc:13
tosicmp (icmp.o):
    ult.o                     runtime/ult.s:8
tosicmp0 (icmp.o):
tosmula0 (mul8.o):
tosmulax (mul.o):
tosudiva0 (udiv.o):
tosudivax (udiv.o):
    fwrite.o                  common/fwrite.s:12
tosult00 (ult.o):
tosulta0 (ult.o):
tosultax (ult.o):
    pch-tcp.o                 pch-tcp.s:524
tosumoda0 (umod.o):
tosumodax (umod.o):
    pch-tcp.o                 pch-tcp.s:524
tosumula0 (mul8.o):
tosumulax (mul.o):
    fwrite.o                  common/fwrite.s:12
udiv16 (udiv.o):
    umod.o                    runtime/umod.s:8
udp_add_listener (udp.o):
    dhcp.o                    dhcp.s:30
udp_callback (udp.o):
    dhcp.o                    dhcp.s:33
udp_cksum (udp.o):
udp_data (udp.o):
    dhcp.o                    dhcp.s:38
udp_dest_port (udp.o):
udp_init (udp.o):
    ip.o                      ip.s:52
udp_inp (udp.o):
    dhcp.o                    dhcp.s:36
udp_len (udp.o):
udp_outp (udp.o):
udp_process (udp.o):
    ip.o                      ip.s:53
udp_remove_listener (udp.o):
    dhcp.o                    dhcp.s:31
udp_send (udp.o):
    dhcp.o                    dhcp.s:34
udp_send_dest (udp.o):
    dhcp.o                    dhcp.s:42
udp_send_dest_port (udp.o):
    dhcp.o                    dhcp.s:44
udp_send_internal (udp.o):
udp_send_len (udp.o):
    dhcp.o                    dhcp.s:45
udp_send_src_port (udp.o):
    dhcp.o                    dhcp.s:43
udp_src_port (udp.o):
uppercasemask (uppercasemask.o):
    write.o                   apple2/write.s:11
    cputc.o                   apple2/cputc.s:15
zerobss (zerobss.o):
    crt0.o                    apple2/crt0.s:12
zpsave (crt0.o):
    callmain.o                apple2/callmain.s:12

