Modules list:
-------------
test-client1.o:
    CODE              Offs=000000  Size=000213  Align=00001  Fill=0000
    RODATA            Offs=000000  Size=0000A2  Align=00001  Fill=0000
    BSS               Offs=000000  Size=001008  Align=00001  Fill=0000
    DATA              Offs=000000  Size=000010  Align=00001  Fill=0000
    ZEROPAGE          Offs=000000  Size=000000  Align=00001  Fill=0000
    NULL              Offs=000000  Size=000000  Align=00001  Fill=0000
stream3.o:
    CODE              Offs=000213  Size=000377  Align=00001  Fill=0000
    RODATA            Offs=0000A2  Size=000000  Align=00001  Fill=0000
    BSS               Offs=001008  Size=00000E  Align=00001  Fill=0000
    DATA              Offs=000010  Size=00001C  Align=00001  Fill=0000
    ZEROPAGE          Offs=000000  Size=000000  Align=00001  Fill=0000
    NULL              Offs=000000  Size=000000  Align=00001  Fill=0000
C:\UTILITY\cc65\lib/apple2.lib(_directerrno.o):
    CODE              Offs=00058A  Size=00000A  Align=00001  Fill=0000
    RODATA            Offs=0000A2  Size=000000  Align=00001  Fill=0000
    BSS               Offs=001016  Size=000000  Align=00001  Fill=0000
    DATA              Offs=00002C  Size=000000  Align=00001  Fill=0000
    ZEROPAGE          Offs=000000  Size=000000  Align=00001  Fill=0000
    NULL              Offs=000000  Size=000000  Align=00001  Fill=0000
C:\UTILITY\cc65\lib/apple2.lib(_file.o):
    CODE              Offs=000594  Size=000000  Align=00001  Fill=0000
    RODATA            Offs=0000A2  Size=000000  Align=00001  Fill=0000
    BSS               Offs=001016  Size=000000  Align=00001  Fill=0000
    DATA              Offs=00002C  Size=00001E  Align=00001  Fill=0000
    ZEROPAGE          Offs=000000  Size=000000  Align=00001  Fill=0000
    NULL              Offs=000000  Size=000000  Align=00001  Fill=0000
C:\UTILITY\cc65\lib/apple2.lib(_hextab.o):
    CODE              Offs=000594  Size=000000  Align=00001  Fill=0000
    RODATA            Offs=0000A2  Size=000010  Align=00001  Fill=0000
    BSS               Offs=001016  Size=000000  Align=00001  Fill=0000
    DATA              Offs=00004A  Size=000000  Align=00001  Fill=0000
    ZEROPAGE          Offs=000000  Size=000000  Align=00001  Fill=0000
    NULL              Offs=000000  Size=000000  Align=00001  Fill=0000
C:\UTILITY\cc65\lib/apple2.lib(_longminstr.o):
    CODE              Offs=000594  Size=000000  Align=00001  Fill=0000
    RODATA            Offs=0000B2  Size=00000C  Align=00001  Fill=0000
    BSS               Offs=001016  Size=000000  Align=00001  Fill=0000
    DATA              Offs=00004A  Size=000000  Align=00001  Fill=0000
    ZEROPAGE          Offs=000000  Size=000000  Align=00001  Fill=0000
    NULL              Offs=000000  Size=000000  Align=00001  Fill=0000
C:\UTILITY\cc65\lib/apple2.lib(_mappederrno.o):
    CODE              Offs=000594  Size=000010  Align=00001  Fill=0000
    RODATA            Offs=0000BE  Size=000000  Align=00001  Fill=0000
    BSS               Offs=001016  Size=000000  Align=00001  Fill=0000
    DATA              Offs=00004A  Size=000000  Align=00001  Fill=0000
    ZEROPAGE          Offs=000000  Size=000000  Align=00001  Fill=0000
    NULL              Offs=000000  Size=000000  Align=00001  Fill=0000
C:\UTILITY\cc65\lib/apple2.lib(_oserror.o):
    CODE              Offs=0005A4  Size=000000  Align=00001  Fill=0000
    RODATA            Offs=0000BE  Size=000000  Align=00001  Fill=0000
    BSS               Offs=001016  Size=000001  Align=00001  Fill=0000
    DATA              Offs=00004A  Size=000000  Align=00001  Fill=0000
    ZEROPAGE          Offs=000000  Size=000000  Align=00001  Fill=0000
    NULL              Offs=000000  Size=000000  Align=00001  Fill=0000
C:\UTILITY\cc65\lib/apple2.lib(_printf.o):
    CODE              Offs=0005A4  Size=0003A2  Align=00001  Fill=0000
    RODATA            Offs=0000BE  Size=000000  Align=00001  Fill=0000
    BSS               Offs=001017  Size=00002B  Align=00001  Fill=0000
    DATA              Offs=00004A  Size=000003  Align=00001  Fill=0000
    ZEROPAGE          Offs=000000  Size=000000  Align=00001  Fill=0000
    NULL              Offs=000000  Size=000000  Align=00001  Fill=0000
C:\UTILITY\cc65\lib/apple2.lib(_seterrno.o):
    CODE              Offs=000946  Size=000009  Align=00001  Fill=0000
    RODATA            Offs=0000BE  Size=000000  Align=00001  Fill=0000
    BSS               Offs=001042  Size=000000  Align=00001  Fill=0000
    DATA              Offs=00004D  Size=000000  Align=00001  Fill=0000
    ZEROPAGE          Offs=000000  Size=000000  Align=00001  Fill=0000
    NULL              Offs=000000  Size=000000  Align=00001  Fill=0000
C:\UTILITY\cc65\lib/apple2.lib(addysp.o):
    CODE              Offs=00094F  Size=00000E  Align=00001  Fill=0000
    RODATA            Offs=0000BE  Size=000000  Align=00001  Fill=0000
    BSS               Offs=001042  Size=000000  Align=00001  Fill=0000
    DATA              Offs=00004D  Size=000000  Align=00001  Fill=0000
    ZEROPAGE          Offs=000000  Size=000000  Align=00001  Fill=0000
    NULL              Offs=000000  Size=000000  Align=00001  Fill=0000
C:\UTILITY\cc65\lib/apple2.lib(axlong.o):
    CODE              Offs=00095D  Size=00000D  Align=00001  Fill=0000
    RODATA            Offs=0000BE  Size=000000  Align=00001  Fill=0000
    BSS               Offs=001042  Size=000000  Align=00001  Fill=0000
    DATA              Offs=00004D  Size=000000  Align=00001  Fill=0000
    ZEROPAGE          Offs=000000  Size=000000  Align=00001  Fill=0000
    NULL              Offs=000000  Size=000000  Align=00001  Fill=0000
C:\UTILITY\cc65\lib/apple2.lib(bneg.o):
    CODE              Offs=00096A  Size=00000E  Align=00001  Fill=0000
    RODATA            Offs=0000BE  Size=000000  Align=00001  Fill=0000
    BSS               Offs=001042  Size=000000  Align=00001  Fill=0000
    DATA              Offs=00004D  Size=000000  Align=00001  Fill=0000
    ZEROPAGE          Offs=000000  Size=000000  Align=00001  Fill=0000
    NULL              Offs=000000  Size=000000  Align=00001  Fill=0000
C:\UTILITY\cc65\lib/apple2.lib(callmain.o):
    CODE              Offs=000978  Size=000042  Align=00001  Fill=0000
    RODATA            Offs=0000BE  Size=000000  Align=00001  Fill=0000
    BSS               Offs=001042  Size=000000  Align=00001  Fill=0000
    DATA              Offs=00004D  Size=000004  Align=00001  Fill=0000
    ZEROPAGE          Offs=000000  Size=000000  Align=00001  Fill=0000
    NULL              Offs=000000  Size=000000  Align=00001  Fill=0000
C:\UTILITY\cc65\lib/apple2.lib(condes.o):
    CODE              Offs=0009BA  Size=00000C  Align=00001  Fill=0000
    RODATA            Offs=0000BE  Size=000000  Align=00001  Fill=0000
    BSS               Offs=001042  Size=000000  Align=00001  Fill=0000
    DATA              Offs=000051  Size=000025  Align=00001  Fill=0000
    ZEROPAGE          Offs=000000  Size=000000  Align=00001  Fill=0000
    NULL              Offs=000000  Size=000000  Align=00001  Fill=0000
    ONCE              Offs=000000  Size=00000C  Align=00001  Fill=0000
C:\UTILITY\cc65\lib/apple2.lib(cout.o):
    CODE              Offs=0009C6  Size=000000  Align=00001  Fill=0000
    RODATA            Offs=0000BE  Size=000000  Align=00001  Fill=0000
    BSS               Offs=001042  Size=000000  Align=00001  Fill=0000
    DATA              Offs=000076  Size=000000  Align=00001  Fill=0000
    ZEROPAGE          Offs=000000  Size=000000  Align=00001  Fill=0000
    NULL              Offs=000000  Size=000000  Align=00001  Fill=0000
    LOWCODE           Offs=000000  Size=00000A  Align=00001  Fill=0000
C:\UTILITY\cc65\lib/apple2.lib(crt0.o):
    CODE              Offs=0009C6  Size=000012  Align=00001  Fill=0000
    RODATA            Offs=0000BE  Size=000007  Align=00001  Fill=0000
    BSS               Offs=001042  Size=000000  Align=00001  Fill=0000
    DATA              Offs=000076  Size=000003  Align=00001  Fill=0000
    ZEROPAGE          Offs=000000  Size=000000  Align=00001  Fill=0000
    NULL              Offs=000000  Size=000000  Align=00001  Fill=0000
    STARTUP           Offs=000000  Size=00000C  Align=00001  Fill=0000
    ONCE              Offs=00000C  Size=00006A  Align=00001  Fill=0000
    INIT              Offs=000000  Size=00001D  Align=00001  Fill=0000
C:\UTILITY\cc65\lib/apple2.lib(ctype.o):
    CODE              Offs=0009D8  Size=000000  Align=00001  Fill=0000
    RODATA            Offs=0000C5  Size=00008B  Align=00001  Fill=0000
    BSS               Offs=001042  Size=000000  Align=00001  Fill=0000
    DATA              Offs=000079  Size=000000  Align=00001  Fill=0000
    ZEROPAGE          Offs=000000  Size=000000  Align=00001  Fill=0000
    NULL              Offs=000000  Size=000000  Align=00001  Fill=0000
C:\UTILITY\cc65\lib/apple2.lib(ctypemask.o):
    CODE              Offs=0009D8  Size=00001E  Align=00001  Fill=0000
    RODATA            Offs=000150  Size=000000  Align=00001  Fill=0000
    BSS               Offs=001042  Size=000000  Align=00001  Fill=0000
    DATA              Offs=000079  Size=000000  Align=00001  Fill=0000
    ZEROPAGE          Offs=000000  Size=000000  Align=00001  Fill=0000
    NULL              Offs=000000  Size=000000  Align=00001  Fill=0000
C:\UTILITY\cc65\lib/apple2.lib(decsp4.o):
    CODE              Offs=0009F6  Size=00000D  Align=00001  Fill=0000
    RODATA            Offs=000150  Size=000000  Align=00001  Fill=0000
    BSS               Offs=001042  Size=000000  Align=00001  Fill=0000
    DATA              Offs=000079  Size=000000  Align=00001  Fill=0000
    ZEROPAGE          Offs=000000  Size=000000  Align=00001  Fill=0000
    NULL              Offs=000000  Size=000000  Align=00001  Fill=0000
C:\UTILITY\cc65\lib/apple2.lib(decsp6.o):
    CODE              Offs=000A03  Size=00000D  Align=00001  Fill=0000
    RODATA            Offs=000150  Size=000000  Align=00001  Fill=0000
    BSS               Offs=001042  Size=000000  Align=00001  Fill=0000
    DATA              Offs=000079  Size=000000  Align=00001  Fill=0000
    ZEROPAGE          Offs=000000  Size=000000  Align=00001  Fill=0000
    NULL              Offs=000000  Size=000000  Align=00001  Fill=0000
C:\UTILITY\cc65\lib/apple2.lib(dosdetect.o):
    CODE              Offs=000A10  Size=000000  Align=00001  Fill=0000
    RODATA            Offs=000150  Size=000000  Align=00001  Fill=0000
    BSS               Offs=001042  Size=000000  Align=00001  Fill=0000
    DATA              Offs=000079  Size=000001  Align=00001  Fill=0000
    ZEROPAGE          Offs=000000  Size=000000  Align=00001  Fill=0000
    NULL              Offs=000000  Size=000000  Align=00001  Fill=0000
    ONCE              Offs=000076  Size=000014  Align=00001  Fill=0000
C:\UTILITY\cc65\lib/apple2.lib(errno.o):
    CODE              Offs=000A10  Size=000000  Align=00001  Fill=0000
    RODATA            Offs=000150  Size=000000  Align=00001  Fill=0000
    BSS               Offs=001042  Size=000002  Align=00001  Fill=0000
    DATA              Offs=00007A  Size=000000  Align=00001  Fill=0000
    ZEROPAGE          Offs=000000  Size=000000  Align=00001  Fill=0000
    NULL              Offs=000000  Size=000000  Align=00001  Fill=0000
C:\UTILITY\cc65\lib/apple2.lib(exehdr.o):
    CODE              Offs=000A10  Size=000000  Align=00001  Fill=0000
    RODATA            Offs=000150  Size=000000  Align=00001  Fill=0000
    BSS               Offs=001044  Size=000000  Align=00001  Fill=0000
    DATA              Offs=00007A  Size=000000  Align=00001  Fill=0000
    ZEROPAGE          Offs=000000  Size=000000  Align=00001  Fill=0000
    NULL              Offs=000000  Size=000000  Align=00001  Fill=0000
    EXEHDR            Offs=000000  Size=00003A  Align=00001  Fill=0000
C:\UTILITY\cc65\lib/apple2.lib(filedes.o):
    CODE              Offs=000A10  Size=000016  Align=00001  Fill=0000
    RODATA            Offs=000150  Size=000000  Align=00001  Fill=0000
    BSS               Offs=001044  Size=000000  Align=00001  Fill=0000
    DATA              Offs=00007A  Size=000020  Align=00001  Fill=0000
    ZEROPAGE          Offs=000000  Size=000000  Align=00001  Fill=0000
    NULL              Offs=000000  Size=000000  Align=00001  Fill=0000
C:\UTILITY\cc65\lib/apple2.lib(fwrite.o):
    CODE              Offs=000A26  Size=000079  Align=00001  Fill=0000
    RODATA            Offs=000150  Size=000000  Align=00001  Fill=0000
    BSS               Offs=001044  Size=000002  Align=00001  Fill=0000
    DATA              Offs=00009A  Size=000000  Align=00001  Fill=0000
    ZEROPAGE          Offs=000000  Size=000000  Align=00001  Fill=0000
    NULL              Offs=000000  Size=000000  Align=00001  Fill=0000
C:\UTILITY\cc65\lib/apple2.lib(icmp.o):
    CODE              Offs=000A9F  Size=00002E  Align=00001  Fill=0000
    RODATA            Offs=000150  Size=000000  Align=00001  Fill=0000
    BSS               Offs=001046  Size=000000  Align=00001  Fill=0000
    DATA              Offs=00009A  Size=000000  Align=00001  Fill=0000
    ZEROPAGE          Offs=000000  Size=000000  Align=00001  Fill=0000
    NULL              Offs=000000  Size=000000  Align=00001  Fill=0000
C:\UTILITY\cc65\lib/apple2.lib(incsp1.o):
    CODE              Offs=000ACD  Size=000007  Align=00001  Fill=0000
    RODATA            Offs=000150  Size=000000  Align=00001  Fill=0000
    BSS               Offs=001046  Size=000000  Align=00001  Fill=0000
    DATA              Offs=00009A  Size=000000  Align=00001  Fill=0000
    ZEROPAGE          Offs=000000  Size=000000  Align=00001  Fill=0000
    NULL              Offs=000000  Size=000000  Align=00001  Fill=0000
C:\UTILITY\cc65\lib/apple2.lib(incsp2.o):
    CODE              Offs=000AD4  Size=000016  Align=00001  Fill=0000
    RODATA            Offs=000150  Size=000000  Align=00001  Fill=0000
    BSS               Offs=001046  Size=000000  Align=00001  Fill=0000
    DATA              Offs=00009A  Size=000000  Align=00001  Fill=0000
    ZEROPAGE          Offs=000000  Size=000000  Align=00001  Fill=0000
    NULL              Offs=000000  Size=000000  Align=00001  Fill=0000
C:\UTILITY\cc65\lib/apple2.lib(incsp3.o):
    CODE              Offs=000AEA  Size=000005  Align=00001  Fill=0000
    RODATA            Offs=000150  Size=000000  Align=00001  Fill=0000
    BSS               Offs=001046  Size=000000  Align=00001  Fill=0000
    DATA              Offs=00009A  Size=000000  Align=00001  Fill=0000
    ZEROPAGE          Offs=000000  Size=000000  Align=00001  Fill=0000
    NULL              Offs=000000  Size=000000  Align=00001  Fill=0000
C:\UTILITY\cc65\lib/apple2.lib(incsp4.o):
    CODE              Offs=000AEF  Size=000005  Align=00001  Fill=0000
    RODATA            Offs=000150  Size=000000  Align=00001  Fill=0000
    BSS               Offs=001046  Size=000000  Align=00001  Fill=0000
    DATA              Offs=00009A  Size=000000  Align=00001  Fill=0000
    ZEROPAGE          Offs=000000  Size=000000  Align=00001  Fill=0000
    NULL              Offs=000000  Size=000000  Align=00001  Fill=0000
C:\UTILITY\cc65\lib/apple2.lib(incsp6.o):
    CODE              Offs=000AF4  Size=000005  Align=00001  Fill=0000
    RODATA            Offs=000150  Size=000000  Align=00001  Fill=0000
    BSS               Offs=001046  Size=000000  Align=00001  Fill=0000
    DATA              Offs=00009A  Size=000000  Align=00001  Fill=0000
    ZEROPAGE          Offs=000000  Size=000000  Align=00001  Fill=0000
    NULL              Offs=000000  Size=000000  Align=00001  Fill=0000
C:\UTILITY\cc65\lib/apple2.lib(incsp8.o):
    CODE              Offs=000AF9  Size=000005  Align=00001  Fill=0000
    RODATA            Offs=000150  Size=000000  Align=00001  Fill=0000
    BSS               Offs=001046  Size=000000  Align=00001  Fill=0000
    DATA              Offs=00009A  Size=000000  Align=00001  Fill=0000
    ZEROPAGE          Offs=000000  Size=000000  Align=00001  Fill=0000
    NULL              Offs=000000  Size=000000  Align=00001  Fill=0000
C:\UTILITY\cc65\lib/apple2.lib(ldaxi.o):
    CODE              Offs=000AFE  Size=00000D  Align=00001  Fill=0000
    RODATA            Offs=000150  Size=000000  Align=00001  Fill=0000
    BSS               Offs=001046  Size=000000  Align=00001  Fill=0000
    DATA              Offs=00009A  Size=000000  Align=00001  Fill=0000
    ZEROPAGE          Offs=000000  Size=000000  Align=00001  Fill=0000
    NULL              Offs=000000  Size=000000  Align=00001  Fill=0000
C:\UTILITY\cc65\lib/apple2.lib(ldaxsp.o):
    CODE              Offs=000B0B  Size=000009  Align=00001  Fill=0000
    RODATA            Offs=000150  Size=000000  Align=00001  Fill=0000
    BSS               Offs=001046  Size=000000  Align=00001  Fill=0000
    DATA              Offs=00009A  Size=000000  Align=00001  Fill=0000
    ZEROPAGE          Offs=000000  Size=000000  Align=00001  Fill=0000
    NULL              Offs=000000  Size=000000  Align=00001  Fill=0000
C:\UTILITY\cc65\lib/apple2.lib(lneg.o):
    CODE              Offs=000B14  Size=00001E  Align=00001  Fill=0000
    RODATA            Offs=000150  Size=000000  Align=00001  Fill=0000
    BSS               Offs=001046  Size=000000  Align=00001  Fill=0000
    DATA              Offs=00009A  Size=000000  Align=00001  Fill=0000
    ZEROPAGE          Offs=000000  Size=000000  Align=00001  Fill=0000
    NULL              Offs=000000  Size=000000  Align=00001  Fill=0000
C:\UTILITY\cc65\lib/apple2.lib(lpush.o):
    CODE              Offs=000B32  Size=000021  Align=00001  Fill=0000
    RODATA            Offs=000150  Size=000000  Align=00001  Fill=0000
    BSS               Offs=001046  Size=000000  Align=00001  Fill=0000
    DATA              Offs=00009A  Size=000000  Align=00001  Fill=0000
    ZEROPAGE          Offs=000000  Size=000000  Align=00001  Fill=0000
    NULL              Offs=000000  Size=000000  Align=00001  Fill=0000
C:\UTILITY\cc65\lib/apple2.lib(ltoa.o):
    CODE              Offs=000B53  Size=000095  Align=00001  Fill=0000
    RODATA            Offs=000150  Size=000000  Align=00001  Fill=0000
    BSS               Offs=001046  Size=000000  Align=00001  Fill=0000
    DATA              Offs=00009A  Size=000000  Align=00001  Fill=0000
    ZEROPAGE          Offs=000000  Size=000000  Align=00001  Fill=0000
    NULL              Offs=000000  Size=000000  Align=00001  Fill=0000
C:\UTILITY\cc65\lib/apple2.lib(makebool.o):
    CODE              Offs=000BE8  Size=00002C  Align=00001  Fill=0000
    RODATA            Offs=000150  Size=000000  Align=00001  Fill=0000
    BSS               Offs=001046  Size=000000  Align=00001  Fill=0000
    DATA              Offs=00009A  Size=000000  Align=00001  Fill=0000
    ZEROPAGE          Offs=000000  Size=000000  Align=00001  Fill=0000
    NULL              Offs=000000  Size=000000  Align=00001  Fill=0000
C:\UTILITY\cc65\lib/apple2.lib(mli.o):
    CODE              Offs=000C14  Size=000000  Align=00001  Fill=0000
    RODATA            Offs=000150  Size=000000  Align=00001  Fill=0000
    BSS               Offs=001046  Size=000012  Align=00001  Fill=0000
    DATA              Offs=00009A  Size=000024  Align=00001  Fill=0000
    ZEROPAGE          Offs=000000  Size=000000  Align=00001  Fill=0000
    NULL              Offs=000000  Size=000000  Align=00001  Fill=0000
C:\UTILITY\cc65\lib/apple2.lib(mul.o):
    CODE              Offs=000C14  Size=000045  Align=00001  Fill=0000
    RODATA            Offs=000150  Size=000000  Align=00001  Fill=0000
    BSS               Offs=001058  Size=000000  Align=00001  Fill=0000
    DATA              Offs=0000BE  Size=000000  Align=00001  Fill=0000
    ZEROPAGE          Offs=000000  Size=000000  Align=00001  Fill=0000
    NULL              Offs=000000  Size=000000  Align=00001  Fill=0000
C:\UTILITY\cc65\lib/apple2.lib(mul8.o):
    CODE              Offs=000C59  Size=00003A  Align=00001  Fill=0000
    RODATA            Offs=000150  Size=000000  Align=00001  Fill=0000
    BSS               Offs=001058  Size=000000  Align=00001  Fill=0000
    DATA              Offs=0000BE  Size=000000  Align=00001  Fill=0000
    ZEROPAGE          Offs=000000  Size=000000  Align=00001  Fill=0000
    NULL              Offs=000000  Size=000000  Align=00001  Fill=0000
C:\UTILITY\cc65\lib/apple2.lib(oserror.o):
    CODE              Offs=000C93  Size=000016  Align=00001  Fill=0000
    RODATA            Offs=000150  Size=000032  Align=00001  Fill=0000
    BSS               Offs=001058  Size=000000  Align=00001  Fill=0000
    DATA              Offs=0000BE  Size=000000  Align=00001  Fill=0000
    ZEROPAGE          Offs=000000  Size=000000  Align=00001  Fill=0000
    NULL              Offs=000000  Size=000000  Align=00001  Fill=0000
C:\UTILITY\cc65\lib/apple2.lib(popptr1.o):
    CODE              Offs=000CA9  Size=00000E  Align=00001  Fill=0000
    RODATA            Offs=000182  Size=000000  Align=00001  Fill=0000
    BSS               Offs=001058  Size=000000  Align=00001  Fill=0000
    DATA              Offs=0000BE  Size=000000  Align=00001  Fill=0000
    ZEROPAGE          Offs=000000  Size=000000  Align=00001  Fill=0000
    NULL              Offs=000000  Size=000000  Align=00001  Fill=0000
C:\UTILITY\cc65\lib/apple2.lib(printf.o):
    CODE              Offs=000CB7  Size=000033  Align=00001  Fill=0000
    RODATA            Offs=000182  Size=000000  Align=00001  Fill=0000
    BSS               Offs=001058  Size=000001  Align=00001  Fill=0000
    DATA              Offs=0000BE  Size=000000  Align=00001  Fill=0000
    ZEROPAGE          Offs=000000  Size=000000  Align=00001  Fill=0000
    NULL              Offs=000000  Size=000000  Align=00001  Fill=0000
C:\UTILITY\cc65\lib/apple2.lib(push1.o):
    CODE              Offs=000CEA  Size=000005  Align=00001  Fill=0000
    RODATA            Offs=000182  Size=000000  Align=00001  Fill=0000
    BSS               Offs=001059  Size=000000  Align=00001  Fill=0000
    DATA              Offs=0000BE  Size=000000  Align=00001  Fill=0000
    ZEROPAGE          Offs=000000  Size=000000  Align=00001  Fill=0000
    NULL              Offs=000000  Size=000000  Align=00001  Fill=0000
C:\UTILITY\cc65\lib/apple2.lib(pusha.o):
    CODE              Offs=000CEF  Size=000016  Align=00001  Fill=0000
    RODATA            Offs=000182  Size=000000  Align=00001  Fill=0000
    BSS               Offs=001059  Size=000000  Align=00001  Fill=0000
    DATA              Offs=0000BE  Size=000000  Align=00001  Fill=0000
    ZEROPAGE          Offs=000000  Size=000000  Align=00001  Fill=0000
    NULL              Offs=000000  Size=000000  Align=00001  Fill=0000
C:\UTILITY\cc65\lib/apple2.lib(pushax.o):
    CODE              Offs=000D05  Size=00001A  Align=00001  Fill=0000
    RODATA            Offs=000182  Size=000000  Align=00001  Fill=0000
    BSS               Offs=001059  Size=000000  Align=00001  Fill=0000
    DATA              Offs=0000BE  Size=000000  Align=00001  Fill=0000
    ZEROPAGE          Offs=000000  Size=000000  Align=00001  Fill=0000
    NULL              Offs=000000  Size=000000  Align=00001  Fill=0000
C:\UTILITY\cc65\lib/apple2.lib(pushw.o):
    CODE              Offs=000D1F  Size=00000F  Align=00001  Fill=0000
    RODATA            Offs=000182  Size=000000  Align=00001  Fill=0000
    BSS               Offs=001059  Size=000000  Align=00001  Fill=0000
    DATA              Offs=0000BE  Size=000000  Align=00001  Fill=0000
    ZEROPAGE          Offs=000000  Size=000000  Align=00001  Fill=0000
    NULL              Offs=000000  Size=000000  Align=00001  Fill=0000
C:\UTILITY\cc65\lib/apple2.lib(pushwsp.o):
    CODE              Offs=000D2E  Size=00001C  Align=00001  Fill=0000
    RODATA            Offs=000182  Size=000000  Align=00001  Fill=0000
    BSS               Offs=001059  Size=000000  Align=00001  Fill=0000
    DATA              Offs=0000BE  Size=000000  Align=00001  Fill=0000
    ZEROPAGE          Offs=000000  Size=000000  Align=00001  Fill=0000
    NULL              Offs=000000  Size=000000  Align=00001  Fill=0000
C:\UTILITY\cc65\lib/apple2.lib(rwcommon.o):
    CODE              Offs=000D4A  Size=00003D  Align=00001  Fill=0000
    RODATA            Offs=000182  Size=000000  Align=00001  Fill=0000
    BSS               Offs=001059  Size=000000  Align=00001  Fill=0000
    DATA              Offs=0000BE  Size=000000  Align=00001  Fill=0000
    ZEROPAGE          Offs=000000  Size=000000  Align=00001  Fill=0000
    NULL              Offs=000000  Size=000000  Align=00001  Fill=0000
C:\UTILITY\cc65\lib/apple2.lib(strlen.o):
    CODE              Offs=000D87  Size=000016  Align=00001  Fill=0000
    RODATA            Offs=000182  Size=000000  Align=00001  Fill=0000
    BSS               Offs=001059  Size=000000  Align=00001  Fill=0000
    DATA              Offs=0000BE  Size=000000  Align=00001  Fill=0000
    ZEROPAGE          Offs=000000  Size=000000  Align=00001  Fill=0000
    NULL              Offs=000000  Size=000000  Align=00001  Fill=0000
C:\UTILITY\cc65\lib/apple2.lib(strlower.o):
    CODE              Offs=000D9D  Size=000027  Align=00001  Fill=0000
    RODATA            Offs=000182  Size=000000  Align=00001  Fill=0000
    BSS               Offs=001059  Size=000000  Align=00001  Fill=0000
    DATA              Offs=0000BE  Size=000000  Align=00001  Fill=0000
    ZEROPAGE          Offs=000000  Size=000000  Align=00001  Fill=0000
    NULL              Offs=000000  Size=000000  Align=00001  Fill=0000
C:\UTILITY\cc65\lib/apple2.lib(udiv.o):
    CODE              Offs=000DC4  Size=00004F  Align=00001  Fill=0000
    RODATA            Offs=000182  Size=000000  Align=00001  Fill=0000
    BSS               Offs=001059  Size=000000  Align=00001  Fill=0000
    DATA              Offs=0000BE  Size=000000  Align=00001  Fill=0000
    ZEROPAGE          Offs=000000  Size=000000  Align=00001  Fill=0000
    NULL              Offs=000000  Size=000000  Align=00001  Fill=0000
C:\UTILITY\cc65\lib/apple2.lib(uppercasemask.o):
    CODE              Offs=000E13  Size=000000  Align=00001  Fill=0000
    RODATA            Offs=000182  Size=000000  Align=00001  Fill=0000
    BSS               Offs=001059  Size=000000  Align=00001  Fill=0000
    DATA              Offs=0000BE  Size=000001  Align=00001  Fill=0000
    ZEROPAGE          Offs=000000  Size=000000  Align=00001  Fill=0000
    NULL              Offs=000000  Size=000000  Align=00001  Fill=0000
C:\UTILITY\cc65\lib/apple2.lib(vfprintf.o):
    CODE              Offs=000E13  Size=000061  Align=00001  Fill=0000
    RODATA            Offs=000182  Size=000000  Align=00001  Fill=0000
    BSS               Offs=001059  Size=000000  Align=00001  Fill=0000
    DATA              Offs=0000BF  Size=000008  Align=00001  Fill=0000
    ZEROPAGE          Offs=000000  Size=000000  Align=00001  Fill=0000
    NULL              Offs=000000  Size=000000  Align=00001  Fill=0000
C:\UTILITY\cc65\lib/apple2.lib(write.o):
    CODE              Offs=000E74  Size=000071  Align=00001  Fill=0000
    RODATA            Offs=000182  Size=000000  Align=00001  Fill=0000
    BSS               Offs=001059  Size=000000  Align=00001  Fill=0000
    DATA              Offs=0000C7  Size=000000  Align=00001  Fill=0000
    ZEROPAGE          Offs=000000  Size=000000  Align=00001  Fill=0000
    NULL              Offs=000000  Size=000000  Align=00001  Fill=0000
C:\UTILITY\cc65\lib/apple2.lib(zerobss.o):
    CODE              Offs=000EE5  Size=000023  Align=00001  Fill=0000
    RODATA            Offs=000182  Size=000000  Align=00001  Fill=0000
    BSS               Offs=001059  Size=000000  Align=00001  Fill=0000
    DATA              Offs=0000C7  Size=000000  Align=00001  Fill=0000
    ZEROPAGE          Offs=000000  Size=000000  Align=00001  Fill=0000
    NULL              Offs=000000  Size=000000  Align=00001  Fill=0000
C:\UTILITY\cc65\lib/apple2.lib(zeropage.o):
    CODE              Offs=000F08  Size=000000  Align=00001  Fill=0000
    RODATA            Offs=000182  Size=000000  Align=00001  Fill=0000
    BSS               Offs=001059  Size=000000  Align=00001  Fill=0000
    DATA              Offs=0000C7  Size=000000  Align=00001  Fill=0000
    ZEROPAGE          Offs=000000  Size=00001A  Align=00001  Fill=0000
    NULL              Offs=000000  Size=000000  Align=00001  Fill=0000


Segment list:
-------------
Name                   Start     End    Size  Align
----------------------------------------------------
NULL                  000000  000000  000000  00001
ZEROPAGE              000080  000099  00001A  00001
EXEHDR                0007C9  000802  00003A  00001
STARTUP               000803  00080E  00000C  00001
LOWCODE               00080F  000818  00000A  00001
CODE                  000819  001720  000F08  00001
RODATA                001721  0018A2  000182  00001
DATA                  0018A3  001969  0000C7  00001
INIT                  00196A  001986  00001D  00001
BSS                   001987  0029DF  001059  00001
ONCE                  001987  001A12  00008C  00001


Exports list by name:
---------------------
COUT                      00080F RLA    __BSS_LOAD__              001987  LA    
__BSS_RUN__               001987 RLA    __BSS_SIZE__              001059 REA    
__CONSTRUCTOR_COUNT__     000001 REA    __CONSTRUCTOR_TABLE__     001A11 RLA    
__DESTRUCTOR_COUNT__      000000 REA    __DESTRUCTOR_TABLE__      0018A3 RLA    
__EXEHDR__                000001 REA    __FILETYPE__              000006 REA    
__HIMEM__                 009600 REA    __LCADDR__                00D400 REA    
__LCSIZE__                000C00 REA    __LC_FILEOFFS__           000000  EA    
__LC_LAST__               00D400 RLA    __LC_SIZE__               000C00  EA    
__LC_START__              00D400 RLA    __MAIN_FILEOFFS__         00003A  EA    
__MAIN_LAST__             001A13 RLA    __MAIN_SIZE__             008DFD  EA    
__MAIN_START__            000803 RLA    __ONCE_LOAD__             001987 RLA    
__ONCE_RUN__              001987 RLA    __ONCE_SIZE__             00008C REA    
__STACKSIZE__             000800 REA    __STARTUP__               000001 REA    
__ZP_FILEOFFS__           000000  EA    __ZP_LAST__               00009A  LA    
__ZP_SIZE__               00001A  EA    __ZP_START__              000080  LA    
___directerrno            000DA3 RLA    ___errno                  0029C9 RLA    
___mappederrno            000DAD RLA    ___oserror                00299D RLA    
___osmaperrno             0014AC RLA    ___seterrno               00115F RLA    
__argc                    0018F0  LA    __argv                    0018F2  LA    
__ctype                   0017E6 RLA    __ctypeidx                0017F1 RLA    
__dos_type                00191C RLA    __filetab                 0018CF  LA    
__hextab                  0017C3 RLA    __longminstr              0017D3 RLA    
__printf                  000EAE RLA    _buffer                   001987  LA    
_exit                     0011A8 RLA    _fwrite                   00123F RLA    
_gateway                  0018AB  LA    _ip_addr                  0018A3  LA    
_ltoa                     001384 RLA    _main                     000819 RLA    
_printf                   0014D0 RLA    _server                   0018AF  LA    
_stderr                   0018EB  LA    _stdin                    0018E7  LA    
_stdout                   0018E9 RLA    _stream_connect           000C2F RLA    
_stream_connected         000CAA RLA    _stream_data_commit       000B21 RLA    
_stream_data_request      000A2C RLA    _stream_disconnect        000CB6  LA    
_stream_init              000B7D RLA    _strlen                   0015A0 RLA    
_strlen_ptr4              0015A4  LA    _strlower                 0015B6 RLA    
_strlwr                   0015B6  LA    _submask                  0018A7  LA    
_ultoa                    0013C5 RLA    _vfprintf                 001664 RLA    
_write                    00168D RLA    addysp                    001169 RLA    
addysp1                   001168  LA    axlong                    001176 RLA    
axulong                   00117C RLA    bnega                     001187  LA    
bnegax                    001183 RLA    booleq                    001407 RLA    
boolge                    001418  LA    boolgt                    001416  LA    
boolle                    00140E  LA    boollt                    001410  LA    
boolne                    001401  LA    booluge                   001428  LA    
boolugt                   001426  LA    boolule                   00141E  LA    
boolult                   001420  LA    callmain                  001191 RLA    
callmli                   00193D RLA    condes                    0018F4  LA    
ctypemask                 0011F1  LA    ctypemaskdirect           0011F5 RLA    
decsp4                    00120F RLA    decsp6                    00121C RLA    
done                      001919 RLA    donelib                   0011D3 RLA    
fdtab                     00191D RLA    getfd                     001229 RLA    
incsp1                    0012E6 RLA    incsp2                    0012F5 RLA    
incsp3                    001303 RLA    incsp4                    001308 RLA    
incsp6                    00130D RLA    incsp8                    001312 RLA    
initdostype               0019FD  LAI   initlib                   001987 RLA    
ldax0sp                   001324 RLA    ldaxi                     001317 RLA    
ldaxidx                   001319  LA    ldaxysp                   001326 RLA    
mliparam                  0029CD RLA    mul8x16                   001474 RLA    
mul8x16a                  00147E RLA    negeax                    00132D RLA    
popax                     0012ED RLA    popptr1                   0014C2 RLA    
ptr1                      000088 RLZ    ptr2                      00008A RLZ    
ptr3                      00008C RLZ    ptr4                      00008E RLZ    
push0                     00151E  LA    push0ax                   00134E  LA    
push1                     001503 RLA    pusha                     00150C RLA    
pusha0                    001520 RLA    pusha0sp                  001508  LA    
pushax                    001522 RLA    pushaysp                  00150A  LA    
pusheax                   001354 RLA    pushl0                    00134B  LA    
pushptr1idx               00153E  LA    pushw                     001538 RLA    
pushw0sp                  001547  LA    pushwidx                  00153A  LA    
pushwysp                  001549 RLA    regbank                   000094 RLZ    
regsave                   000084  LZ    reset                     0011DF RLA    
return                    0011EA  LA    rvsave                    001984 RLA    
rwcommon                  001570 RLA    rwepilog                  001593 RLA    
rwprolog                  001563 RLA    sp                        000080 RLZ    
sreg                      000082 RLZ    tmp1                      000090 RLZ    
tmp2                      000091  LZ    tmp3                      000092  LZ    
tmp4                      000093  LZ    tosicmp                   0012BA RLA    
tosicmp0                  0012B8  LA    tosmula0                  001472  LA    
tosmulax                  00142D  LA    tosudiva0                 0015DD  LA    
tosudivax                 0015DF RLA    tosumula0                 001472  LA    
tosumulax                 00142D RLA    udiv16                    0015EE  LA    
uppercasemask             001961 RLA    zerobss                   0016FE RLA    
zpsave                    00196A RLA    


Exports list by value:
----------------------
__LC_FILEOFFS__           000000  EA    __ZP_FILEOFFS__           000000  EA    
__DESTRUCTOR_COUNT__      000000 REA    __CONSTRUCTOR_COUNT__     000001 REA    
__STARTUP__               000001 REA    __EXEHDR__                000001 REA    
__FILETYPE__              000006 REA    __ZP_SIZE__               00001A  EA    
__MAIN_FILEOFFS__         00003A  EA    __ZP_START__              000080  LA    
sp                        000080 RLZ    sreg                      000082 RLZ    
regsave                   000084  LZ    ptr1                      000088 RLZ    
ptr2                      00008A RLZ    __ONCE_SIZE__             00008C REA    
ptr3                      00008C RLZ    ptr4                      00008E RLZ    
tmp1                      000090 RLZ    tmp2                      000091  LZ    
tmp3                      000092  LZ    tmp4                      000093  LZ    
regbank                   000094 RLZ    __ZP_LAST__               00009A  LA    
__STACKSIZE__             000800 REA    __MAIN_START__            000803 RLA    
COUT                      00080F RLA    _main                     000819 RLA    
_stream_data_request      000A2C RLA    _stream_data_commit       000B21 RLA    
_stream_init              000B7D RLA    __LCSIZE__                000C00 REA    
__LC_SIZE__               000C00  EA    _stream_connect           000C2F RLA    
_stream_connected         000CAA RLA    _stream_disconnect        000CB6  LA    
___directerrno            000DA3 RLA    ___mappederrno            000DAD RLA    
__printf                  000EAE RLA    __BSS_SIZE__              001059 REA    
___seterrno               00115F RLA    addysp1                   001168  LA    
addysp                    001169 RLA    axlong                    001176 RLA    
axulong                   00117C RLA    bnegax                    001183 RLA    
bnega                     001187  LA    callmain                  001191 RLA    
_exit                     0011A8 RLA    donelib                   0011D3 RLA    
reset                     0011DF RLA    return                    0011EA  LA    
ctypemask                 0011F1  LA    ctypemaskdirect           0011F5 RLA    
decsp4                    00120F RLA    decsp6                    00121C RLA    
getfd                     001229 RLA    _fwrite                   00123F RLA    
tosicmp0                  0012B8  LA    tosicmp                   0012BA RLA    
incsp1                    0012E6 RLA    popax                     0012ED RLA    
incsp2                    0012F5 RLA    incsp3                    001303 RLA    
incsp4                    001308 RLA    incsp6                    00130D RLA    
incsp8                    001312 RLA    ldaxi                     001317 RLA    
ldaxidx                   001319  LA    ldax0sp                   001324 RLA    
ldaxysp                   001326 RLA    negeax                    00132D RLA    
pushl0                    00134B  LA    push0ax                   00134E  LA    
pusheax                   001354 RLA    _ltoa                     001384 RLA    
_ultoa                    0013C5 RLA    boolne                    001401  LA    
booleq                    001407 RLA    boolle                    00140E  LA    
boollt                    001410  LA    boolgt                    001416  LA    
boolge                    001418  LA    boolule                   00141E  LA    
boolult                   001420  LA    boolugt                   001426  LA    
booluge                   001428  LA    tosmulax                  00142D  LA    
tosumulax                 00142D RLA    tosumula0                 001472  LA    
tosmula0                  001472  LA    mul8x16                   001474 RLA    
mul8x16a                  00147E RLA    ___osmaperrno             0014AC RLA    
popptr1                   0014C2 RLA    _printf                   0014D0 RLA    
push1                     001503 RLA    pusha0sp                  001508  LA    
pushaysp                  00150A  LA    pusha                     00150C RLA    
push0                     00151E  LA    pusha0                    001520 RLA    
pushax                    001522 RLA    pushw                     001538 RLA    
pushwidx                  00153A  LA    pushptr1idx               00153E  LA    
pushw0sp                  001547  LA    pushwysp                  001549 RLA    
rwprolog                  001563 RLA    rwcommon                  001570 RLA    
rwepilog                  001593 RLA    _strlen                   0015A0 RLA    
_strlen_ptr4              0015A4  LA    _strlower                 0015B6 RLA    
_strlwr                   0015B6  LA    tosudiva0                 0015DD  LA    
tosudivax                 0015DF RLA    udiv16                    0015EE  LA    
_vfprintf                 001664 RLA    _write                    00168D RLA    
zerobss                   0016FE RLA    __hextab                  0017C3 RLA    
__longminstr              0017D3 RLA    __ctype                   0017E6 RLA    
__ctypeidx                0017F1 RLA    _ip_addr                  0018A3  LA    
__DESTRUCTOR_TABLE__      0018A3 RLA    _submask                  0018A7  LA    
_gateway                  0018AB  LA    _server                   0018AF  LA    
__filetab                 0018CF  LA    _stdin                    0018E7  LA    
_stdout                   0018E9 RLA    _stderr                   0018EB  LA    
__argc                    0018F0  LA    __argv                    0018F2  LA    
condes                    0018F4  LA    done                      001919 RLA    
__dos_type                00191C RLA    fdtab                     00191D RLA    
callmli                   00193D RLA    uppercasemask             001961 RLA    
zpsave                    00196A RLA    rvsave                    001984 RLA    
__ONCE_RUN__              001987 RLA    __ONCE_LOAD__             001987 RLA    
initlib                   001987 RLA    __BSS_LOAD__              001987  LA    
__BSS_RUN__               001987 RLA    _buffer                   001987  LA    
initdostype               0019FD  LAI   __CONSTRUCTOR_TABLE__     001A11 RLA    
__MAIN_LAST__             001A13 RLA    ___oserror                00299D RLA    
___errno                  0029C9 RLA    mliparam                  0029CD RLA    
__MAIN_SIZE__             008DFD  EA    __HIMEM__                 009600 REA    
__LC_START__              00D400 RLA    __LCADDR__                00D400 REA    
__LC_LAST__               00D400 RLA    


Imports list:
-------------
COUT (cout.o):
    write.o                   apple2/write.s:9
__BSS_LOAD__ ([linker generated]):
__BSS_RUN__ ([linker generated]):
    zerobss.o                 common/zerobss.s:8
__BSS_SIZE__ ([linker generated]):
    zerobss.o                 common/zerobss.s:8
__CONSTRUCTOR_COUNT__ ([linker generated]):
    condes.o                  runtime/condes.s:18
__CONSTRUCTOR_TABLE__ ([linker generated]):
    condes.o                  runtime/condes.s:18
__DESTRUCTOR_COUNT__ ([linker generated]):
    condes.o                  runtime/condes.s:19
__DESTRUCTOR_TABLE__ ([linker generated]):
    condes.o                  runtime/condes.s:19
__EXEHDR__ (exehdr.o):
    [linker generated]        C:\UTILITY\cc65\cfg/apple2.cfg:7
__FILETYPE__ ([linker generated]):
    exehdr.o                  apple2/exehdr.s:9
__HIMEM__ ([linker generated]):
    [linker generated]        C:\UTILITY\cc65\cfg/apple2.cfg:18
    [linker generated]        C:\UTILITY\cc65\cfg/apple2.cfg:17
__LCADDR__ ([linker generated]):
    [linker generated]        C:\UTILITY\cc65\cfg/apple2.cfg:19
__LCSIZE__ ([linker generated]):
    [linker generated]        C:\UTILITY\cc65\cfg/apple2.cfg:19
__LC_FILEOFFS__ ([linker generated]):
__LC_LAST__ ([linker generated]):
    crt0.o                    apple2/crt0.s:14
__LC_SIZE__ ([linker generated]):
__LC_START__ ([linker generated]):
    crt0.o                    apple2/crt0.s:14
__MAIN_FILEOFFS__ ([linker generated]):
__MAIN_LAST__ ([linker generated]):
    exehdr.o                  apple2/exehdr.s:10
__MAIN_SIZE__ ([linker generated]):
__MAIN_START__ ([linker generated]):
    exehdr.o                  apple2/exehdr.s:10
__ONCE_LOAD__ ([linker generated]):
    crt0.o                    apple2/crt0.s:13
__ONCE_RUN__ ([linker generated]):
    [linker generated]        C:\UTILITY\cc65\cfg/apple2.cfg:18
    [linker generated]        C:\UTILITY\cc65\cfg/apple2.cfg:18
__ONCE_SIZE__ ([linker generated]):
    crt0.o                    apple2/crt0.s:13
__STACKSIZE__ ([linker generated]):
    [linker generated]        C:\UTILITY\cc65\cfg/apple2.cfg:18
__STARTUP__ (crt0.o):
    test-client1.o            test-client1.s:13
__ZP_FILEOFFS__ ([linker generated]):
__ZP_LAST__ ([linker generated]):
__ZP_SIZE__ ([linker generated]):
__ZP_START__ ([linker generated]):
___directerrno (_directerrno.o):
    write.o                   /home/runner/work/cc65/cc65/asminc/errno.inc:10
___errno (errno.o):
    _seterrno.o               /home/runner/work/cc65/cc65/asminc/errno.inc:7
___mappederrno (_mappederrno.o):
    rwcommon.o                /home/runner/work/cc65/cc65/asminc/errno.inc:10
    write.o                   /home/runner/work/cc65/cc65/asminc/errno.inc:10
___oserror (_oserror.o):
    rwcommon.o                /home/runner/work/cc65/cc65/asminc/errno.inc:7
    _mappederrno.o            /home/runner/work/cc65/cc65/asminc/errno.inc:7
    _directerrno.o            /home/runner/work/cc65/cc65/asminc/errno.inc:7
___osmaperrno (oserror.o):
    _mappederrno.o            /home/runner/work/cc65/cc65/asminc/errno.inc:8
___seterrno (_seterrno.o):
    _mappederrno.o            /home/runner/work/cc65/cc65/asminc/errno.inc:9
    _directerrno.o            /home/runner/work/cc65/cc65/asminc/errno.inc:9
    fwrite.o                  /home/runner/work/cc65/cc65/asminc/errno.inc:9
__argc (callmain.o):
__argv (callmain.o):
__ctype (ctype.o):
    ctypemask.o               common/ctypemask.s:23
__ctypeidx (ctype.o):
    ctypemask.o               common/ctypemask.s:24
__dos_type (dosdetect.o):
    mli.o                     apple2/mli.s:7
__filetab (_file.o):
__hextab (_hextab.o):
    ltoa.o                    common/ltoa.s:10
__longminstr (_longminstr.o):
    ltoa.o                    common/ltoa.s:10
__printf (_printf.o):
    vfprintf.o                common/vfprintf.s:10
_buffer (test-client1.o):
_exit (callmain.o):
    crt0.o                    apple2/crt0.s:11
_fwrite (fwrite.o):
    vfprintf.o                common/vfprintf.s:10
_gateway (test-client1.o):
_ip_addr (test-client1.o):
_ltoa (ltoa.o):
    _printf.o                 common/_printf.s:12
_main (test-client1.o):
    callmain.o                apple2/callmain.s:11
_printf (printf.o):
    test-client1.o            test-client1.s:14
_server (test-client1.o):
_stderr (_file.o):
_stdin (_file.o):
_stdout (_file.o):
    printf.o                  common/printf.s:8
_stream_connect (stream3.o):
    test-client1.o            test-client1.s:18
_stream_connected (stream3.o):
    test-client1.o            test-client1.s:19
_stream_data_commit (stream3.o):
    test-client1.o            test-client1.s:16
_stream_data_request (stream3.o):
    test-client1.o            test-client1.s:15
_stream_disconnect (stream3.o):
_stream_init (stream3.o):
    test-client1.o            test-client1.s:17
_strlen (strlen.o):
    _printf.o                 common/_printf.s:13
_strlen_ptr4 (strlen.o):
_strlower (strlower.o):
    _printf.o                 common/_printf.s:13
_strlwr (strlower.o):
_submask (test-client1.o):
_ultoa (ltoa.o):
    _printf.o                 common/_printf.s:12
_vfprintf (vfprintf.o):
    printf.o                  common/printf.s:8
_write (write.o):
    fwrite.o                  common/fwrite.s:10
addysp (addysp.o):
    fwrite.o                  common/fwrite.s:11
    printf.o                  common/printf.s:8
    incsp8.o                  runtime/incsp8.s:8
    incsp6.o                  runtime/incsp6.s:8
    incsp4.o                  runtime/incsp4.s:8
    incsp3.o                  runtime/incsp3.s:8
addysp1 (addysp.o):
axlong (axlong.o):
    _printf.o                 common/_printf.s:11
axulong (axlong.o):
    _printf.o                 common/_printf.s:11
bnega (bneg.o):
bnegax (bneg.o):
    test-client1.o            test-client1.s:312
booleq (makebool.o):
    stream3.o                 stream3.s:655
boolge (makebool.o):
boolgt (makebool.o):
boolle (makebool.o):
boollt (makebool.o):
boolne (makebool.o):
booluge (makebool.o):
boolugt (makebool.o):
boolule (makebool.o):
boolult (makebool.o):
callmain (callmain.o):
    crt0.o                    apple2/crt0.s:12
callmli (mli.o):
    rwcommon.o                apple2/mli.inc:131
    write.o                   apple2/mli.inc:131
condes (condes.o):
ctypemask (ctypemask.o):
ctypemaskdirect (ctypemask.o):
    strlower.o                common/strlower.s:14
decsp4 (decsp4.o):
    lpush.o                   runtime/lpush.s:12
decsp6 (decsp6.o):
    _printf.o                 common/_printf.s:11
done (crt0.o):
    callmain.o                apple2/callmain.s:11
donelib (condes.o):
    callmain.o                apple2/callmain.s:11
fdtab (filedes.o):
    write.o                   apple2/filedes.inc:13
getfd (filedes.o):
    rwcommon.o                apple2/filedes.inc:14
incsp1 (incsp1.o):
    stream3.o                 stream3.s:655
incsp2 (incsp2.o):
    popptr1.o                 runtime/popptr1.s:8
    stream3.o                 stream3.s:655
    stream3.o                 stream3.s:655
    stream3.o                 stream3.s:655
incsp3 (incsp3.o):
    stream3.o                 stream3.s:655
    stream3.o                 stream3.s:655
incsp4 (incsp4.o):
    stream3.o                 stream3.s:655
    stream3.o                 stream3.s:655
incsp6 (incsp6.o):
    fwrite.o                  common/fwrite.s:11
    vfprintf.o                common/vfprintf.s:9
    stream3.o                 stream3.s:655
incsp8 (incsp8.o):
    stream3.o                 stream3.s:655
initdostype (dosdetect.o):
initlib (condes.o):
    crt0.o                    apple2/crt0.s:11
ldax0sp (ldaxsp.o):
    stream3.o                 stream3.s:655
    stream3.o                 stream3.s:655
ldaxi (ldaxi.o):
    stream3.o                 stream3.s:655
    stream3.o                 stream3.s:655
ldaxidx (ldaxi.o):
ldaxysp (ldaxsp.o):
    fwrite.o                  common/fwrite.s:11
    stream3.o                 stream3.s:655
    stream3.o                 stream3.s:655
    stream3.o                 stream3.s:655
    stream3.o                 stream3.s:655
    stream3.o                 stream3.s:655
mliparam (mli.o):
    rwcommon.o                apple2/mli.inc:130
    write.o                   apple2/mli.inc:130
mul8x16 (mul8.o):
    mul.o                     runtime/mul.s:8
mul8x16a (mul8.o):
    mul.o                     runtime/mul.s:8
negeax (lneg.o):
    ltoa.o                    common/ltoa.s:9
popax (incsp2.o):
    rwcommon.o                apple2/rwcommon.s:6
    ltoa.o                    common/ltoa.s:9
    _printf.o                 common/_printf.s:11
popptr1 (popptr1.o):
    rwcommon.o                apple2/rwcommon.s:6
    udiv.o                    runtime/udiv.s:9
    mul8.o                    runtime/mul8.s:9
    mul.o                     runtime/mul.s:9
    ltoa.o                    common/ltoa.s:9
ptr1 (zeropage.o):
    rwcommon.o                /home/runner/work/cc65/cc65/asminc/zeropage.inc:12
    write.o                   /home/runner/work/cc65/cc65/asminc/zeropage.inc:12
    udiv.o                    runtime/udiv.s:10
    strlower.o                common/strlower.s:13
    popptr1.o                 runtime/popptr1.s:9
    mul8.o                    runtime/mul8.s:10
    mul.o                     runtime/mul.s:10
    ltoa.o                    common/ltoa.s:11
    fwrite.o                  common/fwrite.s:14
    _printf.o                 /home/runner/work/cc65/cc65/asminc/zeropage.inc:12
    zerobss.o                 common/zerobss.s:9
    vfprintf.o                common/vfprintf.s:11
    pushw.o                   runtime/pushw.s:9
    printf.o                  common/printf.s:9
    ldaxi.o                   runtime/ldaxi.s:8
    stream3.o                 stream3.s:11
    test-client1.o            test-client1.s:11
ptr2 (zeropage.o):
    rwcommon.o                /home/runner/work/cc65/cc65/asminc/zeropage.inc:12
    write.o                   /home/runner/work/cc65/cc65/asminc/zeropage.inc:12
    strlower.o                common/strlower.s:13
    ltoa.o                    common/ltoa.s:11
    _printf.o                 /home/runner/work/cc65/cc65/asminc/zeropage.inc:12
ptr3 (zeropage.o):
    ltoa.o                    common/ltoa.s:11
ptr4 (zeropage.o):
    udiv.o                    runtime/udiv.s:10
    strlen.o                  common/strlen.s:12
    mul8.o                    runtime/mul8.s:10
    mul.o                     runtime/mul.s:10
push0 (pushax.o):
push0ax (lpush.o):
push1 (push1.o):
    _printf.o                 common/_printf.s:11
    vfprintf.o                common/vfprintf.s:9
pusha (pusha.o):
    stream3.o                 stream3.s:655
    stream3.o                 stream3.s:655
    test-client1.o            test-client1.s:312
pusha0 (pushax.o):
    push1.o                   runtime/push1.s:8
    fwrite.o                  common/fwrite.s:11
    stream3.o                 stream3.s:655
    test-client1.o            test-client1.s:312
pusha0sp (pusha.o):
pushax (pushax.o):
    fwrite.o                  common/fwrite.s:11
    callmain.o                apple2/callmain.s:11
    _printf.o                 common/_printf.s:11
    pushw.o                   runtime/pushw.s:8
    printf.o                  common/printf.s:8
    stream3.o                 stream3.s:655
    stream3.o                 stream3.s:655
    stream3.o                 stream3.s:655
    stream3.o                 stream3.s:655
    stream3.o                 stream3.s:655
    stream3.o                 stream3.s:655
    stream3.o                 stream3.s:655
    stream3.o                 stream3.s:655
    stream3.o                 stream3.s:655
    stream3.o                 stream3.s:655
    test-client1.o            test-client1.s:312
pushaysp (pusha.o):
pusheax (lpush.o):
    _printf.o                 common/_printf.s:11
pushl0 (lpush.o):
pushptr1idx (pushw.o):
pushw (pushw.o):
    stream3.o                 stream3.s:655
pushw0sp (pushwsp.o):
pushwidx (pushw.o):
pushwysp (pushwsp.o):
    fwrite.o                  common/fwrite.s:11
    vfprintf.o                common/vfprintf.s:9
    stream3.o                 stream3.s:655
    stream3.o                 stream3.s:655
regbank (zeropage.o):
    _printf.o                 /home/runner/work/cc65/cc65/asminc/zeropage.inc:14
regsave (zeropage.o):
reset (crt0.o):
    callmain.o                apple2/callmain.s:12
return (crt0.o):
rvsave (crt0.o):
    callmain.o                apple2/callmain.s:12
rwcommon (rwcommon.o):
    write.o                   apple2/write.s:8
rwepilog (rwcommon.o):
    write.o                   apple2/write.s:8
rwprolog (rwcommon.o):
    write.o                   apple2/write.s:8
sp (zeropage.o):
    decsp4.o                  runtime/decsp4.s:8
    popptr1.o                 runtime/popptr1.s:9
    lpush.o                   runtime/lpush.s:13
    decsp6.o                  runtime/decsp6.s:8
    callmain.o                /home/runner/work/cc65/cc65/asminc/zeropage.inc:11
    addysp.o                  runtime/addysp.s:8
    _printf.o                 /home/runner/work/cc65/cc65/asminc/zeropage.inc:11
    vfprintf.o                common/vfprintf.s:11
    pushwsp.o                 runtime/pushwsp.s:8
    pushax.o                  runtime/pushax.s:8
    pusha.o                   runtime/pusha.s:8
    printf.o                  common/printf.s:9
    ldaxsp.o                  runtime/ldaxsp.s:8
    incsp2.o                  runtime/incsp2.s:8
    incsp1.o                  runtime/incsp1.s:8
    icmp.o                    runtime/icmp.s:9
    crt0.o                    /home/runner/work/cc65/cc65/asminc/zeropage.inc:11
    stream3.o                 stream3.s:10
sreg (zeropage.o):
    lneg.o                    runtime/lneg.s:11
    udiv.o                    runtime/udiv.s:10
    ltoa.o                    common/ltoa.s:11
    lpush.o                   runtime/lpush.s:13
    axlong.o                  runtime/axlong.s:9
    _printf.o                 /home/runner/work/cc65/cc65/asminc/zeropage.inc:11
    icmp.o                    runtime/icmp.s:9
    stream3.o                 stream3.s:10
tmp1 (zeropage.o):
    mul.o                     runtime/mul.s:10
    ltoa.o                    common/ltoa.s:11
    _printf.o                 /home/runner/work/cc65/cc65/asminc/zeropage.inc:13
tmp2 (zeropage.o):
tmp3 (zeropage.o):
tmp4 (zeropage.o):
tosicmp (icmp.o):
    stream3.o                 stream3.s:655
tosicmp0 (icmp.o):
tosmula0 (mul8.o):
tosmulax (mul.o):
tosudiva0 (udiv.o):
tosudivax (udiv.o):
    fwrite.o                  common/fwrite.s:12
tosumula0 (mul8.o):
tosumulax (mul.o):
    fwrite.o                  common/fwrite.s:12
udiv16 (udiv.o):
uppercasemask (uppercasemask.o):
    write.o                   apple2/write.s:11
zerobss (zerobss.o):
    crt0.o                    apple2/crt0.s:12
zpsave (crt0.o):
    callmain.o                apple2/callmain.s:12

