Modules list:
-------------
test-client.o:
    CODE              Offs=000000  Size=000091  Align=00001  Fill=0000
    RODATA            Offs=000000  Size=0000A1  Align=00001  Fill=0000
    BSS               Offs=000000  Size=000200  Align=00001  Fill=0000
    DATA              Offs=000000  Size=000000  Align=00001  Fill=0000
    ZEROPAGE          Offs=000000  Size=000000  Align=00001  Fill=0000
    NULL              Offs=000000  Size=000000  Align=00001  Fill=0000
../00.LIBRERIE/IP65/lib/ip65.lib(arp.o):
    CODE              Offs=000091  Size=000202  Align=00001  Fill=0000
    RODATA            Offs=0000A1  Size=000000  Align=00001  Fill=0000
    BSS               Offs=000200  Size=000066  Align=00001  Fill=0000
    DATA              Offs=000000  Size=000000  Align=00001  Fill=0000
    ZEROPAGE          Offs=000000  Size=000000  Align=00001  Fill=0000
    NULL              Offs=000000  Size=000000  Align=00001  Fill=0000
../00.LIBRERIE/IP65/lib/ip65.lib(config.o):
    CODE              Offs=000293  Size=000000  Align=00001  Fill=0000
    RODATA            Offs=0000A1  Size=000000  Align=00001  Fill=0000
    BSS               Offs=000266  Size=000000  Align=00001  Fill=0000
    DATA              Offs=000000  Size=00001E  Align=00001  Fill=0000
    ZEROPAGE          Offs=000000  Size=000000  Align=00001  Fill=0000
    NULL              Offs=000000  Size=000000  Align=00001  Fill=0000
../00.LIBRERIE/IP65/lib/ip65.lib(copymem.o):
    CODE              Offs=000293  Size=000027  Align=00001  Fill=0000
    RODATA            Offs=0000A1  Size=000000  Align=00001  Fill=0000
    BSS               Offs=000266  Size=000001  Align=00001  Fill=0000
    DATA              Offs=00001E  Size=000000  Align=00001  Fill=0000
    ZEROPAGE          Offs=000000  Size=000000  Align=00001  Fill=0000
    NULL              Offs=000000  Size=000000  Align=00001  Fill=0000
../00.LIBRERIE/IP65/lib/ip65.lib(dhcp.o):
    CODE              Offs=0002BA  Size=000294  Align=00001  Fill=0000
    RODATA            Offs=0000A1  Size=000000  Align=00001  Fill=0000
    BSS               Offs=000267  Size=000009  Align=00001  Fill=0000
    DATA              Offs=00001E  Size=000000  Align=00001  Fill=0000
    ZEROPAGE          Offs=000000  Size=000000  Align=00001  Fill=0000
    NULL              Offs=000000  Size=000000  Align=00001  Fill=0000
../00.LIBRERIE/IP65/lib/ip65.lib(dhcp_c.o):
    CODE              Offs=00054E  Size=000008  Align=00001  Fill=0000
    RODATA            Offs=0000A1  Size=000000  Align=00001  Fill=0000
    BSS               Offs=000270  Size=000000  Align=00001  Fill=0000
    DATA              Offs=00001E  Size=000000  Align=00001  Fill=0000
    ZEROPAGE          Offs=000000  Size=000000  Align=00001  Fill=0000
    NULL              Offs=000000  Size=000000  Align=00001  Fill=0000
../00.LIBRERIE/IP65/lib/ip65.lib(dns.o):
    CODE              Offs=000556  Size=00025D  Align=00001  Fill=0000
    RODATA            Offs=0000A1  Size=000000  Align=00001  Fill=0000
    BSS               Offs=000270  Size=000091  Align=00001  Fill=0000
    DATA              Offs=00001E  Size=000000  Align=00001  Fill=0000
    ZEROPAGE          Offs=000000  Size=000000  Align=00001  Fill=0000
    NULL              Offs=000000  Size=000000  Align=00001  Fill=0000
../00.LIBRERIE/IP65/lib/ip65.lib(dns_c.o):
    CODE              Offs=0007B3  Size=000023  Align=00001  Fill=0000
    RODATA            Offs=0000A1  Size=000000  Align=00001  Fill=0000
    BSS               Offs=000301  Size=000000  Align=00001  Fill=0000
    DATA              Offs=00001E  Size=000000  Align=00001  Fill=0000
    ZEROPAGE          Offs=000000  Size=000000  Align=00001  Fill=0000
    NULL              Offs=000000  Size=000000  Align=00001  Fill=0000
../00.LIBRERIE/IP65/lib/ip65.lib(dottedquad.o):
    CODE              Offs=0007D6  Size=00005C  Align=00001  Fill=0000
    RODATA            Offs=0000A1  Size=000000  Align=00001  Fill=0000
    BSS               Offs=000301  Size=000004  Align=00001  Fill=0000
    DATA              Offs=00001E  Size=000004  Align=00001  Fill=0000
    ZEROPAGE          Offs=000000  Size=000000  Align=00001  Fill=0000
    NULL              Offs=000000  Size=000000  Align=00001  Fill=0000
../00.LIBRERIE/IP65/lib/ip65.lib(error.o):
    CODE              Offs=000832  Size=000071  Align=00001  Fill=0000
    RODATA            Offs=0000A1  Size=0000BD  Align=00001  Fill=0000
    BSS               Offs=000305  Size=000000  Align=00001  Fill=0000
    DATA              Offs=000022  Size=000000  Align=00001  Fill=0000
    ZEROPAGE          Offs=000000  Size=000000  Align=00001  Fill=0000
    NULL              Offs=000000  Size=000000  Align=00001  Fill=0000
../00.LIBRERIE/IP65/lib/ip65.lib(eth.o):
    CODE              Offs=0008A3  Size=000020  Align=00001  Fill=0000
    RODATA            Offs=00015E  Size=000000  Align=00001  Fill=0000
    BSS               Offs=000305  Size=000004  Align=00001  Fill=0000
    DATA              Offs=000022  Size=000000  Align=00001  Fill=0000
    ZEROPAGE          Offs=000000  Size=000000  Align=00001  Fill=0000
    NULL              Offs=000000  Size=000000  Align=00001  Fill=0000
../00.LIBRERIE/IP65/lib/ip65.lib(eth_buffer.o):
    CODE              Offs=0008C3  Size=000000  Align=00001  Fill=0000
    RODATA            Offs=00015E  Size=000000  Align=00001  Fill=0000
    BSS               Offs=000309  Size=000BDC  Align=00001  Fill=0000
    DATA              Offs=000022  Size=000000  Align=00001  Fill=0000
    ZEROPAGE          Offs=000000  Size=000000  Align=00001  Fill=0000
    NULL              Offs=000000  Size=000000  Align=00001  Fill=0000
../00.LIBRERIE/IP65/lib/ip65.lib(ip65.o):
    CODE              Offs=0008C3  Size=00005F  Align=00001  Fill=0000
    RODATA            Offs=00015E  Size=000000  Align=00001  Fill=0000
    BSS               Offs=000EE5  Size=000004  Align=00001  Fill=0000
    DATA              Offs=000022  Size=000000  Align=00001  Fill=0000
    ZEROPAGE          Offs=000000  Size=000000  Align=00001  Fill=0000
    NULL              Offs=000000  Size=000000  Align=00001  Fill=0000
../00.LIBRERIE/IP65/lib/ip65.lib(ip65_c.o):
    CODE              Offs=000922  Size=000010  Align=00001  Fill=0000
    RODATA            Offs=00015E  Size=000000  Align=00001  Fill=0000
    BSS               Offs=000EE9  Size=000000  Align=00001  Fill=0000
    DATA              Offs=000022  Size=000000  Align=00001  Fill=0000
    ZEROPAGE          Offs=000000  Size=000000  Align=00001  Fill=0000
    NULL              Offs=000000  Size=000000  Align=00001  Fill=0000
../00.LIBRERIE/IP65/lib/ip65.lib(tcp_c.o):
    CODE              Offs=000932  Size=000084  Align=00001  Fill=0000
    RODATA            Offs=00015E  Size=000000  Align=00001  Fill=0000
    BSS               Offs=000EE9  Size=000000  Align=00001  Fill=0000
    DATA              Offs=000022  Size=000012  Align=00001  Fill=0000
    ZEROPAGE          Offs=000000  Size=000000  Align=00001  Fill=0000
    NULL              Offs=000000  Size=000000  Align=00001  Fill=0000
../00.LIBRERIE/IP65/lib/ip65.lib(timer.o):
    CODE              Offs=0009B6  Size=000018  Align=00001  Fill=0000
    RODATA            Offs=00015E  Size=000000  Align=00001  Fill=0000
    BSS               Offs=000EE9  Size=000002  Align=00001  Fill=0000
    DATA              Offs=000034  Size=000000  Align=00001  Fill=0000
    ZEROPAGE          Offs=000000  Size=000000  Align=00001  Fill=0000
    NULL              Offs=000000  Size=000000  Align=00001  Fill=0000
../00.LIBRERIE/IP65/lib/ip65.lib(output_buffer.o):
    CODE              Offs=0009CE  Size=000000  Align=00001  Fill=0000
    RODATA            Offs=00015E  Size=000000  Align=00001  Fill=0000
    BSS               Offs=000EEB  Size=000208  Align=00001  Fill=0000
    DATA              Offs=000034  Size=000000  Align=00001  Fill=0000
    ZEROPAGE          Offs=000000  Size=000000  Align=00001  Fill=0000
    NULL              Offs=000000  Size=000000  Align=00001  Fill=0000
../00.LIBRERIE/IP65/lib/ip65.lib(udp.o):
    CODE              Offs=0009CE  Size=000176  Align=00001  Fill=0000
    RODATA            Offs=00015E  Size=000000  Align=00001  Fill=0000
    BSS               Offs=0010F3  Size=00001F  Align=00001  Fill=0000
    DATA              Offs=000034  Size=000003  Align=00001  Fill=0000
    ZEROPAGE          Offs=000000  Size=000000  Align=00001  Fill=0000
    NULL              Offs=000000  Size=000000  Align=00001  Fill=0000
../00.LIBRERIE/IP65/lib/ip65.lib(ip.o):
    CODE              Offs=000B44  Size=00020B  Align=00001  Fill=0000
    RODATA            Offs=00015E  Size=000000  Align=00001  Fill=0000
    BSS               Offs=001112  Size=00000C  Align=00001  Fill=0000
    DATA              Offs=000037  Size=000000  Align=00001  Fill=0000
    ZEROPAGE          Offs=000000  Size=000000  Align=00001  Fill=0000
    NULL              Offs=000000  Size=000000  Align=00001  Fill=0000
../00.LIBRERIE/IP65/lib/ip65.lib(icmp.o):
    CODE              Offs=000D4F  Size=00010D  Align=00001  Fill=0000
    RODATA            Offs=00015E  Size=000000  Align=00001  Fill=0000
    BSS               Offs=00111E  Size=000009  Align=00001  Fill=0000
    DATA              Offs=000037  Size=000003  Align=00001  Fill=0000
    ZEROPAGE          Offs=000000  Size=000000  Align=00001  Fill=0000
    NULL              Offs=000000  Size=000000  Align=00001  Fill=0000
../00.LIBRERIE/IP65/lib/ip65_tcp.lib(arithmetic.o):
    CODE              Offs=000E5C  Size=00009D  Align=00001  Fill=0000
    RODATA            Offs=00015E  Size=000000  Align=00001  Fill=0000
    BSS               Offs=001127  Size=000002  Align=00001  Fill=0000
    DATA              Offs=00003A  Size=000000  Align=00001  Fill=0000
    ZEROPAGE          Offs=000000  Size=000000  Align=00001  Fill=0000
    NULL              Offs=000000  Size=000000  Align=00001  Fill=0000
../00.LIBRERIE/IP65/lib/ip65_tcp.lib(tcp.o):
    CODE              Offs=000EF9  Size=00066B  Align=00001  Fill=0000
    RODATA            Offs=00015E  Size=000000  Align=00001  Fill=0000
    BSS               Offs=001129  Size=000042  Align=00001  Fill=0000
    DATA              Offs=00003A  Size=000000  Align=00001  Fill=0000
    ZEROPAGE          Offs=000000  Size=000000  Align=00001  Fill=0000
    NULL              Offs=000000  Size=000000  Align=00001  Fill=0000
../00.LIBRERIE/IP65/drivers/ip65_apple2.lib(uthernet.o):
    CODE              Offs=001564  Size=000000  Align=00001  Fill=0000
    RODATA            Offs=00015E  Size=000020  Align=00001  Fill=0000
    BSS               Offs=00116B  Size=000000  Align=00001  Fill=0000
    DATA              Offs=00003A  Size=00017C  Align=00001  Fill=0000
    ZEROPAGE          Offs=000000  Size=000000  Align=00001  Fill=0000
    NULL              Offs=000000  Size=000000  Align=00001  Fill=0000
../00.LIBRERIE/IP65/drivers/ip65_apple2.lib(lancegs.o):
    CODE              Offs=001564  Size=000000  Align=00001  Fill=0000
    RODATA            Offs=00017E  Size=00002E  Align=00001  Fill=0000
    BSS               Offs=00116B  Size=000000  Align=00001  Fill=0000
    DATA              Offs=0001B6  Size=00018B  Align=00001  Fill=0000
    ZEROPAGE          Offs=000000  Size=000000  Align=00001  Fill=0000
    NULL              Offs=000000  Size=000000  Align=00001  Fill=0000
../00.LIBRERIE/IP65/drivers/ip65_apple2.lib(uthernet2.o):
    CODE              Offs=001564  Size=000000  Align=00001  Fill=0000
    RODATA            Offs=0001AC  Size=00002B  Align=00001  Fill=0000
    BSS               Offs=00116B  Size=000000  Align=00001  Fill=0000
    DATA              Offs=000341  Size=000238  Align=00001  Fill=0000
    ZEROPAGE          Offs=000000  Size=000000  Align=00001  Fill=0000
    NULL              Offs=000000  Size=000000  Align=00001  Fill=0000
../00.LIBRERIE/IP65/drivers/ip65_apple2.lib(a2combo.o):
    CODE              Offs=001564  Size=0000BF  Align=00001  Fill=0000
    RODATA            Offs=0001D7  Size=000000  Align=00001  Fill=0000
    BSS               Offs=00116B  Size=000015  Align=00001  Fill=0000
    DATA              Offs=000579  Size=000043  Align=00001  Fill=0000
    ZEROPAGE          Offs=000000  Size=000000  Align=00001  Fill=0000
    NULL              Offs=000000  Size=000000  Align=00001  Fill=0000
../00.LIBRERIE/IP65/drivers/ip65_apple2.lib(a2_timer.o):
    CODE              Offs=001623  Size=00002E  Align=00001  Fill=0000
    RODATA            Offs=0001D7  Size=000000  Align=00001  Fill=0000
    BSS               Offs=001180  Size=000002  Align=00001  Fill=0000
    DATA              Offs=0005BC  Size=000000  Align=00001  Fill=0000
    ZEROPAGE          Offs=000000  Size=000000  Align=00001  Fill=0000
    NULL              Offs=000000  Size=000000  Align=00001  Fill=0000
../00.LIBRERIE/IP65/drivers/ip65_apple2.lib(a2_input.o):
    CODE              Offs=001651  Size=00000F  Align=00001  Fill=0000
    RODATA            Offs=0001D7  Size=000000  Align=00001  Fill=0000
    BSS               Offs=001182  Size=000000  Align=00001  Fill=0000
    DATA              Offs=0005BC  Size=000001  Align=00001  Fill=0000
    ZEROPAGE          Offs=000000  Size=000000  Align=00001  Fill=0000
    NULL              Offs=000000  Size=000000  Align=00001  Fill=0000
../00.LIBRERIE/CC65/lib/apple2.lib(_directerrno.o):
    CODE              Offs=001660  Size=00000A  Align=00001  Fill=0000
    RODATA            Offs=0001D7  Size=000000  Align=00001  Fill=0000
    BSS               Offs=001182  Size=000000  Align=00001  Fill=0000
    DATA              Offs=0005BD  Size=000000  Align=00001  Fill=0000
    ZEROPAGE          Offs=000000  Size=000000  Align=00001  Fill=0000
    NULL              Offs=000000  Size=000000  Align=00001  Fill=0000
../00.LIBRERIE/CC65/lib/apple2.lib(_file.o):
    CODE              Offs=00166A  Size=000000  Align=00001  Fill=0000
    RODATA            Offs=0001D7  Size=000000  Align=00001  Fill=0000
    BSS               Offs=001182  Size=000000  Align=00001  Fill=0000
    DATA              Offs=0005BD  Size=00001E  Align=00001  Fill=0000
    ZEROPAGE          Offs=000000  Size=000000  Align=00001  Fill=0000
    NULL              Offs=000000  Size=000000  Align=00001  Fill=0000
../00.LIBRERIE/CC65/lib/apple2.lib(_hextab.o):
    CODE              Offs=00166A  Size=000000  Align=00001  Fill=0000
    RODATA            Offs=0001D7  Size=000010  Align=00001  Fill=0000
    BSS               Offs=001182  Size=000000  Align=00001  Fill=0000
    DATA              Offs=0005DB  Size=000000  Align=00001  Fill=0000
    ZEROPAGE          Offs=000000  Size=000000  Align=00001  Fill=0000
    NULL              Offs=000000  Size=000000  Align=00001  Fill=0000
../00.LIBRERIE/CC65/lib/apple2.lib(_longminstr.o):
    CODE              Offs=00166A  Size=000000  Align=00001  Fill=0000
    RODATA            Offs=0001E7  Size=00000C  Align=00001  Fill=0000
    BSS               Offs=001182  Size=000000  Align=00001  Fill=0000
    DATA              Offs=0005DB  Size=000000  Align=00001  Fill=0000
    ZEROPAGE          Offs=000000  Size=000000  Align=00001  Fill=0000
    NULL              Offs=000000  Size=000000  Align=00001  Fill=0000
../00.LIBRERIE/CC65/lib/apple2.lib(_mappederrno.o):
    CODE              Offs=00166A  Size=000010  Align=00001  Fill=0000
    RODATA            Offs=0001F3  Size=000000  Align=00001  Fill=0000
    BSS               Offs=001182  Size=000000  Align=00001  Fill=0000
    DATA              Offs=0005DB  Size=000000  Align=00001  Fill=0000
    ZEROPAGE          Offs=000000  Size=000000  Align=00001  Fill=0000
    NULL              Offs=000000  Size=000000  Align=00001  Fill=0000
../00.LIBRERIE/CC65/lib/apple2.lib(_oserror.o):
    CODE              Offs=00167A  Size=000000  Align=00001  Fill=0000
    RODATA            Offs=0001F3  Size=000000  Align=00001  Fill=0000
    BSS               Offs=001182  Size=000001  Align=00001  Fill=0000
    DATA              Offs=0005DB  Size=000000  Align=00001  Fill=0000
    ZEROPAGE          Offs=000000  Size=000000  Align=00001  Fill=0000
    NULL              Offs=000000  Size=000000  Align=00001  Fill=0000
../00.LIBRERIE/CC65/lib/apple2.lib(_printf.o):
    CODE              Offs=00167A  Size=0003A2  Align=00001  Fill=0000
    RODATA            Offs=0001F3  Size=000000  Align=00001  Fill=0000
    BSS               Offs=001183  Size=00002B  Align=00001  Fill=0000
    DATA              Offs=0005DB  Size=000003  Align=00001  Fill=0000
    ZEROPAGE          Offs=000000  Size=000000  Align=00001  Fill=0000
    NULL              Offs=000000  Size=000000  Align=00001  Fill=0000
../00.LIBRERIE/CC65/lib/apple2.lib(_seterrno.o):
    CODE              Offs=001A1C  Size=000009  Align=00001  Fill=0000
    RODATA            Offs=0001F3  Size=000000  Align=00001  Fill=0000
    BSS               Offs=0011AE  Size=000000  Align=00001  Fill=0000
    DATA              Offs=0005DE  Size=000000  Align=00001  Fill=0000
    ZEROPAGE          Offs=000000  Size=000000  Align=00001  Fill=0000
    NULL              Offs=000000  Size=000000  Align=00001  Fill=0000
../00.LIBRERIE/CC65/lib/apple2.lib(addysp.o):
    CODE              Offs=001A25  Size=00000E  Align=00001  Fill=0000
    RODATA            Offs=0001F3  Size=000000  Align=00001  Fill=0000
    BSS               Offs=0011AE  Size=000000  Align=00001  Fill=0000
    DATA              Offs=0005DE  Size=000000  Align=00001  Fill=0000
    ZEROPAGE          Offs=000000  Size=000000  Align=00001  Fill=0000
    NULL              Offs=000000  Size=000000  Align=00001  Fill=0000
../00.LIBRERIE/CC65/lib/apple2.lib(axlong.o):
    CODE              Offs=001A33  Size=00000D  Align=00001  Fill=0000
    RODATA            Offs=0001F3  Size=000000  Align=00001  Fill=0000
    BSS               Offs=0011AE  Size=000000  Align=00001  Fill=0000
    DATA              Offs=0005DE  Size=000000  Align=00001  Fill=0000
    ZEROPAGE          Offs=000000  Size=000000  Align=00001  Fill=0000
    NULL              Offs=000000  Size=000000  Align=00001  Fill=0000
../00.LIBRERIE/CC65/lib/apple2.lib(callmain.o):
    CODE              Offs=001A40  Size=000042  Align=00001  Fill=0000
    RODATA            Offs=0001F3  Size=000000  Align=00001  Fill=0000
    BSS               Offs=0011AE  Size=000000  Align=00001  Fill=0000
    DATA              Offs=0005DE  Size=000004  Align=00001  Fill=0000
    ZEROPAGE          Offs=000000  Size=000000  Align=00001  Fill=0000
    NULL              Offs=000000  Size=000000  Align=00001  Fill=0000
../00.LIBRERIE/CC65/lib/apple2.lib(condes.o):
    CODE              Offs=001A82  Size=00000C  Align=00001  Fill=0000
    RODATA            Offs=0001F3  Size=000000  Align=00001  Fill=0000
    BSS               Offs=0011AE  Size=000000  Align=00001  Fill=0000
    DATA              Offs=0005E2  Size=000025  Align=00001  Fill=0000
    ZEROPAGE          Offs=000000  Size=000000  Align=00001  Fill=0000
    NULL              Offs=000000  Size=000000  Align=00001  Fill=0000
    ONCE              Offs=000000  Size=00000C  Align=00001  Fill=0000
../00.LIBRERIE/CC65/lib/apple2.lib(cout.o):
    CODE              Offs=001A8E  Size=000000  Align=00001  Fill=0000
    RODATA            Offs=0001F3  Size=000000  Align=00001  Fill=0000
    BSS               Offs=0011AE  Size=000000  Align=00001  Fill=0000
    DATA              Offs=000607  Size=000000  Align=00001  Fill=0000
    ZEROPAGE          Offs=000000  Size=000000  Align=00001  Fill=0000
    NULL              Offs=000000  Size=000000  Align=00001  Fill=0000
    LOWCODE           Offs=000000  Size=00000A  Align=00001  Fill=0000
../00.LIBRERIE/CC65/lib/apple2.lib(crt0.o):
    CODE              Offs=001A8E  Size=000012  Align=00001  Fill=0000
    RODATA            Offs=0001F3  Size=000007  Align=00001  Fill=0000
    BSS               Offs=0011AE  Size=000000  Align=00001  Fill=0000
    DATA              Offs=000607  Size=000003  Align=00001  Fill=0000
    ZEROPAGE          Offs=000000  Size=000000  Align=00001  Fill=0000
    NULL              Offs=000000  Size=000000  Align=00001  Fill=0000
    STARTUP           Offs=000000  Size=00000C  Align=00001  Fill=0000
    ONCE              Offs=00000C  Size=00006A  Align=00001  Fill=0000
    INIT              Offs=000000  Size=00001D  Align=00001  Fill=0000
../00.LIBRERIE/CC65/lib/apple2.lib(ctype.o):
    CODE              Offs=001AA0  Size=000000  Align=00001  Fill=0000
    RODATA            Offs=0001FA  Size=00008B  Align=00001  Fill=0000
    BSS               Offs=0011AE  Size=000000  Align=00001  Fill=0000
    DATA              Offs=00060A  Size=000000  Align=00001  Fill=0000
    ZEROPAGE          Offs=000000  Size=000000  Align=00001  Fill=0000
    NULL              Offs=000000  Size=000000  Align=00001  Fill=0000
../00.LIBRERIE/CC65/lib/apple2.lib(ctypemask.o):
    CODE              Offs=001AA0  Size=00001E  Align=00001  Fill=0000
    RODATA            Offs=000285  Size=000000  Align=00001  Fill=0000
    BSS               Offs=0011AE  Size=000000  Align=00001  Fill=0000
    DATA              Offs=00060A  Size=000000  Align=00001  Fill=0000
    ZEROPAGE          Offs=000000  Size=000000  Align=00001  Fill=0000
    NULL              Offs=000000  Size=000000  Align=00001  Fill=0000
../00.LIBRERIE/CC65/lib/apple2.lib(decsp2.o):
    CODE              Offs=001ABE  Size=00000D  Align=00001  Fill=0000
    RODATA            Offs=000285  Size=000000  Align=00001  Fill=0000
    BSS               Offs=0011AE  Size=000000  Align=00001  Fill=0000
    DATA              Offs=00060A  Size=000000  Align=00001  Fill=0000
    ZEROPAGE          Offs=000000  Size=000000  Align=00001  Fill=0000
    NULL              Offs=000000  Size=000000  Align=00001  Fill=0000
../00.LIBRERIE/CC65/lib/apple2.lib(decsp4.o):
    CODE              Offs=001ACB  Size=00000D  Align=00001  Fill=0000
    RODATA            Offs=000285  Size=000000  Align=00001  Fill=0000
    BSS               Offs=0011AE  Size=000000  Align=00001  Fill=0000
    DATA              Offs=00060A  Size=000000  Align=00001  Fill=0000
    ZEROPAGE          Offs=000000  Size=000000  Align=00001  Fill=0000
    NULL              Offs=000000  Size=000000  Align=00001  Fill=0000
../00.LIBRERIE/CC65/lib/apple2.lib(decsp6.o):
    CODE              Offs=001AD8  Size=00000D  Align=00001  Fill=0000
    RODATA            Offs=000285  Size=000000  Align=00001  Fill=0000
    BSS               Offs=0011AE  Size=000000  Align=00001  Fill=0000
    DATA              Offs=00060A  Size=000000  Align=00001  Fill=0000
    ZEROPAGE          Offs=000000  Size=000000  Align=00001  Fill=0000
    NULL              Offs=000000  Size=000000  Align=00001  Fill=0000
../00.LIBRERIE/CC65/lib/apple2.lib(dosdetect.o):
    CODE              Offs=001AE5  Size=000000  Align=00001  Fill=0000
    RODATA            Offs=000285  Size=000000  Align=00001  Fill=0000
    BSS               Offs=0011AE  Size=000000  Align=00001  Fill=0000
    DATA              Offs=00060A  Size=000001  Align=00001  Fill=0000
    ZEROPAGE          Offs=000000  Size=000000  Align=00001  Fill=0000
    NULL              Offs=000000  Size=000000  Align=00001  Fill=0000
    ONCE              Offs=000076  Size=000014  Align=00001  Fill=0000
../00.LIBRERIE/CC65/lib/apple2.lib(errno.o):
    CODE              Offs=001AE5  Size=000000  Align=00001  Fill=0000
    RODATA            Offs=000285  Size=000000  Align=00001  Fill=0000
    BSS               Offs=0011AE  Size=000002  Align=00001  Fill=0000
    DATA              Offs=00060B  Size=000000  Align=00001  Fill=0000
    ZEROPAGE          Offs=000000  Size=000000  Align=00001  Fill=0000
    NULL              Offs=000000  Size=000000  Align=00001  Fill=0000
../00.LIBRERIE/CC65/lib/apple2.lib(exehdr.o):
    CODE              Offs=001AE5  Size=000000  Align=00001  Fill=0000
    RODATA            Offs=000285  Size=000000  Align=00001  Fill=0000
    BSS               Offs=0011B0  Size=000000  Align=00001  Fill=0000
    DATA              Offs=00060B  Size=000000  Align=00001  Fill=0000
    ZEROPAGE          Offs=000000  Size=000000  Align=00001  Fill=0000
    NULL              Offs=000000  Size=000000  Align=00001  Fill=0000
    EXEHDR            Offs=000000  Size=00003A  Align=00001  Fill=0000
../00.LIBRERIE/CC65/lib/apple2.lib(filedes.o):
    CODE              Offs=001AE5  Size=000016  Align=00001  Fill=0000
    RODATA            Offs=000285  Size=000000  Align=00001  Fill=0000
    BSS               Offs=0011B0  Size=000000  Align=00001  Fill=0000
    DATA              Offs=00060B  Size=000020  Align=00001  Fill=0000
    ZEROPAGE          Offs=000000  Size=000000  Align=00001  Fill=0000
    NULL              Offs=000000  Size=000000  Align=00001  Fill=0000
../00.LIBRERIE/CC65/lib/apple2.lib(fwrite.o):
    CODE              Offs=001AFB  Size=000079  Align=00001  Fill=0000
    RODATA            Offs=000285  Size=000000  Align=00001  Fill=0000
    BSS               Offs=0011B0  Size=000002  Align=00001  Fill=0000
    DATA              Offs=00062B  Size=000000  Align=00001  Fill=0000
    ZEROPAGE          Offs=000000  Size=000000  Align=00001  Fill=0000
    NULL              Offs=000000  Size=000000  Align=00001  Fill=0000
../00.LIBRERIE/CC65/lib/apple2.lib(incsp2.o):
    CODE              Offs=001B74  Size=000016  Align=00001  Fill=0000
    RODATA            Offs=000285  Size=000000  Align=00001  Fill=0000
    BSS               Offs=0011B2  Size=000000  Align=00001  Fill=0000
    DATA              Offs=00062B  Size=000000  Align=00001  Fill=0000
    ZEROPAGE          Offs=000000  Size=000000  Align=00001  Fill=0000
    NULL              Offs=000000  Size=000000  Align=00001  Fill=0000
../00.LIBRERIE/CC65/lib/apple2.lib(incsp4.o):
    CODE              Offs=001B8A  Size=000005  Align=00001  Fill=0000
    RODATA            Offs=000285  Size=000000  Align=00001  Fill=0000
    BSS               Offs=0011B2  Size=000000  Align=00001  Fill=0000
    DATA              Offs=00062B  Size=000000  Align=00001  Fill=0000
    ZEROPAGE          Offs=000000  Size=000000  Align=00001  Fill=0000
    NULL              Offs=000000  Size=000000  Align=00001  Fill=0000
../00.LIBRERIE/CC65/lib/apple2.lib(incsp6.o):
    CODE              Offs=001B8F  Size=000005  Align=00001  Fill=0000
    RODATA            Offs=000285  Size=000000  Align=00001  Fill=0000
    BSS               Offs=0011B2  Size=000000  Align=00001  Fill=0000
    DATA              Offs=00062B  Size=000000  Align=00001  Fill=0000
    ZEROPAGE          Offs=000000  Size=000000  Align=00001  Fill=0000
    NULL              Offs=000000  Size=000000  Align=00001  Fill=0000
../00.LIBRERIE/CC65/lib/apple2.lib(lcmp.o):
    CODE              Offs=001B94  Size=00003B  Align=00001  Fill=0000
    RODATA            Offs=000285  Size=000000  Align=00001  Fill=0000
    BSS               Offs=0011B2  Size=000000  Align=00001  Fill=0000
    DATA              Offs=00062B  Size=000000  Align=00001  Fill=0000
    ZEROPAGE          Offs=000000  Size=000000  Align=00001  Fill=0000
    NULL              Offs=000000  Size=000000  Align=00001  Fill=0000
../00.LIBRERIE/CC65/lib/apple2.lib(ldaxsp.o):
    CODE              Offs=001BCF  Size=000009  Align=00001  Fill=0000
    RODATA            Offs=000285  Size=000000  Align=00001  Fill=0000
    BSS               Offs=0011B2  Size=000000  Align=00001  Fill=0000
    DATA              Offs=00062B  Size=000000  Align=00001  Fill=0000
    ZEROPAGE          Offs=000000  Size=000000  Align=00001  Fill=0000
    NULL              Offs=000000  Size=000000  Align=00001  Fill=0000
../00.LIBRERIE/CC65/lib/apple2.lib(lne.o):
    CODE              Offs=001BD8  Size=000006  Align=00001  Fill=0000
    RODATA            Offs=000285  Size=000000  Align=00001  Fill=0000
    BSS               Offs=0011B2  Size=000000  Align=00001  Fill=0000
    DATA              Offs=00062B  Size=000000  Align=00001  Fill=0000
    ZEROPAGE          Offs=000000  Size=000000  Align=00001  Fill=0000
    NULL              Offs=000000  Size=000000  Align=00001  Fill=0000
../00.LIBRERIE/CC65/lib/apple2.lib(lneg.o):
    CODE              Offs=001BDE  Size=00001E  Align=00001  Fill=0000
    RODATA            Offs=000285  Size=000000  Align=00001  Fill=0000
    BSS               Offs=0011B2  Size=000000  Align=00001  Fill=0000
    DATA              Offs=00062B  Size=000000  Align=00001  Fill=0000
    ZEROPAGE          Offs=000000  Size=000000  Align=00001  Fill=0000
    NULL              Offs=000000  Size=000000  Align=00001  Fill=0000
../00.LIBRERIE/CC65/lib/apple2.lib(lpop.o):
    CODE              Offs=001BFC  Size=000015  Align=00001  Fill=0000
    RODATA            Offs=000285  Size=000000  Align=00001  Fill=0000
    BSS               Offs=0011B2  Size=000000  Align=00001  Fill=0000
    DATA              Offs=00062B  Size=000000  Align=00001  Fill=0000
    ZEROPAGE          Offs=000000  Size=000000  Align=00001  Fill=0000
    NULL              Offs=000000  Size=000000  Align=00001  Fill=0000
../00.LIBRERIE/CC65/lib/apple2.lib(lpush.o):
    CODE              Offs=001C11  Size=000021  Align=00001  Fill=0000
    RODATA            Offs=000285  Size=000000  Align=00001  Fill=0000
    BSS               Offs=0011B2  Size=000000  Align=00001  Fill=0000
    DATA              Offs=00062B  Size=000000  Align=00001  Fill=0000
    ZEROPAGE          Offs=000000  Size=000000  Align=00001  Fill=0000
    NULL              Offs=000000  Size=000000  Align=00001  Fill=0000
../00.LIBRERIE/CC65/lib/apple2.lib(ltoa.o):
    CODE              Offs=001C32  Size=000095  Align=00001  Fill=0000
    RODATA            Offs=000285  Size=000000  Align=00001  Fill=0000
    BSS               Offs=0011B2  Size=000000  Align=00001  Fill=0000
    DATA              Offs=00062B  Size=000000  Align=00001  Fill=0000
    ZEROPAGE          Offs=000000  Size=000000  Align=00001  Fill=0000
    NULL              Offs=000000  Size=000000  Align=00001  Fill=0000
../00.LIBRERIE/CC65/lib/apple2.lib(makebool.o):
    CODE              Offs=001CC7  Size=00002C  Align=00001  Fill=0000
    RODATA            Offs=000285  Size=000000  Align=00001  Fill=0000
    BSS               Offs=0011B2  Size=000000  Align=00001  Fill=0000
    DATA              Offs=00062B  Size=000000  Align=00001  Fill=0000
    ZEROPAGE          Offs=000000  Size=000000  Align=00001  Fill=0000
    NULL              Offs=000000  Size=000000  Align=00001  Fill=0000
../00.LIBRERIE/CC65/lib/apple2.lib(mli.o):
    CODE              Offs=001CF3  Size=000000  Align=00001  Fill=0000
    RODATA            Offs=000285  Size=000000  Align=00001  Fill=0000
    BSS               Offs=0011B2  Size=000012  Align=00001  Fill=0000
    DATA              Offs=00062B  Size=000024  Align=00001  Fill=0000
    ZEROPAGE          Offs=000000  Size=000000  Align=00001  Fill=0000
    NULL              Offs=000000  Size=000000  Align=00001  Fill=0000
../00.LIBRERIE/CC65/lib/apple2.lib(mul.o):
    CODE              Offs=001CF3  Size=000045  Align=00001  Fill=0000
    RODATA            Offs=000285  Size=000000  Align=00001  Fill=0000
    BSS               Offs=0011C4  Size=000000  Align=00001  Fill=0000
    DATA              Offs=00064F  Size=000000  Align=00001  Fill=0000
    ZEROPAGE          Offs=000000  Size=000000  Align=00001  Fill=0000
    NULL              Offs=000000  Size=000000  Align=00001  Fill=0000
../00.LIBRERIE/CC65/lib/apple2.lib(mul8.o):
    CODE              Offs=001D38  Size=00003A  Align=00001  Fill=0000
    RODATA            Offs=000285  Size=000000  Align=00001  Fill=0000
    BSS               Offs=0011C4  Size=000000  Align=00001  Fill=0000
    DATA              Offs=00064F  Size=000000  Align=00001  Fill=0000
    ZEROPAGE          Offs=000000  Size=000000  Align=00001  Fill=0000
    NULL              Offs=000000  Size=000000  Align=00001  Fill=0000
../00.LIBRERIE/CC65/lib/apple2.lib(oserror.o):
    CODE              Offs=001D72  Size=000016  Align=00001  Fill=0000
    RODATA            Offs=000285  Size=000032  Align=00001  Fill=0000
    BSS               Offs=0011C4  Size=000000  Align=00001  Fill=0000
    DATA              Offs=00064F  Size=000000  Align=00001  Fill=0000
    ZEROPAGE          Offs=000000  Size=000000  Align=00001  Fill=0000
    NULL              Offs=000000  Size=000000  Align=00001  Fill=0000
../00.LIBRERIE/CC65/lib/apple2.lib(popptr1.o):
    CODE              Offs=001D88  Size=00000E  Align=00001  Fill=0000
    RODATA            Offs=0002B7  Size=000000  Align=00001  Fill=0000
    BSS               Offs=0011C4  Size=000000  Align=00001  Fill=0000
    DATA              Offs=00064F  Size=000000  Align=00001  Fill=0000
    ZEROPAGE          Offs=000000  Size=000000  Align=00001  Fill=0000
    NULL              Offs=000000  Size=000000  Align=00001  Fill=0000
../00.LIBRERIE/CC65/lib/apple2.lib(printf.o):
    CODE              Offs=001D96  Size=000033  Align=00001  Fill=0000
    RODATA            Offs=0002B7  Size=000000  Align=00001  Fill=0000
    BSS               Offs=0011C4  Size=000001  Align=00001  Fill=0000
    DATA              Offs=00064F  Size=000000  Align=00001  Fill=0000
    ZEROPAGE          Offs=000000  Size=000000  Align=00001  Fill=0000
    NULL              Offs=000000  Size=000000  Align=00001  Fill=0000
../00.LIBRERIE/CC65/lib/apple2.lib(push1.o):
    CODE              Offs=001DC9  Size=000005  Align=00001  Fill=0000
    RODATA            Offs=0002B7  Size=000000  Align=00001  Fill=0000
    BSS               Offs=0011C5  Size=000000  Align=00001  Fill=0000
    DATA              Offs=00064F  Size=000000  Align=00001  Fill=0000
    ZEROPAGE          Offs=000000  Size=000000  Align=00001  Fill=0000
    NULL              Offs=000000  Size=000000  Align=00001  Fill=0000
../00.LIBRERIE/CC65/lib/apple2.lib(pushax.o):
    CODE              Offs=001DCE  Size=00001A  Align=00001  Fill=0000
    RODATA            Offs=0002B7  Size=000000  Align=00001  Fill=0000
    BSS               Offs=0011C5  Size=000000  Align=00001  Fill=0000
    DATA              Offs=00064F  Size=000000  Align=00001  Fill=0000
    ZEROPAGE          Offs=000000  Size=000000  Align=00001  Fill=0000
    NULL              Offs=000000  Size=000000  Align=00001  Fill=0000
../00.LIBRERIE/CC65/lib/apple2.lib(pushwsp.o):
    CODE              Offs=001DE8  Size=00001C  Align=00001  Fill=0000
    RODATA            Offs=0002B7  Size=000000  Align=00001  Fill=0000
    BSS               Offs=0011C5  Size=000000  Align=00001  Fill=0000
    DATA              Offs=00064F  Size=000000  Align=00001  Fill=0000
    ZEROPAGE          Offs=000000  Size=000000  Align=00001  Fill=0000
    NULL              Offs=000000  Size=000000  Align=00001  Fill=0000
../00.LIBRERIE/CC65/lib/apple2.lib(rwcommon.o):
    CODE              Offs=001E04  Size=00003D  Align=00001  Fill=0000
    RODATA            Offs=0002B7  Size=000000  Align=00001  Fill=0000
    BSS               Offs=0011C5  Size=000000  Align=00001  Fill=0000
    DATA              Offs=00064F  Size=000000  Align=00001  Fill=0000
    ZEROPAGE          Offs=000000  Size=000000  Align=00001  Fill=0000
    NULL              Offs=000000  Size=000000  Align=00001  Fill=0000
../00.LIBRERIE/CC65/lib/apple2.lib(strlen.o):
    CODE              Offs=001E41  Size=000016  Align=00001  Fill=0000
    RODATA            Offs=0002B7  Size=000000  Align=00001  Fill=0000
    BSS               Offs=0011C5  Size=000000  Align=00001  Fill=0000
    DATA              Offs=00064F  Size=000000  Align=00001  Fill=0000
    ZEROPAGE          Offs=000000  Size=000000  Align=00001  Fill=0000
    NULL              Offs=000000  Size=000000  Align=00001  Fill=0000
../00.LIBRERIE/CC65/lib/apple2.lib(strlower.o):
    CODE              Offs=001E57  Size=000027  Align=00001  Fill=0000
    RODATA            Offs=0002B7  Size=000000  Align=00001  Fill=0000
    BSS               Offs=0011C5  Size=000000  Align=00001  Fill=0000
    DATA              Offs=00064F  Size=000000  Align=00001  Fill=0000
    ZEROPAGE          Offs=000000  Size=000000  Align=00001  Fill=0000
    NULL              Offs=000000  Size=000000  Align=00001  Fill=0000
../00.LIBRERIE/CC65/lib/apple2.lib(subysp.o):
    CODE              Offs=001E7E  Size=00000D  Align=00001  Fill=0000
    RODATA            Offs=0002B7  Size=000000  Align=00001  Fill=0000
    BSS               Offs=0011C5  Size=000000  Align=00001  Fill=0000
    DATA              Offs=00064F  Size=000000  Align=00001  Fill=0000
    ZEROPAGE          Offs=000000  Size=000000  Align=00001  Fill=0000
    NULL              Offs=000000  Size=000000  Align=00001  Fill=0000
../00.LIBRERIE/CC65/lib/apple2.lib(udiv.o):
    CODE              Offs=001E8B  Size=00004F  Align=00001  Fill=0000
    RODATA            Offs=0002B7  Size=000000  Align=00001  Fill=0000
    BSS               Offs=0011C5  Size=000000  Align=00001  Fill=0000
    DATA              Offs=00064F  Size=000000  Align=00001  Fill=0000
    ZEROPAGE          Offs=000000  Size=000000  Align=00001  Fill=0000
    NULL              Offs=000000  Size=000000  Align=00001  Fill=0000
../00.LIBRERIE/CC65/lib/apple2.lib(uppercasemask.o):
    CODE              Offs=001EDA  Size=000000  Align=00001  Fill=0000
    RODATA            Offs=0002B7  Size=000000  Align=00001  Fill=0000
    BSS               Offs=0011C5  Size=000000  Align=00001  Fill=0000
    DATA              Offs=00064F  Size=000001  Align=00001  Fill=0000
    ZEROPAGE          Offs=000000  Size=000000  Align=00001  Fill=0000
    NULL              Offs=000000  Size=000000  Align=00001  Fill=0000
../00.LIBRERIE/CC65/lib/apple2.lib(vfprintf.o):
    CODE              Offs=001EDA  Size=000061  Align=00001  Fill=0000
    RODATA            Offs=0002B7  Size=000000  Align=00001  Fill=0000
    BSS               Offs=0011C5  Size=000000  Align=00001  Fill=0000
    DATA              Offs=000650  Size=000008  Align=00001  Fill=0000
    ZEROPAGE          Offs=000000  Size=000000  Align=00001  Fill=0000
    NULL              Offs=000000  Size=000000  Align=00001  Fill=0000
../00.LIBRERIE/CC65/lib/apple2.lib(write.o):
    CODE              Offs=001F3B  Size=000071  Align=00001  Fill=0000
    RODATA            Offs=0002B7  Size=000000  Align=00001  Fill=0000
    BSS               Offs=0011C5  Size=000000  Align=00001  Fill=0000
    DATA              Offs=000658  Size=000000  Align=00001  Fill=0000
    ZEROPAGE          Offs=000000  Size=000000  Align=00001  Fill=0000
    NULL              Offs=000000  Size=000000  Align=00001  Fill=0000
../00.LIBRERIE/CC65/lib/apple2.lib(zerobss.o):
    CODE              Offs=001FAC  Size=000023  Align=00001  Fill=0000
    RODATA            Offs=0002B7  Size=000000  Align=00001  Fill=0000
    BSS               Offs=0011C5  Size=000000  Align=00001  Fill=0000
    DATA              Offs=000658  Size=000000  Align=00001  Fill=0000
    ZEROPAGE          Offs=000000  Size=000000  Align=00001  Fill=0000
    NULL              Offs=000000  Size=000000  Align=00001  Fill=0000
../00.LIBRERIE/CC65/lib/apple2.lib(zeropage.o):
    CODE              Offs=001FCF  Size=000000  Align=00001  Fill=0000
    RODATA            Offs=0002B7  Size=000000  Align=00001  Fill=0000
    BSS               Offs=0011C5  Size=000000  Align=00001  Fill=0000
    DATA              Offs=000658  Size=000000  Align=00001  Fill=0000
    ZEROPAGE          Offs=000000  Size=00001A  Align=00001  Fill=0000
    NULL              Offs=000000  Size=000000  Align=00001  Fill=0000


Segment list:
-------------
Name                   Start     End    Size  Align
----------------------------------------------------
NULL                  000000  000000  000000  00001
ZEROPAGE              000080  000099  00001A  00001
EXEHDR                0007C9  000802  00003A  00001
STARTUP               000803  00080E  00000C  00001
LOWCODE               00080F  000818  00000A  00001
CODE                  000819  0027E7  001FCF  00001
RODATA                0027E8  002A9E  0002B7  00001
DATA                  002A9F  0030F6  000658  00001
INIT                  0030F7  003113  00001D  00001
BSS                   003114  0042D8  0011C5  00001
ONCE                  003114  00319F  00008C  00001


Exports list by name:
---------------------
COUT                      00080F RLA    __BSS_LOAD__              003114  LA    
__BSS_RUN__               003114 RLA    __BSS_SIZE__              0011C5 REA    
__CONSTRUCTOR_COUNT__     000001 REA    __CONSTRUCTOR_TABLE__     00319E RLA    
__DESTRUCTOR_COUNT__      000000 REA    __DESTRUCTOR_TABLE__      002A9F RLA    
__EXEHDR__                000001 REA    __FILETYPE__              000006 REA    
__HIMEM__                 009600 REA    __LCADDR__                00D400 REA    
__LCSIZE__                000C00 REA    __LC_FILEOFFS__           000000  EA    
__LC_LAST__               00D400 RLA    __LC_SIZE__               000C00  EA    
__LC_START__              00D400 RLA    __MAIN_FILEOFFS__         00003A  EA    
__MAIN_LAST__             0031A0 RLA    __MAIN_SIZE__             008DFD  EA    
__MAIN_START__            000803 RLA    __ONCE_LOAD__             003114 RLA    
__ONCE_RUN__              003114 RLA    __ONCE_SIZE__             00008C REA    
__STACKSIZE__             000800 REA    __STARTUP__               000001 REA    
__ZP_FILEOFFS__           000000  EA    __ZP_LAST__               00009A  LA    
__ZP_SIZE__               00001A  EA    __ZP_START__              000080  LA    
___directerrno            001E79 RLA    ___errno                  0042C2 RLA    
___mappederrno            001E83 RLA    ___oserror                004296 RLA    
___osmaperrno             00258B RLA    ___seterrno               002235 RLA    
__argc                    00307D  LA    __argv                    00307F  LA    
__ctype                   0029E2 RLA    __ctypeidx                0029ED RLA    
__dos_type                0030A9 RLA    __filetab                 00305C  LA    
__hextab                  0029BF RLA    __longminstr              0029CF RLA    
__printf                  001F84 RLA    _buffer                   003114  LA    
_cs8900a                  002AD9 RLA    _cs8900a_name             00295D RLA    
_dhcp_init                000D67 RLA    _dns_resolve              000FCC RLA    
_exit                     002270 RLA    _fwrite                   002314 RLA    
_ip65_error               003FFC  LA    _ip65_init                00113B RLA    
_ip65_process             001143  LA    _ip65_random_word         0010DC  LA    
_ip65_strerror            00104B  LA    _lan91c96                 002C55 RLA    
_lan91c96_name            00298C RLA    _ltoa                     002463 RLA    
_main                     000819 RLA    _printf                   0025AF RLA    
_stderr                   003078  LA    _stdin                    003074  LA    
_stdout                   003076 RLA    _strlen                   00265A RLA    
_strlen_ptr4              00265E  LA    _strlower                 002670 RLA    
_strlwr                   002670  LA    _tcp_close                0011AE RLA    
_tcp_connect              00117C  LA    _tcp_listen               00114B  LA    
_tcp_send                 0011B6  LA    _tcp_send_keep_alive      0011C7  LA    
_ultoa                    0024A4 RLA    _vfprintf                 00272B RLA    
_w5100                    002DE0 RLA    _w5100_name               0029B3 RLA    
_write                    002754 RLA    abort_key                 00305B  LA    
abort_key_default         00009B  EZ    abort_key_disable         000080  EZ    
ac_size                   000008  EZ    acc16                     000088 REZ    
acc32                     000088 REZ    add_16_32                 0016CE RLA    
add_32_32                 0016AF  LA    addysp                    00223F RLA    
addysp1                   00223E  LA    arp_add                   000A36  LA    
arp_cache                 00331F  LA    arp_calculate_gateway_mask 0008B4 RLA    
arp_init                  0008AA RLA    arp_ip                    00331B RLA    
arp_lookup                0008D9 RLA    arp_mac                   003315 RLA    
arp_process               0009B8 RLA    axlong                    00224C RLA    
axulong                   002252 RLA    booleq                    0024E6  LA    
boolge                    0024F7  LA    boolgt                    0024F5  LA    
boolle                    0024ED  LA    boollt                    0024EF  LA    
boolne                    0024E0 RLA    booluge                   002507  LA    
boolugt                   002505  LA    boolule                   0024FD  LA    
boolult                   0024FF  LA    callmain                  002259 RLA    
callmli                   0030CA RLA    cfg_dns                   002AB1 RLA    
cfg_gateway               002AAD RLA    cfg_ip                    002AA5 RLA    
cfg_mac                   002A9F RLA    cfg_netmask               002AA9 RLA    
cfg_tftp_server           002AB9  LA    check_for_abort_key       001E6A RLA    
cmp_16_16                 001691 RLA    cmp_32_32                 001675 RLA    
condes                    003081  LA    copy_dest                 00008A REZ    
copy_src                  000088 REZ    copymem                   000AAC RLA    
ctypemask                 0022B9  LA    ctypemaskdirect           0022BD RLA    
decsp2                    0022D7 RLA    decsp4                    0022E4 RLA    
decsp6                    0022F1 RLA    dhcp_init                 000AD3 RLA    
dhcp_server               002AB5 RLA    dhcp_state                00337B  LA    
dns_hostname_is_dotted_quad 003414  LA    dns_ip                    003385 RLA    
dns_resolve               000DEC RLA    dns_set_hostname          000D6F RLA    
done                      0030A6 RLA    donelib                   00229B RLA    
dotted_quad_value         003415 RLA    eth_data                  00000E REZ    
eth_dest                  000000 REZ    eth_init                  001E01 RLA    
eth_inp                   00341D RLA    eth_inp_len               003419 RLA    
eth_name                  00427F  LA    eth_outp                  003A0B RLA    
eth_outp_len              00341B RLA    eth_proto_arp             000006 REZ    
eth_proto_ip              000000 REZ    eth_rx                    003034 RLA    
eth_set_broadcast_dest    0010BC RLA    eth_set_my_mac_src        0010C7 RLA    
eth_set_proto             0010D3 RLA    eth_src                   000006 REZ    
eth_tx                    003048 RLA    eth_type                  00000C  EZ    
fdtab                     0030AA RLA    getfd                     0022FE RLA    
icmp_add_listener         001614  LA    icmp_callback             004232  LA    
icmp_cksum                000002  EZ    icmp_code                 000001  EZ    
icmp_data                 000004  EZ    icmp_init                 001568 RLA    
icmp_inp                  00343F  EA    icmp_outp                 003A2D  EA    
icmp_process              00156E RLA    icmp_remove_listener      001640  LA    
icmp_type                 000000  EZ    incsp2                    002395 RLA    
incsp4                    0023A3 RLA    incsp6                    0023A8 RLA    
initdostype               00318A  LAI   initlib                   003114 RLA    
ip65_ctr                  003FF9  LA    ip65_ctr_arp              003FFA  LA    
ip65_ctr_ip               003FFB  LA    ip65_error                003FFC RLA    
ip65_init                 001103 RLA    ip65_process              001119 RLA    
ip65_random_word          0010DC RLA    ip65_strerror             00104B RLA    
ip_broadcast              00422A RLA    ip_calc_cksum             0014C4 RLA    
ip_cksum_ptr              00008A REZ    ip_create_packet          001430 RLA    
ip_data                   000014 REZ    ip_dest                   000010 REZ    
ip_frag                   000006  EZ    ip_header_cksum           00000A REZ    
ip_id                     000004 REZ    ip_init                   00135D RLA    
ip_inp                    00342B REA    ip_len                    000002 REZ    
ip_outp                   003A19 REA    ip_process                001372 RLA    
ip_proto                  000009 REZ    ip_proto_icmp             000001  EZ    
ip_proto_tcp              000006 REZ    ip_proto_udp              000011 REZ    
ip_send                   00145D RLA    ip_src                    00000C REZ    
ip_tos                    000001  EZ    ip_ttl                    000008  EZ    
ip_ver_ihl                000000  EZ    ldax0sp                   0023E8  LA    
ldaxysp                   0023EA RLA    mliparam                  0042C6 RLA    
mul8x16                   002553 RLA    mul8x16a                  00255D RLA    
mul_8_16                  0016EA  LA    negeax                    0023F7 RLA    
op32                      00008A REZ    output_buffer             003FFF RLA    
parse_dotted_quad         000FEF RLA    popax                     00238D RLA    
popeax                    002415 RLA    popptr1                   0025A1 RLA    
ptr1                      000088 RLZ    ptr2                      00008A RLZ    
ptr3                      00008C RLZ    ptr4                      00008E RLZ    
push0                     0025E7  LA    push0ax                   00242D  LA    
push1                     0025E2 RLA    pusha0                    0025E9 RLA    
pushax                    0025EB RLA    pusheax                   002433 RLA    
pushl0                    00242A  LA    pushw0sp                  002601  LA    
pushwysp                  002603 RLA    regbank                   000094 RLZ    
regsave                   000084  LZ    reset                     0022A7 RLA    
return                    0022B2  LA    rvsave                    003111 RLA    
rwcommon                  00262A RLA    rwepilog                  00264D RLA    
rwprolog                  00261D RLA    sp                        000080 RLZ    
sreg                      000082 RLZ    sub_16_16                 001699 RLA    
subysp                    002697 RLA    tcp_callback              004256 RLA    
tcp_close                 001823 RLA    tcp_connect               00176B RLA    
tcp_connect_ip            004278 RLA    tcp_connect_remote_port   004276  LA    
tcp_inbound_data_length   00425E RLA    tcp_inbound_data_ptr      00425C RLA    
tcp_init                  001712  LA    tcp_listen                001716 RLA    
tcp_process               001B09  LA    tcp_remote_ip             004242 RLA    
tcp_send                  0018F2 RLA    tcp_send_data_len         004254 RLA    
tcp_send_keep_alive       001D3C REA    tcp_send_string           0018C2  LA    
tcp_state                 00423D  LA    timer_init                001E3C RLA    
timer_read                001E47 RLA    timer_seconds             001E67  LA    
timer_timeout             0011CF RLA    tmp1                      000090 RLZ    
tmp2                      000091 RLZ    tmp3                      000092 RLZ    
tmp4                      000093 RLZ    toslcmp                   0023AD RLA    
tosmula0                  002551  LA    tosmulax                  00250C  LA    
tosneeax                  0023F1 RLA    tosudiva0                 0026A4  LA    
tosudivax                 0026A6 RLA    tosumula0                 002551  LA    
tosumulax                 00250C RLA    udiv16                    0026B5  LA    
udp_add_listener          00121A RLA    udp_callback              004207 RLA    
udp_cksum                 000006  EZ    udp_data                  000008 REZ    
udp_dest_port             000002  EZ    udp_init                  0011E7 RLA    
udp_inp                   00343F REA    udp_len                   000004  EZ    
udp_outp                  003A2D  EA    udp_process               0011ED RLA    
udp_remove_listener       001260 RLA    udp_send                  0012AC RLA    
udp_send_dest             004209 RLA    udp_send_dest_port        00420F RLA    
udp_send_internal         0012C1  LA    udp_send_len              004211 RLA    
udp_send_src_port         00420D RLA    udp_src_port              000000  EZ    
uppercasemask             0030EE RLA    zerobss                   0027C5 RLA    
zpsave                    0030F7 RLA    


Exports list by value:
----------------------
eth_proto_ip              000000 REZ    udp_src_port              000000  EZ    
icmp_type                 000000  EZ    ip_ver_ihl                000000  EZ    
__ZP_FILEOFFS__           000000  EA    eth_dest                  000000 REZ    
__DESTRUCTOR_COUNT__      000000 REA    __LC_FILEOFFS__           000000  EA    
__EXEHDR__                000001 REA    icmp_code                 000001  EZ    
__CONSTRUCTOR_COUNT__     000001 REA    ip_proto_icmp             000001  EZ    
ip_tos                    000001  EZ    __STARTUP__               000001 REA    
ip_len                    000002 REZ    icmp_cksum                000002  EZ    
udp_dest_port             000002  EZ    udp_len                   000004  EZ    
icmp_data                 000004  EZ    ip_id                     000004 REZ    
__FILETYPE__              000006 REA    ip_proto_tcp              000006 REZ    
ip_frag                   000006  EZ    eth_proto_arp             000006 REZ    
eth_src                   000006 REZ    udp_cksum                 000006  EZ    
udp_data                  000008 REZ    ac_size                   000008  EZ    
ip_ttl                    000008  EZ    ip_proto                  000009 REZ    
ip_header_cksum           00000A REZ    ip_src                    00000C REZ    
eth_type                  00000C  EZ    eth_data                  00000E REZ    
ip_dest                   000010 REZ    ip_proto_udp              000011 REZ    
ip_data                   000014 REZ    __ZP_SIZE__               00001A  EA    
__MAIN_FILEOFFS__         00003A  EA    __ZP_START__              000080  LA    
abort_key_disable         000080  EZ    sp                        000080 RLZ    
sreg                      000082 RLZ    regsave                   000084  LZ    
acc16                     000088 REZ    acc32                     000088 REZ    
ptr1                      000088 RLZ    copy_src                  000088 REZ    
copy_dest                 00008A REZ    op32                      00008A REZ    
ptr2                      00008A RLZ    ip_cksum_ptr              00008A REZ    
__ONCE_SIZE__             00008C REA    ptr3                      00008C RLZ    
ptr4                      00008E RLZ    tmp1                      000090 RLZ    
tmp2                      000091 RLZ    tmp3                      000092 RLZ    
tmp4                      000093 RLZ    regbank                   000094 RLZ    
__ZP_LAST__               00009A  LA    abort_key_default         00009B  EZ    
__STACKSIZE__             000800 REA    __MAIN_START__            000803 RLA    
COUT                      00080F RLA    _main                     000819 RLA    
arp_init                  0008AA RLA    arp_calculate_gateway_mask 0008B4 RLA    
arp_lookup                0008D9 RLA    arp_process               0009B8 RLA    
arp_add                   000A36  LA    copymem                   000AAC RLA    
dhcp_init                 000AD3 RLA    __LC_SIZE__               000C00  EA    
__LCSIZE__                000C00 REA    _dhcp_init                000D67 RLA    
dns_set_hostname          000D6F RLA    dns_resolve               000DEC RLA    
_dns_resolve              000FCC RLA    parse_dotted_quad         000FEF RLA    
_ip65_strerror            00104B  LA    ip65_strerror             00104B RLA    
eth_set_broadcast_dest    0010BC RLA    eth_set_my_mac_src        0010C7 RLA    
eth_set_proto             0010D3 RLA    ip65_random_word          0010DC RLA    
_ip65_random_word         0010DC  LA    ip65_init                 001103 RLA    
ip65_process              001119 RLA    _ip65_init                00113B RLA    
_ip65_process             001143  LA    _tcp_listen               00114B  LA    
_tcp_connect              00117C  LA    _tcp_close                0011AE RLA    
_tcp_send                 0011B6  LA    __BSS_SIZE__              0011C5 REA    
_tcp_send_keep_alive      0011C7  LA    timer_timeout             0011CF RLA    
udp_init                  0011E7 RLA    udp_process               0011ED RLA    
udp_add_listener          00121A RLA    udp_remove_listener       001260 RLA    
udp_send                  0012AC RLA    udp_send_internal         0012C1  LA    
ip_init                   00135D RLA    ip_process                001372 RLA    
ip_create_packet          001430 RLA    ip_send                   00145D RLA    
ip_calc_cksum             0014C4 RLA    icmp_init                 001568 RLA    
icmp_process              00156E RLA    icmp_add_listener         001614  LA    
icmp_remove_listener      001640  LA    cmp_32_32                 001675 RLA    
cmp_16_16                 001691 RLA    sub_16_16                 001699 RLA    
add_32_32                 0016AF  LA    add_16_32                 0016CE RLA    
mul_8_16                  0016EA  LA    tcp_init                  001712  LA    
tcp_listen                001716 RLA    tcp_connect               00176B RLA    
tcp_close                 001823 RLA    tcp_send_string           0018C2  LA    
tcp_send                  0018F2 RLA    tcp_process               001B09  LA    
tcp_send_keep_alive       001D3C REA    eth_init                  001E01 RLA    
timer_init                001E3C RLA    timer_read                001E47 RLA    
timer_seconds             001E67  LA    check_for_abort_key       001E6A RLA    
___directerrno            001E79 RLA    ___mappederrno            001E83 RLA    
__printf                  001F84 RLA    ___seterrno               002235 RLA    
addysp1                   00223E  LA    addysp                    00223F RLA    
axlong                    00224C RLA    axulong                   002252 RLA    
callmain                  002259 RLA    _exit                     002270 RLA    
donelib                   00229B RLA    reset                     0022A7 RLA    
return                    0022B2  LA    ctypemask                 0022B9  LA    
ctypemaskdirect           0022BD RLA    decsp2                    0022D7 RLA    
decsp4                    0022E4 RLA    decsp6                    0022F1 RLA    
getfd                     0022FE RLA    _fwrite                   002314 RLA    
popax                     00238D RLA    incsp2                    002395 RLA    
incsp4                    0023A3 RLA    incsp6                    0023A8 RLA    
toslcmp                   0023AD RLA    ldax0sp                   0023E8  LA    
ldaxysp                   0023EA RLA    tosneeax                  0023F1 RLA    
negeax                    0023F7 RLA    popeax                    002415 RLA    
pushl0                    00242A  LA    push0ax                   00242D  LA    
pusheax                   002433 RLA    _ltoa                     002463 RLA    
_ultoa                    0024A4 RLA    boolne                    0024E0 RLA    
booleq                    0024E6  LA    boolle                    0024ED  LA    
boollt                    0024EF  LA    boolgt                    0024F5  LA    
boolge                    0024F7  LA    boolule                   0024FD  LA    
boolult                   0024FF  LA    boolugt                   002505  LA    
booluge                   002507  LA    tosumulax                 00250C RLA    
tosmulax                  00250C  LA    tosumula0                 002551  LA    
tosmula0                  002551  LA    mul8x16                   002553 RLA    
mul8x16a                  00255D RLA    ___osmaperrno             00258B RLA    
popptr1                   0025A1 RLA    _printf                   0025AF RLA    
push1                     0025E2 RLA    push0                     0025E7  LA    
pusha0                    0025E9 RLA    pushax                    0025EB RLA    
pushw0sp                  002601  LA    pushwysp                  002603 RLA    
rwprolog                  00261D RLA    rwcommon                  00262A RLA    
rwepilog                  00264D RLA    _strlen                   00265A RLA    
_strlen_ptr4              00265E  LA    _strlwr                   002670  LA    
_strlower                 002670 RLA    subysp                    002697 RLA    
tosudiva0                 0026A4  LA    tosudivax                 0026A6 RLA    
udiv16                    0026B5  LA    _vfprintf                 00272B RLA    
_write                    002754 RLA    zerobss                   0027C5 RLA    
_cs8900a_name             00295D RLA    _lan91c96_name            00298C RLA    
_w5100_name               0029B3 RLA    __hextab                  0029BF RLA    
__longminstr              0029CF RLA    __ctype                   0029E2 RLA    
__ctypeidx                0029ED RLA    cfg_mac                   002A9F RLA    
__DESTRUCTOR_TABLE__      002A9F RLA    cfg_ip                    002AA5 RLA    
cfg_netmask               002AA9 RLA    cfg_gateway               002AAD RLA    
cfg_dns                   002AB1 RLA    dhcp_server               002AB5 RLA    
cfg_tftp_server           002AB9  LA    _cs8900a                  002AD9 RLA    
_lan91c96                 002C55 RLA    _w5100                    002DE0 RLA    
eth_rx                    003034 RLA    eth_tx                    003048 RLA    
abort_key                 00305B  LA    __filetab                 00305C  LA    
_stdin                    003074  LA    _stdout                   003076 RLA    
_stderr                   003078  LA    __argc                    00307D  LA    
__argv                    00307F  LA    condes                    003081  LA    
done                      0030A6 RLA    __dos_type                0030A9 RLA    
fdtab                     0030AA RLA    callmli                   0030CA RLA    
uppercasemask             0030EE RLA    zpsave                    0030F7 RLA    
rvsave                    003111 RLA    _buffer                   003114  LA    
__BSS_RUN__               003114 RLA    __BSS_LOAD__              003114  LA    
initlib                   003114 RLA    __ONCE_RUN__              003114 RLA    
__ONCE_LOAD__             003114 RLA    initdostype               00318A  LAI   
__CONSTRUCTOR_TABLE__     00319E RLA    __MAIN_LAST__             0031A0 RLA    
arp_mac                   003315 RLA    arp_ip                    00331B RLA    
arp_cache                 00331F  LA    dhcp_state                00337B  LA    
dns_ip                    003385 RLA    dns_hostname_is_dotted_quad 003414  LA    
dotted_quad_value         003415 RLA    eth_inp_len               003419 RLA    
eth_outp_len              00341B RLA    eth_inp                   00341D RLA    
ip_inp                    00342B REA    udp_inp                   00343F REA    
icmp_inp                  00343F  EA    eth_outp                  003A0B RLA    
ip_outp                   003A19 REA    icmp_outp                 003A2D  EA    
udp_outp                  003A2D  EA    ip65_ctr                  003FF9  LA    
ip65_ctr_arp              003FFA  LA    ip65_ctr_ip               003FFB  LA    
ip65_error                003FFC RLA    _ip65_error               003FFC  LA    
output_buffer             003FFF RLA    udp_callback              004207 RLA    
udp_send_dest             004209 RLA    udp_send_src_port         00420D RLA    
udp_send_dest_port        00420F RLA    udp_send_len              004211 RLA    
ip_broadcast              00422A RLA    icmp_callback             004232  LA    
tcp_state                 00423D  LA    tcp_remote_ip             004242 RLA    
tcp_send_data_len         004254 RLA    tcp_callback              004256 RLA    
tcp_inbound_data_ptr      00425C RLA    tcp_inbound_data_length   00425E RLA    
tcp_connect_remote_port   004276  LA    tcp_connect_ip            004278 RLA    
eth_name                  00427F  LA    ___oserror                004296 RLA    
___errno                  0042C2 RLA    mliparam                  0042C6 RLA    
__MAIN_SIZE__             008DFD  EA    __HIMEM__                 009600 REA    
__LC_LAST__               00D400 RLA    __LCADDR__                00D400 REA    
__LC_START__              00D400 RLA    


Imports list:
-------------
COUT (cout.o):
    write.o                   apple2/write.s:9
__BSS_LOAD__ ([linker generated]):
__BSS_RUN__ ([linker generated]):
    zerobss.o                 common/zerobss.s:8
__BSS_SIZE__ ([linker generated]):
    zerobss.o                 common/zerobss.s:8
__CONSTRUCTOR_COUNT__ ([linker generated]):
    condes.o                  runtime/condes.s:18
__CONSTRUCTOR_TABLE__ ([linker generated]):
    condes.o                  runtime/condes.s:18
__DESTRUCTOR_COUNT__ ([linker generated]):
    condes.o                  runtime/condes.s:19
__DESTRUCTOR_TABLE__ ([linker generated]):
    condes.o                  runtime/condes.s:19
__EXEHDR__ (exehdr.o):
    [linker generated]        C:\UTILITY\cc65\cfg/apple2.cfg:7
__FILETYPE__ ([linker generated]):
    exehdr.o                  apple2/exehdr.s:9
__HIMEM__ ([linker generated]):
    [linker generated]        C:\UTILITY\cc65\cfg/apple2.cfg:18
    [linker generated]        C:\UTILITY\cc65\cfg/apple2.cfg:17
__LCADDR__ ([linker generated]):
    [linker generated]        C:\UTILITY\cc65\cfg/apple2.cfg:19
__LCSIZE__ ([linker generated]):
    [linker generated]        C:\UTILITY\cc65\cfg/apple2.cfg:19
__LC_FILEOFFS__ ([linker generated]):
__LC_LAST__ ([linker generated]):
    crt0.o                    apple2/crt0.s:14
__LC_SIZE__ ([linker generated]):
__LC_START__ ([linker generated]):
    crt0.o                    apple2/crt0.s:14
__MAIN_FILEOFFS__ ([linker generated]):
__MAIN_LAST__ ([linker generated]):
    exehdr.o                  apple2/exehdr.s:10
__MAIN_SIZE__ ([linker generated]):
__MAIN_START__ ([linker generated]):
    exehdr.o                  apple2/exehdr.s:10
__ONCE_LOAD__ ([linker generated]):
    crt0.o                    apple2/crt0.s:13
__ONCE_RUN__ ([linker generated]):
    [linker generated]        C:\UTILITY\cc65\cfg/apple2.cfg:18
    [linker generated]        C:\UTILITY\cc65\cfg/apple2.cfg:18
__ONCE_SIZE__ ([linker generated]):
    crt0.o                    apple2/crt0.s:13
__STACKSIZE__ ([linker generated]):
    [linker generated]        C:\UTILITY\cc65\cfg/apple2.cfg:18
__STARTUP__ (crt0.o):
    test-client.o             test-client.s:13
__ZP_FILEOFFS__ ([linker generated]):
__ZP_LAST__ ([linker generated]):
__ZP_SIZE__ ([linker generated]):
__ZP_START__ ([linker generated]):
___directerrno (_directerrno.o):
    write.o                   /home/runner/work/cc65/cc65/asminc/errno.inc:10
___errno (errno.o):
    _seterrno.o               /home/runner/work/cc65/cc65/asminc/errno.inc:7
___mappederrno (_mappederrno.o):
    rwcommon.o                /home/runner/work/cc65/cc65/asminc/errno.inc:10
    write.o                   /home/runner/work/cc65/cc65/asminc/errno.inc:10
___oserror (_oserror.o):
    rwcommon.o                /home/runner/work/cc65/cc65/asminc/errno.inc:7
    _mappederrno.o            /home/runner/work/cc65/cc65/asminc/errno.inc:7
    _directerrno.o            /home/runner/work/cc65/cc65/asminc/errno.inc:7
___osmaperrno (oserror.o):
    _mappederrno.o            /home/runner/work/cc65/cc65/asminc/errno.inc:8
___seterrno (_seterrno.o):
    _mappederrno.o            /home/runner/work/cc65/cc65/asminc/errno.inc:9
    _directerrno.o            /home/runner/work/cc65/cc65/asminc/errno.inc:9
    fwrite.o                  /home/runner/work/cc65/cc65/asminc/errno.inc:9
__argc (callmain.o):
__argv (callmain.o):
__ctype (ctype.o):
    ctypemask.o               common/ctypemask.s:23
__ctypeidx (ctype.o):
    ctypemask.o               common/ctypemask.s:24
__dos_type (dosdetect.o):
    mli.o                     apple2/mli.s:7
__filetab (_file.o):
__hextab (_hextab.o):
    ltoa.o                    common/ltoa.s:10
__longminstr (_longminstr.o):
    ltoa.o                    common/ltoa.s:10
__printf (_printf.o):
    vfprintf.o                common/vfprintf.s:10
_buffer (test-client.o):
_cs8900a (uthernet.o):
    a2combo.o                 ethernetcombo.s:19
_cs8900a_name (uthernet.o):
    a2combo.o                 ethernetcombo.s:20
_dhcp_init (dhcp_c.o):
    test-client.o             test-client.s:16
_dns_resolve (dns_c.o):
    test-client.o             test-client.s:17
_exit (callmain.o):
    crt0.o                    apple2/crt0.s:11
_fwrite (fwrite.o):
    vfprintf.o                common/vfprintf.s:10
_ip65_error (ip65_c.o):
_ip65_init (ip65_c.o):
    test-client.o             test-client.s:15
_ip65_process (ip65_c.o):
_ip65_random_word (ip65_c.o):
_ip65_strerror (ip65_c.o):
_lan91c96 (lancegs.o):
    a2combo.o                 ethernetcombo.s:22
_lan91c96_name (lancegs.o):
    a2combo.o                 ethernetcombo.s:23
_ltoa (ltoa.o):
    _printf.o                 common/_printf.s:12
_main (test-client.o):
    callmain.o                apple2/callmain.s:11
_printf (printf.o):
    test-client.o             test-client.s:14
_stderr (_file.o):
_stdin (_file.o):
_stdout (_file.o):
    printf.o                  common/printf.s:8
_strlen (strlen.o):
    _printf.o                 common/_printf.s:13
_strlen_ptr4 (strlen.o):
_strlower (strlower.o):
    _printf.o                 common/_printf.s:13
_strlwr (strlower.o):
_tcp_close (tcp_c.o):
    test-client.o             test-client.s:18
_tcp_connect (tcp_c.o):
_tcp_listen (tcp_c.o):
_tcp_send (tcp_c.o):
_tcp_send_keep_alive (tcp_c.o):
_ultoa (ltoa.o):
    _printf.o                 common/_printf.s:12
_vfprintf (vfprintf.o):
    printf.o                  common/printf.s:8
_w5100 (uthernet2.o):
    a2combo.o                 ethernetcombo.s:16
_w5100_name (uthernet2.o):
    a2combo.o                 ethernetcombo.s:17
_write (write.o):
    fwrite.o                  common/fwrite.s:10
abort_key (a2_input.o):
abort_key_default (a2_input.o):
abort_key_disable (a2_input.o):
ac_size (arp.o):
acc16 (arithmetic.o):
    tcp.o                     tcp.s:46
acc32 (arithmetic.o):
    tcp.o                     tcp.s:44
add_16_32 (arithmetic.o):
    tcp.o                     tcp.s:49
add_32_32 (arithmetic.o):
addysp (addysp.o):
    incsp6.o                  runtime/incsp6.s:8
    incsp4.o                  runtime/incsp4.s:8
    fwrite.o                  common/fwrite.s:11
    printf.o                  common/printf.s:8
addysp1 (addysp.o):
arp_add (arp.o):
arp_cache (arp.o):
arp_calculate_gateway_mask (arp.o):
    dhcp.o                    dhcp.s:26
arp_init (arp.o):
    ip65.o                    ip65.s:17
arp_ip (arp.o):
    ip.o                      ip.s:47
arp_lookup (arp.o):
    ip.o                      ip.s:45
arp_mac (arp.o):
    ip.o                      ip.s:46
arp_process (arp.o):
    ip65.o                    ip65.s:26
axlong (axlong.o):
    _printf.o                 common/_printf.s:11
axulong (axlong.o):
    _printf.o                 common/_printf.s:11
booleq (makebool.o):
boolge (makebool.o):
boolgt (makebool.o):
boolle (makebool.o):
boollt (makebool.o):
boolne (makebool.o):
    lne.o                     runtime/lne.s:8
    test-client.o             test-client.s:124
booluge (makebool.o):
boolugt (makebool.o):
boolule (makebool.o):
boolult (makebool.o):
callmain (callmain.o):
    crt0.o                    apple2/crt0.s:12
callmli (mli.o):
    rwcommon.o                apple2/mli.inc:131
    write.o                   apple2/mli.inc:131
cfg_dns (config.o):
    dns.o                     dns.s:14
    dhcp.o                    dhcp.s:24
cfg_gateway (config.o):
    arp.o                     arp.s:29
    dhcp.o                    dhcp.s:23
cfg_ip (config.o):
    tcp.o                     tcp.s:68
    arp.o                     arp.s:27
    ip.o                      ip.s:29
    udp.o                     udp.s:50
    dhcp.o                    dhcp.s:21
cfg_mac (config.o):
    a2combo.o                 ethernetcombo.s:25
    eth.o                     eth.s:21
    arp.o                     arp.s:26
    ip.o                      ip.s:28
    dhcp.o                    dhcp.s:20
cfg_netmask (config.o):
    arp.o                     arp.s:28
    dhcp.o                    dhcp.s:22
cfg_tftp_server (config.o):
check_for_abort_key (a2_input.o):
    tcp.o                     tcp.s:40
    dns.o                     dns.s:35
    dhcp.o                    dhcp.s:46
cmp_16_16 (arithmetic.o):
    tcp.o                     tcp.s:51
cmp_32_32 (arithmetic.o):
    tcp.o                     tcp.s:50
condes (condes.o):
copy_dest (copymem.o):
    tcp.o                     tcp.s:66
    udp.o                     udp.s:48
copy_src (copymem.o):
    tcp.o                     tcp.s:65
    udp.o                     udp.s:47
copymem (copymem.o):
    tcp.o                     tcp.s:64
    udp.o                     udp.s:46
ctypemask (ctypemask.o):
ctypemaskdirect (ctypemask.o):
    strlower.o                common/strlower.s:14
decsp2 (decsp2.o):
    test-client.o             test-client.s:124
decsp4 (decsp4.o):
    lpush.o                   runtime/lpush.s:12
decsp6 (decsp6.o):
    _printf.o                 common/_printf.s:11
dhcp_init (dhcp.o):
    dhcp_c.o                  dhcp_c.s:5
dhcp_server (config.o):
    dhcp.o                    dhcp.s:16
dhcp_state (dhcp.o):
dns_hostname_is_dotted_quad (dns.o):
dns_ip (dns.o):
    dns_c.o                   dns_c.s:7
dns_resolve (dns.o):
    dns_c.o                   dns_c.s:6
dns_set_hostname (dns.o):
    dns_c.o                   dns_c.s:5
done (crt0.o):
    callmain.o                apple2/callmain.s:11
donelib (condes.o):
    callmain.o                apple2/callmain.s:11
dotted_quad_value (dottedquad.o):
    dns.o                     dns.s:17
eth_data (eth.o):
    ip.o                      ip.s:41
eth_dest (eth.o):
    ip.o                      ip.s:38
eth_init (a2combo.o):
    ip65.o                    ip65.s:15
eth_inp (eth_buffer.o):
    a2combo.o                 ethernetcombo.s:11
    arp.o                     arp.s:16
    icmp.o                    icmp.s:46
    ip.o                      ip.s:33
    ip65.o                    ip65.s:21
eth_inp_len (eth.o):
    a2combo.o                 ethernetcombo.s:12
    icmp.o                    icmp.s:47
    ip.o                      ip.s:34
eth_name (a2combo.o):
eth_outp (eth_buffer.o):
    a2combo.o                 ethernetcombo.s:13
    eth.o                     eth.s:16
    arp.o                     arp.s:18
    icmp.o                    icmp.s:48
    ip.o                      ip.s:35
    ip65.o                    ip65.s:22
eth_outp_len (eth.o):
    a2combo.o                 ethernetcombo.s:14
    arp.o                     arp.s:19
    icmp.o                    icmp.s:49
    ip.o                      ip.s:36
eth_proto_arp (eth.o):
    arp.o                     arp.s:24
    ip65.o                    ip65.s:28
eth_proto_ip (eth.o):
    ip.o                      ip.s:42
eth_rx (a2combo.o):
    ip65.o                    ip65.s:23
eth_set_broadcast_dest (eth.o):
    arp.o                     arp.s:21
eth_set_my_mac_src (eth.o):
    arp.o                     arp.s:22
eth_set_proto (eth.o):
    arp.o                     arp.s:23
    ip.o                      ip.s:32
eth_src (eth.o):
    ip.o                      ip.s:39
eth_tx (a2combo.o):
    arp.o                     arp.s:20
    icmp.o                    icmp.s:45
    ip.o                      ip.s:31
eth_type (eth.o):
fdtab (filedes.o):
    write.o                   apple2/filedes.inc:13
getfd (filedes.o):
    rwcommon.o                apple2/filedes.inc:14
icmp_add_listener (icmp.o):
icmp_callback (icmp.o):
icmp_cksum (icmp.o):
icmp_code (icmp.o):
icmp_data (icmp.o):
icmp_init (icmp.o):
    ip.o                      ip.s:49
icmp_inp (icmp.o):
icmp_outp (icmp.o):
icmp_process (icmp.o):
    ip.o                      ip.s:50
icmp_remove_listener (icmp.o):
icmp_type (icmp.o):
incsp2 (incsp2.o):
    popptr1.o                 runtime/popptr1.s:8
incsp4 (incsp4.o):
    lcmp.o                    runtime/lcmp.s:9
    lpop.o                    runtime/lpop.s:9
incsp6 (incsp6.o):
    fwrite.o                  common/fwrite.s:11
    vfprintf.o                common/vfprintf.s:9
initdostype (dosdetect.o):
initlib (condes.o):
    crt0.o                    apple2/crt0.s:11
ip65_ctr (ip65.o):
ip65_ctr_arp (ip65.o):
ip65_ctr_ip (ip65.o):
ip65_error (ip65.o):
    tcp.o                     tcp.s:14
    udp.o                     udp.s:6
    dns.o                     dns.s:13
    dhcp.o                    dhcp.s:19
    ip65_c.o                  ip65_c.s:12
ip65_init (ip65.o):
    ip65_c.o                  ip65_c.s:9
ip65_process (ip65.o):
    tcp.o                     tcp.s:38
    dns.o                     dns.s:19
    dhcp.o                    dhcp.s:28
    ip65_c.o                  ip65_c.s:10
ip65_random_word (ip65.o):
    tcp.o                     tcp.s:42
    ip65_c.o                  ip65_c.s:11
ip65_strerror (error.o):
    ip65_c.o                  ip65_c.s:13
ip_broadcast (ip.o):
    icmp.o                    icmp.s:32
ip_calc_cksum (ip.o):
    tcp.o                     tcp.s:33
    icmp.o                    icmp.s:29
    udp.o                     udp.s:31
ip_cksum_ptr (ip.o):
    tcp.o                     tcp.s:54
    icmp.o                    icmp.s:38
    udp.o                     udp.s:36
ip_create_packet (ip.o):
    tcp.o                     tcp.s:35
    udp.o                     udp.s:33
ip_data (ip.o):
    tcp.o                     tcp.s:58
    icmp.o                    icmp.s:42
    udp.o                     udp.s:40
ip_dest (ip.o):
    tcp.o                     tcp.s:57
    icmp.o                    icmp.s:41
    udp.o                     udp.s:39
ip_frag (ip.o):
ip_header_cksum (ip.o):
    icmp.o                    icmp.s:39
ip_id (ip.o):
    tcp.o                     tcp.s:61
    udp.o                     udp.s:43
ip_init (ip.o):
    ip65.o                    ip65.s:18
ip_inp (ip.o):
    tcp.o                     tcp.s:36
    icmp.o                    icmp.s:30
    udp.o                     udp.s:34
ip_len (ip.o):
    tcp.o                     tcp.s:62
    udp.o                     udp.s:44
ip_outp (ip.o):
    tcp.o                     tcp.s:37
    icmp.o                    icmp.s:31
    udp.o                     udp.s:35
ip_process (ip.o):
    ip65.o                    ip65.s:25
ip_proto (ip.o):
    tcp.o                     tcp.s:59
    udp.o                     udp.s:41
ip_proto_icmp (ip.o):
ip_proto_tcp (ip.o):
    tcp.o                     tcp.s:60
ip_proto_udp (ip.o):
    udp.o                     udp.s:42
ip_send (ip.o):
    tcp.o                     tcp.s:34
    udp.o                     udp.s:32
ip_src (ip.o):
    tcp.o                     tcp.s:56
    icmp.o                    icmp.s:40
ip_tos (ip.o):
ip_ttl (ip.o):
ip_ver_ihl (ip.o):
ldax0sp (ldaxsp.o):
ldaxysp (ldaxsp.o):
    fwrite.o                  common/fwrite.s:11
mliparam (mli.o):
    rwcommon.o                apple2/mli.inc:130
    write.o                   apple2/mli.inc:130
mul8x16 (mul8.o):
    mul.o                     runtime/mul.s:8
mul8x16a (mul8.o):
    mul.o                     runtime/mul.s:8
mul_8_16 (arithmetic.o):
negeax (lneg.o):
    ltoa.o                    common/ltoa.s:9
op32 (arithmetic.o):
    tcp.o                     tcp.s:45
output_buffer (output_buffer.o):
    dns.o                     dns.s:28
    dhcp.o                    dhcp.s:40
parse_dotted_quad (dottedquad.o):
    dns.o                     dns.s:16
popax (incsp2.o):
    rwcommon.o                apple2/rwcommon.s:6
    ltoa.o                    common/ltoa.s:9
    _printf.o                 common/_printf.s:11
    tcp_c.o                   tcp_c.s:22
popeax (lpop.o):
    tcp_c.o                   tcp_c.s:22
popptr1 (popptr1.o):
    rwcommon.o                apple2/rwcommon.s:6
    udiv.o                    runtime/udiv.s:9
    mul8.o                    runtime/mul8.s:9
    mul.o                     runtime/mul.s:9
    ltoa.o                    common/ltoa.s:9
    tcp_c.o                   tcp_c.s:22
ptr1 (zeropage.o):
    rwcommon.o                /home/runner/work/cc65/cc65/asminc/zeropage.inc:12
    write.o                   /home/runner/work/cc65/cc65/asminc/zeropage.inc:12
    udiv.o                    runtime/udiv.s:10
    strlower.o                common/strlower.s:13
    mul8.o                    runtime/mul8.s:10
    mul.o                     runtime/mul.s:10
    ltoa.o                    common/ltoa.s:11
    lcmp.o                    runtime/lcmp.s:10
    fwrite.o                  common/fwrite.s:14
    _printf.o                 /home/runner/work/cc65/cc65/asminc/zeropage.inc:12
    zerobss.o                 common/zerobss.s:9
    vfprintf.o                common/vfprintf.s:11
    printf.o                  common/printf.s:9
    popptr1.o                 runtime/popptr1.s:9
    uthernet2.o               C:\UTILITY\cc65\asminc/zeropage.inc:12
    lancegs.o                 C:\UTILITY\cc65\asminc/zeropage.inc:12
    uthernet.o                C:\UTILITY\cc65\asminc/zeropage.inc:12
    a2combo.o                 C:\UTILITY\cc65\asminc/zeropage.inc:12
    arithmetic.o              C:\UTILITY\cc65\asminc/zeropage.inc:12
    tcp.o                     C:\UTILITY\cc65\asminc/zeropage.inc:12
    copymem.o                 C:\UTILITY\cc65\asminc/zeropage.inc:12
    arp.o                     C:\UTILITY\cc65\asminc/zeropage.inc:12
    ip.o                      C:\UTILITY\cc65\asminc/zeropage.inc:12
    dns.o                     C:\UTILITY\cc65\asminc/zeropage.inc:12
    tcp_c.o                   tcp_c.s:23
ptr2 (zeropage.o):
    rwcommon.o                /home/runner/work/cc65/cc65/asminc/zeropage.inc:12
    write.o                   /home/runner/work/cc65/cc65/asminc/zeropage.inc:12
    strlower.o                common/strlower.s:13
    ltoa.o                    common/ltoa.s:11
    _printf.o                 /home/runner/work/cc65/cc65/asminc/zeropage.inc:12
    uthernet2.o               C:\UTILITY\cc65\asminc/zeropage.inc:12
    lancegs.o                 C:\UTILITY\cc65\asminc/zeropage.inc:12
    uthernet.o                C:\UTILITY\cc65\asminc/zeropage.inc:12
    arithmetic.o              C:\UTILITY\cc65\asminc/zeropage.inc:12
    copymem.o                 C:\UTILITY\cc65\asminc/zeropage.inc:12
    ip.o                      C:\UTILITY\cc65\asminc/zeropage.inc:12
ptr3 (zeropage.o):
    ltoa.o                    common/ltoa.s:11
    uthernet2.o               C:\UTILITY\cc65\asminc/zeropage.inc:12
    lancegs.o                 C:\UTILITY\cc65\asminc/zeropage.inc:12
    uthernet.o                C:\UTILITY\cc65\asminc/zeropage.inc:12
ptr4 (zeropage.o):
    udiv.o                    runtime/udiv.s:10
    strlen.o                  common/strlen.s:12
    mul8.o                    runtime/mul8.s:10
    mul.o                     runtime/mul.s:10
    uthernet2.o               C:\UTILITY\cc65\asminc/zeropage.inc:12
    uthernet.o                C:\UTILITY\cc65\asminc/zeropage.inc:12
push0 (pushax.o):
push0ax (lpush.o):
push1 (push1.o):
    _printf.o                 common/_printf.s:11
    vfprintf.o                common/vfprintf.s:9
pusha0 (pushax.o):
    push1.o                   runtime/push1.s:8
    fwrite.o                  common/fwrite.s:11
pushax (pushax.o):
    fwrite.o                  common/fwrite.s:11
    callmain.o                apple2/callmain.s:11
    _printf.o                 common/_printf.s:11
    printf.o                  common/printf.s:8
    tcp_c.o                   tcp_c.s:22
    test-client.o             test-client.s:124
pusheax (lpush.o):
    _printf.o                 common/_printf.s:11
    test-client.o             test-client.s:124
pushl0 (lpush.o):
pushw0sp (pushwsp.o):
pushwysp (pushwsp.o):
    fwrite.o                  common/fwrite.s:11
    vfprintf.o                common/vfprintf.s:9
regbank (zeropage.o):
    _printf.o                 /home/runner/work/cc65/cc65/asminc/zeropage.inc:14
regsave (zeropage.o):
reset (crt0.o):
    callmain.o                apple2/callmain.s:12
return (crt0.o):
rvsave (crt0.o):
    callmain.o                apple2/callmain.s:12
rwcommon (rwcommon.o):
    write.o                   apple2/write.s:8
rwepilog (rwcommon.o):
    write.o                   apple2/write.s:8
rwprolog (rwcommon.o):
    write.o                   apple2/write.s:8
sp (zeropage.o):
    pushwsp.o                 runtime/pushwsp.s:8
    ldaxsp.o                  runtime/ldaxsp.s:8
    lcmp.o                    runtime/lcmp.s:10
    decsp6.o                  runtime/decsp6.s:8
    decsp4.o                  runtime/decsp4.s:8
    callmain.o                /home/runner/work/cc65/cc65/asminc/zeropage.inc:11
    addysp.o                  runtime/addysp.s:8
    _printf.o                 /home/runner/work/cc65/cc65/asminc/zeropage.inc:11
    vfprintf.o                common/vfprintf.s:11
    subysp.o                  runtime/subysp.s:9
    pushax.o                  runtime/pushax.s:8
    printf.o                  common/printf.s:9
    popptr1.o                 runtime/popptr1.s:9
    lpush.o                   runtime/lpush.s:13
    lpop.o                    runtime/lpop.s:10
    incsp2.o                  runtime/incsp2.s:8
    decsp2.o                  runtime/decsp2.s:8
    crt0.o                    /home/runner/work/cc65/cc65/asminc/zeropage.inc:11
    test-client.o             test-client.s:10
sreg (zeropage.o):
    lneg.o                    runtime/lneg.s:11
    udiv.o                    runtime/udiv.s:10
    ltoa.o                    common/ltoa.s:11
    lcmp.o                    runtime/lcmp.s:10
    axlong.o                  runtime/axlong.s:9
    _printf.o                 /home/runner/work/cc65/cc65/asminc/zeropage.inc:11
    lpush.o                   runtime/lpush.s:13
    lpop.o                    runtime/lpop.s:10
    uthernet2.o               C:\UTILITY\cc65\asminc/zeropage.inc:11
    tcp_c.o                   tcp_c.s:23
    dns_c.o                   dns_c.s:9
    test-client.o             test-client.s:10
sub_16_16 (arithmetic.o):
    tcp.o                     tcp.s:52
subysp (subysp.o):
    test-client.o             test-client.s:124
tcp_callback (tcp.o):
    tcp_c.o                   tcp_c.s:17
tcp_close (tcp.o):
    tcp_c.o                   tcp_c.s:11
tcp_connect (tcp.o):
    tcp_c.o                   tcp_c.s:10
tcp_connect_ip (tcp.o):
    tcp_c.o                   tcp_c.s:19
tcp_connect_remote_port (tcp.o):
tcp_inbound_data_length (tcp.o):
    tcp_c.o                   tcp_c.s:13
tcp_inbound_data_ptr (tcp.o):
    tcp_c.o                   tcp_c.s:12
tcp_init (tcp.o):
tcp_listen (tcp.o):
    tcp_c.o                   tcp_c.s:9
tcp_process (tcp.o):
tcp_remote_ip (tcp.o):
    tcp_c.o                   tcp_c.s:18
tcp_send (tcp.o):
    tcp_c.o                   tcp_c.s:14
tcp_send_data_len (tcp.o):
    tcp_c.o                   tcp_c.s:20
tcp_send_keep_alive (tcp.o):
    tcp_c.o                   tcp_c.s:15
tcp_send_string (tcp.o):
tcp_state (tcp.o):
timer_init (a2_timer.o):
    ip65.o                    ip65.s:16
timer_read (a2_timer.o):
    tcp.o                     tcp.s:41
    timer.o                   timer.s:13
    arp.o                     arp.s:31
    ip65.o                    ip65.s:19
    dns.o                     dns.s:36
    dhcp.o                    dhcp.s:47
timer_seconds (a2_timer.o):
timer_timeout (timer.o):
    arp.o                     arp.s:32
tmp1 (zeropage.o):
    mul.o                     runtime/mul.s:10
    ltoa.o                    common/ltoa.s:11
    _printf.o                 /home/runner/work/cc65/cc65/asminc/zeropage.inc:13
    uthernet2.o               C:\UTILITY\cc65\asminc/zeropage.inc:13
tmp2 (zeropage.o):
    uthernet2.o               C:\UTILITY\cc65\asminc/zeropage.inc:13
tmp3 (zeropage.o):
    uthernet2.o               C:\UTILITY\cc65\asminc/zeropage.inc:13
tmp4 (zeropage.o):
    uthernet2.o               C:\UTILITY\cc65\asminc/zeropage.inc:13
toslcmp (lcmp.o):
    lne.o                     runtime/lne.s:8
tosmula0 (mul8.o):
tosmulax (mul.o):
tosneeax (lne.o):
    test-client.o             test-client.s:124
tosudiva0 (udiv.o):
tosudivax (udiv.o):
    fwrite.o                  common/fwrite.s:12
tosumula0 (mul8.o):
tosumulax (mul.o):
    fwrite.o                  common/fwrite.s:12
udiv16 (udiv.o):
udp_add_listener (udp.o):
    dns.o                     dns.s:21
    dhcp.o                    dhcp.s:30
udp_callback (udp.o):
    dns.o                     dns.s:24
    dhcp.o                    dhcp.s:33
udp_cksum (udp.o):
udp_data (udp.o):
    dns.o                     dns.s:29
    dhcp.o                    dhcp.s:38
udp_dest_port (udp.o):
udp_init (udp.o):
    ip.o                      ip.s:52
udp_inp (udp.o):
    dns.o                     dns.s:27
    dhcp.o                    dhcp.s:36
udp_len (udp.o):
udp_outp (udp.o):
udp_process (udp.o):
    ip.o                      ip.s:53
udp_remove_listener (udp.o):
    dns.o                     dns.s:22
    dhcp.o                    dhcp.s:31
udp_send (udp.o):
    dns.o                     dns.s:25
    dhcp.o                    dhcp.s:34
udp_send_dest (udp.o):
    dns.o                     dns.s:31
    dhcp.o                    dhcp.s:42
udp_send_dest_port (udp.o):
    dns.o                     dns.s:33
    dhcp.o                    dhcp.s:44
udp_send_internal (udp.o):
udp_send_len (udp.o):
    dns.o                     dns.s:34
    dhcp.o                    dhcp.s:45
udp_send_src_port (udp.o):
    dns.o                     dns.s:32
    dhcp.o                    dhcp.s:43
udp_src_port (udp.o):
uppercasemask (uppercasemask.o):
    write.o                   apple2/write.s:11
zerobss (zerobss.o):
    crt0.o                    apple2/crt0.s:12
zpsave (crt0.o):
    callmain.o                apple2/callmain.s:12

